[22:46:14.742] Running build in Washington, D.C., USA (East) – iad1
[22:46:14.743] Build machine configuration: 4 cores, 8 GB
[22:46:14.762] Cloning github.com/Damatnic/astral-core-v5 (Branch: master, Commit: 890a6bb)
[22:46:14.861] Previous build caches not available
[22:46:15.138] Cloning completed: 376.000ms
[22:46:15.187] Found .vercelignore
[22:46:15.199] Removed 53 ignored files defined in .vercelignore
[22:46:15.199]   /.git/config
[22:46:15.199]   /.git/description
[22:46:15.199]   /.git/FETCH_HEAD
[22:46:15.199]   /.git/HEAD
[22:46:15.199]   /.git/hooks/applypatch-msg.sample
[22:46:15.199]   /.git/hooks/commit-msg.sample
[22:46:15.199]   /.git/hooks/fsmonitor-watchman.sample
[22:46:15.200]   /.git/hooks/post-update.sample
[22:46:15.200]   /.git/hooks/pre-applypatch.sample
[22:46:15.200]   /.git/hooks/pre-commit.sample
[22:46:16.020] Running "vercel build"
[22:46:16.857] Vercel CLI 47.0.5
[22:46:17.204] Running "install" command: `npm ci`...
[22:46:20.597] npm warn deprecated rimraf@3.0.2: Rimraf versions prior to v4 are no longer supported
[22:46:22.025] npm warn deprecated inflight@1.0.6: This module is not supported, and leaks memory. Do not use it. Check out lru-cache if you want a good and tested way to coalesce async requests by a key value, which is much more comprehensive and powerful.
[22:46:24.225] npm warn deprecated @humanwhocodes/object-schema@2.0.3: Use @eslint/object-schema instead
[22:46:24.263] npm warn deprecated @humanwhocodes/config-array@0.13.0: Use @eslint/config-array instead
[22:46:24.874] npm warn deprecated glob@7.2.3: Glob versions prior to v9 are no longer supported
[22:46:25.002] npm warn deprecated glob@7.2.3: Glob versions prior to v9 are no longer supported
[22:46:28.672] npm warn deprecated eslint@8.57.1: This version is no longer supported. Please see https://eslint.org/version-support for other options.
[22:46:42.434] 
[22:46:42.434] added 1046 packages, and audited 1047 packages in 25s
[22:46:42.434] 
[22:46:42.434] 293 packages are looking for funding
[22:46:42.434]   run `npm fund` for details
[22:46:42.443] 
[22:46:42.443] 3 low severity vulnerabilities
[22:46:42.443] 
[22:46:42.443] To address all issues (including breaking changes), run:
[22:46:42.444]   npm audit fix --force
[22:46:42.444] 
[22:46:42.444] Run `npm audit` for details.
[22:46:42.502] Detected Next.js version: 14.2.32
[22:46:42.503] Running "npm run vercel:build"
[22:46:42.621] 
[22:46:42.622] > astral-core-v5@0.1.0 vercel:build
[22:46:42.622] > npx prisma generate && npm run typecheck && npm run lint && npm run build
[22:46:42.622] 
[22:46:44.434] Environment variables loaded from .env
[22:46:44.435] Prisma schema loaded from prisma/schema.prisma
[22:46:44.957] 
[22:46:44.957] ✔ Generated Prisma Client (v6.15.0) to ./src/generated/prisma in 236ms
[22:46:44.958] 
[22:46:44.958] Start by importing your Prisma Client (See: https://pris.ly/d/importing-client)
[22:46:44.958] 
[22:46:44.958] Tip: Need your database queries to be 1000x faster? Accelerate offers you that and more: https://pris.ly/tip-2-accelerate
[22:46:44.958] 
[22:46:45.094] 
[22:46:45.094] > astral-core-v5@0.1.0 typecheck
[22:46:45.094] > tsc --noEmit
[22:46:45.094] 
[22:46:57.311] src/app/community/forums/page.tsx(207,16): error TS2786: 'Link' cannot be used as a JSX component.
[22:46:57.311]   Its type 'ComponentType<any>' is not a valid JSX element type.
[22:46:57.311]     Type 'FunctionComponent<any>' is not assignable to type 'ElementType'.
[22:46:57.311]       Type 'FunctionComponent<any>' is not assignable to type '(props: any, deprecatedLegacyContext?: any) => ReactNode'.
[22:46:57.311]         Type 'ReactElement<any, string | JSXElementConstructor<any>> | null' is not assignable to type 'ReactNode'.
[22:46:57.311]           Type 'ReactElement<any, string | JSXElementConstructor<any>>' is not assignable to type 'ReactNode'.
[22:46:57.311] src/app/community/forums/page.tsx(208,18): error TS2786: 'ArrowLeft' cannot be used as a JSX component.
[22:46:57.312]   Its type 'ComponentType<any>' is not a valid JSX element type.
[22:46:57.312]     Type 'FunctionComponent<any>' is not assignable to type 'ElementType'.
[22:46:57.312]       Type 'FunctionComponent<any>' is not assignable to type '(props: any, deprecatedLegacyContext?: any) => ReactNode'.
[22:46:57.312]         Type 'ReactElement<any, string | JSXElementConstructor<any>> | null' is not assignable to type 'ReactNode'.
[22:46:57.312]           Type 'ReactElement<any, string | JSXElementConstructor<any>>' is not assignable to type 'ReactNode'.
[22:46:57.312] src/app/community/forums/page.tsx(212,20): error TS2786: 'MessageSquare' cannot be used as a JSX component.
[22:46:57.312]   Its type 'ComponentType<any>' is not a valid JSX element type.
[22:46:57.312]     Type 'FunctionComponent<any>' is not assignable to type 'ElementType'.
[22:46:57.312]       Type 'FunctionComponent<any>' is not assignable to type '(props: any, deprecatedLegacyContext?: any) => ReactNode'.
[22:46:57.312]         Type 'ReactElement<any, string | JSXElementConstructor<any>> | null' is not assignable to type 'ReactNode'.
[22:46:57.312]           Type 'ReactElement<any, string | JSXElementConstructor<any>>' is not assignable to type 'ReactNode'.
[22:46:57.313] src/app/community/forums/page.tsx(222,16): error TS2786: 'Plus' cannot be used as a JSX component.
[22:46:57.313]   Its type 'ComponentType<any>' is not a valid JSX element type.
[22:46:57.313]     Type 'FunctionComponent<any>' is not assignable to type 'ElementType'.
[22:46:57.313]       Type 'FunctionComponent<any>' is not assignable to type '(props: any, deprecatedLegacyContext?: any) => ReactNode'.
[22:46:57.313]         Type 'ReactElement<any, string | JSXElementConstructor<any>> | null' is not assignable to type 'ReactNode'.
[22:46:57.313]           Type 'ReactElement<any, string | JSXElementConstructor<any>>' is not assignable to type 'ReactNode'.
[22:46:57.313] src/app/community/forums/page.tsx(236,18): error TS2786: 'Search' cannot be used as a JSX component.
[22:46:57.313]   Its type 'ComponentType<any>' is not a valid JSX element type.
[22:46:57.313]     Type 'FunctionComponent<any>' is not assignable to type 'ElementType'.
[22:46:57.313]       Type 'FunctionComponent<any>' is not assignable to type '(props: any, deprecatedLegacyContext?: any) => ReactNode'.
[22:46:57.313]         Type 'ReactElement<any, string | JSXElementConstructor<any>> | null' is not assignable to type 'ReactNode'.
[22:46:57.313]           Type 'ReactElement<any, string | JSXElementConstructor<any>>' is not assignable to type 'ReactNode'.
[22:46:57.313] src/app/community/forums/page.tsx(283,30): error TS2786: 'MessageSquare' cannot be used as a JSX component.
[22:46:57.313]   Its type 'ComponentType<any>' is not a valid JSX element type.
[22:46:57.314]     Type 'FunctionComponent<any>' is not assignable to type 'ElementType'.
[22:46:57.314]       Type 'FunctionComponent<any>' is not assignable to type '(props: any, deprecatedLegacyContext?: any) => ReactNode'.
[22:46:57.314]         Type 'ReactElement<any, string | JSXElementConstructor<any>> | null' is not assignable to type 'ReactNode'.
[22:46:57.314]           Type 'ReactElement<any, string | JSXElementConstructor<any>>' is not assignable to type 'ReactNode'.
[22:46:57.314] src/app/community/forums/page.tsx(288,32): error TS2786: 'Link' cannot be used as a JSX component.
[22:46:57.314]   Its type 'ComponentType<any>' is not a valid JSX element type.
[22:46:57.314]     Type 'FunctionComponent<any>' is not assignable to type 'ElementType'.
[22:46:57.314]       Type 'FunctionComponent<any>' is not assignable to type '(props: any, deprecatedLegacyContext?: any) => ReactNode'.
[22:46:57.314]         Type 'ReactElement<any, string | JSXElementConstructor<any>> | null' is not assignable to type 'ReactNode'.
[22:46:57.314]           Type 'ReactElement<any, string | JSXElementConstructor<any>>' is not assignable to type 'ReactNode'.
[22:46:57.314] src/app/community/forums/page.tsx(295,34): error TS2786: 'Pin' cannot be used as a JSX component.
[22:46:57.314]   Its type 'ComponentType<any>' is not a valid JSX element type.
[22:46:57.314]     Type 'FunctionComponent<any>' is not assignable to type 'ElementType'.
[22:46:57.315]       Type 'FunctionComponent<any>' is not assignable to type '(props: any, deprecatedLegacyContext?: any) => ReactNode'.
[22:46:57.315]         Type 'ReactElement<any, string | JSXElementConstructor<any>> | null' is not assignable to type 'ReactNode'.
[22:46:57.315]           Type 'ReactElement<any, string | JSXElementConstructor<any>>' is not assignable to type 'ReactNode'.
[22:46:57.315] src/app/community/forums/page.tsx(309,32): error TS2786: 'Clock' cannot be used as a JSX component.
[22:46:57.315]   Its type 'ComponentType<any>' is not a valid JSX element type.
[22:46:57.315]     Type 'FunctionComponent<any>' is not assignable to type 'ElementType'.
[22:46:57.315]       Type 'FunctionComponent<any>' is not assignable to type '(props: any, deprecatedLegacyContext?: any) => ReactNode'.
[22:46:57.315]         Type 'ReactElement<any, string | JSXElementConstructor<any>> | null' is not assignable to type 'ReactNode'.
[22:46:57.315]           Type 'ReactElement<any, string | JSXElementConstructor<any>>' is not assignable to type 'ReactNode'.
[22:46:57.316] src/app/community/forums/page.tsx(315,34): error TS2786: 'Link' cannot be used as a JSX component.
[22:46:57.316]   Its type 'ComponentType<any>' is not a valid JSX element type.
[22:46:57.316]     Type 'FunctionComponent<any>' is not assignable to type 'ElementType'.
[22:46:57.316]       Type 'FunctionComponent<any>' is not assignable to type '(props: any, deprecatedLegacyContext?: any) => ReactNode'.
[22:46:57.316]         Type 'ReactElement<any, string | JSXElementConstructor<any>> | null' is not assignable to type 'ReactNode'.
[22:46:57.316]           Type 'ReactElement<any, string | JSXElementConstructor<any>>' is not assignable to type 'ReactNode'.
[22:46:57.316] src/app/community/forums/page.tsx(357,28): error TS2786: 'Pin' cannot be used as a JSX component.
[22:46:57.316]   Its type 'ComponentType<any>' is not a valid JSX element type.
[22:46:57.317]     Type 'FunctionComponent<any>' is not assignable to type 'ElementType'.
[22:46:57.317]       Type 'FunctionComponent<any>' is not assignable to type '(props: any, deprecatedLegacyContext?: any) => ReactNode'.
[22:46:57.317]         Type 'ReactElement<any, string | JSXElementConstructor<any>> | null' is not assignable to type 'ReactNode'.
[22:46:57.317]           Type 'ReactElement<any, string | JSXElementConstructor<any>>' is not assignable to type 'ReactNode'.
[22:46:57.317] src/app/community/forums/page.tsx(360,28): error TS2786: 'Link' cannot be used as a JSX component.
[22:46:57.317]   Its type 'ComponentType<any>' is not a valid JSX element type.
[22:46:57.317]     Type 'FunctionComponent<any>' is not assignable to type 'ElementType'.
[22:46:57.317]       Type 'FunctionComponent<any>' is not assignable to type '(props: any, deprecatedLegacyContext?: any) => ReactNode'.
[22:46:57.317]         Type 'ReactElement<any, string | JSXElementConstructor<any>> | null' is not assignable to type 'ReactNode'.
[22:46:57.317]           Type 'ReactElement<any, string | JSXElementConstructor<any>>' is not assignable to type 'ReactNode'.
[22:46:57.317] src/app/community/forums/page.tsx(369,32): error TS2786: 'MessageCircle' cannot be used as a JSX component.
[22:46:57.317]   Its type 'ComponentType<any>' is not a valid JSX element type.
[22:46:57.317]     Type 'FunctionComponent<any>' is not assignable to type 'ElementType'.
[22:46:57.317]       Type 'FunctionComponent<any>' is not assignable to type '(props: any, deprecatedLegacyContext?: any) => ReactNode'.
[22:46:57.317]         Type 'ReactElement<any, string | JSXElementConstructor<any>> | null' is not assignable to type 'ReactNode'.
[22:46:57.317]           Type 'ReactElement<any, string | JSXElementConstructor<any>>' is not assignable to type 'ReactNode'.
[22:46:57.317] src/app/community/forums/page.tsx(373,32): error TS2786: 'Eye' cannot be used as a JSX component.
[22:46:57.317]   Its type 'ComponentType<any>' is not a valid JSX element type.
[22:46:57.317]     Type 'FunctionComponent<any>' is not assignable to type 'ElementType'.
[22:46:57.317]       Type 'FunctionComponent<any>' is not assignable to type '(props: any, deprecatedLegacyContext?: any) => ReactNode'.
[22:46:57.317]         Type 'ReactElement<any, string | JSXElementConstructor<any>> | null' is not assignable to type 'ReactNode'.
[22:46:57.318]           Type 'ReactElement<any, string | JSXElementConstructor<any>>' is not assignable to type 'ReactNode'.
[22:46:57.318] src/app/community/forums/page.tsx(383,18): error TS2786: 'Link' cannot be used as a JSX component.
[22:46:57.318]   Its type 'ComponentType<any>' is not a valid JSX element type.
[22:46:57.318]     Type 'FunctionComponent<any>' is not assignable to type 'ElementType'.
[22:46:57.318]       Type 'FunctionComponent<any>' is not assignable to type '(props: any, deprecatedLegacyContext?: any) => ReactNode'.
[22:46:57.318]         Type 'ReactElement<any, string | JSXElementConstructor<any>> | null' is not assignable to type 'ReactNode'.
[22:46:57.318]           Type 'ReactElement<any, string | JSXElementConstructor<any>>' is not assignable to type 'ReactNode'.
[22:46:57.318] src/app/community/forums/page.tsx(442,18): error TS2786: 'Link' cannot be used as a JSX component.
[22:46:57.318]   Its type 'ComponentType<any>' is not a valid JSX element type.
[22:46:57.318]     Type 'FunctionComponent<any>' is not assignable to type 'ElementType'.
[22:46:57.318]       Type 'FunctionComponent<any>' is not assignable to type '(props: any, deprecatedLegacyContext?: any) => ReactNode'.
[22:46:57.318]         Type 'ReactElement<any, string | JSXElementConstructor<any>> | null' is not assignable to type 'ReactNode'.
[22:46:57.318]           Type 'ReactElement<any, string | JSXElementConstructor<any>>' is not assignable to type 'ReactNode'.
[22:46:57.318] src/app/community/forums/page.tsx(465,18): error TS2786: 'MessageSquare' cannot be used as a JSX component.
[22:46:57.318]   Its type 'ComponentType<any>' is not a valid JSX element type.
[22:46:57.318]     Type 'FunctionComponent<any>' is not assignable to type 'ElementType'.
[22:46:57.318]       Type 'FunctionComponent<any>' is not assignable to type '(props: any, deprecatedLegacyContext?: any) => ReactNode'.
[22:46:57.318]         Type 'ReactElement<any, string | JSXElementConstructor<any>> | null' is not assignable to type 'ReactNode'.
[22:46:57.318]           Type 'ReactElement<any, string | JSXElementConstructor<any>>' is not assignable to type 'ReactNode'.
[22:46:57.318] src/app/community/forums/page.tsx(476,18): error TS2786: 'Search' cannot be used as a JSX component.
[22:46:57.318]   Its type 'ComponentType<any>' is not a valid JSX element type.
[22:46:57.319]     Type 'FunctionComponent<any>' is not assignable to type 'ElementType'.
[22:46:57.319]       Type 'FunctionComponent<any>' is not assignable to type '(props: any, deprecatedLegacyContext?: any) => ReactNode'.
[22:46:57.319]         Type 'ReactElement<any, string | JSXElementConstructor<any>> | null' is not assignable to type 'ReactNode'.
[22:46:57.319]           Type 'ReactElement<any, string | JSXElementConstructor<any>>' is not assignable to type 'ReactNode'.
[22:46:57.319] src/app/community/forums/page.tsx(487,18): error TS2786: 'Plus' cannot be used as a JSX component.
[22:46:57.319]   Its type 'ComponentType<any>' is not a valid JSX element type.
[22:46:57.319]     Type 'FunctionComponent<any>' is not assignable to type 'ElementType'.
[22:46:57.319]       Type 'FunctionComponent<any>' is not assignable to type '(props: any, deprecatedLegacyContext?: any) => ReactNode'.
[22:46:57.319]         Type 'ReactElement<any, string | JSXElementConstructor<any>> | null' is not assignable to type 'ReactNode'.
[22:46:57.319]           Type 'ReactElement<any, string | JSXElementConstructor<any>>' is not assignable to type 'ReactNode'.
[22:46:57.319] src/app/community/forums/page.tsx(498,18): error TS2786: 'ThumbsUp' cannot be used as a JSX component.
[22:46:57.319]   Its type 'ComponentType<any>' is not a valid JSX element type.
[22:46:57.319]     Type 'FunctionComponent<any>' is not assignable to type 'ElementType'.
[22:46:57.319]       Type 'FunctionComponent<any>' is not assignable to type '(props: any, deprecatedLegacyContext?: any) => ReactNode'.
[22:46:57.319]         Type 'ReactElement<any, string | JSXElementConstructor<any>> | null' is not assignable to type 'ReactNode'.
[22:46:57.319]           Type 'ReactElement<any, string | JSXElementConstructor<any>>' is not assignable to type 'ReactNode'.
[22:46:57.319] src/app/community/forums/page.tsx(509,18): error TS2786: 'Eye' cannot be used as a JSX component.
[22:46:57.319]   Its type 'ComponentType<any>' is not a valid JSX element type.
[22:46:57.319]     Type 'FunctionComponent<any>' is not assignable to type 'ElementType'.
[22:46:57.319]       Type 'FunctionComponent<any>' is not assignable to type '(props: any, deprecatedLegacyContext?: any) => ReactNode'.
[22:46:57.319]         Type 'ReactElement<any, string | JSXElementConstructor<any>> | null' is not assignable to type 'ReactNode'.
[22:46:57.319]           Type 'ReactElement<any, string | JSXElementConstructor<any>>' is not assignable to type 'ReactNode'.
[22:46:57.319] src/app/community/forums/page.tsx(520,18): error TS2786: 'TrendingUp' cannot be used as a JSX component.
[22:46:57.319]   Its type 'ComponentType<any>' is not a valid JSX element type.
[22:46:57.320]     Type 'FunctionComponent<any>' is not assignable to type 'ElementType'.
[22:46:57.320]       Type 'FunctionComponent<any>' is not assignable to type '(props: any, deprecatedLegacyContext?: any) => ReactNode'.
[22:46:57.320]         Type 'ReactElement<any, string | JSXElementConstructor<any>> | null' is not assignable to type 'ReactNode'.
[22:46:57.320]           Type 'ReactElement<any, string | JSXElementConstructor<any>>' is not assignable to type 'ReactNode'.
[22:46:57.320] src/app/community/forums/page.tsx(538,18): error TS2786: 'Link' cannot be used as a JSX component.
[22:46:57.320]   Its type 'ComponentType<any>' is not a valid JSX element type.
[22:46:57.320]     Type 'FunctionComponent<any>' is not assignable to type 'ElementType'.
[22:46:57.320]       Type 'FunctionComponent<any>' is not assignable to type '(props: any, deprecatedLegacyContext?: any) => ReactNode'.
[22:46:57.320]         Type 'ReactElement<any, string | JSXElementConstructor<any>> | null' is not assignable to type 'ReactNode'.
[22:46:57.320]           Type 'ReactElement<any, string | JSXElementConstructor<any>>' is not assignable to type 'ReactNode'.
[22:46:57.320] src/app/community/forums/page.tsx(541,18): error TS2786: 'Link' cannot be used as a JSX component.
[22:46:57.320]   Its type 'ComponentType<any>' is not a valid JSX element type.
[22:46:57.320]     Type 'FunctionComponent<any>' is not assignable to type 'ElementType'.
[22:46:57.320]       Type 'FunctionComponent<any>' is not assignable to type '(props: any, deprecatedLegacyContext?: any) => ReactNode'.
[22:46:57.320]         Type 'ReactElement<any, string | JSXElementConstructor<any>> | null' is not assignable to type 'ReactNode'.
[22:46:57.320]           Type 'ReactElement<any, string | JSXElementConstructor<any>>' is not assignable to type 'ReactNode'.
[22:46:57.320] src/app/community/forums/page.tsx(552,16): error TS2786: 'Link' cannot be used as a JSX component.
[22:46:57.320]   Its type 'ComponentType<any>' is not a valid JSX element type.
[22:46:57.320]     Type 'FunctionComponent<any>' is not assignable to type 'ElementType'.
[22:46:57.320]       Type 'FunctionComponent<any>' is not assignable to type '(props: any, deprecatedLegacyContext?: any) => ReactNode'.
[22:46:57.320]         Type 'ReactElement<any, string | JSXElementConstructor<any>> | null' is not assignable to type 'ReactNode'.
[22:46:57.320]           Type 'ReactElement<any, string | JSXElementConstructor<any>>' is not assignable to type 'ReactNode'.
[22:46:57.320] src/app/community/forums/page.tsx(556,18): error TS2786: 'MessageSquare' cannot be used as a JSX component.
[22:46:57.321]   Its type 'ComponentType<any>' is not a valid JSX element type.
[22:46:57.321]     Type 'FunctionComponent<any>' is not assignable to type 'ElementType'.
[22:46:57.321]       Type 'FunctionComponent<any>' is not assignable to type '(props: any, deprecatedLegacyContext?: any) => ReactNode'.
[22:46:57.321]         Type 'ReactElement<any, string | JSXElementConstructor<any>> | null' is not assignable to type 'ReactNode'.
[22:46:57.321]           Type 'ReactElement<any, string | JSXElementConstructor<any>>' is not assignable to type 'ReactNode'.
[22:46:57.321] src/app/community/forums/page.tsx(564,14): error TS2786: 'Link' cannot be used as a JSX component.
[22:46:57.321]   Its type 'ComponentType<any>' is not a valid JSX element type.
[22:46:57.321]     Type 'FunctionComponent<any>' is not assignable to type 'ElementType'.
[22:46:57.321]       Type 'FunctionComponent<any>' is not assignable to type '(props: any, deprecatedLegacyContext?: any) => ReactNode'.
[22:46:57.321]         Type 'ReactElement<any, string | JSXElementConstructor<any>> | null' is not assignable to type 'ReactNode'.
[22:46:57.321]           Type 'ReactElement<any, string | JSXElementConstructor<any>>' is not assignable to type 'ReactNode'.
[22:46:57.321] src/app/community/groups/page.tsx(155,16): error TS2786: 'Link' cannot be used as a JSX component.
[22:46:57.321]   Its type 'ComponentType<any>' is not a valid JSX element type.
[22:46:57.321]     Type 'FunctionComponent<any>' is not assignable to type 'ElementType'.
[22:46:57.321]       Type 'FunctionComponent<any>' is not assignable to type '(props: any, deprecatedLegacyContext?: any) => ReactNode'.
[22:46:57.321]         Type 'ReactElement<any, string | JSXElementConstructor<any>> | null' is not assignable to type 'ReactNode'.
[22:46:57.321]           Type 'ReactElement<any, string | JSXElementConstructor<any>>' is not assignable to type 'ReactNode'.
[22:46:57.321] src/app/community/groups/page.tsx(156,18): error TS2786: 'ArrowLeft' cannot be used as a JSX component.
[22:46:57.321]   Its type 'ComponentType<any>' is not a valid JSX element type.
[22:46:57.321]     Type 'FunctionComponent<any>' is not assignable to type 'ElementType'.
[22:46:57.321]       Type 'FunctionComponent<any>' is not assignable to type '(props: any, deprecatedLegacyContext?: any) => ReactNode'.
[22:46:57.321]         Type 'ReactElement<any, string | JSXElementConstructor<any>> | null' is not assignable to type 'ReactNode'.
[22:46:57.321]           Type 'ReactElement<any, string | JSXElementConstructor<any>>' is not assignable to type 'ReactNode'.
[22:46:57.321] src/app/community/groups/page.tsx(160,20): error TS2786: 'Users' cannot be used as a JSX component.
[22:46:57.321]   Its type 'ComponentType<any>' is not a valid JSX element type.
[22:46:57.322]     Type 'FunctionComponent<any>' is not assignable to type 'ElementType'.
[22:46:57.322]       Type 'FunctionComponent<any>' is not assignable to type '(props: any, deprecatedLegacyContext?: any) => ReactNode'.
[22:46:57.322]         Type 'ReactElement<any, string | JSXElementConstructor<any>> | null' is not assignable to type 'ReactNode'.
[22:46:57.322]           Type 'ReactElement<any, string | JSXElementConstructor<any>>' is not assignable to type 'ReactNode'.
[22:46:57.322] src/app/community/groups/page.tsx(170,16): error TS2786: 'Plus' cannot be used as a JSX component.
[22:46:57.322]   Its type 'ComponentType<any>' is not a valid JSX element type.
[22:46:57.322]     Type 'FunctionComponent<any>' is not assignable to type 'ElementType'.
[22:46:57.322]       Type 'FunctionComponent<any>' is not assignable to type '(props: any, deprecatedLegacyContext?: any) => ReactNode'.
[22:46:57.322]         Type 'ReactElement<any, string | JSXElementConstructor<any>> | null' is not assignable to type 'ReactNode'.
[22:46:57.322]           Type 'ReactElement<any, string | JSXElementConstructor<any>>' is not assignable to type 'ReactNode'.
[22:46:57.322] src/app/community/groups/page.tsx(184,18): error TS2786: 'Search' cannot be used as a JSX component.
[22:46:57.322]   Its type 'ComponentType<any>' is not a valid JSX element type.
[22:46:57.322]     Type 'FunctionComponent<any>' is not assignable to type 'ElementType'.
[22:46:57.322]       Type 'FunctionComponent<any>' is not assignable to type '(props: any, deprecatedLegacyContext?: any) => ReactNode'.
[22:46:57.322]         Type 'ReactElement<any, string | JSXElementConstructor<any>> | null' is not assignable to type 'ReactNode'.
[22:46:57.322]           Type 'ReactElement<any, string | JSXElementConstructor<any>>' is not assignable to type 'ReactNode'.
[22:46:57.322] src/app/community/groups/page.tsx(269,32): error TS2786: 'Lock' cannot be used as a JSX component.
[22:46:57.322]   Its type 'ComponentType<any>' is not a valid JSX element type.
[22:46:57.322]     Type 'FunctionComponent<any>' is not assignable to type 'ElementType'.
[22:46:57.322]       Type 'FunctionComponent<any>' is not assignable to type '(props: any, deprecatedLegacyContext?: any) => ReactNode'.
[22:46:57.322]         Type 'ReactElement<any, string | JSXElementConstructor<any>> | null' is not assignable to type 'ReactNode'.
[22:46:57.322]           Type 'ReactElement<any, string | JSXElementConstructor<any>>' is not assignable to type 'ReactNode'.
[22:46:57.322] src/app/community/groups/page.tsx(271,32): error TS2786: 'Globe' cannot be used as a JSX component.
[22:46:57.322]   Its type 'ComponentType<any>' is not a valid JSX element type.
[22:46:57.323]     Type 'FunctionComponent<any>' is not assignable to type 'ElementType'.
[22:46:57.323]       Type 'FunctionComponent<any>' is not assignable to type '(props: any, deprecatedLegacyContext?: any) => ReactNode'.
[22:46:57.323]         Type 'ReactElement<any, string | JSXElementConstructor<any>> | null' is not assignable to type 'ReactNode'.
[22:46:57.323]           Type 'ReactElement<any, string | JSXElementConstructor<any>>' is not assignable to type 'ReactNode'.
[22:46:57.323] src/app/community/groups/page.tsx(281,32): error TS2786: 'Users' cannot be used as a JSX component.
[22:46:57.323]   Its type 'ComponentType<any>' is not a valid JSX element type.
[22:46:57.323]     Type 'FunctionComponent<any>' is not assignable to type 'ElementType'.
[22:46:57.323]       Type 'FunctionComponent<any>' is not assignable to type '(props: any, deprecatedLegacyContext?: any) => ReactNode'.
[22:46:57.323]         Type 'ReactElement<any, string | JSXElementConstructor<any>> | null' is not assignable to type 'ReactNode'.
[22:46:57.323]           Type 'ReactElement<any, string | JSXElementConstructor<any>>' is not assignable to type 'ReactNode'.
[22:46:57.324] src/app/community/groups/page.tsx(285,32): error TS2786: 'Eye' cannot be used as a JSX component.
[22:46:57.324]   Its type 'ComponentType<any>' is not a valid JSX element type.
[22:46:57.324]     Type 'FunctionComponent<any>' is not assignable to type 'ElementType'.
[22:46:57.324]       Type 'FunctionComponent<any>' is not assignable to type '(props: any, deprecatedLegacyContext?: any) => ReactNode'.
[22:46:57.324]         Type 'ReactElement<any, string | JSXElementConstructor<any>> | null' is not assignable to type 'ReactNode'.
[22:46:57.324]           Type 'ReactElement<any, string | JSXElementConstructor<any>>' is not assignable to type 'ReactNode'.
[22:46:57.324] src/app/community/groups/page.tsx(289,32): error TS2786: 'MessageCircle' cannot be used as a JSX component.
[22:46:57.324]   Its type 'ComponentType<any>' is not a valid JSX element type.
[22:46:57.324]     Type 'FunctionComponent<any>' is not assignable to type 'ElementType'.
[22:46:57.324]       Type 'FunctionComponent<any>' is not assignable to type '(props: any, deprecatedLegacyContext?: any) => ReactNode'.
[22:46:57.324]         Type 'ReactElement<any, string | JSXElementConstructor<any>> | null' is not assignable to type 'ReactNode'.
[22:46:57.324]           Type 'ReactElement<any, string | JSXElementConstructor<any>>' is not assignable to type 'ReactNode'.
[22:46:57.324] src/app/community/groups/page.tsx(293,32): error TS2786: 'Calendar' cannot be used as a JSX component.
[22:46:57.324]   Its type 'ComponentType<any>' is not a valid JSX element type.
[22:46:57.324]     Type 'FunctionComponent<any>' is not assignable to type 'ElementType'.
[22:46:57.324]       Type 'FunctionComponent<any>' is not assignable to type '(props: any, deprecatedLegacyContext?: any) => ReactNode'.
[22:46:57.324]         Type 'ReactElement<any, string | JSXElementConstructor<any>> | null' is not assignable to type 'ReactNode'.
[22:46:57.324]           Type 'ReactElement<any, string | JSXElementConstructor<any>>' is not assignable to type 'ReactNode'.
[22:46:57.324] src/app/community/groups/page.tsx(317,28): error TS2786: 'UserPlus' cannot be used as a JSX component.
[22:46:57.324]   Its type 'ComponentType<any>' is not a valid JSX element type.
[22:46:57.324]     Type 'FunctionComponent<any>' is not assignable to type 'ElementType'.
[22:46:57.324]       Type 'FunctionComponent<any>' is not assignable to type '(props: any, deprecatedLegacyContext?: any) => ReactNode'.
[22:46:57.324]         Type 'ReactElement<any, string | JSXElementConstructor<any>> | null' is not assignable to type 'ReactNode'.
[22:46:57.324]           Type 'ReactElement<any, string | JSXElementConstructor<any>>' is not assignable to type 'ReactNode'.
[22:46:57.324] src/app/community/groups/page.tsx(320,26): error TS2786: 'Link' cannot be used as a JSX component.
[22:46:57.324]   Its type 'ComponentType<any>' is not a valid JSX element type.
[22:46:57.325]     Type 'FunctionComponent<any>' is not assignable to type 'ElementType'.
[22:46:57.325]       Type 'FunctionComponent<any>' is not assignable to type '(props: any, deprecatedLegacyContext?: any) => ReactNode'.
[22:46:57.325]         Type 'ReactElement<any, string | JSXElementConstructor<any>> | null' is not assignable to type 'ReactNode'.
[22:46:57.325]           Type 'ReactElement<any, string | JSXElementConstructor<any>>' is not assignable to type 'ReactNode'.
[22:46:57.325] src/app/community/groups/page.tsx(324,28): error TS2786: 'Eye' cannot be used as a JSX component.
[22:46:57.325]   Its type 'ComponentType<any>' is not a valid JSX element type.
[22:46:57.325]     Type 'FunctionComponent<any>' is not assignable to type 'ElementType'.
[22:46:57.325]       Type 'FunctionComponent<any>' is not assignable to type '(props: any, deprecatedLegacyContext?: any) => ReactNode'.
[22:46:57.325]         Type 'ReactElement<any, string | JSXElementConstructor<any>> | null' is not assignable to type 'ReactNode'.
[22:46:57.325]           Type 'ReactElement<any, string | JSXElementConstructor<any>>' is not assignable to type 'ReactNode'.
[22:46:57.325] src/app/community/groups/page.tsx(334,22): error TS2786: 'Users' cannot be used as a JSX component.
[22:46:57.325]   Its type 'ComponentType<any>' is not a valid JSX element type.
[22:46:57.325]     Type 'FunctionComponent<any>' is not assignable to type 'ElementType'.
[22:46:57.325]       Type 'FunctionComponent<any>' is not assignable to type '(props: any, deprecatedLegacyContext?: any) => ReactNode'.
[22:46:57.325]         Type 'ReactElement<any, string | JSXElementConstructor<any>> | null' is not assignable to type 'ReactNode'.
[22:46:57.325]           Type 'ReactElement<any, string | JSXElementConstructor<any>>' is not assignable to type 'ReactNode'.
[22:46:57.325] src/app/community/groups/page.tsx(342,24): error TS2786: 'Plus' cannot be used as a JSX component.
[22:46:57.325]   Its type 'ComponentType<any>' is not a valid JSX element type.
[22:46:57.325]     Type 'FunctionComponent<any>' is not assignable to type 'ElementType'.
[22:46:57.325]       Type 'FunctionComponent<any>' is not assignable to type '(props: any, deprecatedLegacyContext?: any) => ReactNode'.
[22:46:57.325]         Type 'ReactElement<any, string | JSXElementConstructor<any>> | null' is not assignable to type 'ReactNode'.
[22:46:57.325]           Type 'ReactElement<any, string | JSXElementConstructor<any>>' is not assignable to type 'ReactNode'.
[22:46:57.325] src/app/community/groups/page.tsx(364,18): error TS2786: 'Heart' cannot be used as a JSX component.
[22:46:57.325]   Its type 'ComponentType<any>' is not a valid JSX element type.
[22:46:57.325]     Type 'FunctionComponent<any>' is not assignable to type 'ElementType'.
[22:46:57.325]       Type 'FunctionComponent<any>' is not assignable to type '(props: any, deprecatedLegacyContext?: any) => ReactNode'.
[22:46:57.325]         Type 'ReactElement<any, string | JSXElementConstructor<any>> | null' is not assignable to type 'ReactNode'.
[22:46:57.325]           Type 'ReactElement<any, string | JSXElementConstructor<any>>' is not assignable to type 'ReactNode'.
[22:46:57.325] src/app/community/groups/page.tsx(375,18): error TS2786: 'Users' cannot be used as a JSX component.
[22:46:57.326]   Its type 'ComponentType<any>' is not a valid JSX element type.
[22:46:57.326]     Type 'FunctionComponent<any>' is not assignable to type 'ElementType'.
[22:46:57.326]       Type 'FunctionComponent<any>' is not assignable to type '(props: any, deprecatedLegacyContext?: any) => ReactNode'.
[22:46:57.326]         Type 'ReactElement<any, string | JSXElementConstructor<any>> | null' is not assignable to type 'ReactNode'.
[22:46:57.326]           Type 'ReactElement<any, string | JSXElementConstructor<any>>' is not assignable to type 'ReactNode'.
[22:46:57.326] src/app/community/groups/page.tsx(386,18): error TS2786: 'Star' cannot be used as a JSX component.
[22:46:57.326]   Its type 'ComponentType<any>' is not a valid JSX element type.
[22:46:57.326]     Type 'FunctionComponent<any>' is not assignable to type 'ElementType'.
[22:46:57.326]       Type 'FunctionComponent<any>' is not assignable to type '(props: any, deprecatedLegacyContext?: any) => ReactNode'.
[22:46:57.326]         Type 'ReactElement<any, string | JSXElementConstructor<any>> | null' is not assignable to type 'ReactNode'.
[22:46:57.326]           Type 'ReactElement<any, string | JSXElementConstructor<any>>' is not assignable to type 'ReactNode'.
[22:46:57.326] src/app/community/groups/page.tsx(397,18): error TS2786: 'MessageCircle' cannot be used as a JSX component.
[22:46:57.326]   Its type 'ComponentType<any>' is not a valid JSX element type.
[22:46:57.326]     Type 'FunctionComponent<any>' is not assignable to type 'ElementType'.
[22:46:57.326]       Type 'FunctionComponent<any>' is not assignable to type '(props: any, deprecatedLegacyContext?: any) => ReactNode'.
[22:46:57.326]         Type 'ReactElement<any, string | JSXElementConstructor<any>> | null' is not assignable to type 'ReactNode'.
[22:46:57.326]           Type 'ReactElement<any, string | JSXElementConstructor<any>>' is not assignable to type 'ReactNode'.
[22:46:57.326] src/app/community/groups/page.tsx(408,18): error TS2786: 'Calendar' cannot be used as a JSX component.
[22:46:57.326]   Its type 'ComponentType<any>' is not a valid JSX element type.
[22:46:57.326]     Type 'FunctionComponent<any>' is not assignable to type 'ElementType'.
[22:46:57.326]       Type 'FunctionComponent<any>' is not assignable to type '(props: any, deprecatedLegacyContext?: any) => ReactNode'.
[22:46:57.326]         Type 'ReactElement<any, string | JSXElementConstructor<any>> | null' is not assignable to type 'ReactNode'.
[22:46:57.326]           Type 'ReactElement<any, string | JSXElementConstructor<any>>' is not assignable to type 'ReactNode'.
[22:46:57.326] src/app/community/groups/page.tsx(419,18): error TS2786: 'Eye' cannot be used as a JSX component.
[22:46:57.326]   Its type 'ComponentType<any>' is not a valid JSX element type.
[22:46:57.326]     Type 'FunctionComponent<any>' is not assignable to type 'ElementType'.
[22:46:57.326]       Type 'FunctionComponent<any>' is not assignable to type '(props: any, deprecatedLegacyContext?: any) => ReactNode'.
[22:46:57.326]         Type 'ReactElement<any, string | JSXElementConstructor<any>> | null' is not assignable to type 'ReactNode'.
[22:46:57.326]           Type 'ReactElement<any, string | JSXElementConstructor<any>>' is not assignable to type 'ReactNode'.
[22:46:57.327] src/app/community/groups/page.tsx(437,18): error TS2786: 'Link' cannot be used as a JSX component.
[22:46:57.327]   Its type 'ComponentType<any>' is not a valid JSX element type.
[22:46:57.327]     Type 'FunctionComponent<any>' is not assignable to type 'ElementType'.
[22:46:57.327]       Type 'FunctionComponent<any>' is not assignable to type '(props: any, deprecatedLegacyContext?: any) => ReactNode'.
[22:46:57.327]         Type 'ReactElement<any, string | JSXElementConstructor<any>> | null' is not assignable to type 'ReactNode'.
[22:46:57.327]           Type 'ReactElement<any, string | JSXElementConstructor<any>>' is not assignable to type 'ReactNode'.
[22:46:57.327] src/app/community/groups/page.tsx(440,18): error TS2786: 'Link' cannot be used as a JSX component.
[22:46:57.327]   Its type 'ComponentType<any>' is not a valid JSX element type.
[22:46:57.327]     Type 'FunctionComponent<any>' is not assignable to type 'ElementType'.
[22:46:57.327]       Type 'FunctionComponent<any>' is not assignable to type '(props: any, deprecatedLegacyContext?: any) => ReactNode'.
[22:46:57.327]         Type 'ReactElement<any, string | JSXElementConstructor<any>> | null' is not assignable to type 'ReactNode'.
[22:46:57.327]           Type 'ReactElement<any, string | JSXElementConstructor<any>>' is not assignable to type 'ReactNode'.
[22:46:57.327] src/app/community/groups/page.tsx(460,18): error TS2786: 'Heart' cannot be used as a JSX component.
[22:46:57.327]   Its type 'ComponentType<any>' is not a valid JSX element type.
[22:46:57.327]     Type 'FunctionComponent<any>' is not assignable to type 'ElementType'.
[22:46:57.327]       Type 'FunctionComponent<any>' is not assignable to type '(props: any, deprecatedLegacyContext?: any) => ReactNode'.
[22:46:57.327]         Type 'ReactElement<any, string | JSXElementConstructor<any>> | null' is not assignable to type 'ReactNode'.
[22:46:57.327]           Type 'ReactElement<any, string | JSXElementConstructor<any>>' is not assignable to type 'ReactNode'.
[22:46:57.327] src/app/community/groups/page.tsx(467,18): error TS2786: 'Users' cannot be used as a JSX component.
[22:46:57.327]   Its type 'ComponentType<any>' is not a valid JSX element type.
[22:46:57.327]     Type 'FunctionComponent<any>' is not assignable to type 'ElementType'.
[22:46:57.327]       Type 'FunctionComponent<any>' is not assignable to type '(props: any, deprecatedLegacyContext?: any) => ReactNode'.
[22:46:57.327]         Type 'ReactElement<any, string | JSXElementConstructor<any>> | null' is not assignable to type 'ReactNode'.
[22:46:57.327]           Type 'ReactElement<any, string | JSXElementConstructor<any>>' is not assignable to type 'ReactNode'.
[22:46:57.327] src/app/community/groups/page.tsx(474,18): error TS2786: 'Star' cannot be used as a JSX component.
[22:46:57.327]   Its type 'ComponentType<any>' is not a valid JSX element type.
[22:46:57.327]     Type 'FunctionComponent<any>' is not assignable to type 'ElementType'.
[22:46:57.327]       Type 'FunctionComponent<any>' is not assignable to type '(props: any, deprecatedLegacyContext?: any) => ReactNode'.
[22:46:57.327]         Type 'ReactElement<any, string | JSXElementConstructor<any>> | null' is not assignable to type 'ReactNode'.
[22:46:57.327]           Type 'ReactElement<any, string | JSXElementConstructor<any>>' is not assignable to type 'ReactNode'.
[22:46:57.328] src/app/community/groups/page.tsx(485,14): error TS2786: 'Link' cannot be used as a JSX component.
[22:46:57.328]   Its type 'ComponentType<any>' is not a valid JSX element type.
[22:46:57.328]     Type 'FunctionComponent<any>' is not assignable to type 'ElementType'.
[22:46:57.328]       Type 'FunctionComponent<any>' is not assignable to type '(props: any, deprecatedLegacyContext?: any) => ReactNode'.
[22:46:57.328]         Type 'ReactElement<any, string | JSXElementConstructor<any>> | null' is not assignable to type 'ReactNode'.
[22:46:57.328]           Type 'ReactElement<any, string | JSXElementConstructor<any>>' is not assignable to type 'ReactNode'.
[22:46:57.328] src/app/community/page.tsx(144,12): error TS2786: 'Users' cannot be used as a JSX component.
[22:46:57.328]   Its type 'ComponentType<any>' is not a valid JSX element type.
[22:46:57.328]     Type 'FunctionComponent<any>' is not assignable to type 'ElementType'.
[22:46:57.328]       Type 'FunctionComponent<any>' is not assignable to type '(props: any, deprecatedLegacyContext?: any) => ReactNode'.
[22:46:57.328]         Type 'ReactElement<any, string | JSXElementConstructor<any>> | null' is not assignable to type 'ReactNode'.
[22:46:57.328]           Type 'ReactElement<any, string | JSXElementConstructor<any>>' is not assignable to type 'ReactNode'.
[22:46:57.328] src/app/community/page.tsx(151,12): error TS2786: 'Link' cannot be used as a JSX component.
[22:46:57.328]   Its type 'ComponentType<any>' is not a valid JSX element type.
[22:46:57.328]     Type 'FunctionComponent<any>' is not assignable to type 'ElementType'.
[22:46:57.328]       Type 'FunctionComponent<any>' is not assignable to type '(props: any, deprecatedLegacyContext?: any) => ReactNode'.
[22:46:57.328]         Type 'ReactElement<any, string | JSXElementConstructor<any>> | null' is not assignable to type 'ReactNode'.
[22:46:57.328]           Type 'ReactElement<any, string | JSXElementConstructor<any>>' is not assignable to type 'ReactNode'.
[22:46:57.328] src/app/community/page.tsx(156,14): error TS2786: 'ChevronRight' cannot be used as a JSX component.
[22:46:57.328]   Its type 'ComponentType<any>' is not a valid JSX element type.
[22:46:57.328]     Type 'FunctionComponent<any>' is not assignable to type 'ElementType'.
[22:46:57.328]       Type 'FunctionComponent<any>' is not assignable to type '(props: any, deprecatedLegacyContext?: any) => ReactNode'.
[22:46:57.328]         Type 'ReactElement<any, string | JSXElementConstructor<any>> | null' is not assignable to type 'ReactNode'.
[22:46:57.328]           Type 'ReactElement<any, string | JSXElementConstructor<any>>' is not assignable to type 'ReactNode'.
[22:46:57.328] src/app/community/page.tsx(193,24): error TS2786: 'Star' cannot be used as a JSX component.
[22:46:57.328]   Its type 'ComponentType<any>' is not a valid JSX element type.
[22:46:57.328]     Type 'FunctionComponent<any>' is not assignable to type 'ElementType'.
[22:46:57.328]       Type 'FunctionComponent<any>' is not assignable to type '(props: any, deprecatedLegacyContext?: any) => ReactNode'.
[22:46:57.329]         Type 'ReactElement<any, string | JSXElementConstructor<any>> | null' is not assignable to type 'ReactNode'.
[22:46:57.329]           Type 'ReactElement<any, string | JSXElementConstructor<any>>' is not assignable to type 'ReactNode'.
[22:46:57.329] src/app/community/page.tsx(203,18): error TS2786: 'Bell' cannot be used as a JSX component.
[22:46:57.329]   Its type 'ComponentType<any>' is not a valid JSX element type.
[22:46:57.329]     Type 'FunctionComponent<any>' is not assignable to type 'ElementType'.
[22:46:57.329]       Type 'FunctionComponent<any>' is not assignable to type '(props: any, deprecatedLegacyContext?: any) => ReactNode'.
[22:46:57.329]         Type 'ReactElement<any, string | JSXElementConstructor<any>> | null' is not assignable to type 'ReactNode'.
[22:46:57.329]           Type 'ReactElement<any, string | JSXElementConstructor<any>>' is not assignable to type 'ReactNode'.
[22:46:57.329] src/app/community/page.tsx(207,18): error TS2786: 'Settings' cannot be used as a JSX component.
[22:46:57.329]   Its type 'ComponentType<any>' is not a valid JSX element type.
[22:46:57.329]     Type 'FunctionComponent<any>' is not assignable to type 'ElementType'.
[22:46:57.329]       Type 'FunctionComponent<any>' is not assignable to type '(props: any, deprecatedLegacyContext?: any) => ReactNode'.
[22:46:57.329]         Type 'ReactElement<any, string | JSXElementConstructor<any>> | null' is not assignable to type 'ReactNode'.
[22:46:57.329]           Type 'ReactElement<any, string | JSXElementConstructor<any>>' is not assignable to type 'ReactNode'.
[22:46:57.329] src/app/community/page.tsx(260,10): error TS2786: 'AnimatePresence' cannot be used as a JSX component.
[22:46:57.329]   Its type 'ComponentType<any>' is not a valid JSX element type.
[22:46:57.329]     Type 'FunctionComponent<any>' is not assignable to type 'ElementType'.
[22:46:57.329]       Type 'FunctionComponent<any>' is not assignable to type '(props: any, deprecatedLegacyContext?: any) => ReactNode'.
[22:46:57.329]         Type 'ReactElement<any, string | JSXElementConstructor<any>> | null' is not assignable to type 'ReactNode'.
[22:46:57.329]           Type 'ReactElement<any, string | JSXElementConstructor<any>>' is not assignable to type 'ReactNode'.
[22:46:57.329] src/app/community/page.tsx(280,22): error TS2786: 'Shield' cannot be used as a JSX component.
[22:46:57.329]   Its type 'ComponentType<any>' is not a valid JSX element type.
[22:46:57.329]     Type 'FunctionComponent<any>' is not assignable to type 'ElementType'.
[22:46:57.329]       Type 'FunctionComponent<any>' is not assignable to type '(props: any, deprecatedLegacyContext?: any) => ReactNode'.
[22:46:57.329]         Type 'ReactElement<any, string | JSXElementConstructor<any>> | null' is not assignable to type 'ReactNode'.
[22:46:57.329]           Type 'ReactElement<any, string | JSXElementConstructor<any>>' is not assignable to type 'ReactNode'.
[22:46:57.330] src/app/community/page.tsx(284,22): error TS2786: 'Globe' cannot be used as a JSX component.
[22:46:57.330]   Its type 'ComponentType<any>' is not a valid JSX element type.
[22:46:57.330]     Type 'FunctionComponent<any>' is not assignable to type 'ElementType'.
[22:46:57.330]       Type 'FunctionComponent<any>' is not assignable to type '(props: any, deprecatedLegacyContext?: any) => ReactNode'.
[22:46:57.330]         Type 'ReactElement<any, string | JSXElementConstructor<any>> | null' is not assignable to type 'ReactNode'.
[22:46:57.330]           Type 'ReactElement<any, string | JSXElementConstructor<any>>' is not assignable to type 'ReactNode'.
[22:46:57.330] src/app/community/page.tsx(288,22): error TS2786: 'Heart' cannot be used as a JSX component.
[22:46:57.330]   Its type 'ComponentType<any>' is not a valid JSX element type.
[22:46:57.330]     Type 'FunctionComponent<any>' is not assignable to type 'ElementType'.
[22:46:57.330]       Type 'FunctionComponent<any>' is not assignable to type '(props: any, deprecatedLegacyContext?: any) => ReactNode'.
[22:46:57.330]         Type 'ReactElement<any, string | JSXElementConstructor<any>> | null' is not assignable to type 'ReactNode'.
[22:46:57.330]           Type 'ReactElement<any, string | JSXElementConstructor<any>>' is not assignable to type 'ReactNode'.
[22:46:57.331] src/app/community/page.tsx(299,24): error TS2786: 'Users' cannot be used as a JSX component.
[22:46:57.331]   Its type 'ComponentType<any>' is not a valid JSX element type.
[22:46:57.331]     Type 'FunctionComponent<any>' is not assignable to type 'ElementType'.
[22:46:57.331]       Type 'FunctionComponent<any>' is not assignable to type '(props: any, deprecatedLegacyContext?: any) => ReactNode'.
[22:46:57.331]         Type 'ReactElement<any, string | JSXElementConstructor<any>> | null' is not assignable to type 'ReactNode'.
[22:46:57.331]           Type 'ReactElement<any, string | JSXElementConstructor<any>>' is not assignable to type 'ReactNode'.
[22:46:57.331] src/app/community/page.tsx(309,24): error TS2786: 'MessageCircle' cannot be used as a JSX component.
[22:46:57.331]   Its type 'ComponentType<any>' is not a valid JSX element type.
[22:46:57.331]     Type 'FunctionComponent<any>' is not assignable to type 'ElementType'.
[22:46:57.331]       Type 'FunctionComponent<any>' is not assignable to type '(props: any, deprecatedLegacyContext?: any) => ReactNode'.
[22:46:57.331]         Type 'ReactElement<any, string | JSXElementConstructor<any>> | null' is not assignable to type 'ReactNode'.
[22:46:57.331]           Type 'ReactElement<any, string | JSXElementConstructor<any>>' is not assignable to type 'ReactNode'.
[22:46:57.331] src/app/community/page.tsx(319,24): error TS2786: 'Activity' cannot be used as a JSX component.
[22:46:57.331]   Its type 'ComponentType<any>' is not a valid JSX element type.
[22:46:57.331]     Type 'FunctionComponent<any>' is not assignable to type 'ElementType'.
[22:46:57.331]       Type 'FunctionComponent<any>' is not assignable to type '(props: any, deprecatedLegacyContext?: any) => ReactNode'.
[22:46:57.331]         Type 'ReactElement<any, string | JSXElementConstructor<any>> | null' is not assignable to type 'ReactNode'.
[22:46:57.331]           Type 'ReactElement<any, string | JSXElementConstructor<any>>' is not assignable to type 'ReactNode'.
[22:46:57.331] src/app/community/page.tsx(329,24): error TS2786: 'Heart' cannot be used as a JSX component.
[22:46:57.331]   Its type 'ComponentType<any>' is not a valid JSX element type.
[22:46:57.331]     Type 'FunctionComponent<any>' is not assignable to type 'ElementType'.
[22:46:57.331]       Type 'FunctionComponent<any>' is not assignable to type '(props: any, deprecatedLegacyContext?: any) => ReactNode'.
[22:46:57.331]         Type 'ReactElement<any, string | JSXElementConstructor<any>> | null' is not assignable to type 'ReactNode'.
[22:46:57.331]           Type 'ReactElement<any, string | JSXElementConstructor<any>>' is not assignable to type 'ReactNode'.
[22:46:57.331] src/app/community/page.tsx(353,28): error TS2786: 'feature.icon' cannot be used as a JSX component.
[22:46:57.332]   Its type 'ComponentType<any>' is not a valid JSX element type.
[22:46:57.332]     Type 'FunctionComponent<any>' is not assignable to type 'ElementType'.
[22:46:57.332]       Type 'FunctionComponent<any>' is not assignable to type '(props: any, deprecatedLegacyContext?: any) => ReactNode'.
[22:46:57.332]         Type 'ReactElement<any, string | JSXElementConstructor<any>> | null' is not assignable to type 'ReactNode'.
[22:46:57.332]           Type 'ReactElement<any, string | JSXElementConstructor<any>>' is not assignable to type 'ReactNode'.
[22:46:57.332] src/app/community/page.tsx(370,26): error TS2786: 'ChevronRight' cannot be used as a JSX component.
[22:46:57.332]   Its type 'ComponentType<any>' is not a valid JSX element type.
[22:46:57.332]     Type 'FunctionComponent<any>' is not assignable to type 'ElementType'.
[22:46:57.332]       Type 'FunctionComponent<any>' is not assignable to type '(props: any, deprecatedLegacyContext?: any) => ReactNode'.
[22:46:57.332]         Type 'ReactElement<any, string | JSXElementConstructor<any>> | null' is not assignable to type 'ReactNode'.
[22:46:57.332]           Type 'ReactElement<any, string | JSXElementConstructor<any>>' is not assignable to type 'ReactNode'.
[22:46:57.332] src/app/community/page.tsx(459,24): error TS2786: 'MessageCircle' cannot be used as a JSX component.
[22:46:57.332]   Its type 'ComponentType<any>' is not a valid JSX element type.
[22:46:57.332]     Type 'FunctionComponent<any>' is not assignable to type 'ElementType'.
[22:46:57.332]       Type 'FunctionComponent<any>' is not assignable to type '(props: any, deprecatedLegacyContext?: any) => ReactNode'.
[22:46:57.332]         Type 'ReactElement<any, string | JSXElementConstructor<any>> | null' is not assignable to type 'ReactNode'.
[22:46:57.332]           Type 'ReactElement<any, string | JSXElementConstructor<any>>' is not assignable to type 'ReactNode'.
[22:46:57.332] src/app/community/page.tsx(476,16): error TS2786: 'SupportGroups' cannot be used as a JSX component.
[22:46:57.332]   Its type 'FC<SupportGroupsProps>' is not a valid JSX element type.
[22:46:57.332]     Type 'FunctionComponent<SupportGroupsProps>' is not assignable to type '(props: any, deprecatedLegacyContext?: any) => ReactNode'.
[22:46:57.332]       Type 'ReactElement<any, string | JSXElementConstructor<any>> | null' is not assignable to type 'ReactNode'.
[22:46:57.332]         Type 'ReactElement<any, string | JSXElementConstructor<any>>' is not assignable to type 'ReactNode'.
[22:46:57.332] src/app/community/page.tsx(499,16): error TS2786: 'HelpCircle' cannot be used as a JSX component.
[22:46:57.332]   Its type 'ComponentType<any>' is not a valid JSX element type.
[22:46:57.332]     Type 'FunctionComponent<any>' is not assignable to type 'ElementType'.
[22:46:57.332]       Type 'FunctionComponent<any>' is not assignable to type '(props: any, deprecatedLegacyContext?: any) => ReactNode'.
[22:46:57.333]         Type 'ReactElement<any, string | JSXElementConstructor<any>> | null' is not assignable to type 'ReactNode'.
[22:46:57.333]           Type 'ReactElement<any, string | JSXElementConstructor<any>>' is not assignable to type 'ReactNode'.
[22:46:57.333] src/app/community/page.tsx(513,16): error TS2786: 'Link' cannot be used as a JSX component.
[22:46:57.333]   Its type 'ComponentType<any>' is not a valid JSX element type.
[22:46:57.333]     Type 'FunctionComponent<any>' is not assignable to type 'ElementType'.
[22:46:57.333]       Type 'FunctionComponent<any>' is not assignable to type '(props: any, deprecatedLegacyContext?: any) => ReactNode'.
[22:46:57.333]         Type 'ReactElement<any, string | JSXElementConstructor<any>> | null' is not assignable to type 'ReactNode'.
[22:46:57.333]           Type 'ReactElement<any, string | JSXElementConstructor<any>>' is not assignable to type 'ReactNode'.
[22:46:57.333] src/app/crisis/emergency-contacts/page.tsx(138,14): error TS2786: 'Link' cannot be used as a JSX component.
[22:46:57.333]   Its type 'ComponentType<any>' is not a valid JSX element type.
[22:46:57.333]     Type 'FunctionComponent<any>' is not assignable to type 'ElementType'.
[22:46:57.333]       Type 'FunctionComponent<any>' is not assignable to type '(props: any, deprecatedLegacyContext?: any) => ReactNode'.
[22:46:57.333]         Type 'ReactElement<any, string | JSXElementConstructor<any>> | null' is not assignable to type 'ReactNode'.
[22:46:57.333]           Type 'ReactElement<any, string | JSXElementConstructor<any>>' is not assignable to type 'ReactNode'.
[22:46:57.333] src/app/crisis/emergency-contacts/page.tsx(139,16): error TS2786: 'ArrowLeft' cannot be used as a JSX component.
[22:46:57.333]   Its type 'ComponentType<any>' is not a valid JSX element type.
[22:46:57.333]     Type 'FunctionComponent<any>' is not assignable to type 'ElementType'.
[22:46:57.333]       Type 'FunctionComponent<any>' is not assignable to type '(props: any, deprecatedLegacyContext?: any) => ReactNode'.
[22:46:57.333]         Type 'ReactElement<any, string | JSXElementConstructor<any>> | null' is not assignable to type 'ReactNode'.
[22:46:57.333]           Type 'ReactElement<any, string | JSXElementConstructor<any>>' is not assignable to type 'ReactNode'.
[22:46:57.333] src/app/crisis/emergency-contacts/page.tsx(143,18): error TS2786: 'Phone' cannot be used as a JSX component.
[22:46:57.333]   Its type 'ComponentType<any>' is not a valid JSX element type.
[22:46:57.333]     Type 'FunctionComponent<any>' is not assignable to type 'ElementType'.
[22:46:57.333]       Type 'FunctionComponent<any>' is not assignable to type '(props: any, deprecatedLegacyContext?: any) => ReactNode'.
[22:46:57.333]         Type 'ReactElement<any, string | JSXElementConstructor<any>> | null' is not assignable to type 'ReactNode'.
[22:46:57.333]           Type 'ReactElement<any, string | JSXElementConstructor<any>>' is not assignable to type 'ReactNode'.
[22:46:57.334] src/app/crisis/emergency-contacts/page.tsx(160,16): error TS2786: 'AlertTriangle' cannot be used as a JSX component.
[22:46:57.334]   Its type 'ComponentType<any>' is not a valid JSX element type.
[22:46:57.334]     Type 'FunctionComponent<any>' is not assignable to type 'ElementType'.
[22:46:57.334]       Type 'FunctionComponent<any>' is not assignable to type '(props: any, deprecatedLegacyContext?: any) => ReactNode'.
[22:46:57.334]         Type 'ReactElement<any, string | JSXElementConstructor<any>> | null' is not assignable to type 'ReactNode'.
[22:46:57.334]           Type 'ReactElement<any, string | JSXElementConstructor<any>>' is not assignable to type 'ReactNode'.
[22:46:57.334] src/app/crisis/emergency-contacts/page.tsx(171,18): error TS2786: 'Phone' cannot be used as a JSX component.
[22:46:57.334]   Its type 'ComponentType<any>' is not a valid JSX element type.
[22:46:57.334]     Type 'FunctionComponent<any>' is not assignable to type 'ElementType'.
[22:46:57.334]       Type 'FunctionComponent<any>' is not assignable to type '(props: any, deprecatedLegacyContext?: any) => ReactNode'.
[22:46:57.334]         Type 'ReactElement<any, string | JSXElementConstructor<any>> | null' is not assignable to type 'ReactNode'.
[22:46:57.334]           Type 'ReactElement<any, string | JSXElementConstructor<any>>' is not assignable to type 'ReactNode'.
[22:46:57.334] src/app/crisis/emergency-contacts/page.tsx(178,18): error TS2786: 'Phone' cannot be used as a JSX component.
[22:46:57.334]   Its type 'ComponentType<any>' is not a valid JSX element type.
[22:46:57.334]     Type 'FunctionComponent<any>' is not assignable to type 'ElementType'.
[22:46:57.334]       Type 'FunctionComponent<any>' is not assignable to type '(props: any, deprecatedLegacyContext?: any) => ReactNode'.
[22:46:57.334]         Type 'ReactElement<any, string | JSXElementConstructor<any>> | null' is not assignable to type 'ReactNode'.
[22:46:57.334]           Type 'ReactElement<any, string | JSXElementConstructor<any>>' is not assignable to type 'ReactNode'.
[22:46:57.334] src/app/crisis/emergency-contacts/page.tsx(240,32): error TS2786: 'Phone' cannot be used as a JSX component.
[22:46:57.334]   Its type 'ComponentType<any>' is not a valid JSX element type.
[22:46:57.334]     Type 'FunctionComponent<any>' is not assignable to type 'ElementType'.
[22:46:57.334]       Type 'FunctionComponent<any>' is not assignable to type '(props: any, deprecatedLegacyContext?: any) => ReactNode'.
[22:46:57.334]         Type 'ReactElement<any, string | JSXElementConstructor<any>> | null' is not assignable to type 'ReactNode'.
[22:46:57.334]           Type 'ReactElement<any, string | JSXElementConstructor<any>>' is not assignable to type 'ReactNode'.
[22:46:57.334] src/app/crisis/emergency-contacts/page.tsx(249,34): error TS2786: 'Check' cannot be used as a JSX component.
[22:46:57.334]   Its type 'ComponentType<any>' is not a valid JSX element type.
[22:46:57.334]     Type 'FunctionComponent<any>' is not assignable to type 'ElementType'.
[22:46:57.335]       Type 'FunctionComponent<any>' is not assignable to type '(props: any, deprecatedLegacyContext?: any) => ReactNode'.
[22:46:57.335]         Type 'ReactElement<any, string | JSXElementConstructor<any>> | null' is not assignable to type 'ReactNode'.
[22:46:57.335]           Type 'ReactElement<any, string | JSXElementConstructor<any>>' is not assignable to type 'ReactNode'.
[22:46:57.335] src/app/crisis/emergency-contacts/page.tsx(251,34): error TS2786: 'Copy' cannot be used as a JSX component.
[22:46:57.335]   Its type 'ComponentType<any>' is not a valid JSX element type.
[22:46:57.335]     Type 'FunctionComponent<any>' is not assignable to type 'ElementType'.
[22:46:57.335]       Type 'FunctionComponent<any>' is not assignable to type '(props: any, deprecatedLegacyContext?: any) => ReactNode'.
[22:46:57.335]         Type 'ReactElement<any, string | JSXElementConstructor<any>> | null' is not assignable to type 'ReactNode'.
[22:46:57.335]           Type 'ReactElement<any, string | JSXElementConstructor<any>>' is not assignable to type 'ReactNode'.
[22:46:57.335] src/app/crisis/emergency-contacts/page.tsx(259,30): error TS2786: 'MessageCircle' cannot be used as a JSX component.
[22:46:57.335]   Its type 'ComponentType<any>' is not a valid JSX element type.
[22:46:57.335]     Type 'FunctionComponent<any>' is not assignable to type 'ElementType'.
[22:46:57.335]       Type 'FunctionComponent<any>' is not assignable to type '(props: any, deprecatedLegacyContext?: any) => ReactNode'.
[22:46:57.335]         Type 'ReactElement<any, string | JSXElementConstructor<any>> | null' is not assignable to type 'ReactNode'.
[22:46:57.335]           Type 'ReactElement<any, string | JSXElementConstructor<any>>' is not assignable to type 'ReactNode'.
[22:46:57.335] src/app/crisis/emergency-contacts/page.tsx(271,30): error TS2786: 'Globe' cannot be used as a JSX component.
[22:46:57.335]   Its type 'ComponentType<any>' is not a valid JSX element type.
[22:46:57.335]     Type 'FunctionComponent<any>' is not assignable to type 'ElementType'.
[22:46:57.335]       Type 'FunctionComponent<any>' is not assignable to type '(props: any, deprecatedLegacyContext?: any) => ReactNode'.
[22:46:57.335]         Type 'ReactElement<any, string | JSXElementConstructor<any>> | null' is not assignable to type 'ReactNode'.
[22:46:57.335]           Type 'ReactElement<any, string | JSXElementConstructor<any>>' is not assignable to type 'ReactNode'.
[22:46:57.335] src/app/crisis/emergency-contacts/page.tsx(273,30): error TS2786: 'ExternalLink' cannot be used as a JSX component.
[22:46:57.335]   Its type 'ComponentType<any>' is not a valid JSX element type.
[22:46:57.335]     Type 'FunctionComponent<any>' is not assignable to type 'ElementType'.
[22:46:57.335]       Type 'FunctionComponent<any>' is not assignable to type '(props: any, deprecatedLegacyContext?: any) => ReactNode'.
[22:46:57.336]         Type 'ReactElement<any, string | JSXElementConstructor<any>> | null' is not assignable to type 'ReactNode'.
[22:46:57.336]           Type 'ReactElement<any, string | JSXElementConstructor<any>>' is not assignable to type 'ReactNode'.
[22:46:57.336] src/app/crisis/emergency-contacts/page.tsx(292,16): error TS2786: 'MapPin' cannot be used as a JSX component.
[22:46:57.336]   Its type 'ComponentType<any>' is not a valid JSX element type.
[22:46:57.336]     Type 'FunctionComponent<any>' is not assignable to type 'ElementType'.
[22:46:57.336]       Type 'FunctionComponent<any>' is not assignable to type '(props: any, deprecatedLegacyContext?: any) => ReactNode'.
[22:46:57.336]         Type 'ReactElement<any, string | JSXElementConstructor<any>> | null' is not assignable to type 'ReactNode'.
[22:46:57.336]           Type 'ReactElement<any, string | JSXElementConstructor<any>>' is not assignable to type 'ReactNode'.
[22:46:57.336] src/app/crisis/emergency-contacts/page.tsx(305,18): error TS2786: 'Globe' cannot be used as a JSX component.
[22:46:57.336]   Its type 'ComponentType<any>' is not a valid JSX element type.
[22:46:57.336]     Type 'FunctionComponent<any>' is not assignable to type 'ElementType'.
[22:46:57.336]       Type 'FunctionComponent<any>' is not assignable to type '(props: any, deprecatedLegacyContext?: any) => ReactNode'.
[22:46:57.336]         Type 'ReactElement<any, string | JSXElementConstructor<any>> | null' is not assignable to type 'ReactNode'.
[22:46:57.336]           Type 'ReactElement<any, string | JSXElementConstructor<any>>' is not assignable to type 'ReactNode'.
[22:46:57.336] src/app/crisis/emergency-contacts/page.tsx(307,18): error TS2786: 'ExternalLink' cannot be used as a JSX component.
[22:46:57.336]   Its type 'ComponentType<any>' is not a valid JSX element type.
[22:46:57.336]     Type 'FunctionComponent<any>' is not assignable to type 'ElementType'.
[22:46:57.336]       Type 'FunctionComponent<any>' is not assignable to type '(props: any, deprecatedLegacyContext?: any) => ReactNode'.
[22:46:57.336]         Type 'ReactElement<any, string | JSXElementConstructor<any>> | null' is not assignable to type 'ReactNode'.
[22:46:57.336]           Type 'ReactElement<any, string | JSXElementConstructor<any>>' is not assignable to type 'ReactNode'.
[22:46:57.336] src/app/crisis/emergency-contacts/page.tsx(315,18): error TS2786: 'Globe' cannot be used as a JSX component.
[22:46:57.336]   Its type 'ComponentType<any>' is not a valid JSX element type.
[22:46:57.336]     Type 'FunctionComponent<any>' is not assignable to type 'ElementType'.
[22:46:57.336]       Type 'FunctionComponent<any>' is not assignable to type '(props: any, deprecatedLegacyContext?: any) => ReactNode'.
[22:46:57.336]         Type 'ReactElement<any, string | JSXElementConstructor<any>> | null' is not assignable to type 'ReactNode'.
[22:46:57.336]           Type 'ReactElement<any, string | JSXElementConstructor<any>>' is not assignable to type 'ReactNode'.
[22:46:57.337] src/app/crisis/emergency-contacts/page.tsx(317,18): error TS2786: 'ExternalLink' cannot be used as a JSX component.
[22:46:57.337]   Its type 'ComponentType<any>' is not a valid JSX element type.
[22:46:57.337]     Type 'FunctionComponent<any>' is not assignable to type 'ElementType'.
[22:46:57.337]       Type 'FunctionComponent<any>' is not assignable to type '(props: any, deprecatedLegacyContext?: any) => ReactNode'.
[22:46:57.337]         Type 'ReactElement<any, string | JSXElementConstructor<any>> | null' is not assignable to type 'ReactNode'.
[22:46:57.337]           Type 'ReactElement<any, string | JSXElementConstructor<any>>' is not assignable to type 'ReactNode'.
[22:46:57.337] src/app/crisis/emergency-contacts/page.tsx(324,14): error TS2786: 'Link' cannot be used as a JSX component.
[22:46:57.337]   Its type 'ComponentType<any>' is not a valid JSX element type.
[22:46:57.337]     Type 'FunctionComponent<any>' is not assignable to type 'ElementType'.
[22:46:57.337]       Type 'FunctionComponent<any>' is not assignable to type '(props: any, deprecatedLegacyContext?: any) => ReactNode'.
[22:46:57.337]         Type 'ReactElement<any, string | JSXElementConstructor<any>> | null' is not assignable to type 'ReactNode'.
[22:46:57.337]           Type 'ReactElement<any, string | JSXElementConstructor<any>>' is not assignable to type 'ReactNode'.
[22:46:57.337] src/app/crisis/page.tsx(51,16): error TS2786: 'AlertTriangle' cannot be used as a JSX component.
[22:46:57.337]   Its type 'ComponentType<any>' is not a valid JSX element type.
[22:46:57.337]     Type 'FunctionComponent<any>' is not assignable to type 'ElementType'.
[22:46:57.337]       Type 'FunctionComponent<any>' is not assignable to type '(props: any, deprecatedLegacyContext?: any) => ReactNode'.
[22:46:57.337]         Type 'ReactElement<any, string | JSXElementConstructor<any>> | null' is not assignable to type 'ReactNode'.
[22:46:57.337]           Type 'ReactElement<any, string | JSXElementConstructor<any>>' is not assignable to type 'ReactNode'.
[22:46:57.337] src/app/crisis/page.tsx(81,22): error TS2786: 'Phone' cannot be used as a JSX component.
[22:46:57.337]   Its type 'ComponentType<any>' is not a valid JSX element type.
[22:46:57.337]     Type 'FunctionComponent<any>' is not assignable to type 'ElementType'.
[22:46:57.337]       Type 'FunctionComponent<any>' is not assignable to type '(props: any, deprecatedLegacyContext?: any) => ReactNode'.
[22:46:57.338]         Type 'ReactElement<any, string | JSXElementConstructor<any>> | null' is not assignable to type 'ReactNode'.
[22:46:57.338]           Type 'ReactElement<any, string | JSXElementConstructor<any>>' is not assignable to type 'ReactNode'.
[22:46:57.338] src/app/crisis/page.tsx(82,22): error TS2786: 'ExternalLink' cannot be used as a JSX component.
[22:46:57.338]   Its type 'ComponentType<any>' is not a valid JSX element type.
[22:46:57.338]     Type 'FunctionComponent<any>' is not assignable to type 'ElementType'.
[22:46:57.338]       Type 'FunctionComponent<any>' is not assignable to type '(props: any, deprecatedLegacyContext?: any) => ReactNode'.
[22:46:57.338]         Type 'ReactElement<any, string | JSXElementConstructor<any>> | null' is not assignable to type 'ReactNode'.
[22:46:57.338]           Type 'ReactElement<any, string | JSXElementConstructor<any>>' is not assignable to type 'ReactNode'.
[22:46:57.338] src/app/crisis/page.tsx(100,16): error TS2786: 'Shield' cannot be used as a JSX component.
[22:46:57.338]   Its type 'ComponentType<any>' is not a valid JSX element type.
[22:46:57.338]     Type 'FunctionComponent<any>' is not assignable to type 'ElementType'.
[22:46:57.338]       Type 'FunctionComponent<any>' is not assignable to type '(props: any, deprecatedLegacyContext?: any) => ReactNode'.
[22:46:57.338]         Type 'ReactElement<any, string | JSXElementConstructor<any>> | null' is not assignable to type 'ReactNode'.
[22:46:57.338]           Type 'ReactElement<any, string | JSXElementConstructor<any>>' is not assignable to type 'ReactNode'.
[22:46:57.338] src/app/crisis/page.tsx(109,18): error TS2786: 'Link' cannot be used as a JSX component.
[22:46:57.338]   Its type 'ComponentType<any>' is not a valid JSX element type.
[22:46:57.338]     Type 'FunctionComponent<any>' is not assignable to type 'ElementType'.
[22:46:57.338]       Type 'FunctionComponent<any>' is not assignable to type '(props: any, deprecatedLegacyContext?: any) => ReactNode'.
[22:46:57.339]         Type 'ReactElement<any, string | JSXElementConstructor<any>> | null' is not assignable to type 'ReactNode'.
[22:46:57.339]           Type 'ReactElement<any, string | JSXElementConstructor<any>>' is not assignable to type 'ReactNode'.
[22:46:57.339] src/app/crisis/page.tsx(113,20): error TS2786: 'MessageCircle' cannot be used as a JSX component.
[22:46:57.339]   Its type 'ComponentType<any>' is not a valid JSX element type.
[22:46:57.339]     Type 'FunctionComponent<any>' is not assignable to type 'ElementType'.
[22:46:57.339]       Type 'FunctionComponent<any>' is not assignable to type '(props: any, deprecatedLegacyContext?: any) => ReactNode'.
[22:46:57.339]         Type 'ReactElement<any, string | JSXElementConstructor<any>> | null' is not assignable to type 'ReactNode'.
[22:46:57.339]           Type 'ReactElement<any, string | JSXElementConstructor<any>>' is not assignable to type 'ReactNode'.
[22:46:57.339] src/app/crisis/page.tsx(115,20): error TS2786: 'ArrowRight' cannot be used as a JSX component.
[22:46:57.339]   Its type 'ComponentType<any>' is not a valid JSX element type.
[22:46:57.339]     Type 'FunctionComponent<any>' is not assignable to type 'ElementType'.
[22:46:57.339]       Type 'FunctionComponent<any>' is not assignable to type '(props: any, deprecatedLegacyContext?: any) => ReactNode'.
[22:46:57.339]         Type 'ReactElement<any, string | JSXElementConstructor<any>> | null' is not assignable to type 'ReactNode'.
[22:46:57.339]           Type 'ReactElement<any, string | JSXElementConstructor<any>>' is not assignable to type 'ReactNode'.
[22:46:57.339] src/app/crisis/page.tsx(118,18): error TS2786: 'Link' cannot be used as a JSX component.
[22:46:57.339]   Its type 'ComponentType<any>' is not a valid JSX element type.
[22:46:57.339]     Type 'FunctionComponent<any>' is not assignable to type 'ElementType'.
[22:46:57.339]       Type 'FunctionComponent<any>' is not assignable to type '(props: any, deprecatedLegacyContext?: any) => ReactNode'.
[22:46:57.339]         Type 'ReactElement<any, string | JSXElementConstructor<any>> | null' is not assignable to type 'ReactNode'.
[22:46:57.339]           Type 'ReactElement<any, string | JSXElementConstructor<any>>' is not assignable to type 'ReactNode'.
[22:46:57.339] src/app/crisis/page.tsx(122,20): error TS2786: 'Users' cannot be used as a JSX component.
[22:46:57.339]   Its type 'ComponentType<any>' is not a valid JSX element type.
[22:46:57.339]     Type 'FunctionComponent<any>' is not assignable to type 'ElementType'.
[22:46:57.339]       Type 'FunctionComponent<any>' is not assignable to type '(props: any, deprecatedLegacyContext?: any) => ReactNode'.
[22:46:57.339]         Type 'ReactElement<any, string | JSXElementConstructor<any>> | null' is not assignable to type 'ReactNode'.
[22:46:57.339]           Type 'ReactElement<any, string | JSXElementConstructor<any>>' is not assignable to type 'ReactNode'.
[22:46:57.340] src/app/crisis/page.tsx(142,20): error TS2786: 'AlertTriangle' cannot be used as a JSX component.
[22:46:57.340]   Its type 'ComponentType<any>' is not a valid JSX element type.
[22:46:57.340]     Type 'FunctionComponent<any>' is not assignable to type 'ElementType'.
[22:46:57.340]       Type 'FunctionComponent<any>' is not assignable to type '(props: any, deprecatedLegacyContext?: any) => ReactNode'.
[22:46:57.340]         Type 'ReactElement<any, string | JSXElementConstructor<any>> | null' is not assignable to type 'ReactNode'.
[22:46:57.340]           Type 'ReactElement<any, string | JSXElementConstructor<any>>' is not assignable to type 'ReactNode'.
[22:46:57.340] src/app/crisis/page.tsx(146,20): error TS2786: 'AlertTriangle' cannot be used as a JSX component.
[22:46:57.340]   Its type 'ComponentType<any>' is not a valid JSX element type.
[22:46:57.340]     Type 'FunctionComponent<any>' is not assignable to type 'ElementType'.
[22:46:57.340]       Type 'FunctionComponent<any>' is not assignable to type '(props: any, deprecatedLegacyContext?: any) => ReactNode'.
[22:46:57.340]         Type 'ReactElement<any, string | JSXElementConstructor<any>> | null' is not assignable to type 'ReactNode'.
[22:46:57.340]           Type 'ReactElement<any, string | JSXElementConstructor<any>>' is not assignable to type 'ReactNode'.
[22:46:57.340] src/app/crisis/page.tsx(150,20): error TS2786: 'AlertTriangle' cannot be used as a JSX component.
[22:46:57.340]   Its type 'ComponentType<any>' is not a valid JSX element type.
[22:46:57.340]     Type 'FunctionComponent<any>' is not assignable to type 'ElementType'.
[22:46:57.340]       Type 'FunctionComponent<any>' is not assignable to type '(props: any, deprecatedLegacyContext?: any) => ReactNode'.
[22:46:57.340]         Type 'ReactElement<any, string | JSXElementConstructor<any>> | null' is not assignable to type 'ReactNode'.
[22:46:57.340]           Type 'ReactElement<any, string | JSXElementConstructor<any>>' is not assignable to type 'ReactNode'.
[22:46:57.340] src/app/crisis/page.tsx(154,20): error TS2786: 'AlertTriangle' cannot be used as a JSX component.
[22:46:57.340]   Its type 'ComponentType<any>' is not a valid JSX element type.
[22:46:57.340]     Type 'FunctionComponent<any>' is not assignable to type 'ElementType'.
[22:46:57.340]       Type 'FunctionComponent<any>' is not assignable to type '(props: any, deprecatedLegacyContext?: any) => ReactNode'.
[22:46:57.340]         Type 'ReactElement<any, string | JSXElementConstructor<any>> | null' is not assignable to type 'ReactNode'.
[22:46:57.340]           Type 'ReactElement<any, string | JSXElementConstructor<any>>' is not assignable to type 'ReactNode'.
[22:46:57.340] src/app/crisis/page.tsx(160,20): error TS2786: 'AlertTriangle' cannot be used as a JSX component.
[22:46:57.340]   Its type 'ComponentType<any>' is not a valid JSX element type.
[22:46:57.340]     Type 'FunctionComponent<any>' is not assignable to type 'ElementType'.
[22:46:57.341]       Type 'FunctionComponent<any>' is not assignable to type '(props: any, deprecatedLegacyContext?: any) => ReactNode'.
[22:46:57.341]         Type 'ReactElement<any, string | JSXElementConstructor<any>> | null' is not assignable to type 'ReactNode'.
[22:46:57.341]           Type 'ReactElement<any, string | JSXElementConstructor<any>>' is not assignable to type 'ReactNode'.
[22:46:57.341] src/app/crisis/page.tsx(164,20): error TS2786: 'AlertTriangle' cannot be used as a JSX component.
[22:46:57.341]   Its type 'ComponentType<any>' is not a valid JSX element type.
[22:46:57.341]     Type 'FunctionComponent<any>' is not assignable to type 'ElementType'.
[22:46:57.341]       Type 'FunctionComponent<any>' is not assignable to type '(props: any, deprecatedLegacyContext?: any) => ReactNode'.
[22:46:57.341]         Type 'ReactElement<any, string | JSXElementConstructor<any>> | null' is not assignable to type 'ReactNode'.
[22:46:57.341]           Type 'ReactElement<any, string | JSXElementConstructor<any>>' is not assignable to type 'ReactNode'.
[22:46:57.341] src/app/crisis/page.tsx(168,20): error TS2786: 'AlertTriangle' cannot be used as a JSX component.
[22:46:57.341]   Its type 'ComponentType<any>' is not a valid JSX element type.
[22:46:57.341]     Type 'FunctionComponent<any>' is not assignable to type 'ElementType'.
[22:46:57.341]       Type 'FunctionComponent<any>' is not assignable to type '(props: any, deprecatedLegacyContext?: any) => ReactNode'.
[22:46:57.341]         Type 'ReactElement<any, string | JSXElementConstructor<any>> | null' is not assignable to type 'ReactNode'.
[22:46:57.341]           Type 'ReactElement<any, string | JSXElementConstructor<any>>' is not assignable to type 'ReactNode'.
[22:46:57.341] src/app/crisis/page.tsx(172,20): error TS2786: 'AlertTriangle' cannot be used as a JSX component.
[22:46:57.341]   Its type 'ComponentType<any>' is not a valid JSX element type.
[22:46:57.341]     Type 'FunctionComponent<any>' is not assignable to type 'ElementType'.
[22:46:57.341]       Type 'FunctionComponent<any>' is not assignable to type '(props: any, deprecatedLegacyContext?: any) => ReactNode'.
[22:46:57.341]         Type 'ReactElement<any, string | JSXElementConstructor<any>> | null' is not assignable to type 'ReactNode'.
[22:46:57.341]           Type 'ReactElement<any, string | JSXElementConstructor<any>>' is not assignable to type 'ReactNode'.
[22:46:57.341] src/app/crisis/page.tsx(181,14): error TS2786: 'Link' cannot be used as a JSX component.
[22:46:57.341]   Its type 'ComponentType<any>' is not a valid JSX element type.
[22:46:57.341]     Type 'FunctionComponent<any>' is not assignable to type 'ElementType'.
[22:46:57.341]       Type 'FunctionComponent<any>' is not assignable to type '(props: any, deprecatedLegacyContext?: any) => ReactNode'.
[22:46:57.342]         Type 'ReactElement<any, string | JSXElementConstructor<any>> | null' is not assignable to type 'ReactNode'.
[22:46:57.342]           Type 'ReactElement<any, string | JSXElementConstructor<any>>' is not assignable to type 'ReactNode'.
[22:46:57.342] src/app/crisis/safety-plan/page.tsx(71,14): error TS2786: 'Link' cannot be used as a JSX component.
[22:46:57.342]   Its type 'ComponentType<any>' is not a valid JSX element type.
[22:46:57.342]     Type 'FunctionComponent<any>' is not assignable to type 'ElementType'.
[22:46:57.342]       Type 'FunctionComponent<any>' is not assignable to type '(props: any, deprecatedLegacyContext?: any) => ReactNode'.
[22:46:57.342]         Type 'ReactElement<any, string | JSXElementConstructor<any>> | null' is not assignable to type 'ReactNode'.
[22:46:57.342]           Type 'ReactElement<any, string | JSXElementConstructor<any>>' is not assignable to type 'ReactNode'.
[22:46:57.342] src/app/crisis/safety-plan/page.tsx(72,16): error TS2786: 'ArrowLeft' cannot be used as a JSX component.
[22:46:57.342]   Its type 'ComponentType<any>' is not a valid JSX element type.
[22:46:57.342]     Type 'FunctionComponent<any>' is not assignable to type 'ElementType'.
[22:46:57.342]       Type 'FunctionComponent<any>' is not assignable to type '(props: any, deprecatedLegacyContext?: any) => ReactNode'.
[22:46:57.342]         Type 'ReactElement<any, string | JSXElementConstructor<any>> | null' is not assignable to type 'ReactNode'.
[22:46:57.342]           Type 'ReactElement<any, string | JSXElementConstructor<any>>' is not assignable to type 'ReactNode'.
[22:46:57.343] src/app/crisis/safety-plan/page.tsx(76,18): error TS2786: 'Shield' cannot be used as a JSX component.
[22:46:57.343]   Its type 'ComponentType<any>' is not a valid JSX element type.
[22:46:57.343]     Type 'FunctionComponent<any>' is not assignable to type 'ElementType'.
[22:46:57.343]       Type 'FunctionComponent<any>' is not assignable to type '(props: any, deprecatedLegacyContext?: any) => ReactNode'.
[22:46:57.343]         Type 'ReactElement<any, string | JSXElementConstructor<any>> | null' is not assignable to type 'ReactNode'.
[22:46:57.343]           Type 'ReactElement<any, string | JSXElementConstructor<any>>' is not assignable to type 'ReactNode'.
[22:46:57.343] src/app/crisis/safety-plan/page.tsx(93,16): error TS2786: 'AlertTriangle' cannot be used as a JSX component.
[22:46:57.343]   Its type 'ComponentType<any>' is not a valid JSX element type.
[22:46:57.343]     Type 'FunctionComponent<any>' is not assignable to type 'ElementType'.
[22:46:57.343]       Type 'FunctionComponent<any>' is not assignable to type '(props: any, deprecatedLegacyContext?: any) => ReactNode'.
[22:46:57.343]         Type 'ReactElement<any, string | JSXElementConstructor<any>> | null' is not assignable to type 'ReactNode'.
[22:46:57.343]           Type 'ReactElement<any, string | JSXElementConstructor<any>>' is not assignable to type 'ReactNode'.
[22:46:57.343] src/app/crisis/safety-plan/page.tsx(113,20): error TS2786: 'Trash' cannot be used as a JSX component.
[22:46:57.343]   Its type 'ComponentType<any>' is not a valid JSX element type.
[22:46:57.343]     Type 'FunctionComponent<any>' is not assignable to type 'ElementType'.
[22:46:57.343]       Type 'FunctionComponent<any>' is not assignable to type '(props: any, deprecatedLegacyContext?: any) => ReactNode'.
[22:46:57.343]         Type 'ReactElement<any, string | JSXElementConstructor<any>> | null' is not assignable to type 'ReactNode'.
[22:46:57.343]           Type 'ReactElement<any, string | JSXElementConstructor<any>>' is not assignable to type 'ReactNode'.
[22:46:57.343] src/app/crisis/safety-plan/page.tsx(121,16): error TS2786: 'Plus' cannot be used as a JSX component.
[22:46:57.343]   Its type 'ComponentType<any>' is not a valid JSX element type.
[22:46:57.343]     Type 'FunctionComponent<any>' is not assignable to type 'ElementType'.
[22:46:57.343]       Type 'FunctionComponent<any>' is not assignable to type '(props: any, deprecatedLegacyContext?: any) => ReactNode'.
[22:46:57.343]         Type 'ReactElement<any, string | JSXElementConstructor<any>> | null' is not assignable to type 'ReactNode'.
[22:46:57.343]           Type 'ReactElement<any, string | JSXElementConstructor<any>>' is not assignable to type 'ReactNode'.
[22:46:57.344] src/app/crisis/safety-plan/page.tsx(134,16): error TS2786: 'Heart' cannot be used as a JSX component.
[22:46:57.344]   Its type 'ComponentType<any>' is not a valid JSX element type.
[22:46:57.344]     Type 'FunctionComponent<any>' is not assignable to type 'ElementType'.
[22:46:57.344]       Type 'FunctionComponent<any>' is not assignable to type '(props: any, deprecatedLegacyContext?: any) => ReactNode'.
[22:46:57.344]         Type 'ReactElement<any, string | JSXElementConstructor<any>> | null' is not assignable to type 'ReactNode'.
[22:46:57.344]           Type 'ReactElement<any, string | JSXElementConstructor<any>>' is not assignable to type 'ReactNode'.
[22:46:57.344] src/app/crisis/safety-plan/page.tsx(154,20): error TS2786: 'Trash' cannot be used as a JSX component.
[22:46:57.344]   Its type 'ComponentType<any>' is not a valid JSX element type.
[22:46:57.344]     Type 'FunctionComponent<any>' is not assignable to type 'ElementType'.
[22:46:57.344]       Type 'FunctionComponent<any>' is not assignable to type '(props: any, deprecatedLegacyContext?: any) => ReactNode'.
[22:46:57.344]         Type 'ReactElement<any, string | JSXElementConstructor<any>> | null' is not assignable to type 'ReactNode'.
[22:46:57.344]           Type 'ReactElement<any, string | JSXElementConstructor<any>>' is not assignable to type 'ReactNode'.
[22:46:57.344] src/app/crisis/safety-plan/page.tsx(162,16): error TS2786: 'Plus' cannot be used as a JSX component.
[22:46:57.344]   Its type 'ComponentType<any>' is not a valid JSX element type.
[22:46:57.344]     Type 'FunctionComponent<any>' is not assignable to type 'ElementType'.
[22:46:57.344]       Type 'FunctionComponent<any>' is not assignable to type '(props: any, deprecatedLegacyContext?: any) => ReactNode'.
[22:46:57.344]         Type 'ReactElement<any, string | JSXElementConstructor<any>> | null' is not assignable to type 'ReactNode'.
[22:46:57.344]           Type 'ReactElement<any, string | JSXElementConstructor<any>>' is not assignable to type 'ReactNode'.
[22:46:57.344] src/app/crisis/safety-plan/page.tsx(175,16): error TS2786: 'User' cannot be used as a JSX component.
[22:46:57.344]   Its type 'ComponentType<any>' is not a valid JSX element type.
[22:46:57.344]     Type 'FunctionComponent<any>' is not assignable to type 'ElementType'.
[22:46:57.344]       Type 'FunctionComponent<any>' is not assignable to type '(props: any, deprecatedLegacyContext?: any) => ReactNode'.
[22:46:57.344]         Type 'ReactElement<any, string | JSXElementConstructor<any>> | null' is not assignable to type 'ReactNode'.
[22:46:57.344]           Type 'ReactElement<any, string | JSXElementConstructor<any>>' is not assignable to type 'ReactNode'.
[22:46:57.344] src/app/crisis/safety-plan/page.tsx(210,22): error TS2786: 'Trash' cannot be used as a JSX component.
[22:46:57.344]   Its type 'ComponentType<any>' is not a valid JSX element type.
[22:46:57.345]     Type 'FunctionComponent<any>' is not assignable to type 'ElementType'.
[22:46:57.345]       Type 'FunctionComponent<any>' is not assignable to type '(props: any, deprecatedLegacyContext?: any) => ReactNode'.
[22:46:57.345]         Type 'ReactElement<any, string | JSXElementConstructor<any>> | null' is not assignable to type 'ReactNode'.
[22:46:57.345]           Type 'ReactElement<any, string | JSXElementConstructor<any>>' is not assignable to type 'ReactNode'.
[22:46:57.345] src/app/crisis/safety-plan/page.tsx(219,16): error TS2786: 'Plus' cannot be used as a JSX component.
[22:46:57.345]   Its type 'ComponentType<any>' is not a valid JSX element type.
[22:46:57.345]     Type 'FunctionComponent<any>' is not assignable to type 'ElementType'.
[22:46:57.345]       Type 'FunctionComponent<any>' is not assignable to type '(props: any, deprecatedLegacyContext?: any) => ReactNode'.
[22:46:57.345]         Type 'ReactElement<any, string | JSXElementConstructor<any>> | null' is not assignable to type 'ReactNode'.
[22:46:57.345]           Type 'ReactElement<any, string | JSXElementConstructor<any>>' is not assignable to type 'ReactNode'.
[22:46:57.346] src/app/crisis/safety-plan/page.tsx(232,16): error TS2786: 'Phone' cannot be used as a JSX component.
[22:46:57.346]   Its type 'ComponentType<any>' is not a valid JSX element type.
[22:46:57.346]     Type 'FunctionComponent<any>' is not assignable to type 'ElementType'.
[22:46:57.346]       Type 'FunctionComponent<any>' is not assignable to type '(props: any, deprecatedLegacyContext?: any) => ReactNode'.
[22:46:57.346]         Type 'ReactElement<any, string | JSXElementConstructor<any>> | null' is not assignable to type 'ReactNode'.
[22:46:57.346]           Type 'ReactElement<any, string | JSXElementConstructor<any>>' is not assignable to type 'ReactNode'.
[22:46:57.346] src/app/crisis/safety-plan/page.tsx(267,22): error TS2786: 'Trash' cannot be used as a JSX component.
[22:46:57.346]   Its type 'ComponentType<any>' is not a valid JSX element type.
[22:46:57.346]     Type 'FunctionComponent<any>' is not assignable to type 'ElementType'.
[22:46:57.346]       Type 'FunctionComponent<any>' is not assignable to type '(props: any, deprecatedLegacyContext?: any) => ReactNode'.
[22:46:57.346]         Type 'ReactElement<any, string | JSXElementConstructor<any>> | null' is not assignable to type 'ReactNode'.
[22:46:57.346]           Type 'ReactElement<any, string | JSXElementConstructor<any>>' is not assignable to type 'ReactNode'.
[22:46:57.346] src/app/crisis/safety-plan/page.tsx(276,16): error TS2786: 'Plus' cannot be used as a JSX component.
[22:46:57.346]   Its type 'ComponentType<any>' is not a valid JSX element type.
[22:46:57.346]     Type 'FunctionComponent<any>' is not assignable to type 'ElementType'.
[22:46:57.346]       Type 'FunctionComponent<any>' is not assignable to type '(props: any, deprecatedLegacyContext?: any) => ReactNode'.
[22:46:57.346]         Type 'ReactElement<any, string | JSXElementConstructor<any>> | null' is not assignable to type 'ReactNode'.
[22:46:57.346]           Type 'ReactElement<any, string | JSXElementConstructor<any>>' is not assignable to type 'ReactNode'.
[22:46:57.346] src/app/crisis/safety-plan/page.tsx(292,16): error TS2786: 'Save' cannot be used as a JSX component.
[22:46:57.346]   Its type 'ComponentType<any>' is not a valid JSX element type.
[22:46:57.346]     Type 'FunctionComponent<any>' is not assignable to type 'ElementType'.
[22:46:57.346]       Type 'FunctionComponent<any>' is not assignable to type '(props: any, deprecatedLegacyContext?: any) => ReactNode'.
[22:46:57.346]         Type 'ReactElement<any, string | JSXElementConstructor<any>> | null' is not assignable to type 'ReactNode'.
[22:46:57.347]           Type 'ReactElement<any, string | JSXElementConstructor<any>>' is not assignable to type 'ReactNode'.
[22:46:57.347] src/app/dashboard/analytics/page.tsx(202,16): error TS2786: 'Link' cannot be used as a JSX component.
[22:46:57.347]   Its type 'ComponentType<any>' is not a valid JSX element type.
[22:46:57.347]     Type 'FunctionComponent<any>' is not assignable to type 'ElementType'.
[22:46:57.347]       Type 'FunctionComponent<any>' is not assignable to type '(props: any, deprecatedLegacyContext?: any) => ReactNode'.
[22:46:57.347]         Type 'ReactElement<any, string | JSXElementConstructor<any>> | null' is not assignable to type 'ReactNode'.
[22:46:57.347]           Type 'ReactElement<any, string | JSXElementConstructor<any>>' is not assignable to type 'ReactNode'.
[22:46:57.347] src/app/dashboard/analytics/page.tsx(203,18): error TS2786: 'ArrowLeft' cannot be used as a JSX component.
[22:46:57.347]   Its type 'ComponentType<any>' is not a valid JSX element type.
[22:46:57.347]     Type 'FunctionComponent<any>' is not assignable to type 'ElementType'.
[22:46:57.347]       Type 'FunctionComponent<any>' is not assignable to type '(props: any, deprecatedLegacyContext?: any) => ReactNode'.
[22:46:57.347]         Type 'ReactElement<any, string | JSXElementConstructor<any>> | null' is not assignable to type 'ReactNode'.
[22:46:57.347]           Type 'ReactElement<any, string | JSXElementConstructor<any>>' is not assignable to type 'ReactNode'.
[22:46:57.347] src/app/dashboard/analytics/page.tsx(207,20): error TS2786: 'BarChart3' cannot be used as a JSX component.
[22:46:57.347]   Its type 'ComponentType<any>' is not a valid JSX element type.
[22:46:57.347]     Type 'FunctionComponent<any>' is not assignable to type 'ElementType'.
[22:46:57.347]       Type 'FunctionComponent<any>' is not assignable to type '(props: any, deprecatedLegacyContext?: any) => ReactNode'.
[22:46:57.347]         Type 'ReactElement<any, string | JSXElementConstructor<any>> | null' is not assignable to type 'ReactNode'.
[22:46:57.347]           Type 'ReactElement<any, string | JSXElementConstructor<any>>' is not assignable to type 'ReactNode'.
[22:46:57.347] src/app/dashboard/analytics/page.tsx(228,18): error TS2786: 'ChevronDown' cannot be used as a JSX component.
[22:46:57.347]   Its type 'ComponentType<any>' is not a valid JSX element type.
[22:46:57.347]     Type 'FunctionComponent<any>' is not assignable to type 'ElementType'.
[22:46:57.347]       Type 'FunctionComponent<any>' is not assignable to type '(props: any, deprecatedLegacyContext?: any) => ReactNode'.
[22:46:57.347]         Type 'ReactElement<any, string | JSXElementConstructor<any>> | null' is not assignable to type 'ReactNode'.
[22:46:57.347]           Type 'ReactElement<any, string | JSXElementConstructor<any>>' is not assignable to type 'ReactNode'.
[22:46:57.348] src/app/dashboard/analytics/page.tsx(232,18): error TS2786: 'Download' cannot be used as a JSX component.
[22:46:57.348]   Its type 'ComponentType<any>' is not a valid JSX element type.
[22:46:57.348]     Type 'FunctionComponent<any>' is not assignable to type 'ElementType'.
[22:46:57.348]       Type 'FunctionComponent<any>' is not assignable to type '(props: any, deprecatedLegacyContext?: any) => ReactNode'.
[22:46:57.348]         Type 'ReactElement<any, string | JSXElementConstructor<any>> | null' is not assignable to type 'ReactNode'.
[22:46:57.348]           Type 'ReactElement<any, string | JSXElementConstructor<any>>' is not assignable to type 'ReactNode'.
[22:46:57.348] src/app/dashboard/analytics/page.tsx(248,20): error TS2786: 'metric.icon' cannot be used as a JSX component.
[22:46:57.348]   Its type 'ComponentType<any>' is not a valid JSX element type.
[22:46:57.348]     Type 'FunctionComponent<any>' is not assignable to type 'ElementType'.
[22:46:57.348]       Type 'FunctionComponent<any>' is not assignable to type '(props: any, deprecatedLegacyContext?: any) => ReactNode'.
[22:46:57.348]         Type 'ReactElement<any, string | JSXElementConstructor<any>> | null' is not assignable to type 'ReactNode'.
[22:46:57.348]           Type 'ReactElement<any, string | JSXElementConstructor<any>>' is not assignable to type 'ReactNode'.
[22:46:57.348] src/app/dashboard/analytics/page.tsx(278,18): error TS2786: 'Line' cannot be used as a JSX component.
[22:46:57.348]   Its type 'ComponentType<any>' is not a valid JSX element type.
[22:46:57.348]     Type 'FunctionComponent<any>' is not assignable to type 'ElementType'.
[22:46:57.348]       Type 'FunctionComponent<any>' is not assignable to type '(props: any, deprecatedLegacyContext?: any) => ReactNode'.
[22:46:57.348]         Type 'ReactElement<any, string | JSXElementConstructor<any>> | null' is not assignable to type 'ReactNode'.
[22:46:57.348]           Type 'ReactElement<any, string | JSXElementConstructor<any>>' is not assignable to type 'ReactNode'.
[22:46:57.348] src/app/dashboard/analytics/page.tsx(291,18): error TS2786: 'Doughnut' cannot be used as a JSX component.
[22:46:57.348]   Its type 'ComponentType<any>' is not a valid JSX element type.
[22:46:57.348]     Type 'FunctionComponent<any>' is not assignable to type 'ElementType'.
[22:46:57.348]       Type 'FunctionComponent<any>' is not assignable to type '(props: any, deprecatedLegacyContext?: any) => ReactNode'.
[22:46:57.348]         Type 'ReactElement<any, string | JSXElementConstructor<any>> | null' is not assignable to type 'ReactNode'.
[22:46:57.348]           Type 'ReactElement<any, string | JSXElementConstructor<any>>' is not assignable to type 'ReactNode'.
[22:46:57.348] src/app/dashboard/analytics/page.tsx(305,16): error TS2786: 'Bar' cannot be used as a JSX component.
[22:46:57.348]   Its type 'ComponentType<any>' is not a valid JSX element type.
[22:46:57.349]     Type 'FunctionComponent<any>' is not assignable to type 'ElementType'.
[22:46:57.349]       Type 'FunctionComponent<any>' is not assignable to type '(props: any, deprecatedLegacyContext?: any) => ReactNode'.
[22:46:57.349]         Type 'ReactElement<any, string | JSXElementConstructor<any>> | null' is not assignable to type 'ReactNode'.
[22:46:57.349]           Type 'ReactElement<any, string | JSXElementConstructor<any>>' is not assignable to type 'ReactNode'.
[22:46:57.349] src/app/dashboard/analytics/page.tsx(321,22): error TS2786: 'insight.icon' cannot be used as a JSX component.
[22:46:57.349]   Its type 'ComponentType<any>' is not a valid JSX element type.
[22:46:57.349]     Type 'FunctionComponent<any>' is not assignable to type 'ElementType'.
[22:46:57.349]       Type 'FunctionComponent<any>' is not assignable to type '(props: any, deprecatedLegacyContext?: any) => ReactNode'.
[22:46:57.349]         Type 'ReactElement<any, string | JSXElementConstructor<any>> | null' is not assignable to type 'ReactNode'.
[22:46:57.349]           Type 'ReactElement<any, string | JSXElementConstructor<any>>' is not assignable to type 'ReactNode'.
[22:46:57.349] src/app/dashboard/analytics/page.tsx(370,16): error TS2786: 'HelpCircle' cannot be used as a JSX component.
[22:46:57.349]   Its type 'ComponentType<any>' is not a valid JSX element type.
[22:46:57.349]     Type 'FunctionComponent<any>' is not assignable to type 'ElementType'.
[22:46:57.349]       Type 'FunctionComponent<any>' is not assignable to type '(props: any, deprecatedLegacyContext?: any) => ReactNode'.
[22:46:57.349]         Type 'ReactElement<any, string | JSXElementConstructor<any>> | null' is not assignable to type 'ReactNode'.
[22:46:57.349]           Type 'ReactElement<any, string | JSXElementConstructor<any>>' is not assignable to type 'ReactNode'.
[22:46:57.349] src/app/dashboard/analytics/page.tsx(377,20): error TS2786: 'Lightbulb' cannot be used as a JSX component.
[22:46:57.349]   Its type 'ComponentType<any>' is not a valid JSX element type.
[22:46:57.349]     Type 'FunctionComponent<any>' is not assignable to type 'ElementType'.
[22:46:57.349]       Type 'FunctionComponent<any>' is not assignable to type '(props: any, deprecatedLegacyContext?: any) => ReactNode'.
[22:46:57.349]         Type 'ReactElement<any, string | JSXElementConstructor<any>> | null' is not assignable to type 'ReactNode'.
[22:46:57.349]           Type 'ReactElement<any, string | JSXElementConstructor<any>>' is not assignable to type 'ReactNode'.
[22:46:57.349] src/app/dashboard/analytics/page.tsx(382,22): error TS2786: 'CheckCircle' cannot be used as a JSX component.
[22:46:57.349]   Its type 'ComponentType<any>' is not a valid JSX element type.
[22:46:57.349]     Type 'FunctionComponent<any>' is not assignable to type 'ElementType'.
[22:46:57.349]       Type 'FunctionComponent<any>' is not assignable to type '(props: any, deprecatedLegacyContext?: any) => ReactNode'.
[22:46:57.349]         Type 'ReactElement<any, string | JSXElementConstructor<any>> | null' is not assignable to type 'ReactNode'.
[22:46:57.350]           Type 'ReactElement<any, string | JSXElementConstructor<any>>' is not assignable to type 'ReactNode'.
[22:46:57.350] src/app/dashboard/analytics/page.tsx(389,22): error TS2786: 'CheckCircle' cannot be used as a JSX component.
[22:46:57.350]   Its type 'ComponentType<any>' is not a valid JSX element type.
[22:46:57.350]     Type 'FunctionComponent<any>' is not assignable to type 'ElementType'.
[22:46:57.350]       Type 'FunctionComponent<any>' is not assignable to type '(props: any, deprecatedLegacyContext?: any) => ReactNode'.
[22:46:57.350]         Type 'ReactElement<any, string | JSXElementConstructor<any>> | null' is not assignable to type 'ReactNode'.
[22:46:57.350]           Type 'ReactElement<any, string | JSXElementConstructor<any>>' is not assignable to type 'ReactNode'.
[22:46:57.350] src/app/dashboard/analytics/page.tsx(396,22): error TS2786: 'CheckCircle' cannot be used as a JSX component.
[22:46:57.350]   Its type 'ComponentType<any>' is not a valid JSX element type.
[22:46:57.350]     Type 'FunctionComponent<any>' is not assignable to type 'ElementType'.
[22:46:57.350]       Type 'FunctionComponent<any>' is not assignable to type '(props: any, deprecatedLegacyContext?: any) => ReactNode'.
[22:46:57.350]         Type 'ReactElement<any, string | JSXElementConstructor<any>> | null' is not assignable to type 'ReactNode'.
[22:46:57.350]           Type 'ReactElement<any, string | JSXElementConstructor<any>>' is not assignable to type 'ReactNode'.
[22:46:57.350] src/app/dashboard/analytics/page.tsx(407,20): error TS2786: 'Info' cannot be used as a JSX component.
[22:46:57.350]   Its type 'ComponentType<any>' is not a valid JSX element type.
[22:46:57.350]     Type 'FunctionComponent<any>' is not assignable to type 'ElementType'.
[22:46:57.350]       Type 'FunctionComponent<any>' is not assignable to type '(props: any, deprecatedLegacyContext?: any) => ReactNode'.
[22:46:57.350]         Type 'ReactElement<any, string | JSXElementConstructor<any>> | null' is not assignable to type 'ReactNode'.
[22:46:57.350]           Type 'ReactElement<any, string | JSXElementConstructor<any>>' is not assignable to type 'ReactNode'.
[22:46:57.350] src/app/dashboard/analytics/page.tsx(436,18): error TS2786: 'Target' cannot be used as a JSX component.
[22:46:57.350]   Its type 'ComponentType<any>' is not a valid JSX element type.
[22:46:57.350]     Type 'FunctionComponent<any>' is not assignable to type 'ElementType'.
[22:46:57.350]       Type 'FunctionComponent<any>' is not assignable to type '(props: any, deprecatedLegacyContext?: any) => ReactNode'.
[22:46:57.350]         Type 'ReactElement<any, string | JSXElementConstructor<any>> | null' is not assignable to type 'ReactNode'.
[22:46:57.350]           Type 'ReactElement<any, string | JSXElementConstructor<any>>' is not assignable to type 'ReactNode'.
[22:46:57.350] src/app/dashboard/analytics/page.tsx(463,18): error TS2786: 'Link' cannot be used as a JSX component.
[22:46:57.350]   Its type 'ComponentType<any>' is not a valid JSX element type.
[22:46:57.350]     Type 'FunctionComponent<any>' is not assignable to type 'ElementType'.
[22:46:57.351]       Type 'FunctionComponent<any>' is not assignable to type '(props: any, deprecatedLegacyContext?: any) => ReactNode'.
[22:46:57.351]         Type 'ReactElement<any, string | JSXElementConstructor<any>> | null' is not assignable to type 'ReactNode'.
[22:46:57.351]           Type 'ReactElement<any, string | JSXElementConstructor<any>>' is not assignable to type 'ReactNode'.
[22:46:57.351] src/app/dashboard/analytics/page.tsx(467,20): error TS2786: 'Target' cannot be used as a JSX component.
[22:46:57.351]   Its type 'ComponentType<any>' is not a valid JSX element type.
[22:46:57.351]     Type 'FunctionComponent<any>' is not assignable to type 'ElementType'.
[22:46:57.351]       Type 'FunctionComponent<any>' is not assignable to type '(props: any, deprecatedLegacyContext?: any) => ReactNode'.
[22:46:57.351]         Type 'ReactElement<any, string | JSXElementConstructor<any>> | null' is not assignable to type 'ReactNode'.
[22:46:57.351]           Type 'ReactElement<any, string | JSXElementConstructor<any>>' is not assignable to type 'ReactNode'.
[22:46:57.351] src/app/dashboard/analytics/page.tsx(470,18): error TS2786: 'Link' cannot be used as a JSX component.
[22:46:57.351]   Its type 'ComponentType<any>' is not a valid JSX element type.
[22:46:57.351]     Type 'FunctionComponent<any>' is not assignable to type 'ElementType'.
[22:46:57.351]       Type 'FunctionComponent<any>' is not assignable to type '(props: any, deprecatedLegacyContext?: any) => ReactNode'.
[22:46:57.351]         Type 'ReactElement<any, string | JSXElementConstructor<any>> | null' is not assignable to type 'ReactNode'.
[22:46:57.351]           Type 'ReactElement<any, string | JSXElementConstructor<any>>' is not assignable to type 'ReactNode'.
[22:46:57.351] src/app/dashboard/analytics/page.tsx(474,20): error TS2786: 'Heart' cannot be used as a JSX component.
[22:46:57.351]   Its type 'ComponentType<any>' is not a valid JSX element type.
[22:46:57.351]     Type 'FunctionComponent<any>' is not assignable to type 'ElementType'.
[22:46:57.351]       Type 'FunctionComponent<any>' is not assignable to type '(props: any, deprecatedLegacyContext?: any) => ReactNode'.
[22:46:57.351]         Type 'ReactElement<any, string | JSXElementConstructor<any>> | null' is not assignable to type 'ReactNode'.
[22:46:57.351]           Type 'ReactElement<any, string | JSXElementConstructor<any>>' is not assignable to type 'ReactNode'.
[22:46:57.351] src/app/dashboard/analytics/page.tsx(477,18): error TS2786: 'Link' cannot be used as a JSX component.
[22:46:57.351]   Its type 'ComponentType<any>' is not a valid JSX element type.
[22:46:57.351]     Type 'FunctionComponent<any>' is not assignable to type 'ElementType'.
[22:46:57.351]       Type 'FunctionComponent<any>' is not assignable to type '(props: any, deprecatedLegacyContext?: any) => ReactNode'.
[22:46:57.351]         Type 'ReactElement<any, string | JSXElementConstructor<any>> | null' is not assignable to type 'ReactNode'.
[22:46:57.351]           Type 'ReactElement<any, string | JSXElementConstructor<any>>' is not assignable to type 'ReactNode'.
[22:46:57.351] src/app/dashboard/analytics/page.tsx(481,20): error TS2786: 'Brain' cannot be used as a JSX component.
[22:46:57.352]   Its type 'ComponentType<any>' is not a valid JSX element type.
[22:46:57.352]     Type 'FunctionComponent<any>' is not assignable to type 'ElementType'.
[22:46:57.352]       Type 'FunctionComponent<any>' is not assignable to type '(props: any, deprecatedLegacyContext?: any) => ReactNode'.
[22:46:57.352]         Type 'ReactElement<any, string | JSXElementConstructor<any>> | null' is not assignable to type 'ReactNode'.
[22:46:57.352]           Type 'ReactElement<any, string | JSXElementConstructor<any>>' is not assignable to type 'ReactNode'.
[22:46:57.352] src/app/dashboard/analytics/page.tsx(484,18): error TS2786: 'Link' cannot be used as a JSX component.
[22:46:57.352]   Its type 'ComponentType<any>' is not a valid JSX element type.
[22:46:57.352]     Type 'FunctionComponent<any>' is not assignable to type 'ElementType'.
[22:46:57.352]       Type 'FunctionComponent<any>' is not assignable to type '(props: any, deprecatedLegacyContext?: any) => ReactNode'.
[22:46:57.352]         Type 'ReactElement<any, string | JSXElementConstructor<any>> | null' is not assignable to type 'ReactNode'.
[22:46:57.352]           Type 'ReactElement<any, string | JSXElementConstructor<any>>' is not assignable to type 'ReactNode'.
[22:46:57.352] src/app/dashboard/analytics/page.tsx(488,20): error TS2786: 'Users' cannot be used as a JSX component.
[22:46:57.352]   Its type 'ComponentType<any>' is not a valid JSX element type.
[22:46:57.353]     Type 'FunctionComponent<any>' is not assignable to type 'ElementType'.
[22:46:57.353]       Type 'FunctionComponent<any>' is not assignable to type '(props: any, deprecatedLegacyContext?: any) => ReactNode'.
[22:46:57.353]         Type 'ReactElement<any, string | JSXElementConstructor<any>> | null' is not assignable to type 'ReactNode'.
[22:46:57.353]           Type 'ReactElement<any, string | JSXElementConstructor<any>>' is not assignable to type 'ReactNode'.
[22:46:57.353] src/app/dashboard/analytics/page.tsx(497,14): error TS2786: 'Link' cannot be used as a JSX component.
[22:46:57.353]   Its type 'ComponentType<any>' is not a valid JSX element type.
[22:46:57.353]     Type 'FunctionComponent<any>' is not assignable to type 'ElementType'.
[22:46:57.353]       Type 'FunctionComponent<any>' is not assignable to type '(props: any, deprecatedLegacyContext?: any) => ReactNode'.
[22:46:57.353]         Type 'ReactElement<any, string | JSXElementConstructor<any>> | null' is not assignable to type 'ReactNode'.
[22:46:57.353]           Type 'ReactElement<any, string | JSXElementConstructor<any>>' is not assignable to type 'ReactNode'.
[22:46:57.353] src/app/dashboard/goals/page.tsx(188,16): error TS2786: 'Link' cannot be used as a JSX component.
[22:46:57.353]   Its type 'ComponentType<any>' is not a valid JSX element type.
[22:46:57.353]     Type 'FunctionComponent<any>' is not assignable to type 'ElementType'.
[22:46:57.353]       Type 'FunctionComponent<any>' is not assignable to type '(props: any, deprecatedLegacyContext?: any) => ReactNode'.
[22:46:57.353]         Type 'ReactElement<any, string | JSXElementConstructor<any>> | null' is not assignable to type 'ReactNode'.
[22:46:57.353]           Type 'ReactElement<any, string | JSXElementConstructor<any>>' is not assignable to type 'ReactNode'.
[22:46:57.353] src/app/dashboard/goals/page.tsx(189,18): error TS2786: 'ArrowLeft' cannot be used as a JSX component.
[22:46:57.353]   Its type 'ComponentType<any>' is not a valid JSX element type.
[22:46:57.353]     Type 'FunctionComponent<any>' is not assignable to type 'ElementType'.
[22:46:57.353]       Type 'FunctionComponent<any>' is not assignable to type '(props: any, deprecatedLegacyContext?: any) => ReactNode'.
[22:46:57.353]         Type 'ReactElement<any, string | JSXElementConstructor<any>> | null' is not assignable to type 'ReactNode'.
[22:46:57.353]           Type 'ReactElement<any, string | JSXElementConstructor<any>>' is not assignable to type 'ReactNode'.
[22:46:57.353] src/app/dashboard/goals/page.tsx(193,20): error TS2786: 'Target' cannot be used as a JSX component.
[22:46:57.353]   Its type 'ComponentType<any>' is not a valid JSX element type.
[22:46:57.353]     Type 'FunctionComponent<any>' is not assignable to type 'ElementType'.
[22:46:57.353]       Type 'FunctionComponent<any>' is not assignable to type '(props: any, deprecatedLegacyContext?: any) => ReactNode'.
[22:46:57.353]         Type 'ReactElement<any, string | JSXElementConstructor<any>> | null' is not assignable to type 'ReactNode'.
[22:46:57.354]           Type 'ReactElement<any, string | JSXElementConstructor<any>>' is not assignable to type 'ReactNode'.
[22:46:57.354] src/app/dashboard/goals/page.tsx(206,16): error TS2786: 'Plus' cannot be used as a JSX component.
[22:46:57.354]   Its type 'ComponentType<any>' is not a valid JSX element type.
[22:46:57.354]     Type 'FunctionComponent<any>' is not assignable to type 'ElementType'.
[22:46:57.354]       Type 'FunctionComponent<any>' is not assignable to type '(props: any, deprecatedLegacyContext?: any) => ReactNode'.
[22:46:57.354]         Type 'ReactElement<any, string | JSXElementConstructor<any>> | null' is not assignable to type 'ReactNode'.
[22:46:57.354]           Type 'ReactElement<any, string | JSXElementConstructor<any>>' is not assignable to type 'ReactNode'.
[22:46:57.354] src/app/dashboard/goals/page.tsx(220,18): error TS2786: 'Target' cannot be used as a JSX component.
[22:46:57.354]   Its type 'ComponentType<any>' is not a valid JSX element type.
[22:46:57.354]     Type 'FunctionComponent<any>' is not assignable to type 'ElementType'.
[22:46:57.354]       Type 'FunctionComponent<any>' is not assignable to type '(props: any, deprecatedLegacyContext?: any) => ReactNode'.
[22:46:57.354]         Type 'ReactElement<any, string | JSXElementConstructor<any>> | null' is not assignable to type 'ReactNode'.
[22:46:57.354]           Type 'ReactElement<any, string | JSXElementConstructor<any>>' is not assignable to type 'ReactNode'.
[22:46:57.354] src/app/dashboard/goals/page.tsx(229,18): error TS2786: 'TrendingUp' cannot be used as a JSX component.
[22:46:57.354]   Its type 'ComponentType<any>' is not a valid JSX element type.
[22:46:57.354]     Type 'FunctionComponent<any>' is not assignable to type 'ElementType'.
[22:46:57.354]       Type 'FunctionComponent<any>' is not assignable to type '(props: any, deprecatedLegacyContext?: any) => ReactNode'.
[22:46:57.354]         Type 'ReactElement<any, string | JSXElementConstructor<any>> | null' is not assignable to type 'ReactNode'.
[22:46:57.354]           Type 'ReactElement<any, string | JSXElementConstructor<any>>' is not assignable to type 'ReactNode'.
[22:46:57.354] src/app/dashboard/goals/page.tsx(238,18): error TS2786: 'Star' cannot be used as a JSX component.
[22:46:57.354]   Its type 'ComponentType<any>' is not a valid JSX element type.
[22:46:57.354]     Type 'FunctionComponent<any>' is not assignable to type 'ElementType'.
[22:46:57.354]       Type 'FunctionComponent<any>' is not assignable to type '(props: any, deprecatedLegacyContext?: any) => ReactNode'.
[22:46:57.354]         Type 'ReactElement<any, string | JSXElementConstructor<any>> | null' is not assignable to type 'ReactNode'.
[22:46:57.354]           Type 'ReactElement<any, string | JSXElementConstructor<any>>' is not assignable to type 'ReactNode'.
[22:46:57.354] src/app/dashboard/goals/page.tsx(247,18): error TS2786: 'Flag' cannot be used as a JSX component.
[22:46:57.354]   Its type 'ComponentType<any>' is not a valid JSX element type.
[22:46:57.354]     Type 'FunctionComponent<any>' is not assignable to type 'ElementType'.
[22:46:57.354]       Type 'FunctionComponent<any>' is not assignable to type '(props: any, deprecatedLegacyContext?: any) => ReactNode'.
[22:46:57.354]         Type 'ReactElement<any, string | JSXElementConstructor<any>> | null' is not assignable to type 'ReactNode'.
[22:46:57.354]           Type 'ReactElement<any, string | JSXElementConstructor<any>>' is not assignable to type 'ReactNode'.
[22:46:57.354] src/app/dashboard/goals/page.tsx(356,20): error TS2786: 'Check' cannot be used as a JSX component.
[22:46:57.354]   Its type 'ComponentType<any>' is not a valid JSX element type.
[22:46:57.355]     Type 'FunctionComponent<any>' is not assignable to type 'ElementType'.
[22:46:57.355]       Type 'FunctionComponent<any>' is not assignable to type '(props: any, deprecatedLegacyContext?: any) => ReactNode'.
[22:46:57.355]         Type 'ReactElement<any, string | JSXElementConstructor<any>> | null' is not assignable to type 'ReactNode'.
[22:46:57.355]           Type 'ReactElement<any, string | JSXElementConstructor<any>>' is not assignable to type 'ReactNode'.
[22:46:57.355] src/app/dashboard/goals/page.tsx(407,26): error TS2786: 'Plus' cannot be used as a JSX component.
[22:46:57.355]   Its type 'ComponentType<any>' is not a valid JSX element type.
[22:46:57.355]     Type 'FunctionComponent<any>' is not assignable to type 'ElementType'.
[22:46:57.355]       Type 'FunctionComponent<any>' is not assignable to type '(props: any, deprecatedLegacyContext?: any) => ReactNode'.
[22:46:57.355]         Type 'ReactElement<any, string | JSXElementConstructor<any>> | null' is not assignable to type 'ReactNode'.
[22:46:57.355]           Type 'ReactElement<any, string | JSXElementConstructor<any>>' is not assignable to type 'ReactNode'.
[22:46:57.355] src/app/dashboard/goals/page.tsx(414,26): error TS2786: 'Trash' cannot be used as a JSX component.
[22:46:57.355]   Its type 'ComponentType<any>' is not a valid JSX element type.
[22:46:57.355]     Type 'FunctionComponent<any>' is not assignable to type 'ElementType'.
[22:46:57.355]       Type 'FunctionComponent<any>' is not assignable to type '(props: any, deprecatedLegacyContext?: any) => ReactNode'.
[22:46:57.355]         Type 'ReactElement<any, string | JSXElementConstructor<any>> | null' is not assignable to type 'ReactNode'.
[22:46:57.355]           Type 'ReactElement<any, string | JSXElementConstructor<any>>' is not assignable to type 'ReactNode'.
[22:46:57.355] src/app/dashboard/goals/page.tsx(439,24): error TS2786: 'Calendar' cannot be used as a JSX component.
[22:46:57.355]   Its type 'ComponentType<any>' is not a valid JSX element type.
[22:46:57.355]     Type 'FunctionComponent<any>' is not assignable to type 'ElementType'.
[22:46:57.355]       Type 'FunctionComponent<any>' is not assignable to type '(props: any, deprecatedLegacyContext?: any) => ReactNode'.
[22:46:57.355]         Type 'ReactElement<any, string | JSXElementConstructor<any>> | null' is not assignable to type 'ReactNode'.
[22:46:57.355]           Type 'ReactElement<any, string | JSXElementConstructor<any>>' is not assignable to type 'ReactNode'.
[22:46:57.355] src/app/dashboard/goals/page.tsx(443,24): error TS2786: 'Clock' cannot be used as a JSX component.
[22:46:57.355]   Its type 'ComponentType<any>' is not a valid JSX element type.
[22:46:57.355]     Type 'FunctionComponent<any>' is not assignable to type 'ElementType'.
[22:46:57.355]       Type 'FunctionComponent<any>' is not assignable to type '(props: any, deprecatedLegacyContext?: any) => ReactNode'.
[22:46:57.355]         Type 'ReactElement<any, string | JSXElementConstructor<any>> | null' is not assignable to type 'ReactNode'.
[22:46:57.355]           Type 'ReactElement<any, string | JSXElementConstructor<any>>' is not assignable to type 'ReactNode'.
[22:46:57.355] src/app/dashboard/goals/page.tsx(464,24): error TS2786: 'Check' cannot be used as a JSX component.
[22:46:57.355]   Its type 'ComponentType<any>' is not a valid JSX element type.
[22:46:57.355]     Type 'FunctionComponent<any>' is not assignable to type 'ElementType'.
[22:46:57.356]       Type 'FunctionComponent<any>' is not assignable to type '(props: any, deprecatedLegacyContext?: any) => ReactNode'.
[22:46:57.356]         Type 'ReactElement<any, string | JSXElementConstructor<any>> | null' is not assignable to type 'ReactNode'.
[22:46:57.356]           Type 'ReactElement<any, string | JSXElementConstructor<any>>' is not assignable to type 'ReactNode'.
[22:46:57.356] src/app/dashboard/goals/page.tsx(479,14): error TS2786: 'Link' cannot be used as a JSX component.
[22:46:57.356]   Its type 'ComponentType<any>' is not a valid JSX element type.
[22:46:57.356]     Type 'FunctionComponent<any>' is not assignable to type 'ElementType'.
[22:46:57.356]       Type 'FunctionComponent<any>' is not assignable to type '(props: any, deprecatedLegacyContext?: any) => ReactNode'.
[22:46:57.356]         Type 'ReactElement<any, string | JSXElementConstructor<any>> | null' is not assignable to type 'ReactNode'.
[22:46:57.356]           Type 'ReactElement<any, string | JSXElementConstructor<any>>' is not assignable to type 'ReactNode'.
[22:46:57.363] src/app/dashboard/page.tsx(111,18): error TS2786: 'Bell' cannot be used as a JSX component.
[22:46:57.364]   Its type 'ComponentType<any>' is not a valid JSX element type.
[22:46:57.364]     Type 'FunctionComponent<any>' is not assignable to type 'ElementType'.
[22:46:57.364]       Type 'FunctionComponent<any>' is not assignable to type '(props: any, deprecatedLegacyContext?: any) => ReactNode'.
[22:46:57.364]         Type 'ReactElement<any, string | JSXElementConstructor<any>> | null' is not assignable to type 'ReactNode'.
[22:46:57.364]           Type 'ReactElement<any, string | JSXElementConstructor<any>>' is not assignable to type 'ReactNode'.
[22:46:57.364] src/app/dashboard/page.tsx(115,18): error TS2786: 'Settings' cannot be used as a JSX component.
[22:46:57.364]   Its type 'ComponentType<any>' is not a valid JSX element type.
[22:46:57.364]     Type 'FunctionComponent<any>' is not assignable to type 'ElementType'.
[22:46:57.364]       Type 'FunctionComponent<any>' is not assignable to type '(props: any, deprecatedLegacyContext?: any) => ReactNode'.
[22:46:57.364]         Type 'ReactElement<any, string | JSXElementConstructor<any>> | null' is not assignable to type 'ReactNode'.
[22:46:57.364]           Type 'ReactElement<any, string | JSXElementConstructor<any>>' is not assignable to type 'ReactNode'.
[22:46:57.364] src/app/dashboard/page.tsx(143,18): error TS2786: 'stat.icon' cannot be used as a JSX component.
[22:46:57.364]   Its type 'ComponentType<any>' is not a valid JSX element type.
[22:46:57.364]     Type 'FunctionComponent<any>' is not assignable to type 'ElementType'.
[22:46:57.364]       Type 'FunctionComponent<any>' is not assignable to type '(props: any, deprecatedLegacyContext?: any) => ReactNode'.
[22:46:57.364]         Type 'ReactElement<any, string | JSXElementConstructor<any>> | null' is not assignable to type 'ReactNode'.
[22:46:57.364]           Type 'ReactElement<any, string | JSXElementConstructor<any>>' is not assignable to type 'ReactNode'.
[22:46:57.364] src/app/dashboard/page.tsx(167,22): error TS2786: 'Link' cannot be used as a JSX component.
[22:46:57.364]   Its type 'ComponentType<any>' is not a valid JSX element type.
[22:46:57.364]     Type 'FunctionComponent<any>' is not assignable to type 'ElementType'.
[22:46:57.364]       Type 'FunctionComponent<any>' is not assignable to type '(props: any, deprecatedLegacyContext?: any) => ReactNode'.
[22:46:57.364]         Type 'ReactElement<any, string | JSXElementConstructor<any>> | null' is not assignable to type 'ReactNode'.
[22:46:57.364]           Type 'ReactElement<any, string | JSXElementConstructor<any>>' is not assignable to type 'ReactNode'.
[22:46:57.364] src/app/dashboard/page.tsx(180,30): error TS2786: 'action.icon' cannot be used as a JSX component.
[22:46:57.364]   Its type 'ComponentType<any>' is not a valid JSX element type.
[22:46:57.364]     Type 'FunctionComponent<any>' is not assignable to type 'ElementType'.
[22:46:57.364]       Type 'FunctionComponent<any>' is not assignable to type '(props: any, deprecatedLegacyContext?: any) => ReactNode'.
[22:46:57.364]         Type 'ReactElement<any, string | JSXElementConstructor<any>> | null' is not assignable to type 'ReactNode'.
[22:46:57.364]           Type 'ReactElement<any, string | JSXElementConstructor<any>>' is not assignable to type 'ReactNode'.
[22:46:57.365] src/app/dashboard/page.tsx(191,28): error TS2786: 'ArrowRight' cannot be used as a JSX component.
[22:46:57.365]   Its type 'ComponentType<any>' is not a valid JSX element type.
[22:46:57.365]     Type 'FunctionComponent<any>' is not assignable to type 'ElementType'.
[22:46:57.365]       Type 'FunctionComponent<any>' is not assignable to type '(props: any, deprecatedLegacyContext?: any) => ReactNode'.
[22:46:57.365]         Type 'ReactElement<any, string | JSXElementConstructor<any>> | null' is not assignable to type 'ReactNode'.
[22:46:57.365]           Type 'ReactElement<any, string | JSXElementConstructor<any>>' is not assignable to type 'ReactNode'.
[22:46:57.365] src/app/dashboard/page.tsx(260,18): error TS2786: 'Link' cannot be used as a JSX component.
[22:46:57.365]   Its type 'ComponentType<any>' is not a valid JSX element type.
[22:46:57.365]     Type 'FunctionComponent<any>' is not assignable to type 'ElementType'.
[22:46:57.365]       Type 'FunctionComponent<any>' is not assignable to type '(props: any, deprecatedLegacyContext?: any) => ReactNode'.
[22:46:57.365]         Type 'ReactElement<any, string | JSXElementConstructor<any>> | null' is not assignable to type 'ReactNode'.
[22:46:57.365]           Type 'ReactElement<any, string | JSXElementConstructor<any>>' is not assignable to type 'ReactNode'.
[22:46:57.365] src/app/dashboard/page.tsx(277,37): error TS2786: 'CheckCircle' cannot be used as a JSX component.
[22:46:57.365]   Its type 'ComponentType<any>' is not a valid JSX element type.
[22:46:57.365]     Type 'FunctionComponent<any>' is not assignable to type 'ElementType'.
[22:46:57.365]       Type 'FunctionComponent<any>' is not assignable to type '(props: any, deprecatedLegacyContext?: any) => ReactNode'.
[22:46:57.365]         Type 'ReactElement<any, string | JSXElementConstructor<any>> | null' is not assignable to type 'ReactNode'.
[22:46:57.365]           Type 'ReactElement<any, string | JSXElementConstructor<any>>' is not assignable to type 'ReactNode'.
[22:46:57.365] src/app/dashboard/page.tsx(277,75): error TS2786: 'Plus' cannot be used as a JSX component.
[22:46:57.365]   Its type 'ComponentType<any>' is not a valid JSX element type.
[22:46:57.365]     Type 'FunctionComponent<any>' is not assignable to type 'ElementType'.
[22:46:57.365]       Type 'FunctionComponent<any>' is not assignable to type '(props: any, deprecatedLegacyContext?: any) => ReactNode'.
[22:46:57.365]         Type 'ReactElement<any, string | JSXElementConstructor<any>> | null' is not assignable to type 'ReactNode'.
[22:46:57.365]           Type 'ReactElement<any, string | JSXElementConstructor<any>>' is not assignable to type 'ReactNode'.
[22:46:57.365] src/app/dashboard/page.tsx(287,14): error TS2786: 'Link' cannot be used as a JSX component.
[22:46:57.365]   Its type 'ComponentType<any>' is not a valid JSX element type.
[22:46:57.365]     Type 'FunctionComponent<any>' is not assignable to type 'ElementType'.
[22:46:57.365]       Type 'FunctionComponent<any>' is not assignable to type '(props: any, deprecatedLegacyContext?: any) => ReactNode'.
[22:46:57.365]         Type 'ReactElement<any, string | JSXElementConstructor<any>> | null' is not assignable to type 'ReactNode'.
[22:46:57.365]           Type 'ReactElement<any, string | JSXElementConstructor<any>>' is not assignable to type 'ReactNode'.
[22:46:57.365] src/app/error.tsx(44,16): error TS2786: 'AlertTriangle' cannot be used as a JSX component.
[22:46:57.366]   Its type 'ComponentType<any>' is not a valid JSX element type.
[22:46:57.366]     Type 'FunctionComponent<any>' is not assignable to type 'ElementType'.
[22:46:57.366]       Type 'FunctionComponent<any>' is not assignable to type '(props: any, deprecatedLegacyContext?: any) => ReactNode'.
[22:46:57.366]         Type 'ReactElement<any, string | JSXElementConstructor<any>> | null' is not assignable to type 'ReactNode'.
[22:46:57.366]           Type 'ReactElement<any, string | JSXElementConstructor<any>>' is not assignable to type 'ReactNode'.
[22:46:57.366] src/app/error.tsx(74,18): error TS2786: 'RefreshCw' cannot be used as a JSX component.
[22:46:57.366]   Its type 'ComponentType<any>' is not a valid JSX element type.
[22:46:57.366]     Type 'FunctionComponent<any>' is not assignable to type 'ElementType'.
[22:46:57.366]       Type 'FunctionComponent<any>' is not assignable to type '(props: any, deprecatedLegacyContext?: any) => ReactNode'.
[22:46:57.366]         Type 'ReactElement<any, string | JSXElementConstructor<any>> | null' is not assignable to type 'ReactNode'.
[22:46:57.366]           Type 'ReactElement<any, string | JSXElementConstructor<any>>' is not assignable to type 'ReactNode'.
[22:46:57.366] src/app/error.tsx(82,18): error TS2786: 'RefreshCw' cannot be used as a JSX component.
[22:46:57.366]   Its type 'ComponentType<any>' is not a valid JSX element type.
[22:46:57.366]     Type 'FunctionComponent<any>' is not assignable to type 'ElementType'.
[22:46:57.366]       Type 'FunctionComponent<any>' is not assignable to type '(props: any, deprecatedLegacyContext?: any) => ReactNode'.
[22:46:57.366]         Type 'ReactElement<any, string | JSXElementConstructor<any>> | null' is not assignable to type 'ReactNode'.
[22:46:57.366]           Type 'ReactElement<any, string | JSXElementConstructor<any>>' is not assignable to type 'ReactNode'.
[22:46:57.366] src/app/error.tsx(91,20): error TS2786: 'ArrowLeft' cannot be used as a JSX component.
[22:46:57.366]   Its type 'ComponentType<any>' is not a valid JSX element type.
[22:46:57.366]     Type 'FunctionComponent<any>' is not assignable to type 'ElementType'.
[22:46:57.366]       Type 'FunctionComponent<any>' is not assignable to type '(props: any, deprecatedLegacyContext?: any) => ReactNode'.
[22:46:57.366]         Type 'ReactElement<any, string | JSXElementConstructor<any>> | null' is not assignable to type 'ReactNode'.
[22:46:57.367]           Type 'ReactElement<any, string | JSXElementConstructor<any>>' is not assignable to type 'ReactNode'.
[22:46:57.367] src/app/error.tsx(99,20): error TS2786: 'Home' cannot be used as a JSX component.
[22:46:57.367]   Its type 'ComponentType<any>' is not a valid JSX element type.
[22:46:57.367]     Type 'FunctionComponent<any>' is not assignable to type 'ElementType'.
[22:46:57.367]       Type 'FunctionComponent<any>' is not assignable to type '(props: any, deprecatedLegacyContext?: any) => ReactNode'.
[22:46:57.367]         Type 'ReactElement<any, string | JSXElementConstructor<any>> | null' is not assignable to type 'ReactNode'.
[22:46:57.367]           Type 'ReactElement<any, string | JSXElementConstructor<any>>' is not assignable to type 'ReactNode'.
[22:46:57.367] src/app/layout.tsx(55,10): error TS2786: 'ErrorBoundary' cannot be used as a JSX component.
[22:46:57.367]   Its type 'typeof ErrorBoundaryComponent' is not a valid JSX element type.
[22:46:57.367]     Types of construct signatures are incompatible.
[22:46:57.367]       Type 'new (props: Props) => ErrorBoundaryComponent' is not assignable to type 'new (props: any, deprecatedLegacyContext?: any) => Component<any, any, any>'.
[22:46:57.367]         Construct signature return types 'ErrorBoundaryComponent' and 'Component<any, any, any>' are incompatible.
[22:46:57.367]           The types returned by 'render()' are incompatible between these types.
[22:46:57.367]             Type 'import("/vercel/path0/src/types/global.d.ts").ReactNode' is not assignable to type 'import("/vercel/path0/node_modules/@types/react/index").ReactNode'.
[22:46:57.367] src/app/layout.tsx(57,13): error TS2322: Type 'import("/vercel/path0/src/types/global.d.ts").ReactNode' is not assignable to type 'import("/vercel/path0/node_modules/@types/react/index").ReactNode'.
[22:46:57.367] src/app/loading.tsx(13,14): error TS2786: 'Brain' cannot be used as a JSX component.
[22:46:57.367]   Its type 'ComponentType<any>' is not a valid JSX element type.
[22:46:57.367]     Type 'FunctionComponent<any>' is not assignable to type 'ElementType'.
[22:46:57.367]       Type 'FunctionComponent<any>' is not assignable to type '(props: any, deprecatedLegacyContext?: any) => ReactNode'.
[22:46:57.367]         Type 'ReactElement<any, string | JSXElementConstructor<any>> | null' is not assignable to type 'ReactNode'.
[22:46:57.367]           Type 'ReactElement<any, string | JSXElementConstructor<any>>' is not assignable to type 'ReactNode'.
[22:46:57.367] src/app/loading.tsx(14,14): error TS2786: 'Heart' cannot be used as a JSX component.
[22:46:57.367]   Its type 'ComponentType<any>' is not a valid JSX element type.
[22:46:57.367]     Type 'FunctionComponent<any>' is not assignable to type 'ElementType'.
[22:46:57.367]       Type 'FunctionComponent<any>' is not assignable to type '(props: any, deprecatedLegacyContext?: any) => ReactNode'.
[22:46:57.367]         Type 'ReactElement<any, string | JSXElementConstructor<any>> | null' is not assignable to type 'ReactNode'.
[22:46:57.367]           Type 'ReactElement<any, string | JSXElementConstructor<any>>' is not assignable to type 'ReactNode'.
[22:46:57.367] src/app/loading.tsx(26,12): error TS2786: 'Loader2' cannot be used as a JSX component.
[22:46:57.367]   Its type 'ComponentType<any>' is not a valid JSX element type.
[22:46:57.367]     Type 'FunctionComponent<any>' is not assignable to type 'ElementType'.
[22:46:57.368]       Type 'FunctionComponent<any>' is not assignable to type '(props: any, deprecatedLegacyContext?: any) => ReactNode'.
[22:46:57.368]         Type 'ReactElement<any, string | JSXElementConstructor<any>> | null' is not assignable to type 'ReactNode'.
[22:46:57.368]           Type 'ReactElement<any, string | JSXElementConstructor<any>>' is not assignable to type 'ReactNode'.
[22:46:57.368] src/app/login/page.tsx(141,16): error TS2786: 'Sparkles' cannot be used as a JSX component.
[22:46:57.368]   Its type 'ComponentType<any>' is not a valid JSX element type.
[22:46:57.368]     Type 'FunctionComponent<any>' is not assignable to type 'ElementType'.
[22:46:57.368]       Type 'FunctionComponent<any>' is not assignable to type '(props: any, deprecatedLegacyContext?: any) => ReactNode'.
[22:46:57.368]         Type 'ReactElement<any, string | JSXElementConstructor<any>> | null' is not assignable to type 'ReactNode'.
[22:46:57.368]           Type 'ReactElement<any, string | JSXElementConstructor<any>>' is not assignable to type 'ReactNode'.
[22:46:57.368] src/app/login/page.tsx(173,22): error TS2786: 'IconComponent' cannot be used as a JSX component.
[22:46:57.368]   Its type 'import("react").ElementType' is not a valid JSX element type.
[22:46:57.368]     Type 'FunctionComponent<any>' is not assignable to type 'ElementType'.
[22:46:57.368]       Type 'FunctionComponent<any>' is not assignable to type '(props: any, deprecatedLegacyContext?: any) => ReactNode'.
[22:46:57.368]         Type 'ReactElement<any, string | JSXElementConstructor<any>> | null' is not assignable to type 'ReactNode'.
[22:46:57.368]           Type 'ReactElement<any, string | JSXElementConstructor<any>>' is not assignable to type 'ReactNode'.
[22:46:57.368] src/app/login/page.tsx(186,26): error TS2786: 'UserCheck' cannot be used as a JSX component.
[22:46:57.368]   Its type 'ComponentType<any>' is not a valid JSX element type.
[22:46:57.368]     Type 'FunctionComponent<any>' is not assignable to type 'ElementType'.
[22:46:57.368]       Type 'FunctionComponent<any>' is not assignable to type '(props: any, deprecatedLegacyContext?: any) => ReactNode'.
[22:46:57.368]         Type 'ReactElement<any, string | JSXElementConstructor<any>> | null' is not assignable to type 'ReactNode'.
[22:46:57.368]           Type 'ReactElement<any, string | JSXElementConstructor<any>>' is not assignable to type 'ReactNode'.
[22:46:57.368] src/app/login/page.tsx(212,26): error TS2786: 'ArrowRight' cannot be used as a JSX component.
[22:46:57.368]   Its type 'ComponentType<any>' is not a valid JSX element type.
[22:46:57.368]     Type 'FunctionComponent<any>' is not assignable to type 'ElementType'.
[22:46:57.368]       Type 'FunctionComponent<any>' is not assignable to type '(props: any, deprecatedLegacyContext?: any) => ReactNode'.
[22:46:57.368]         Type 'ReactElement<any, string | JSXElementConstructor<any>> | null' is not assignable to type 'ReactNode'.
[22:46:57.368]           Type 'ReactElement<any, string | JSXElementConstructor<any>>' is not assignable to type 'ReactNode'.
[22:46:57.368] src/app/login/page.tsx(238,16): error TS2786: 'Users' cannot be used as a JSX component.
[22:46:57.368]   Its type 'ComponentType<any>' is not a valid JSX element type.
[22:46:57.369]     Type 'FunctionComponent<any>' is not assignable to type 'ElementType'.
[22:46:57.369]       Type 'FunctionComponent<any>' is not assignable to type '(props: any, deprecatedLegacyContext?: any) => ReactNode'.
[22:46:57.369]         Type 'ReactElement<any, string | JSXElementConstructor<any>> | null' is not assignable to type 'ReactNode'.
[22:46:57.369]           Type 'ReactElement<any, string | JSXElementConstructor<any>>' is not assignable to type 'ReactNode'.
[22:46:57.369] src/app/login/page.tsx(242,14): error TS2786: 'Link' cannot be used as a JSX component.
[22:46:57.369]   Its type 'ComponentType<any>' is not a valid JSX element type.
[22:46:57.369]     Type 'FunctionComponent<any>' is not assignable to type 'ElementType'.
[22:46:57.369]       Type 'FunctionComponent<any>' is not assignable to type '(props: any, deprecatedLegacyContext?: any) => ReactNode'.
[22:46:57.369]         Type 'ReactElement<any, string | JSXElementConstructor<any>> | null' is not assignable to type 'ReactNode'.
[22:46:57.369]           Type 'ReactElement<any, string | JSXElementConstructor<any>>' is not assignable to type 'ReactNode'.
[22:46:57.369] src/app/login/page.tsx(247,16): error TS2786: 'ArrowRight' cannot be used as a JSX component.
[22:46:57.369]   Its type 'ComponentType<any>' is not a valid JSX element type.
[22:46:57.369]     Type 'FunctionComponent<any>' is not assignable to type 'ElementType'.
[22:46:57.369]       Type 'FunctionComponent<any>' is not assignable to type '(props: any, deprecatedLegacyContext?: any) => ReactNode'.
[22:46:57.369]         Type 'ReactElement<any, string | JSXElementConstructor<any>> | null' is not assignable to type 'ReactNode'.
[22:46:57.369]           Type 'ReactElement<any, string | JSXElementConstructor<any>>' is not assignable to type 'ReactNode'.
[22:46:57.369] src/app/login/page.tsx(259,12): error TS2786: 'Link' cannot be used as a JSX component.
[22:46:57.369]   Its type 'ComponentType<any>' is not a valid JSX element type.
[22:46:57.369]     Type 'FunctionComponent<any>' is not assignable to type 'ElementType'.
[22:46:57.369]       Type 'FunctionComponent<any>' is not assignable to type '(props: any, deprecatedLegacyContext?: any) => ReactNode'.
[22:46:57.369]         Type 'ReactElement<any, string | JSXElementConstructor<any>> | null' is not assignable to type 'ReactNode'.
[22:46:57.369]           Type 'ReactElement<any, string | JSXElementConstructor<any>>' is not assignable to type 'ReactNode'.
[22:46:57.369] src/app/not-found.tsx(19,14): error TS2786: 'MapPin' cannot be used as a JSX component.
[22:46:57.369]   Its type 'ComponentType<any>' is not a valid JSX element type.
[22:46:57.369]     Type 'FunctionComponent<any>' is not assignable to type 'ElementType'.
[22:46:57.369]       Type 'FunctionComponent<any>' is not assignable to type '(props: any, deprecatedLegacyContext?: any) => ReactNode'.
[22:46:57.369]         Type 'ReactElement<any, string | JSXElementConstructor<any>> | null' is not assignable to type 'ReactNode'.
[22:46:57.369]           Type 'ReactElement<any, string | JSXElementConstructor<any>>' is not assignable to type 'ReactNode'.
[22:46:57.369] src/app/not-found.tsx(39,14): error TS2786: 'Link' cannot be used as a JSX component.
[22:46:57.369]   Its type 'ComponentType<any>' is not a valid JSX element type.
[22:46:57.369]     Type 'FunctionComponent<any>' is not assignable to type 'ElementType'.
[22:46:57.369]       Type 'FunctionComponent<any>' is not assignable to type '(props: any, deprecatedLegacyContext?: any) => ReactNode'.
[22:46:57.370]         Type 'ReactElement<any, string | JSXElementConstructor<any>> | null' is not assignable to type 'ReactNode'.
[22:46:57.370]           Type 'ReactElement<any, string | JSXElementConstructor<any>>' is not assignable to type 'ReactNode'.
[22:46:57.370] src/app/not-found.tsx(43,16): error TS2786: 'Home' cannot be used as a JSX component.
[22:46:57.370]   Its type 'ComponentType<any>' is not a valid JSX element type.
[22:46:57.370]     Type 'FunctionComponent<any>' is not assignable to type 'ElementType'.
[22:46:57.370]       Type 'FunctionComponent<any>' is not assignable to type '(props: any, deprecatedLegacyContext?: any) => ReactNode'.
[22:46:57.370]         Type 'ReactElement<any, string | JSXElementConstructor<any>> | null' is not assignable to type 'ReactNode'.
[22:46:57.370]           Type 'ReactElement<any, string | JSXElementConstructor<any>>' is not assignable to type 'ReactNode'.
[22:46:57.370] src/app/not-found.tsx(51,16): error TS2786: 'ArrowLeft' cannot be used as a JSX component.
[22:46:57.370]   Its type 'ComponentType<any>' is not a valid JSX element type.
[22:46:57.370]     Type 'FunctionComponent<any>' is not assignable to type 'ElementType'.
[22:46:57.370]       Type 'FunctionComponent<any>' is not assignable to type '(props: any, deprecatedLegacyContext?: any) => ReactNode'.
[22:46:57.370]         Type 'ReactElement<any, string | JSXElementConstructor<any>> | null' is not assignable to type 'ReactNode'.
[22:46:57.370]           Type 'ReactElement<any, string | JSXElementConstructor<any>>' is not assignable to type 'ReactNode'.
[22:46:57.370] src/app/not-found.tsx(63,14): error TS2786: 'Link' cannot be used as a JSX component.
[22:46:57.370]   Its type 'ComponentType<any>' is not a valid JSX element type.
[22:46:57.370]     Type 'FunctionComponent<any>' is not assignable to type 'ElementType'.
[22:46:57.370]       Type 'FunctionComponent<any>' is not assignable to type '(props: any, deprecatedLegacyContext?: any) => ReactNode'.
[22:46:57.370]         Type 'ReactElement<any, string | JSXElementConstructor<any>> | null' is not assignable to type 'ReactNode'.
[22:46:57.370]           Type 'ReactElement<any, string | JSXElementConstructor<any>>' is not assignable to type 'ReactNode'.
[22:46:57.370] src/app/not-found.tsx(70,14): error TS2786: 'Link' cannot be used as a JSX component.
[22:46:57.370]   Its type 'ComponentType<any>' is not a valid JSX element type.
[22:46:57.370]     Type 'FunctionComponent<any>' is not assignable to type 'ElementType'.
[22:46:57.370]       Type 'FunctionComponent<any>' is not assignable to type '(props: any, deprecatedLegacyContext?: any) => ReactNode'.
[22:46:57.370]         Type 'ReactElement<any, string | JSXElementConstructor<any>> | null' is not assignable to type 'ReactNode'.
[22:46:57.370]           Type 'ReactElement<any, string | JSXElementConstructor<any>>' is not assignable to type 'ReactNode'.
[22:46:57.370] src/app/not-found.tsx(77,14): error TS2786: 'Link' cannot be used as a JSX component.
[22:46:57.370]   Its type 'ComponentType<any>' is not a valid JSX element type.
[22:46:57.370]     Type 'FunctionComponent<any>' is not assignable to type 'ElementType'.
[22:46:57.370]       Type 'FunctionComponent<any>' is not assignable to type '(props: any, deprecatedLegacyContext?: any) => ReactNode'.
[22:46:57.371]         Type 'ReactElement<any, string | JSXElementConstructor<any>> | null' is not assignable to type 'ReactNode'.
[22:46:57.371]           Type 'ReactElement<any, string | JSXElementConstructor<any>>' is not assignable to type 'ReactNode'.
[22:46:57.371] src/app/not-found.tsx(84,14): error TS2786: 'Link' cannot be used as a JSX component.
[22:46:57.371]   Its type 'ComponentType<any>' is not a valid JSX element type.
[22:46:57.371]     Type 'FunctionComponent<any>' is not assignable to type 'ElementType'.
[22:46:57.371]       Type 'FunctionComponent<any>' is not assignable to type '(props: any, deprecatedLegacyContext?: any) => ReactNode'.
[22:46:57.371]         Type 'ReactElement<any, string | JSXElementConstructor<any>> | null' is not assignable to type 'ReactNode'.
[22:46:57.371]           Type 'ReactElement<any, string | JSXElementConstructor<any>>' is not assignable to type 'ReactNode'.
[22:46:57.371] src/app/not-found.tsx(97,14): error TS2786: 'Search' cannot be used as a JSX component.
[22:46:57.371]   Its type 'ComponentType<any>' is not a valid JSX element type.
[22:46:57.371]     Type 'FunctionComponent<any>' is not assignable to type 'ElementType'.
[22:46:57.371]       Type 'FunctionComponent<any>' is not assignable to type '(props: any, deprecatedLegacyContext?: any) => ReactNode'.
[22:46:57.371]         Type 'ReactElement<any, string | JSXElementConstructor<any>> | null' is not assignable to type 'ReactNode'.
[22:46:57.371]           Type 'ReactElement<any, string | JSXElementConstructor<any>>' is not assignable to type 'ReactNode'.
[22:46:57.371] src/app/not-found.tsx(100,16): error TS2786: 'Link' cannot be used as a JSX component.
[22:46:57.371]   Its type 'ComponentType<any>' is not a valid JSX element type.
[22:46:57.371]     Type 'FunctionComponent<any>' is not assignable to type 'ElementType'.
[22:46:57.371]       Type 'FunctionComponent<any>' is not assignable to type '(props: any, deprecatedLegacyContext?: any) => ReactNode'.
[22:46:57.371]         Type 'ReactElement<any, string | JSXElementConstructor<any>> | null' is not assignable to type 'ReactNode'.
[22:46:57.371]           Type 'ReactElement<any, string | JSXElementConstructor<any>>' is not assignable to type 'ReactNode'.
[22:46:57.371] src/app/not-found.tsx(111,14): error TS2786: 'Link' cannot be used as a JSX component.
[22:46:57.371]   Its type 'ComponentType<any>' is not a valid JSX element type.
[22:46:57.371]     Type 'FunctionComponent<any>' is not assignable to type 'ElementType'.
[22:46:57.371]       Type 'FunctionComponent<any>' is not assignable to type '(props: any, deprecatedLegacyContext?: any) => ReactNode'.
[22:46:57.371]         Type 'ReactElement<any, string | JSXElementConstructor<any>> | null' is not assignable to type 'ReactNode'.
[22:46:57.371]           Type 'ReactElement<any, string | JSXElementConstructor<any>>' is not assignable to type 'ReactNode'.
[22:46:57.371] src/app/page.tsx(43,16): error TS2786: 'Link' cannot be used as a JSX component.
[22:46:57.371]   Its type 'ComponentType<any>' is not a valid JSX element type.
[22:46:57.371]     Type 'FunctionComponent<any>' is not assignable to type 'ElementType'.
[22:46:57.371]       Type 'FunctionComponent<any>' is not assignable to type '(props: any, deprecatedLegacyContext?: any) => ReactNode'.
[22:46:57.371]         Type 'ReactElement<any, string | JSXElementConstructor<any>> | null' is not assignable to type 'ReactNode'.
[22:46:57.372]           Type 'ReactElement<any, string | JSXElementConstructor<any>>' is not assignable to type 'ReactNode'.
[22:46:57.372] src/app/page.tsx(48,18): error TS2786: 'Shield' cannot be used as a JSX component.
[22:46:57.372]   Its type 'ComponentType<any>' is not a valid JSX element type.
[22:46:57.372]     Type 'FunctionComponent<any>' is not assignable to type 'ElementType'.
[22:46:57.372]       Type 'FunctionComponent<any>' is not assignable to type '(props: any, deprecatedLegacyContext?: any) => ReactNode'.
[22:46:57.372]         Type 'ReactElement<any, string | JSXElementConstructor<any>> | null' is not assignable to type 'ReactNode'.
[22:46:57.372]           Type 'ReactElement<any, string | JSXElementConstructor<any>>' is not assignable to type 'ReactNode'.
[22:46:57.372] src/app/page.tsx(50,16): error TS2786: 'Link' cannot be used as a JSX component.
[22:46:57.372]   Its type 'ComponentType<any>' is not a valid JSX element type.
[22:46:57.372]     Type 'FunctionComponent<any>' is not assignable to type 'ElementType'.
[22:46:57.372]       Type 'FunctionComponent<any>' is not assignable to type '(props: any, deprecatedLegacyContext?: any) => ReactNode'.
[22:46:57.372]         Type 'ReactElement<any, string | JSXElementConstructor<any>> | null' is not assignable to type 'ReactNode'.
[22:46:57.372]           Type 'ReactElement<any, string | JSXElementConstructor<any>>' is not assignable to type 'ReactNode'.
[22:46:57.372] src/app/page.tsx(70,18): error TS2786: 'Heart' cannot be used as a JSX component.
[22:46:57.372]   Its type 'ComponentType<any>' is not a valid JSX element type.
[22:46:57.372]     Type 'FunctionComponent<any>' is not assignable to type 'ElementType'.
[22:46:57.372]       Type 'FunctionComponent<any>' is not assignable to type '(props: any, deprecatedLegacyContext?: any) => ReactNode'.
[22:46:57.372]         Type 'ReactElement<any, string | JSXElementConstructor<any>> | null' is not assignable to type 'ReactNode'.
[22:46:57.372]           Type 'ReactElement<any, string | JSXElementConstructor<any>>' is not assignable to type 'ReactNode'.
[22:46:57.372] src/app/page.tsx(78,20): error TS2786: 'Phone' cannot be used as a JSX component.
[22:46:57.372]   Its type 'ComponentType<any>' is not a valid JSX element type.
[22:46:57.372]     Type 'FunctionComponent<any>' is not assignable to type 'ElementType'.
[22:46:57.372]       Type 'FunctionComponent<any>' is not assignable to type '(props: any, deprecatedLegacyContext?: any) => ReactNode'.
[22:46:57.372]         Type 'ReactElement<any, string | JSXElementConstructor<any>> | null' is not assignable to type 'ReactNode'.
[22:46:57.372]           Type 'ReactElement<any, string | JSXElementConstructor<any>>' is not assignable to type 'ReactNode'.
[22:46:57.372] src/app/page.tsx(82,20): error TS2786: 'MessageCircle' cannot be used as a JSX component.
[22:46:57.372]   Its type 'ComponentType<any>' is not a valid JSX element type.
[22:46:57.373]     Type 'FunctionComponent<any>' is not assignable to type 'ElementType'.
[22:46:57.373]       Type 'FunctionComponent<any>' is not assignable to type '(props: any, deprecatedLegacyContext?: any) => ReactNode'.
[22:46:57.373]         Type 'ReactElement<any, string | JSXElementConstructor<any>> | null' is not assignable to type 'ReactNode'.
[22:46:57.373]           Type 'ReactElement<any, string | JSXElementConstructor<any>>' is not assignable to type 'ReactNode'.
[22:46:57.373] src/app/page.tsx(111,20): error TS2786: 'Brain' cannot be used as a JSX component.
[22:46:57.373]   Its type 'ComponentType<any>' is not a valid JSX element type.
[22:46:57.373]     Type 'FunctionComponent<any>' is not assignable to type 'ElementType'.
[22:46:57.373]       Type 'FunctionComponent<any>' is not assignable to type '(props: any, deprecatedLegacyContext?: any) => ReactNode'.
[22:46:57.373]         Type 'ReactElement<any, string | JSXElementConstructor<any>> | null' is not assignable to type 'ReactNode'.
[22:46:57.373]           Type 'ReactElement<any, string | JSXElementConstructor<any>>' is not assignable to type 'ReactNode'.
[22:46:57.373] src/app/page.tsx(127,20): error TS2786: 'Lock' cannot be used as a JSX component.
[22:46:57.373]   Its type 'ComponentType<any>' is not a valid JSX element type.
[22:46:57.373]     Type 'FunctionComponent<any>' is not assignable to type 'ElementType'.
[22:46:57.373]       Type 'FunctionComponent<any>' is not assignable to type '(props: any, deprecatedLegacyContext?: any) => ReactNode'.
[22:46:57.373]         Type 'ReactElement<any, string | JSXElementConstructor<any>> | null' is not assignable to type 'ReactNode'.
[22:46:57.373]           Type 'ReactElement<any, string | JSXElementConstructor<any>>' is not assignable to type 'ReactNode'.
[22:46:57.373] src/app/page.tsx(143,20): error TS2786: 'Users' cannot be used as a JSX component.
[22:46:57.373]   Its type 'ComponentType<any>' is not a valid JSX element type.
[22:46:57.373]     Type 'FunctionComponent<any>' is not assignable to type 'ElementType'.
[22:46:57.373]       Type 'FunctionComponent<any>' is not assignable to type '(props: any, deprecatedLegacyContext?: any) => ReactNode'.
[22:46:57.373]         Type 'ReactElement<any, string | JSXElementConstructor<any>> | null' is not assignable to type 'ReactNode'.
[22:46:57.373]           Type 'ReactElement<any, string | JSXElementConstructor<any>>' is not assignable to type 'ReactNode'.
[22:46:57.373] src/app/page.tsx(159,20): error TS2786: 'Sparkles' cannot be used as a JSX component.
[22:46:57.373]   Its type 'ComponentType<any>' is not a valid JSX element type.
[22:46:57.373]     Type 'FunctionComponent<any>' is not assignable to type 'ElementType'.
[22:46:57.373]       Type 'FunctionComponent<any>' is not assignable to type '(props: any, deprecatedLegacyContext?: any) => ReactNode'.
[22:46:57.373]         Type 'ReactElement<any, string | JSXElementConstructor<any>> | null' is not assignable to type 'ReactNode'.
[22:46:57.373]           Type 'ReactElement<any, string | JSXElementConstructor<any>>' is not assignable to type 'ReactNode'.
[22:46:57.373] src/app/page.tsx(175,20): error TS2786: 'Globe' cannot be used as a JSX component.
[22:46:57.373]   Its type 'ComponentType<any>' is not a valid JSX element type.
[22:46:57.373]     Type 'FunctionComponent<any>' is not assignable to type 'ElementType'.
[22:46:57.373]       Type 'FunctionComponent<any>' is not assignable to type '(props: any, deprecatedLegacyContext?: any) => ReactNode'.
[22:46:57.373]         Type 'ReactElement<any, string | JSXElementConstructor<any>> | null' is not assignable to type 'ReactNode'.
[22:46:57.374]           Type 'ReactElement<any, string | JSXElementConstructor<any>>' is not assignable to type 'ReactNode'.
[22:46:57.374] src/app/page.tsx(191,20): error TS2786: 'Heart' cannot be used as a JSX component.
[22:46:57.374]   Its type 'ComponentType<any>' is not a valid JSX element type.
[22:46:57.374]     Type 'FunctionComponent<any>' is not assignable to type 'ElementType'.
[22:46:57.374]       Type 'FunctionComponent<any>' is not assignable to type '(props: any, deprecatedLegacyContext?: any) => ReactNode'.
[22:46:57.374]         Type 'ReactElement<any, string | JSXElementConstructor<any>> | null' is not assignable to type 'ReactNode'.
[22:46:57.374]           Type 'ReactElement<any, string | JSXElementConstructor<any>>' is not assignable to type 'ReactNode'.
[22:46:57.374] src/app/page.tsx(236,14): error TS2786: 'Link' cannot be used as a JSX component.
[22:46:57.374]   Its type 'ComponentType<any>' is not a valid JSX element type.
[22:46:57.374]     Type 'FunctionComponent<any>' is not assignable to type 'ElementType'.
[22:46:57.374]       Type 'FunctionComponent<any>' is not assignable to type '(props: any, deprecatedLegacyContext?: any) => ReactNode'.
[22:46:57.374]         Type 'ReactElement<any, string | JSXElementConstructor<any>> | null' is not assignable to type 'ReactNode'.
[22:46:57.374]           Type 'ReactElement<any, string | JSXElementConstructor<any>>' is not assignable to type 'ReactNode'.
[22:46:57.374] src/app/page.tsx(241,16): error TS2786: 'ArrowRight' cannot be used as a JSX component.
[22:46:57.374]   Its type 'ComponentType<any>' is not a valid JSX element type.
[22:46:57.374]     Type 'FunctionComponent<any>' is not assignable to type 'ElementType'.
[22:46:57.374]       Type 'FunctionComponent<any>' is not assignable to type '(props: any, deprecatedLegacyContext?: any) => ReactNode'.
[22:46:57.374]         Type 'ReactElement<any, string | JSXElementConstructor<any>> | null' is not assignable to type 'ReactNode'.
[22:46:57.374]           Type 'ReactElement<any, string | JSXElementConstructor<any>>' is not assignable to type 'ReactNode'.
[22:46:57.374] src/app/page.tsx(243,14): error TS2786: 'Link' cannot be used as a JSX component.
[22:46:57.374]   Its type 'ComponentType<any>' is not a valid JSX element type.
[22:46:57.374]     Type 'FunctionComponent<any>' is not assignable to type 'ElementType'.
[22:46:57.374]       Type 'FunctionComponent<any>' is not assignable to type '(props: any, deprecatedLegacyContext?: any) => ReactNode'.
[22:46:57.374]         Type 'ReactElement<any, string | JSXElementConstructor<any>> | null' is not assignable to type 'ReactNode'.
[22:46:57.374]           Type 'ReactElement<any, string | JSXElementConstructor<any>>' is not assignable to type 'ReactNode'.
[22:46:57.374] src/app/resources/page.tsx(197,18): error TS2786: 'Book' cannot be used as a JSX component.
[22:46:57.374]   Its type 'ComponentType<any>' is not a valid JSX element type.
[22:46:57.374]     Type 'FunctionComponent<any>' is not assignable to type 'ElementType'.
[22:46:57.374]       Type 'FunctionComponent<any>' is not assignable to type '(props: any, deprecatedLegacyContext?: any) => ReactNode'.
[22:46:57.374]         Type 'ReactElement<any, string | JSXElementConstructor<any>> | null' is not assignable to type 'ReactNode'.
[22:46:57.374]           Type 'ReactElement<any, string | JSXElementConstructor<any>>' is not assignable to type 'ReactNode'.
[22:46:57.374] src/app/resources/page.tsx(245,26): error TS2786: 'Star' cannot be used as a JSX component.
[22:46:57.374]   Its type 'ComponentType<any>' is not a valid JSX element type.
[22:46:57.374]     Type 'FunctionComponent<any>' is not assignable to type 'ElementType'.
[22:46:57.375]       Type 'FunctionComponent<any>' is not assignable to type '(props: any, deprecatedLegacyContext?: any) => ReactNode'.
[22:46:57.375]         Type 'ReactElement<any, string | JSXElementConstructor<any>> | null' is not assignable to type 'ReactNode'.
[22:46:57.375]           Type 'ReactElement<any, string | JSXElementConstructor<any>>' is not assignable to type 'ReactNode'.
[22:46:57.375] src/app/resources/page.tsx(250,24): error TS2786: 'ChevronRight' cannot be used as a JSX component.
[22:46:57.375]   Its type 'ComponentType<any>' is not a valid JSX element type.
[22:46:57.375]     Type 'FunctionComponent<any>' is not assignable to type 'ElementType'.
[22:46:57.375]       Type 'FunctionComponent<any>' is not assignable to type '(props: any, deprecatedLegacyContext?: any) => ReactNode'.
[22:46:57.375]         Type 'ReactElement<any, string | JSXElementConstructor<any>> | null' is not assignable to type 'ReactNode'.
[22:46:57.375]           Type 'ReactElement<any, string | JSXElementConstructor<any>>' is not assignable to type 'ReactNode'.
[22:46:57.375] src/app/resources/page.tsx(267,18): error TS2786: 'Search' cannot be used as a JSX component.
[22:46:57.375]   Its type 'ComponentType<any>' is not a valid JSX element type.
[22:46:57.375]     Type 'FunctionComponent<any>' is not assignable to type 'ElementType'.
[22:46:57.375]       Type 'FunctionComponent<any>' is not assignable to type '(props: any, deprecatedLegacyContext?: any) => ReactNode'.
[22:46:57.375]         Type 'ReactElement<any, string | JSXElementConstructor<any>> | null' is not assignable to type 'ReactNode'.
[22:46:57.375]           Type 'ReactElement<any, string | JSXElementConstructor<any>>' is not assignable to type 'ReactNode'.
[22:46:57.375] src/app/resources/page.tsx(314,28): error TS2786: 'category.icon' cannot be used as a JSX component.
[22:46:57.375]   Its type 'ComponentType<any>' is not a valid JSX element type.
[22:46:57.375]     Type 'FunctionComponent<any>' is not assignable to type 'ElementType'.
[22:46:57.375]       Type 'FunctionComponent<any>' is not assignable to type '(props: any, deprecatedLegacyContext?: any) => ReactNode'.
[22:46:57.375]         Type 'ReactElement<any, string | JSXElementConstructor<any>> | null' is not assignable to type 'ReactNode'.
[22:46:57.375]           Type 'ReactElement<any, string | JSXElementConstructor<any>>' is not assignable to type 'ReactNode'.
[22:46:57.375] src/app/resources/page.tsx(360,30): error TS2786: 'TypeIcon' cannot be used as a JSX component.
[22:46:57.375]   Its type 'ComponentType<any>' is not a valid JSX element type.
[22:46:57.375]     Type 'FunctionComponent<any>' is not assignable to type 'ElementType'.
[22:46:57.375]       Type 'FunctionComponent<any>' is not assignable to type '(props: any, deprecatedLegacyContext?: any) => ReactNode'.
[22:46:57.375]         Type 'ReactElement<any, string | JSXElementConstructor<any>> | null' is not assignable to type 'ReactNode'.
[22:46:57.375]           Type 'ReactElement<any, string | JSXElementConstructor<any>>' is not assignable to type 'ReactNode'.
[22:46:57.375] src/app/resources/page.tsx(385,34): error TS2786: 'Star' cannot be used as a JSX component.
[22:46:57.375]   Its type 'ComponentType<any>' is not a valid JSX element type.
[22:46:57.375]     Type 'FunctionComponent<any>' is not assignable to type 'ElementType'.
[22:46:57.376]       Type 'FunctionComponent<any>' is not assignable to type '(props: any, deprecatedLegacyContext?: any) => ReactNode'.
[22:46:57.376]         Type 'ReactElement<any, string | JSXElementConstructor<any>> | null' is not assignable to type 'ReactNode'.
[22:46:57.376]           Type 'ReactElement<any, string | JSXElementConstructor<any>>' is not assignable to type 'ReactNode'.
[22:46:57.376] src/app/resources/page.tsx(407,30): error TS2786: 'Download' cannot be used as a JSX component.
[22:46:57.376]   Its type 'ComponentType<any>' is not a valid JSX element type.
[22:46:57.376]     Type 'FunctionComponent<any>' is not assignable to type 'ElementType'.
[22:46:57.376]       Type 'FunctionComponent<any>' is not assignable to type '(props: any, deprecatedLegacyContext?: any) => ReactNode'.
[22:46:57.376]         Type 'ReactElement<any, string | JSXElementConstructor<any>> | null' is not assignable to type 'ReactNode'.
[22:46:57.376]           Type 'ReactElement<any, string | JSXElementConstructor<any>>' is not assignable to type 'ReactNode'.
[22:46:57.376] src/app/resources/page.tsx(411,30): error TS2786: 'ExternalLink' cannot be used as a JSX component.
[22:46:57.376]   Its type 'ComponentType<any>' is not a valid JSX element type.
[22:46:57.376]     Type 'FunctionComponent<any>' is not assignable to type 'ElementType'.
[22:46:57.376]       Type 'FunctionComponent<any>' is not assignable to type '(props: any, deprecatedLegacyContext?: any) => ReactNode'.
[22:46:57.376]         Type 'ReactElement<any, string | JSXElementConstructor<any>> | null' is not assignable to type 'ReactNode'.
[22:46:57.376]           Type 'ReactElement<any, string | JSXElementConstructor<any>>' is not assignable to type 'ReactNode'.
[22:46:57.376] src/app/resources/page.tsx(422,22): error TS2786: 'Book' cannot be used as a JSX component.
[22:46:57.376]   Its type 'ComponentType<any>' is not a valid JSX element type.
[22:46:57.376]     Type 'FunctionComponent<any>' is not assignable to type 'ElementType'.
[22:46:57.376]       Type 'FunctionComponent<any>' is not assignable to type '(props: any, deprecatedLegacyContext?: any) => ReactNode'.
[22:46:57.376]         Type 'ReactElement<any, string | JSXElementConstructor<any>> | null' is not assignable to type 'ReactNode'.
[22:46:57.376]           Type 'ReactElement<any, string | JSXElementConstructor<any>>' is not assignable to type 'ReactNode'.
[22:46:57.376] src/app/resources/page.tsx(448,18): error TS2786: 'Phone' cannot be used as a JSX component.
[22:46:57.376]   Its type 'ComponentType<any>' is not a valid JSX element type.
[22:46:57.376]     Type 'FunctionComponent<any>' is not assignable to type 'ElementType'.
[22:46:57.376]       Type 'FunctionComponent<any>' is not assignable to type '(props: any, deprecatedLegacyContext?: any) => ReactNode'.
[22:46:57.376]         Type 'ReactElement<any, string | JSXElementConstructor<any>> | null' is not assignable to type 'ReactNode'.
[22:46:57.376]           Type 'ReactElement<any, string | JSXElementConstructor<any>>' is not assignable to type 'ReactNode'.
[22:46:57.377] src/app/resources/page.tsx(458,18): error TS2786: 'Users' cannot be used as a JSX component.
[22:46:57.377]   Its type 'ComponentType<any>' is not a valid JSX element type.
[22:46:57.377]     Type 'FunctionComponent<any>' is not assignable to type 'ElementType'.
[22:46:57.377]       Type 'FunctionComponent<any>' is not assignable to type '(props: any, deprecatedLegacyContext?: any) => ReactNode'.
[22:46:57.377]         Type 'ReactElement<any, string | JSXElementConstructor<any>> | null' is not assignable to type 'ReactNode'.
[22:46:57.377]           Type 'ReactElement<any, string | JSXElementConstructor<any>>' is not assignable to type 'ReactNode'.
[22:46:57.377] src/app/resources/page.tsx(463,18): error TS2786: 'Link' cannot be used as a JSX component.
[22:46:57.377]   Its type 'ComponentType<any>' is not a valid JSX element type.
[22:46:57.377]     Type 'FunctionComponent<any>' is not assignable to type 'ElementType'.
[22:46:57.377]       Type 'FunctionComponent<any>' is not assignable to type '(props: any, deprecatedLegacyContext?: any) => ReactNode'.
[22:46:57.377]         Type 'ReactElement<any, string | JSXElementConstructor<any>> | null' is not assignable to type 'ReactNode'.
[22:46:57.377]           Type 'ReactElement<any, string | JSXElementConstructor<any>>' is not assignable to type 'ReactNode'.
[22:46:57.377] src/app/resources/page.tsx(468,18): error TS2786: 'Brain' cannot be used as a JSX component.
[22:46:57.377]   Its type 'ComponentType<any>' is not a valid JSX element type.
[22:46:57.377]     Type 'FunctionComponent<any>' is not assignable to type 'ElementType'.
[22:46:57.377]       Type 'FunctionComponent<any>' is not assignable to type '(props: any, deprecatedLegacyContext?: any) => ReactNode'.
[22:46:57.377]         Type 'ReactElement<any, string | JSXElementConstructor<any>> | null' is not assignable to type 'ReactNode'.
[22:46:57.377]           Type 'ReactElement<any, string | JSXElementConstructor<any>>' is not assignable to type 'ReactNode'.
[22:46:57.377] src/app/resources/page.tsx(473,18): error TS2786: 'Link' cannot be used as a JSX component.
[22:46:57.377]   Its type 'ComponentType<any>' is not a valid JSX element type.
[22:46:57.377]     Type 'FunctionComponent<any>' is not assignable to type 'ElementType'.
[22:46:57.377]       Type 'FunctionComponent<any>' is not assignable to type '(props: any, deprecatedLegacyContext?: any) => ReactNode'.
[22:46:57.377]         Type 'ReactElement<any, string | JSXElementConstructor<any>> | null' is not assignable to type 'ReactNode'.
[22:46:57.377]           Type 'ReactElement<any, string | JSXElementConstructor<any>>' is not assignable to type 'ReactNode'.
[22:46:57.377] src/app/resources/page.tsx(482,14): error TS2786: 'Link' cannot be used as a JSX component.
[22:46:57.378]   Its type 'ComponentType<any>' is not a valid JSX element type.
[22:46:57.378]     Type 'FunctionComponent<any>' is not assignable to type 'ElementType'.
[22:46:57.378]       Type 'FunctionComponent<any>' is not assignable to type '(props: any, deprecatedLegacyContext?: any) => ReactNode'.
[22:46:57.378]         Type 'ReactElement<any, string | JSXElementConstructor<any>> | null' is not assignable to type 'ReactNode'.
[22:46:57.378]           Type 'ReactElement<any, string | JSXElementConstructor<any>>' is not assignable to type 'ReactNode'.
[22:46:57.378] src/app/search/page.tsx(111,18): error TS2786: 'Search' cannot be used as a JSX component.
[22:46:57.378]   Its type 'ComponentType<any>' is not a valid JSX element type.
[22:46:57.378]     Type 'FunctionComponent<any>' is not assignable to type 'ElementType'.
[22:46:57.378]       Type 'FunctionComponent<any>' is not assignable to type '(props: any, deprecatedLegacyContext?: any) => ReactNode'.
[22:46:57.378]         Type 'ReactElement<any, string | JSXElementConstructor<any>> | null' is not assignable to type 'ReactNode'.
[22:46:57.378]           Type 'ReactElement<any, string | JSXElementConstructor<any>>' is not assignable to type 'ReactNode'.
[22:46:57.378] src/app/search/page.tsx(131,16): error TS2786: 'Search' cannot be used as a JSX component.
[22:46:57.378]   Its type 'ComponentType<any>' is not a valid JSX element type.
[22:46:57.378]     Type 'FunctionComponent<any>' is not assignable to type 'ElementType'.
[22:46:57.378]       Type 'FunctionComponent<any>' is not assignable to type '(props: any, deprecatedLegacyContext?: any) => ReactNode'.
[22:46:57.378]         Type 'ReactElement<any, string | JSXElementConstructor<any>> | null' is not assignable to type 'ReactNode'.
[22:46:57.378]           Type 'ReactElement<any, string | JSXElementConstructor<any>>' is not assignable to type 'ReactNode'.
[22:46:57.378] src/app/search/page.tsx(153,20): error TS2786: 'category.icon' cannot be used as a JSX component.
[22:46:57.378]   Its type 'ComponentType<any>' is not a valid JSX element type.
[22:46:57.378]     Type 'FunctionComponent<any>' is not assignable to type 'ElementType'.
[22:46:57.378]       Type 'FunctionComponent<any>' is not assignable to type '(props: any, deprecatedLegacyContext?: any) => ReactNode'.
[22:46:57.380]         Type 'ReactElement<any, string | JSXElementConstructor<any>> | null' is not assignable to type 'ReactNode'.
[22:46:57.380]           Type 'ReactElement<any, string | JSXElementConstructor<any>>' is not assignable to type 'ReactNode'.
[22:46:57.380] src/app/search/page.tsx(156,22): error TS2786: 'X' cannot be used as a JSX component.
[22:46:57.380]   Its type 'ComponentType<any>' is not a valid JSX element type.
[22:46:57.380]     Type 'FunctionComponent<any>' is not assignable to type 'ElementType'.
[22:46:57.380]       Type 'FunctionComponent<any>' is not assignable to type '(props: any, deprecatedLegacyContext?: any) => ReactNode'.
[22:46:57.380]         Type 'ReactElement<any, string | JSXElementConstructor<any>> | null' is not assignable to type 'ReactNode'.
[22:46:57.380]           Type 'ReactElement<any, string | JSXElementConstructor<any>>' is not assignable to type 'ReactNode'.
[22:46:57.380] src/app/search/page.tsx(198,22): error TS2786: 'Link' cannot be used as a JSX component.
[22:46:57.380]   Its type 'ComponentType<any>' is not a valid JSX element type.
[22:46:57.380]     Type 'FunctionComponent<any>' is not assignable to type 'ElementType'.
[22:46:57.380]       Type 'FunctionComponent<any>' is not assignable to type '(props: any, deprecatedLegacyContext?: any) => ReactNode'.
[22:46:57.380]         Type 'ReactElement<any, string | JSXElementConstructor<any>> | null' is not assignable to type 'ReactNode'.
[22:46:57.380]           Type 'ReactElement<any, string | JSXElementConstructor<any>>' is not assignable to type 'ReactNode'.
[22:46:57.380] src/app/search/page.tsx(205,36): error TS2786: 'categoryInfo.icon' cannot be used as a JSX component.
[22:46:57.380]   Its type 'ComponentType<any>' is not a valid JSX element type.
[22:46:57.380]     Type 'FunctionComponent<any>' is not assignable to type 'ElementType'.
[22:46:57.381]       Type 'FunctionComponent<any>' is not assignable to type '(props: any, deprecatedLegacyContext?: any) => ReactNode'.
[22:46:57.381]         Type 'ReactElement<any, string | JSXElementConstructor<any>> | null' is not assignable to type 'ReactNode'.
[22:46:57.381]           Type 'ReactElement<any, string | JSXElementConstructor<any>>' is not assignable to type 'ReactNode'.
[22:46:57.381] src/app/search/page.tsx(219,34): error TS2786: 'Star' cannot be used as a JSX component.
[22:46:57.381]   Its type 'ComponentType<any>' is not a valid JSX element type.
[22:46:57.381]     Type 'FunctionComponent<any>' is not assignable to type 'ElementType'.
[22:46:57.381]       Type 'FunctionComponent<any>' is not assignable to type '(props: any, deprecatedLegacyContext?: any) => ReactNode'.
[22:46:57.381]         Type 'ReactElement<any, string | JSXElementConstructor<any>> | null' is not assignable to type 'ReactNode'.
[22:46:57.381]           Type 'ReactElement<any, string | JSXElementConstructor<any>>' is not assignable to type 'ReactNode'.
[22:46:57.381] src/app/search/page.tsx(223,34): error TS2786: 'Users' cannot be used as a JSX component.
[22:46:57.381]   Its type 'ComponentType<any>' is not a valid JSX element type.
[22:46:57.381]     Type 'FunctionComponent<any>' is not assignable to type 'ElementType'.
[22:46:57.381]       Type 'FunctionComponent<any>' is not assignable to type '(props: any, deprecatedLegacyContext?: any) => ReactNode'.
[22:46:57.381]         Type 'ReactElement<any, string | JSXElementConstructor<any>> | null' is not assignable to type 'ReactNode'.
[22:46:57.381]           Type 'ReactElement<any, string | JSXElementConstructor<any>>' is not assignable to type 'ReactNode'.
[22:46:57.381] src/app/search/page.tsx(229,28): error TS2786: 'ArrowRight' cannot be used as a JSX component.
[22:46:57.381]   Its type 'ComponentType<any>' is not a valid JSX element type.
[22:46:57.381]     Type 'FunctionComponent<any>' is not assignable to type 'ElementType'.
[22:46:57.381]       Type 'FunctionComponent<any>' is not assignable to type '(props: any, deprecatedLegacyContext?: any) => ReactNode'.
[22:46:57.381]         Type 'ReactElement<any, string | JSXElementConstructor<any>> | null' is not assignable to type 'ReactNode'.
[22:46:57.381]           Type 'ReactElement<any, string | JSXElementConstructor<any>>' is not assignable to type 'ReactNode'.
[22:46:57.381] src/app/search/page.tsx(240,18): error TS2786: 'Search' cannot be used as a JSX component.
[22:46:57.382]   Its type 'ComponentType<any>' is not a valid JSX element type.
[22:46:57.382]     Type 'FunctionComponent<any>' is not assignable to type 'ElementType'.
[22:46:57.382]       Type 'FunctionComponent<any>' is not assignable to type '(props: any, deprecatedLegacyContext?: any) => ReactNode'.
[22:46:57.382]         Type 'ReactElement<any, string | JSXElementConstructor<any>> | null' is not assignable to type 'ReactNode'.
[22:46:57.382]           Type 'ReactElement<any, string | JSXElementConstructor<any>>' is not assignable to type 'ReactNode'.
[22:46:57.382] src/app/search/page.tsx(276,14): error TS2786: 'Link' cannot be used as a JSX component.
[22:46:57.382]   Its type 'ComponentType<any>' is not a valid JSX element type.
[22:46:57.382]     Type 'FunctionComponent<any>' is not assignable to type 'ElementType'.
[22:46:57.382]       Type 'FunctionComponent<any>' is not assignable to type '(props: any, deprecatedLegacyContext?: any) => ReactNode'.
[22:46:57.382]         Type 'ReactElement<any, string | JSXElementConstructor<any>> | null' is not assignable to type 'ReactNode'.
[22:46:57.382]           Type 'ReactElement<any, string | JSXElementConstructor<any>>' is not assignable to type 'ReactNode'.
[22:46:57.382] src/app/status/page.tsx(176,14): error TS2786: 'XCircle' cannot be used as a JSX component.
[22:46:57.382]   Its type 'ComponentType<any>' is not a valid JSX element type.
[22:46:57.382]     Type 'FunctionComponent<any>' is not assignable to type 'ElementType'.
[22:46:57.382]       Type 'FunctionComponent<any>' is not assignable to type '(props: any, deprecatedLegacyContext?: any) => ReactNode'.
[22:46:57.382]         Type 'ReactElement<any, string | JSXElementConstructor<any>> | null' is not assignable to type 'ReactNode'.
[22:46:57.382]           Type 'ReactElement<any, string | JSXElementConstructor<any>>' is not assignable to type 'ReactNode'.
[22:46:57.382] src/app/status/page.tsx(183,16): error TS2786: 'RefreshCw' cannot be used as a JSX component.
[22:46:57.382]   Its type 'ComponentType<any>' is not a valid JSX element type.
[22:46:57.382]     Type 'FunctionComponent<any>' is not assignable to type 'ElementType'.
[22:46:57.382]       Type 'FunctionComponent<any>' is not assignable to type '(props: any, deprecatedLegacyContext?: any) => ReactNode'.
[22:46:57.383]         Type 'ReactElement<any, string | JSXElementConstructor<any>> | null' is not assignable to type 'ReactNode'.
[22:46:57.383]           Type 'ReactElement<any, string | JSXElementConstructor<any>>' is not assignable to type 'ReactNode'.
[22:46:57.383] src/app/status/page.tsx(207,16): error TS2786: 'RefreshCw' cannot be used as a JSX component.
[22:46:57.383]   Its type 'ComponentType<any>' is not a valid JSX element type.
[22:46:57.383]     Type 'FunctionComponent<any>' is not assignable to type 'ElementType'.
[22:46:57.383]       Type 'FunctionComponent<any>' is not assignable to type '(props: any, deprecatedLegacyContext?: any) => ReactNode'.
[22:46:57.383]         Type 'ReactElement<any, string | JSXElementConstructor<any>> | null' is not assignable to type 'ReactNode'.
[22:46:57.383]           Type 'ReactElement<any, string | JSXElementConstructor<any>>' is not assignable to type 'ReactNode'.
[22:46:57.383] src/app/status/page.tsx(221,29): error TS2786: 'Icon' cannot be used as a JSX component.
[22:46:57.383]   Its type 'ComponentType<any>' is not a valid JSX element type.
[22:46:57.383]     Type 'FunctionComponent<any>' is not assignable to type 'ElementType'.
[22:46:57.383]       Type 'FunctionComponent<any>' is not assignable to type '(props: any, deprecatedLegacyContext?: any) => ReactNode'.
[22:46:57.383]         Type 'ReactElement<any, string | JSXElementConstructor<any>> | null' is not assignable to type 'ReactNode'.
[22:46:57.383]           Type 'ReactElement<any, string | JSXElementConstructor<any>>' is not assignable to type 'ReactNode'.
[22:46:57.383] src/app/status/page.tsx(235,20): error TS2786: 'Clock' cannot be used as a JSX component.
[22:46:57.383]   Its type 'ComponentType<any>' is not a valid JSX element type.
[22:46:57.383]     Type 'FunctionComponent<any>' is not assignable to type 'ElementType'.
[22:46:57.383]       Type 'FunctionComponent<any>' is not assignable to type '(props: any, deprecatedLegacyContext?: any) => ReactNode'.
[22:46:57.383]         Type 'ReactElement<any, string | JSXElementConstructor<any>> | null' is not assignable to type 'ReactNode'.
[22:46:57.383]           Type 'ReactElement<any, string | JSXElementConstructor<any>>' is not assignable to type 'ReactNode'.
[22:46:57.383] src/app/status/page.tsx(246,20): error TS2786: 'Users' cannot be used as a JSX component.
[22:46:57.383]   Its type 'ComponentType<any>' is not a valid JSX element type.
[22:46:57.384]     Type 'FunctionComponent<any>' is not assignable to type 'ElementType'.
[22:46:57.384]       Type 'FunctionComponent<any>' is not assignable to type '(props: any, deprecatedLegacyContext?: any) => ReactNode'.
[22:46:57.384]         Type 'ReactElement<any, string | JSXElementConstructor<any>> | null' is not assignable to type 'ReactNode'.
[22:46:57.384]           Type 'ReactElement<any, string | JSXElementConstructor<any>>' is not assignable to type 'ReactNode'.
[22:46:57.384] src/app/status/page.tsx(257,20): error TS2786: 'BarChart3' cannot be used as a JSX component.
[22:46:57.384]   Its type 'ComponentType<any>' is not a valid JSX element type.
[22:46:57.384]     Type 'FunctionComponent<any>' is not assignable to type 'ElementType'.
[22:46:57.384]       Type 'FunctionComponent<any>' is not assignable to type '(props: any, deprecatedLegacyContext?: any) => ReactNode'.
[22:46:57.384]         Type 'ReactElement<any, string | JSXElementConstructor<any>> | null' is not assignable to type 'ReactNode'.
[22:46:57.384]           Type 'ReactElement<any, string | JSXElementConstructor<any>>' is not assignable to type 'ReactNode'.
[22:46:57.384] src/app/status/page.tsx(276,51): error TS2786: 'Database' cannot be used as a JSX component.
[22:46:57.384]   Its type 'ComponentType<any>' is not a valid JSX element type.
[22:46:57.384]     Type 'FunctionComponent<any>' is not assignable to type 'ElementType'.
[22:46:57.384]       Type 'FunctionComponent<any>' is not assignable to type '(props: any, deprecatedLegacyContext?: any) => ReactNode'.
[22:46:57.384]         Type 'ReactElement<any, string | JSXElementConstructor<any>> | null' is not assignable to type 'ReactNode'.
[22:46:57.384]           Type 'ReactElement<any, string | JSXElementConstructor<any>>' is not assignable to type 'ReactNode'.
[22:46:57.384] src/app/status/page.tsx(277,46): error TS2786: 'Server' cannot be used as a JSX component.
[22:46:57.384]   Its type 'ComponentType<any>' is not a valid JSX element type.
[22:46:57.384]     Type 'FunctionComponent<any>' is not assignable to type 'ElementType'.
[22:46:57.384]       Type 'FunctionComponent<any>' is not assignable to type '(props: any, deprecatedLegacyContext?: any) => ReactNode'.
[22:46:57.384]         Type 'ReactElement<any, string | JSXElementConstructor<any>> | null' is not assignable to type 'ReactNode'.
[22:46:57.384]           Type 'ReactElement<any, string | JSXElementConstructor<any>>' is not assignable to type 'ReactNode'.
[22:46:57.384] src/app/status/page.tsx(278,48): error TS2786: 'Zap' cannot be used as a JSX component.
[22:46:57.385]   Its type 'ComponentType<any>' is not a valid JSX element type.
[22:46:57.385]     Type 'FunctionComponent<any>' is not assignable to type 'ElementType'.
[22:46:57.385]       Type 'FunctionComponent<any>' is not assignable to type '(props: any, deprecatedLegacyContext?: any) => ReactNode'.
[22:46:57.385]         Type 'ReactElement<any, string | JSXElementConstructor<any>> | null' is not assignable to type 'ReactNode'.
[22:46:57.385]           Type 'ReactElement<any, string | JSXElementConstructor<any>>' is not assignable to type 'ReactNode'.
[22:46:57.385] src/app/status/page.tsx(279,47): error TS2786: 'Shield' cannot be used as a JSX component.
[22:46:57.385]   Its type 'ComponentType<any>' is not a valid JSX element type.
[22:46:57.385]     Type 'FunctionComponent<any>' is not assignable to type 'ElementType'.
[22:46:57.385]       Type 'FunctionComponent<any>' is not assignable to type '(props: any, deprecatedLegacyContext?: any) => ReactNode'.
[22:46:57.385]         Type 'ReactElement<any, string | JSXElementConstructor<any>> | null' is not assignable to type 'ReactNode'.
[22:46:57.385]           Type 'ReactElement<any, string | JSXElementConstructor<any>>' is not assignable to type 'ReactNode'.
[22:46:57.385] src/app/status/page.tsx(301,20): error TS2786: 'Activity' cannot be used as a JSX component.
[22:46:57.385]   Its type 'ComponentType<any>' is not a valid JSX element type.
[22:46:57.385]     Type 'FunctionComponent<any>' is not assignable to type 'ElementType'.
[22:46:57.385]       Type 'FunctionComponent<any>' is not assignable to type '(props: any, deprecatedLegacyContext?: any) => ReactNode'.
[22:46:57.385]         Type 'ReactElement<any, string | JSXElementConstructor<any>> | null' is not assignable to type 'ReactNode'.
[22:46:57.385]           Type 'ReactElement<any, string | JSXElementConstructor<any>>' is not assignable to type 'ReactNode'.
[22:46:57.385] src/app/status/page.tsx(309,20): error TS2786: 'Cpu' cannot be used as a JSX component.
[22:46:57.385]   Its type 'ComponentType<any>' is not a valid JSX element type.
[22:46:57.386]     Type 'FunctionComponent<any>' is not assignable to type 'ElementType'.
[22:46:57.386]       Type 'FunctionComponent<any>' is not assignable to type '(props: any, deprecatedLegacyContext?: any) => ReactNode'.
[22:46:57.386]         Type 'ReactElement<any, string | JSXElementConstructor<any>> | null' is not assignable to type 'ReactNode'.
[22:46:57.386]           Type 'ReactElement<any, string | JSXElementConstructor<any>>' is not assignable to type 'ReactNode'.
[22:46:57.386] src/app/status/page.tsx(317,20): error TS2786: 'HardDrive' cannot be used as a JSX component.
[22:46:57.386]   Its type 'ComponentType<any>' is not a valid JSX element type.
[22:46:57.386]     Type 'FunctionComponent<any>' is not assignable to type 'ElementType'.
[22:46:57.386]       Type 'FunctionComponent<any>' is not assignable to type '(props: any, deprecatedLegacyContext?: any) => ReactNode'.
[22:46:57.386]         Type 'ReactElement<any, string | JSXElementConstructor<any>> | null' is not assignable to type 'ReactNode'.
[22:46:57.386]           Type 'ReactElement<any, string | JSXElementConstructor<any>>' is not assignable to type 'ReactNode'.
[22:46:57.386] src/app/status/page.tsx(335,35): error TS2786: 'EyeOff' cannot be used as a JSX component.
[22:46:57.386]   Its type 'ComponentType<any>' is not a valid JSX element type.
[22:46:57.386]     Type 'FunctionComponent<any>' is not assignable to type 'ElementType'.
[22:46:57.386]       Type 'FunctionComponent<any>' is not assignable to type '(props: any, deprecatedLegacyContext?: any) => ReactNode'.
[22:46:57.386]         Type 'ReactElement<any, string | JSXElementConstructor<any>> | null' is not assignable to type 'ReactNode'.
[22:46:57.386]           Type 'ReactElement<any, string | JSXElementConstructor<any>>' is not assignable to type 'ReactNode'.
[22:46:57.386] src/app/status/page.tsx(335,73): error TS2786: 'Eye' cannot be used as a JSX component.
[22:46:57.386]   Its type 'ComponentType<any>' is not a valid JSX element type.
[22:46:57.386]     Type 'FunctionComponent<any>' is not assignable to type 'ElementType'.
[22:46:57.386]       Type 'FunctionComponent<any>' is not assignable to type '(props: any, deprecatedLegacyContext?: any) => ReactNode'.
[22:46:57.386]         Type 'ReactElement<any, string | JSXElementConstructor<any>> | null' is not assignable to type 'ReactNode'.
[22:46:57.386]           Type 'ReactElement<any, string | JSXElementConstructor<any>>' is not assignable to type 'ReactNode'.
[22:46:57.386] src/app/status/page.tsx(362,30): error TS2786: 'CheckCircle' cannot be used as a JSX component.
[22:46:57.387]   Its type 'ComponentType<any>' is not a valid JSX element type.
[22:46:57.387]     Type 'FunctionComponent<any>' is not assignable to type 'ElementType'.
[22:46:57.387]       Type 'FunctionComponent<any>' is not assignable to type '(props: any, deprecatedLegacyContext?: any) => ReactNode'.
[22:46:57.387]         Type 'ReactElement<any, string | JSXElementConstructor<any>> | null' is not assignable to type 'ReactNode'.
[22:46:57.387]           Type 'ReactElement<any, string | JSXElementConstructor<any>>' is not assignable to type 'ReactNode'.
[22:46:57.387] src/app/status/page.tsx(364,30): error TS2786: 'Copy' cannot be used as a JSX component.
[22:46:57.387]   Its type 'ComponentType<any>' is not a valid JSX element type.
[22:46:57.387]     Type 'FunctionComponent<any>' is not assignable to type 'ElementType'.
[22:46:57.387]       Type 'FunctionComponent<any>' is not assignable to type '(props: any, deprecatedLegacyContext?: any) => ReactNode'.
[22:46:57.387]         Type 'ReactElement<any, string | JSXElementConstructor<any>> | null' is not assignable to type 'ReactNode'.
[22:46:57.387]           Type 'ReactElement<any, string | JSXElementConstructor<any>>' is not assignable to type 'ReactNode'.
[22:46:57.387] src/app/status/page.tsx(379,32): error TS2786: 'CheckCircle' cannot be used as a JSX component.
[22:46:57.387]   Its type 'ComponentType<any>' is not a valid JSX element type.
[22:46:57.387]     Type 'FunctionComponent<any>' is not assignable to type 'ElementType'.
[22:46:57.387]       Type 'FunctionComponent<any>' is not assignable to type '(props: any, deprecatedLegacyContext?: any) => ReactNode'.
[22:46:57.387]         Type 'ReactElement<any, string | JSXElementConstructor<any>> | null' is not assignable to type 'ReactNode'.
[22:46:57.387]           Type 'ReactElement<any, string | JSXElementConstructor<any>>' is not assignable to type 'ReactNode'.
[22:46:57.387] src/app/status/page.tsx(381,32): error TS2786: 'Copy' cannot be used as a JSX component.
[22:46:57.387]   Its type 'ComponentType<any>' is not a valid JSX element type.
[22:46:57.387]     Type 'FunctionComponent<any>' is not assignable to type 'ElementType'.
[22:46:57.387]       Type 'FunctionComponent<any>' is not assignable to type '(props: any, deprecatedLegacyContext?: any) => ReactNode'.
[22:46:57.388]         Type 'ReactElement<any, string | JSXElementConstructor<any>> | null' is not assignable to type 'ReactNode'.
[22:46:57.388]           Type 'ReactElement<any, string | JSXElementConstructor<any>>' is not assignable to type 'ReactNode'.
[22:46:57.388] src/app/status/page.tsx(475,22): error TS2786: 'CheckCircle' cannot be used as a JSX component.
[22:46:57.388]   Its type 'ComponentType<any>' is not a valid JSX element type.
[22:46:57.388]     Type 'FunctionComponent<any>' is not assignable to type 'ElementType'.
[22:46:57.388]       Type 'FunctionComponent<any>' is not assignable to type '(props: any, deprecatedLegacyContext?: any) => ReactNode'.
[22:46:57.388]         Type 'ReactElement<any, string | JSXElementConstructor<any>> | null' is not assignable to type 'ReactNode'.
[22:46:57.388]           Type 'ReactElement<any, string | JSXElementConstructor<any>>' is not assignable to type 'ReactNode'.
[22:46:57.389] src/app/status/page.tsx(488,22): error TS2786: 'ExternalLink' cannot be used as a JSX component.
[22:46:57.389]   Its type 'ComponentType<any>' is not a valid JSX element type.
[22:46:57.389]     Type 'FunctionComponent<any>' is not assignable to type 'ElementType'.
[22:46:57.389]       Type 'FunctionComponent<any>' is not assignable to type '(props: any, deprecatedLegacyContext?: any) => ReactNode'.
[22:46:57.389]         Type 'ReactElement<any, string | JSXElementConstructor<any>> | null' is not assignable to type 'ReactNode'.
[22:46:57.389]           Type 'ReactElement<any, string | JSXElementConstructor<any>>' is not assignable to type 'ReactNode'.
[22:46:57.389] src/app/therapy/page.tsx(27,10): error TS2786: 'AnimatePresence' cannot be used as a JSX component.
[22:46:57.389]   Its type 'ComponentType<any>' is not a valid JSX element type.
[22:46:57.389]     Type 'FunctionComponent<any>' is not assignable to type 'ElementType'.
[22:46:57.389]       Type 'FunctionComponent<any>' is not assignable to type '(props: any, deprecatedLegacyContext?: any) => ReactNode'.
[22:46:57.389]         Type 'ReactElement<any, string | JSXElementConstructor<any>> | null' is not assignable to type 'ReactNode'.
[22:46:57.389]           Type 'ReactElement<any, string | JSXElementConstructor<any>>' is not assignable to type 'ReactNode'.
[22:46:57.389] src/app/therapy/page.tsx(43,22): error TS2786: 'Brain' cannot be used as a JSX component.
[22:46:57.389]   Its type 'ComponentType<any>' is not a valid JSX element type.
[22:46:57.389]     Type 'FunctionComponent<any>' is not assignable to type 'ElementType'.
[22:46:57.389]       Type 'FunctionComponent<any>' is not assignable to type '(props: any, deprecatedLegacyContext?: any) => ReactNode'.
[22:46:57.390]         Type 'ReactElement<any, string | JSXElementConstructor<any>> | null' is not assignable to type 'ReactNode'.
[22:46:57.390]           Type 'ReactElement<any, string | JSXElementConstructor<any>>' is not assignable to type 'ReactNode'.
[22:46:57.390] src/app/therapy/page.tsx(106,24): error TS2786: 'feature.icon' cannot be used as a JSX component.
[22:46:57.390]   Its type 'ComponentType<any>' is not a valid JSX element type.
[22:46:57.390]     Type 'FunctionComponent<any>' is not assignable to type 'ElementType'.
[22:46:57.390]       Type 'FunctionComponent<any>' is not assignable to type '(props: any, deprecatedLegacyContext?: any) => ReactNode'.
[22:46:57.390]         Type 'ReactElement<any, string | JSXElementConstructor<any>> | null' is not assignable to type 'ReactNode'.
[22:46:57.390]           Type 'ReactElement<any, string | JSXElementConstructor<any>>' is not assignable to type 'ReactNode'.
[22:46:57.390] src/app/therapy/page.tsx(133,22): error TS2786: 'MessageCircle' cannot be used as a JSX component.
[22:46:57.390]   Its type 'ComponentType<any>' is not a valid JSX element type.
[22:46:57.390]     Type 'FunctionComponent<any>' is not assignable to type 'ElementType'.
[22:46:57.390]       Type 'FunctionComponent<any>' is not assignable to type '(props: any, deprecatedLegacyContext?: any) => ReactNode'.
[22:46:57.390]         Type 'ReactElement<any, string | JSXElementConstructor<any>> | null' is not assignable to type 'ReactNode'.
[22:46:57.390]           Type 'ReactElement<any, string | JSXElementConstructor<any>>' is not assignable to type 'ReactNode'.
[22:46:57.390] src/app/therapy/page.tsx(135,22): error TS2786: 'ArrowRight' cannot be used as a JSX component.
[22:46:57.390]   Its type 'ComponentType<any>' is not a valid JSX element type.
[22:46:57.390]     Type 'FunctionComponent<any>' is not assignable to type 'ElementType'.
[22:46:57.391]       Type 'FunctionComponent<any>' is not assignable to type '(props: any, deprecatedLegacyContext?: any) => ReactNode'.
[22:46:57.391]         Type 'ReactElement<any, string | JSXElementConstructor<any>> | null' is not assignable to type 'ReactNode'.
[22:46:57.391]           Type 'ReactElement<any, string | JSXElementConstructor<any>>' is not assignable to type 'ReactNode'.
[22:46:57.391] src/app/therapy/page.tsx(138,20): error TS2786: 'Link' cannot be used as a JSX component.
[22:46:57.391]   Its type 'ComponentType<any>' is not a valid JSX element type.
[22:46:57.391]     Type 'FunctionComponent<any>' is not assignable to type 'ElementType'.
[22:46:57.391]       Type 'FunctionComponent<any>' is not assignable to type '(props: any, deprecatedLegacyContext?: any) => ReactNode'.
[22:46:57.391]         Type 'ReactElement<any, string | JSXElementConstructor<any>> | null' is not assignable to type 'ReactNode'.
[22:46:57.391]           Type 'ReactElement<any, string | JSXElementConstructor<any>>' is not assignable to type 'ReactNode'.
[22:46:57.391] src/app/therapy/page.tsx(142,22): error TS2786: 'Shield' cannot be used as a JSX component.
[22:46:57.391]   Its type 'ComponentType<any>' is not a valid JSX element type.
[22:46:57.391]     Type 'FunctionComponent<any>' is not assignable to type 'ElementType'.
[22:46:57.391]       Type 'FunctionComponent<any>' is not assignable to type '(props: any, deprecatedLegacyContext?: any) => ReactNode'.
[22:46:57.391]         Type 'ReactElement<any, string | JSXElementConstructor<any>> | null' is not assignable to type 'ReactNode'.
[22:46:57.391]           Type 'ReactElement<any, string | JSXElementConstructor<any>>' is not assignable to type 'ReactNode'.
[22:46:57.391] src/app/therapy/page.tsx(154,18): error TS2786: 'Link' cannot be used as a JSX component.
[22:46:57.392]   Its type 'ComponentType<any>' is not a valid JSX element type.
[22:46:57.392]     Type 'FunctionComponent<any>' is not assignable to type 'ElementType'.
[22:46:57.392]       Type 'FunctionComponent<any>' is not assignable to type '(props: any, deprecatedLegacyContext?: any) => ReactNode'.
[22:46:57.392]         Type 'ReactElement<any, string | JSXElementConstructor<any>> | null' is not assignable to type 'ReactNode'.
[22:46:57.392]           Type 'ReactElement<any, string | JSXElementConstructor<any>>' is not assignable to type 'ReactNode'.
[22:46:57.392] src/app/therapy/sessions/page.tsx(130,14): error TS2786: 'Link' cannot be used as a JSX component.
[22:46:57.392]   Its type 'ComponentType<any>' is not a valid JSX element type.
[22:46:57.392]     Type 'FunctionComponent<any>' is not assignable to type 'ElementType'.
[22:46:57.392]       Type 'FunctionComponent<any>' is not assignable to type '(props: any, deprecatedLegacyContext?: any) => ReactNode'.
[22:46:57.392]         Type 'ReactElement<any, string | JSXElementConstructor<any>> | null' is not assignable to type 'ReactNode'.
[22:46:57.392]           Type 'ReactElement<any, string | JSXElementConstructor<any>>' is not assignable to type 'ReactNode'.
[22:46:57.392] src/app/therapy/sessions/page.tsx(131,16): error TS2786: 'ArrowLeft' cannot be used as a JSX component.
[22:46:57.392]   Its type 'ComponentType<any>' is not a valid JSX element type.
[22:46:57.392]     Type 'FunctionComponent<any>' is not assignable to type 'ElementType'.
[22:46:57.393]       Type 'FunctionComponent<any>' is not assignable to type '(props: any, deprecatedLegacyContext?: any) => ReactNode'.
[22:46:57.393]         Type 'ReactElement<any, string | JSXElementConstructor<any>> | null' is not assignable to type 'ReactNode'.
[22:46:57.393]           Type 'ReactElement<any, string | JSXElementConstructor<any>>' is not assignable to type 'ReactNode'.
[22:46:57.393] src/app/therapy/sessions/page.tsx(135,18): error TS2786: 'MessageCircle' cannot be used as a JSX component.
[22:46:57.393]   Its type 'ComponentType<any>' is not a valid JSX element type.
[22:46:57.418]     Type 'FunctionComponent<any>' is not assignable to type 'ElementType'.
[22:46:57.418]       Type 'FunctionComponent<any>' is not assignable to type '(props: any, deprecatedLegacyContext?: any) => ReactNode'.
[22:46:57.418]         Type 'ReactElement<any, string | JSXElementConstructor<any>> | null' is not assignable to type 'ReactNode'.
[22:46:57.418]           Type 'ReactElement<any, string | JSXElementConstructor<any>>' is not assignable to type 'ReactNode'.
[22:46:57.418] src/app/therapy/sessions/page.tsx(141,16): error TS2786: 'Link' cannot be used as a JSX component.
[22:46:57.418]   Its type 'ComponentType<any>' is not a valid JSX element type.
[22:46:57.420]     Type 'FunctionComponent<any>' is not assignable to type 'ElementType'.
[22:46:57.421]       Type 'FunctionComponent<any>' is not assignable to type '(props: any, deprecatedLegacyContext?: any) => ReactNode'.
[22:46:57.435]         Type 'ReactElement<any, string | JSXElementConstructor<any>> | null' is not assignable to type 'ReactNode'.
[22:46:57.436]           Type 'ReactElement<any, string | JSXElementConstructor<any>>' is not assignable to type 'ReactNode'.
[22:46:57.436] src/app/therapy/sessions/page.tsx(145,18): error TS2786: 'Plus' cannot be used as a JSX component.
[22:46:57.436]   Its type 'ComponentType<any>' is not a valid JSX element type.
[22:46:57.436]     Type 'FunctionComponent<any>' is not assignable to type 'ElementType'.
[22:46:57.436]       Type 'FunctionComponent<any>' is not assignable to type '(props: any, deprecatedLegacyContext?: any) => ReactNode'.
[22:46:57.436]         Type 'ReactElement<any, string | JSXElementConstructor<any>> | null' is not assignable to type 'ReactNode'.
[22:46:57.436]           Type 'ReactElement<any, string | JSXElementConstructor<any>>' is not assignable to type 'ReactNode'.
[22:46:57.436] src/app/therapy/sessions/page.tsx(160,18): error TS2786: 'MessageCircle' cannot be used as a JSX component.
[22:46:57.436]   Its type 'ComponentType<any>' is not a valid JSX element type.
[22:46:57.436]     Type 'FunctionComponent<any>' is not assignable to type 'ElementType'.
[22:46:57.436]       Type 'FunctionComponent<any>' is not assignable to type '(props: any, deprecatedLegacyContext?: any) => ReactNode'.
[22:46:57.436]         Type 'ReactElement<any, string | JSXElementConstructor<any>> | null' is not assignable to type 'ReactNode'.
[22:46:57.436]           Type 'ReactElement<any, string | JSXElementConstructor<any>>' is not assignable to type 'ReactNode'.
[22:46:57.436] src/app/therapy/sessions/page.tsx(169,18): error TS2786: 'Clock' cannot be used as a JSX component.
[22:46:57.436]   Its type 'ComponentType<any>' is not a valid JSX element type.
[22:46:57.436]     Type 'FunctionComponent<any>' is not assignable to type 'ElementType'.
[22:46:57.436]       Type 'FunctionComponent<any>' is not assignable to type '(props: any, deprecatedLegacyContext?: any) => ReactNode'.
[22:46:57.436]         Type 'ReactElement<any, string | JSXElementConstructor<any>> | null' is not assignable to type 'ReactNode'.
[22:46:57.436]           Type 'ReactElement<any, string | JSXElementConstructor<any>>' is not assignable to type 'ReactNode'.
[22:46:57.436] src/app/therapy/sessions/page.tsx(178,18): error TS2786: 'TrendingUp' cannot be used as a JSX component.
[22:46:57.436]   Its type 'ComponentType<any>' is not a valid JSX element type.
[22:46:57.436]     Type 'FunctionComponent<any>' is not assignable to type 'ElementType'.
[22:46:57.436]       Type 'FunctionComponent<any>' is not assignable to type '(props: any, deprecatedLegacyContext?: any) => ReactNode'.
[22:46:57.436]         Type 'ReactElement<any, string | JSXElementConstructor<any>> | null' is not assignable to type 'ReactNode'.
[22:46:57.436]           Type 'ReactElement<any, string | JSXElementConstructor<any>>' is not assignable to type 'ReactNode'.
[22:46:57.436] src/app/therapy/sessions/page.tsx(187,18): error TS2786: 'Brain' cannot be used as a JSX component.
[22:46:57.436]   Its type 'ComponentType<any>' is not a valid JSX element type.
[22:46:57.439]     Type 'FunctionComponent<any>' is not assignable to type 'ElementType'.
[22:46:57.439]       Type 'FunctionComponent<any>' is not assignable to type '(props: any, deprecatedLegacyContext?: any) => ReactNode'.
[22:46:57.439]         Type 'ReactElement<any, string | JSXElementConstructor<any>> | null' is not assignable to type 'ReactNode'.
[22:46:57.439]           Type 'ReactElement<any, string | JSXElementConstructor<any>>' is not assignable to type 'ReactNode'.
[22:46:57.439] src/app/therapy/sessions/page.tsx(205,18): error TS2786: 'Search' cannot be used as a JSX component.
[22:46:57.439]   Its type 'ComponentType<any>' is not a valid JSX element type.
[22:46:57.439]     Type 'FunctionComponent<any>' is not assignable to type 'ElementType'.
[22:46:57.439]       Type 'FunctionComponent<any>' is not assignable to type '(props: any, deprecatedLegacyContext?: any) => ReactNode'.
[22:46:57.439]         Type 'ReactElement<any, string | JSXElementConstructor<any>> | null' is not assignable to type 'ReactNode'.
[22:46:57.440]           Type 'ReactElement<any, string | JSXElementConstructor<any>>' is not assignable to type 'ReactNode'.
[22:46:57.440] src/app/therapy/sessions/page.tsx(271,34): error TS2786: 'Star' cannot be used as a JSX component.
[22:46:57.440]   Its type 'ComponentType<any>' is not a valid JSX element type.
[22:46:57.440]     Type 'FunctionComponent<any>' is not assignable to type 'ElementType'.
[22:46:57.440]       Type 'FunctionComponent<any>' is not assignable to type '(props: any, deprecatedLegacyContext?: any) => ReactNode'.
[22:46:57.440]         Type 'ReactElement<any, string | JSXElementConstructor<any>> | null' is not assignable to type 'ReactNode'.
[22:46:57.440]           Type 'ReactElement<any, string | JSXElementConstructor<any>>' is not assignable to type 'ReactNode'.
[22:46:57.440] src/app/therapy/sessions/page.tsx(283,28): error TS2786: 'Calendar' cannot be used as a JSX component.
[22:46:57.440]   Its type 'ComponentType<any>' is not a valid JSX element type.
[22:46:57.440]     Type 'FunctionComponent<any>' is not assignable to type 'ElementType'.
[22:46:57.440]       Type 'FunctionComponent<any>' is not assignable to type '(props: any, deprecatedLegacyContext?: any) => ReactNode'.
[22:46:57.440]         Type 'ReactElement<any, string | JSXElementConstructor<any>> | null' is not assignable to type 'ReactNode'.
[22:46:57.440]           Type 'ReactElement<any, string | JSXElementConstructor<any>>' is not assignable to type 'ReactNode'.
[22:46:57.440] src/app/therapy/sessions/page.tsx(291,28): error TS2786: 'Clock' cannot be used as a JSX component.
[22:46:57.440]   Its type 'ComponentType<any>' is not a valid JSX element type.
[22:46:57.440]     Type 'FunctionComponent<any>' is not assignable to type 'ElementType'.
[22:46:57.440]       Type 'FunctionComponent<any>' is not assignable to type '(props: any, deprecatedLegacyContext?: any) => ReactNode'.
[22:46:57.440]         Type 'ReactElement<any, string | JSXElementConstructor<any>> | null' is not assignable to type 'ReactNode'.
[22:46:57.440]           Type 'ReactElement<any, string | JSXElementConstructor<any>>' is not assignable to type 'ReactNode'.
[22:46:57.440] src/app/therapy/sessions/page.tsx(316,26): error TS2786: 'MoreVertical' cannot be used as a JSX component.
[22:46:57.440]   Its type 'ComponentType<any>' is not a valid JSX element type.
[22:46:57.440]     Type 'FunctionComponent<any>' is not assignable to type 'ElementType'.
[22:46:57.440]       Type 'FunctionComponent<any>' is not assignable to type '(props: any, deprecatedLegacyContext?: any) => ReactNode'.
[22:46:57.440]         Type 'ReactElement<any, string | JSXElementConstructor<any>> | null' is not assignable to type 'ReactNode'.
[22:46:57.440]           Type 'ReactElement<any, string | JSXElementConstructor<any>>' is not assignable to type 'ReactNode'.
[22:46:57.440] src/app/therapy/sessions/page.tsx(326,18): error TS2786: 'MessageCircle' cannot be used as a JSX component.
[22:46:57.440]   Its type 'ComponentType<any>' is not a valid JSX element type.
[22:46:57.440]     Type 'FunctionComponent<any>' is not assignable to type 'ElementType'.
[22:46:57.440]       Type 'FunctionComponent<any>' is not assignable to type '(props: any, deprecatedLegacyContext?: any) => ReactNode'.
[22:46:57.440]         Type 'ReactElement<any, string | JSXElementConstructor<any>> | null' is not assignable to type 'ReactNode'.
[22:46:57.440]           Type 'ReactElement<any, string | JSXElementConstructor<any>>' is not assignable to type 'ReactNode'.
[22:46:57.440] src/app/therapy/sessions/page.tsx(336,18): error TS2786: 'Link' cannot be used as a JSX component.
[22:46:57.440]   Its type 'ComponentType<any>' is not a valid JSX element type.
[22:46:57.440]     Type 'FunctionComponent<any>' is not assignable to type 'ElementType'.
[22:46:57.440]       Type 'FunctionComponent<any>' is not assignable to type '(props: any, deprecatedLegacyContext?: any) => ReactNode'.
[22:46:57.441]         Type 'ReactElement<any, string | JSXElementConstructor<any>> | null' is not assignable to type 'ReactNode'.
[22:46:57.441]           Type 'ReactElement<any, string | JSXElementConstructor<any>>' is not assignable to type 'ReactNode'.
[22:46:57.441] src/app/therapy/sessions/page.tsx(340,20): error TS2786: 'Plus' cannot be used as a JSX component.
[22:46:57.441]   Its type 'ComponentType<any>' is not a valid JSX element type.
[22:46:57.441]     Type 'FunctionComponent<any>' is not assignable to type 'ElementType'.
[22:46:57.441]       Type 'FunctionComponent<any>' is not assignable to type '(props: any, deprecatedLegacyContext?: any) => ReactNode'.
[22:46:57.441]         Type 'ReactElement<any, string | JSXElementConstructor<any>> | null' is not assignable to type 'ReactNode'.
[22:46:57.441]           Type 'ReactElement<any, string | JSXElementConstructor<any>>' is not assignable to type 'ReactNode'.
[22:46:57.441] src/app/therapy/sessions/page.tsx(355,16): error TS2786: 'HelpCircle' cannot be used as a JSX component.
[22:46:57.441]   Its type 'ComponentType<any>' is not a valid JSX element type.
[22:46:57.441]     Type 'FunctionComponent<any>' is not assignable to type 'ElementType'.
[22:46:57.441]       Type 'FunctionComponent<any>' is not assignable to type '(props: any, deprecatedLegacyContext?: any) => ReactNode'.
[22:46:57.441]         Type 'ReactElement<any, string | JSXElementConstructor<any>> | null' is not assignable to type 'ReactNode'.
[22:46:57.441]           Type 'ReactElement<any, string | JSXElementConstructor<any>>' is not assignable to type 'ReactNode'.
[22:46:57.441] src/app/therapy/sessions/page.tsx(362,20): error TS2786: 'Lightbulb' cannot be used as a JSX component.
[22:46:57.441]   Its type 'ComponentType<any>' is not a valid JSX element type.
[22:46:57.441]     Type 'FunctionComponent<any>' is not assignable to type 'ElementType'.
[22:46:57.441]       Type 'FunctionComponent<any>' is not assignable to type '(props: any, deprecatedLegacyContext?: any) => ReactNode'.
[22:46:57.441]         Type 'ReactElement<any, string | JSXElementConstructor<any>> | null' is not assignable to type 'ReactNode'.
[22:46:57.441]           Type 'ReactElement<any, string | JSXElementConstructor<any>>' is not assignable to type 'ReactNode'.
[22:46:57.441] src/app/therapy/sessions/page.tsx(367,22): error TS2786: 'CheckCircle' cannot be used as a JSX component.
[22:46:57.441]   Its type 'ComponentType<any>' is not a valid JSX element type.
[22:46:57.442]     Type 'FunctionComponent<any>' is not assignable to type 'ElementType'.
[22:46:57.442]       Type 'FunctionComponent<any>' is not assignable to type '(props: any, deprecatedLegacyContext?: any) => ReactNode'.
[22:46:57.442]         Type 'ReactElement<any, string | JSXElementConstructor<any>> | null' is not assignable to type 'ReactNode'.
[22:46:57.442]           Type 'ReactElement<any, string | JSXElementConstructor<any>>' is not assignable to type 'ReactNode'.
[22:46:57.442] src/app/therapy/sessions/page.tsx(374,22): error TS2786: 'CheckCircle' cannot be used as a JSX component.
[22:46:57.442]   Its type 'ComponentType<any>' is not a valid JSX element type.
[22:46:57.442]     Type 'FunctionComponent<any>' is not assignable to type 'ElementType'.
[22:46:57.442]       Type 'FunctionComponent<any>' is not assignable to type '(props: any, deprecatedLegacyContext?: any) => ReactNode'.
[22:46:57.442]         Type 'ReactElement<any, string | JSXElementConstructor<any>> | null' is not assignable to type 'ReactNode'.
[22:46:57.442]           Type 'ReactElement<any, string | JSXElementConstructor<any>>' is not assignable to type 'ReactNode'.
[22:46:57.442] src/app/therapy/sessions/page.tsx(381,22): error TS2786: 'CheckCircle' cannot be used as a JSX component.
[22:46:57.442]   Its type 'ComponentType<any>' is not a valid JSX element type.
[22:46:57.442]     Type 'FunctionComponent<any>' is not assignable to type 'ElementType'.
[22:46:57.442]       Type 'FunctionComponent<any>' is not assignable to type '(props: any, deprecatedLegacyContext?: any) => ReactNode'.
[22:46:57.442]         Type 'ReactElement<any, string | JSXElementConstructor<any>> | null' is not assignable to type 'ReactNode'.
[22:46:57.443]           Type 'ReactElement<any, string | JSXElementConstructor<any>>' is not assignable to type 'ReactNode'.
[22:46:57.443] src/app/therapy/sessions/page.tsx(388,22): error TS2786: 'CheckCircle' cannot be used as a JSX component.
[22:46:57.443]   Its type 'ComponentType<any>' is not a valid JSX element type.
[22:46:57.443]     Type 'FunctionComponent<any>' is not assignable to type 'ElementType'.
[22:46:57.443]       Type 'FunctionComponent<any>' is not assignable to type '(props: any, deprecatedLegacyContext?: any) => ReactNode'.
[22:46:57.443]         Type 'ReactElement<any, string | JSXElementConstructor<any>> | null' is not assignable to type 'ReactNode'.
[22:46:57.443]           Type 'ReactElement<any, string | JSXElementConstructor<any>>' is not assignable to type 'ReactNode'.
[22:46:57.443] src/app/therapy/sessions/page.tsx(399,20): error TS2786: 'BookOpen' cannot be used as a JSX component.
[22:46:57.443]   Its type 'ComponentType<any>' is not a valid JSX element type.
[22:46:57.443]     Type 'FunctionComponent<any>' is not assignable to type 'ElementType'.
[22:46:57.443]       Type 'FunctionComponent<any>' is not assignable to type '(props: any, deprecatedLegacyContext?: any) => ReactNode'.
[22:46:57.443]         Type 'ReactElement<any, string | JSXElementConstructor<any>> | null' is not assignable to type 'ReactNode'.
[22:46:57.443]           Type 'ReactElement<any, string | JSXElementConstructor<any>>' is not assignable to type 'ReactNode'.
[22:46:57.443] src/app/therapy/sessions/page.tsx(428,18): error TS2786: 'Target' cannot be used as a JSX component.
[22:46:57.443]   Its type 'ComponentType<any>' is not a valid JSX element type.
[22:46:57.443]     Type 'FunctionComponent<any>' is not assignable to type 'ElementType'.
[22:46:57.443]       Type 'FunctionComponent<any>' is not assignable to type '(props: any, deprecatedLegacyContext?: any) => ReactNode'.
[22:46:57.443]         Type 'ReactElement<any, string | JSXElementConstructor<any>> | null' is not assignable to type 'ReactNode'.
[22:46:57.443]           Type 'ReactElement<any, string | JSXElementConstructor<any>>' is not assignable to type 'ReactNode'.
[22:46:57.443] src/app/therapy/sessions/page.tsx(434,22): error TS2786: 'MessageCircle' cannot be used as a JSX component.
[22:46:57.443]   Its type 'ComponentType<any>' is not a valid JSX element type.
[22:46:57.443]     Type 'FunctionComponent<any>' is not assignable to type 'ElementType'.
[22:46:57.443]       Type 'FunctionComponent<any>' is not assignable to type '(props: any, deprecatedLegacyContext?: any) => ReactNode'.
[22:46:57.443]         Type 'ReactElement<any, string | JSXElementConstructor<any>> | null' is not assignable to type 'ReactNode'.
[22:46:57.443]           Type 'ReactElement<any, string | JSXElementConstructor<any>>' is not assignable to type 'ReactNode'.
[22:46:57.443] src/app/therapy/sessions/page.tsx(443,22): error TS2786: 'Brain' cannot be used as a JSX component.
[22:46:57.443]   Its type 'ComponentType<any>' is not a valid JSX element type.
[22:46:57.443]     Type 'FunctionComponent<any>' is not assignable to type 'ElementType'.
[22:46:57.443]       Type 'FunctionComponent<any>' is not assignable to type '(props: any, deprecatedLegacyContext?: any) => ReactNode'.
[22:46:57.443]         Type 'ReactElement<any, string | JSXElementConstructor<any>> | null' is not assignable to type 'ReactNode'.
[22:46:57.443]           Type 'ReactElement<any, string | JSXElementConstructor<any>>' is not assignable to type 'ReactNode'.
[22:46:57.443] src/app/therapy/sessions/page.tsx(452,22): error TS2786: 'Target' cannot be used as a JSX component.
[22:46:57.443]   Its type 'ComponentType<any>' is not a valid JSX element type.
[22:46:57.443]     Type 'FunctionComponent<any>' is not assignable to type 'ElementType'.
[22:46:57.443]       Type 'FunctionComponent<any>' is not assignable to type '(props: any, deprecatedLegacyContext?: any) => ReactNode'.
[22:46:57.443]         Type 'ReactElement<any, string | JSXElementConstructor<any>> | null' is not assignable to type 'ReactNode'.
[22:46:57.443]           Type 'ReactElement<any, string | JSXElementConstructor<any>>' is not assignable to type 'ReactNode'.
[22:46:57.443] src/app/therapy/sessions/page.tsx(466,18): error TS2786: 'Link' cannot be used as a JSX component.
[22:46:57.444]   Its type 'ComponentType<any>' is not a valid JSX element type.
[22:46:57.444]     Type 'FunctionComponent<any>' is not assignable to type 'ElementType'.
[22:46:57.444]       Type 'FunctionComponent<any>' is not assignable to type '(props: any, deprecatedLegacyContext?: any) => ReactNode'.
[22:46:57.444]         Type 'ReactElement<any, string | JSXElementConstructor<any>> | null' is not assignable to type 'ReactNode'.
[22:46:57.444]           Type 'ReactElement<any, string | JSXElementConstructor<any>>' is not assignable to type 'ReactNode'.
[22:46:57.444] src/app/therapy/sessions/page.tsx(470,20): error TS2786: 'Plus' cannot be used as a JSX component.
[22:46:57.444]   Its type 'ComponentType<any>' is not a valid JSX element type.
[22:46:57.444]     Type 'FunctionComponent<any>' is not assignable to type 'ElementType'.
[22:46:57.444]       Type 'FunctionComponent<any>' is not assignable to type '(props: any, deprecatedLegacyContext?: any) => ReactNode'.
[22:46:57.444]         Type 'ReactElement<any, string | JSXElementConstructor<any>> | null' is not assignable to type 'ReactNode'.
[22:46:57.444]           Type 'ReactElement<any, string | JSXElementConstructor<any>>' is not assignable to type 'ReactNode'.
[22:46:57.444] src/app/therapy/sessions/page.tsx(473,18): error TS2786: 'Link' cannot be used as a JSX component.
[22:46:57.444]   Its type 'ComponentType<any>' is not a valid JSX element type.
[22:46:57.444]     Type 'FunctionComponent<any>' is not assignable to type 'ElementType'.
[22:46:57.444]       Type 'FunctionComponent<any>' is not assignable to type '(props: any, deprecatedLegacyContext?: any) => ReactNode'.
[22:46:57.444]         Type 'ReactElement<any, string | JSXElementConstructor<any>> | null' is not assignable to type 'ReactNode'.
[22:46:57.444]           Type 'ReactElement<any, string | JSXElementConstructor<any>>' is not assignable to type 'ReactNode'.
[22:46:57.444] src/app/therapy/sessions/page.tsx(477,20): error TS2786: 'BookOpen' cannot be used as a JSX component.
[22:46:57.444]   Its type 'ComponentType<any>' is not a valid JSX element type.
[22:46:57.444]     Type 'FunctionComponent<any>' is not assignable to type 'ElementType'.
[22:46:57.444]       Type 'FunctionComponent<any>' is not assignable to type '(props: any, deprecatedLegacyContext?: any) => ReactNode'.
[22:46:57.444]         Type 'ReactElement<any, string | JSXElementConstructor<any>> | null' is not assignable to type 'ReactNode'.
[22:46:57.444]           Type 'ReactElement<any, string | JSXElementConstructor<any>>' is not assignable to type 'ReactNode'.
[22:46:57.444] src/app/therapy/sessions/page.tsx(480,18): error TS2786: 'Link' cannot be used as a JSX component.
[22:46:57.444]   Its type 'ComponentType<any>' is not a valid JSX element type.
[22:46:57.444]     Type 'FunctionComponent<any>' is not assignable to type 'ElementType'.
[22:46:57.444]       Type 'FunctionComponent<any>' is not assignable to type '(props: any, deprecatedLegacyContext?: any) => ReactNode'.
[22:46:57.444]         Type 'ReactElement<any, string | JSXElementConstructor<any>> | null' is not assignable to type 'ReactNode'.
[22:46:57.444]           Type 'ReactElement<any, string | JSXElementConstructor<any>>' is not assignable to type 'ReactNode'.
[22:46:57.444] src/app/therapy/sessions/page.tsx(484,20): error TS2786: 'Target' cannot be used as a JSX component.
[22:46:57.444]   Its type 'ComponentType<any>' is not a valid JSX element type.
[22:46:57.444]     Type 'FunctionComponent<any>' is not assignable to type 'ElementType'.
[22:46:57.444]       Type 'FunctionComponent<any>' is not assignable to type '(props: any, deprecatedLegacyContext?: any) => ReactNode'.
[22:46:57.444]         Type 'ReactElement<any, string | JSXElementConstructor<any>> | null' is not assignable to type 'ReactNode'.
[22:46:57.444]           Type 'ReactElement<any, string | JSXElementConstructor<any>>' is not assignable to type 'ReactNode'.
[22:46:57.444] src/app/therapy/sessions/page.tsx(487,18): error TS2786: 'Link' cannot be used as a JSX component.
[22:46:57.444]   Its type 'ComponentType<any>' is not a valid JSX element type.
[22:46:57.444]     Type 'FunctionComponent<any>' is not assignable to type 'ElementType'.
[22:46:57.444]       Type 'FunctionComponent<any>' is not assignable to type '(props: any, deprecatedLegacyContext?: any) => ReactNode'.
[22:46:57.445]         Type 'ReactElement<any, string | JSXElementConstructor<any>> | null' is not assignable to type 'ReactNode'.
[22:46:57.445]           Type 'ReactElement<any, string | JSXElementConstructor<any>>' is not assignable to type 'ReactNode'.
[22:46:57.445] src/app/therapy/sessions/page.tsx(491,20): error TS2786: 'Heart' cannot be used as a JSX component.
[22:46:57.445]   Its type 'ComponentType<any>' is not a valid JSX element type.
[22:46:57.445]     Type 'FunctionComponent<any>' is not assignable to type 'ElementType'.
[22:46:57.445]       Type 'FunctionComponent<any>' is not assignable to type '(props: any, deprecatedLegacyContext?: any) => ReactNode'.
[22:46:57.445]         Type 'ReactElement<any, string | JSXElementConstructor<any>> | null' is not assignable to type 'ReactNode'.
[22:46:57.445]           Type 'ReactElement<any, string | JSXElementConstructor<any>>' is not assignable to type 'ReactNode'.
[22:46:57.445] src/app/therapy/sessions/page.tsx(500,14): error TS2786: 'Link' cannot be used as a JSX component.
[22:46:57.445]   Its type 'ComponentType<any>' is not a valid JSX element type.
[22:46:57.445]     Type 'FunctionComponent<any>' is not assignable to type 'ElementType'.
[22:46:57.445]       Type 'FunctionComponent<any>' is not assignable to type '(props: any, deprecatedLegacyContext?: any) => ReactNode'.
[22:46:57.445]         Type 'ReactElement<any, string | JSXElementConstructor<any>> | null' is not assignable to type 'ReactNode'.
[22:46:57.445]           Type 'ReactElement<any, string | JSXElementConstructor<any>>' is not assignable to type 'ReactNode'.
[22:46:57.445] src/app/wellness/breathing/page.tsx(173,14): error TS2786: 'Link' cannot be used as a JSX component.
[22:46:57.445]   Its type 'ComponentType<any>' is not a valid JSX element type.
[22:46:57.445]     Type 'FunctionComponent<any>' is not assignable to type 'ElementType'.
[22:46:57.445]       Type 'FunctionComponent<any>' is not assignable to type '(props: any, deprecatedLegacyContext?: any) => ReactNode'.
[22:46:57.445]         Type 'ReactElement<any, string | JSXElementConstructor<any>> | null' is not assignable to type 'ReactNode'.
[22:46:57.445]           Type 'ReactElement<any, string | JSXElementConstructor<any>>' is not assignable to type 'ReactNode'.
[22:46:57.445] src/app/wellness/breathing/page.tsx(174,16): error TS2786: 'ArrowLeft' cannot be used as a JSX component.
[22:46:57.445]   Its type 'ComponentType<any>' is not a valid JSX element type.
[22:46:57.445]     Type 'FunctionComponent<any>' is not assignable to type 'ElementType'.
[22:46:57.445]       Type 'FunctionComponent<any>' is not assignable to type '(props: any, deprecatedLegacyContext?: any) => ReactNode'.
[22:46:57.445]         Type 'ReactElement<any, string | JSXElementConstructor<any>> | null' is not assignable to type 'ReactNode'.
[22:46:57.445]           Type 'ReactElement<any, string | JSXElementConstructor<any>>' is not assignable to type 'ReactNode'.
[22:46:57.445] src/app/wellness/breathing/page.tsx(178,18): error TS2786: 'Wind' cannot be used as a JSX component.
[22:46:57.445]   Its type 'ComponentType<any>' is not a valid JSX element type.
[22:46:57.445]     Type 'FunctionComponent<any>' is not assignable to type 'ElementType'.
[22:46:57.445]       Type 'FunctionComponent<any>' is not assignable to type '(props: any, deprecatedLegacyContext?: any) => ReactNode'.
[22:46:57.445]         Type 'ReactElement<any, string | JSXElementConstructor<any>> | null' is not assignable to type 'ReactNode'.
[22:46:57.445]           Type 'ReactElement<any, string | JSXElementConstructor<any>>' is not assignable to type 'ReactNode'.
[22:46:57.445] src/app/wellness/breathing/page.tsx(209,24): error TS2786: 'Wind' cannot be used as a JSX component.
[22:46:57.445]   Its type 'ComponentType<any>' is not a valid JSX element type.
[22:46:57.445]     Type 'FunctionComponent<any>' is not assignable to type 'ElementType'.
[22:46:57.445]       Type 'FunctionComponent<any>' is not assignable to type '(props: any, deprecatedLegacyContext?: any) => ReactNode'.
[22:46:57.445]         Type 'ReactElement<any, string | JSXElementConstructor<any>> | null' is not assignable to type 'ReactNode'.
[22:46:57.445]           Type 'ReactElement<any, string | JSXElementConstructor<any>>' is not assignable to type 'ReactNode'.
[22:46:57.446] src/app/wellness/breathing/page.tsx(245,24): error TS2786: 'Play' cannot be used as a JSX component.
[22:46:57.446]   Its type 'ComponentType<any>' is not a valid JSX element type.
[22:46:57.446]     Type 'FunctionComponent<any>' is not assignable to type 'ElementType'.
[22:46:57.446]       Type 'FunctionComponent<any>' is not assignable to type '(props: any, deprecatedLegacyContext?: any) => ReactNode'.
[22:46:57.446]         Type 'ReactElement<any, string | JSXElementConstructor<any>> | null' is not assignable to type 'ReactNode'.
[22:46:57.446]           Type 'ReactElement<any, string | JSXElementConstructor<any>>' is not assignable to type 'ReactNode'.
[22:46:57.446] src/app/wellness/breathing/page.tsx(254,14): error TS2786: 'AnimatePresence' cannot be used as a JSX component.
[22:46:57.446]   Its type 'ComponentType<any>' is not a valid JSX element type.
[22:46:57.446]     Type 'FunctionComponent<any>' is not assignable to type 'ElementType'.
[22:46:57.446]       Type 'FunctionComponent<any>' is not assignable to type '(props: any, deprecatedLegacyContext?: any) => ReactNode'.
[22:46:57.446]         Type 'ReactElement<any, string | JSXElementConstructor<any>> | null' is not assignable to type 'ReactNode'.
[22:46:57.446]           Type 'ReactElement<any, string | JSXElementConstructor<any>>' is not assignable to type 'ReactNode'.
[22:46:57.446] src/app/wellness/breathing/page.tsx(313,28): error TS2786: 'Pause' cannot be used as a JSX component.
[22:46:57.446]   Its type 'ComponentType<any>' is not a valid JSX element type.
[22:46:57.446]     Type 'FunctionComponent<any>' is not assignable to type 'ElementType'.
[22:46:57.446]       Type 'FunctionComponent<any>' is not assignable to type '(props: any, deprecatedLegacyContext?: any) => ReactNode'.
[22:46:57.446]         Type 'ReactElement<any, string | JSXElementConstructor<any>> | null' is not assignable to type 'ReactNode'.
[22:46:57.446]           Type 'ReactElement<any, string | JSXElementConstructor<any>>' is not assignable to type 'ReactNode'.
[22:46:57.446] src/app/wellness/breathing/page.tsx(318,28): error TS2786: 'Play' cannot be used as a JSX component.
[22:46:57.446]   Its type 'ComponentType<any>' is not a valid JSX element type.
[22:46:57.446]     Type 'FunctionComponent<any>' is not assignable to type 'ElementType'.
[22:46:57.446]       Type 'FunctionComponent<any>' is not assignable to type '(props: any, deprecatedLegacyContext?: any) => ReactNode'.
[22:46:57.446]         Type 'ReactElement<any, string | JSXElementConstructor<any>> | null' is not assignable to type 'ReactNode'.
[22:46:57.446]           Type 'ReactElement<any, string | JSXElementConstructor<any>>' is not assignable to type 'ReactNode'.
[22:46:57.446] src/app/wellness/breathing/page.tsx(328,24): error TS2786: 'RotateCcw' cannot be used as a JSX component.
[22:46:57.446]   Its type 'ComponentType<any>' is not a valid JSX element type.
[22:46:57.446]     Type 'FunctionComponent<any>' is not assignable to type 'ElementType'.
[22:46:57.446]       Type 'FunctionComponent<any>' is not assignable to type '(props: any, deprecatedLegacyContext?: any) => ReactNode'.
[22:46:57.446]         Type 'ReactElement<any, string | JSXElementConstructor<any>> | null' is not assignable to type 'ReactNode'.
[22:46:57.446]           Type 'ReactElement<any, string | JSXElementConstructor<any>>' is not assignable to type 'ReactNode'.
[22:46:57.446] src/app/wellness/breathing/page.tsx(355,40): error TS2786: 'Volume2' cannot be used as a JSX component.
[22:46:57.446]   Its type 'ComponentType<any>' is not a valid JSX element type.
[22:46:57.446]     Type 'FunctionComponent<any>' is not assignable to type 'ElementType'.
[22:46:57.446]       Type 'FunctionComponent<any>' is not assignable to type '(props: any, deprecatedLegacyContext?: any) => ReactNode'.
[22:46:57.446]         Type 'ReactElement<any, string | JSXElementConstructor<any>> | null' is not assignable to type 'ReactNode'.
[22:46:57.446]           Type 'ReactElement<any, string | JSXElementConstructor<any>>' is not assignable to type 'ReactNode'.
[22:46:57.447] src/app/wellness/breathing/page.tsx(355,74): error TS2786: 'VolumeX' cannot be used as a JSX component.
[22:46:57.447]   Its type 'ComponentType<any>' is not a valid JSX element type.
[22:46:57.447]     Type 'FunctionComponent<any>' is not assignable to type 'ElementType'.
[22:46:57.447]       Type 'FunctionComponent<any>' is not assignable to type '(props: any, deprecatedLegacyContext?: any) => ReactNode'.
[22:46:57.447]         Type 'ReactElement<any, string | JSXElementConstructor<any>> | null' is not assignable to type 'ReactNode'.
[22:46:57.447]           Type 'ReactElement<any, string | JSXElementConstructor<any>>' is not assignable to type 'ReactNode'.
[22:46:57.447] src/app/wellness/breathing/page.tsx(378,16): error TS2786: 'HelpCircle' cannot be used as a JSX component.
[22:46:57.447]   Its type 'ComponentType<any>' is not a valid JSX element type.
[22:46:57.447]     Type 'FunctionComponent<any>' is not assignable to type 'ElementType'.
[22:46:57.447]       Type 'FunctionComponent<any>' is not assignable to type '(props: any, deprecatedLegacyContext?: any) => ReactNode'.
[22:46:57.447]         Type 'ReactElement<any, string | JSXElementConstructor<any>> | null' is not assignable to type 'ReactNode'.
[22:46:57.447]           Type 'ReactElement<any, string | JSXElementConstructor<any>>' is not assignable to type 'ReactNode'.
[22:46:57.447] src/app/wellness/breathing/page.tsx(385,20): error TS2786: 'Lightbulb' cannot be used as a JSX component.
[22:46:57.447]   Its type 'ComponentType<any>' is not a valid JSX element type.
[22:46:57.447]     Type 'FunctionComponent<any>' is not assignable to type 'ElementType'.
[22:46:57.447]       Type 'FunctionComponent<any>' is not assignable to type '(props: any, deprecatedLegacyContext?: any) => ReactNode'.
[22:46:57.447]         Type 'ReactElement<any, string | JSXElementConstructor<any>> | null' is not assignable to type 'ReactNode'.
[22:46:57.447]           Type 'ReactElement<any, string | JSXElementConstructor<any>>' is not assignable to type 'ReactNode'.
[22:46:57.447] src/app/wellness/breathing/page.tsx(390,22): error TS2786: 'CheckCircle' cannot be used as a JSX component.
[22:46:57.447]   Its type 'ComponentType<any>' is not a valid JSX element type.
[22:46:57.447]     Type 'FunctionComponent<any>' is not assignable to type 'ElementType'.
[22:46:57.447]       Type 'FunctionComponent<any>' is not assignable to type '(props: any, deprecatedLegacyContext?: any) => ReactNode'.
[22:46:57.447]         Type 'ReactElement<any, string | JSXElementConstructor<any>> | null' is not assignable to type 'ReactNode'.
[22:46:57.447]           Type 'ReactElement<any, string | JSXElementConstructor<any>>' is not assignable to type 'ReactNode'.
[22:46:57.447] src/app/wellness/breathing/page.tsx(397,22): error TS2786: 'CheckCircle' cannot be used as a JSX component.
[22:46:57.447]   Its type 'ComponentType<any>' is not a valid JSX element type.
[22:46:57.447]     Type 'FunctionComponent<any>' is not assignable to type 'ElementType'.
[22:46:57.447]       Type 'FunctionComponent<any>' is not assignable to type '(props: any, deprecatedLegacyContext?: any) => ReactNode'.
[22:46:57.447]         Type 'ReactElement<any, string | JSXElementConstructor<any>> | null' is not assignable to type 'ReactNode'.
[22:46:57.447]           Type 'ReactElement<any, string | JSXElementConstructor<any>>' is not assignable to type 'ReactNode'.
[22:46:57.447] src/app/wellness/breathing/page.tsx(404,22): error TS2786: 'CheckCircle' cannot be used as a JSX component.
[22:46:57.447]   Its type 'ComponentType<any>' is not a valid JSX element type.
[22:46:57.447]     Type 'FunctionComponent<any>' is not assignable to type 'ElementType'.
[22:46:57.447]       Type 'FunctionComponent<any>' is not assignable to type '(props: any, deprecatedLegacyContext?: any) => ReactNode'.
[22:46:57.447]         Type 'ReactElement<any, string | JSXElementConstructor<any>> | null' is not assignable to type 'ReactNode'.
[22:46:57.447]           Type 'ReactElement<any, string | JSXElementConstructor<any>>' is not assignable to type 'ReactNode'.
[22:46:57.447] src/app/wellness/breathing/page.tsx(411,22): error TS2786: 'CheckCircle' cannot be used as a JSX component.
[22:46:57.447]   Its type 'ComponentType<any>' is not a valid JSX element type.
[22:46:57.448]     Type 'FunctionComponent<any>' is not assignable to type 'ElementType'.
[22:46:57.448]       Type 'FunctionComponent<any>' is not assignable to type '(props: any, deprecatedLegacyContext?: any) => ReactNode'.
[22:46:57.448]         Type 'ReactElement<any, string | JSXElementConstructor<any>> | null' is not assignable to type 'ReactNode'.
[22:46:57.448]           Type 'ReactElement<any, string | JSXElementConstructor<any>>' is not assignable to type 'ReactNode'.
[22:46:57.448] src/app/wellness/breathing/page.tsx(422,20): error TS2786: 'BookOpen' cannot be used as a JSX component.
[22:46:57.448]   Its type 'ComponentType<any>' is not a valid JSX element type.
[22:46:57.448]     Type 'FunctionComponent<any>' is not assignable to type 'ElementType'.
[22:46:57.448]       Type 'FunctionComponent<any>' is not assignable to type '(props: any, deprecatedLegacyContext?: any) => ReactNode'.
[22:46:57.448]         Type 'ReactElement<any, string | JSXElementConstructor<any>> | null' is not assignable to type 'ReactNode'.
[22:46:57.448]           Type 'ReactElement<any, string | JSXElementConstructor<any>>' is not assignable to type 'ReactNode'.
[22:46:57.448] src/app/wellness/breathing/page.tsx(457,18): error TS2786: 'AlertCircle' cannot be used as a JSX component.
[22:46:57.448]   Its type 'ComponentType<any>' is not a valid JSX element type.
[22:46:57.448]     Type 'FunctionComponent<any>' is not assignable to type 'ElementType'.
[22:46:57.448]       Type 'FunctionComponent<any>' is not assignable to type '(props: any, deprecatedLegacyContext?: any) => ReactNode'.
[22:46:57.448]         Type 'ReactElement<any, string | JSXElementConstructor<any>> | null' is not assignable to type 'ReactNode'.
[22:46:57.448]           Type 'ReactElement<any, string | JSXElementConstructor<any>>' is not assignable to type 'ReactNode'.
[22:46:57.448] src/app/wellness/breathing/page.tsx(474,18): error TS2786: 'Link' cannot be used as a JSX component.
[22:46:57.448]   Its type 'ComponentType<any>' is not a valid JSX element type.
[22:46:57.448]     Type 'FunctionComponent<any>' is not assignable to type 'ElementType'.
[22:46:57.448]       Type 'FunctionComponent<any>' is not assignable to type '(props: any, deprecatedLegacyContext?: any) => ReactNode'.
[22:46:57.448]         Type 'ReactElement<any, string | JSXElementConstructor<any>> | null' is not assignable to type 'ReactNode'.
[22:46:57.448]           Type 'ReactElement<any, string | JSXElementConstructor<any>>' is not assignable to type 'ReactNode'.
[22:46:57.448] src/app/wellness/breathing/page.tsx(478,20): error TS2786: 'Brain' cannot be used as a JSX component.
[22:46:57.448]   Its type 'ComponentType<any>' is not a valid JSX element type.
[22:46:57.448]     Type 'FunctionComponent<any>' is not assignable to type 'ElementType'.
[22:46:57.448]       Type 'FunctionComponent<any>' is not assignable to type '(props: any, deprecatedLegacyContext?: any) => ReactNode'.
[22:46:57.448]         Type 'ReactElement<any, string | JSXElementConstructor<any>> | null' is not assignable to type 'ReactNode'.
[22:46:57.448]           Type 'ReactElement<any, string | JSXElementConstructor<any>>' is not assignable to type 'ReactNode'.
[22:46:57.448] src/app/wellness/breathing/page.tsx(481,18): error TS2786: 'Link' cannot be used as a JSX component.
[22:46:57.448]   Its type 'ComponentType<any>' is not a valid JSX element type.
[22:46:57.448]     Type 'FunctionComponent<any>' is not assignable to type 'ElementType'.
[22:46:57.448]       Type 'FunctionComponent<any>' is not assignable to type '(props: any, deprecatedLegacyContext?: any) => ReactNode'.
[22:46:57.448]         Type 'ReactElement<any, string | JSXElementConstructor<any>> | null' is not assignable to type 'ReactNode'.
[22:46:57.448]           Type 'ReactElement<any, string | JSXElementConstructor<any>>' is not assignable to type 'ReactNode'.
[22:46:57.448] src/app/wellness/breathing/page.tsx(485,20): error TS2786: 'BookOpen' cannot be used as a JSX component.
[22:46:57.448]   Its type 'ComponentType<any>' is not a valid JSX element type.
[22:46:57.448]     Type 'FunctionComponent<any>' is not assignable to type 'ElementType'.
[22:46:57.449]       Type 'FunctionComponent<any>' is not assignable to type '(props: any, deprecatedLegacyContext?: any) => ReactNode'.
[22:46:57.449]         Type 'ReactElement<any, string | JSXElementConstructor<any>> | null' is not assignable to type 'ReactNode'.
[22:46:57.449]           Type 'ReactElement<any, string | JSXElementConstructor<any>>' is not assignable to type 'ReactNode'.
[22:46:57.449] src/app/wellness/breathing/page.tsx(488,18): error TS2786: 'Link' cannot be used as a JSX component.
[22:46:57.449]   Its type 'ComponentType<any>' is not a valid JSX element type.
[22:46:57.449]     Type 'FunctionComponent<any>' is not assignable to type 'ElementType'.
[22:46:57.449]       Type 'FunctionComponent<any>' is not assignable to type '(props: any, deprecatedLegacyContext?: any) => ReactNode'.
[22:46:57.449]         Type 'ReactElement<any, string | JSXElementConstructor<any>> | null' is not assignable to type 'ReactNode'.
[22:46:57.449]           Type 'ReactElement<any, string | JSXElementConstructor<any>>' is not assignable to type 'ReactNode'.
[22:46:57.449] src/app/wellness/breathing/page.tsx(492,20): error TS2786: 'Heart' cannot be used as a JSX component.
[22:46:57.449]   Its type 'ComponentType<any>' is not a valid JSX element type.
[22:46:57.449]     Type 'FunctionComponent<any>' is not assignable to type 'ElementType'.
[22:46:57.449]       Type 'FunctionComponent<any>' is not assignable to type '(props: any, deprecatedLegacyContext?: any) => ReactNode'.
[22:46:57.449]         Type 'ReactElement<any, string | JSXElementConstructor<any>> | null' is not assignable to type 'ReactNode'.
[22:46:57.449]           Type 'ReactElement<any, string | JSXElementConstructor<any>>' is not assignable to type 'ReactNode'.
[22:46:57.449] src/app/wellness/breathing/page.tsx(512,18): error TS2786: 'Heart' cannot be used as a JSX component.
[22:46:57.449]   Its type 'ComponentType<any>' is not a valid JSX element type.
[22:46:57.449]     Type 'FunctionComponent<any>' is not assignable to type 'ElementType'.
[22:46:57.449]       Type 'FunctionComponent<any>' is not assignable to type '(props: any, deprecatedLegacyContext?: any) => ReactNode'.
[22:46:57.449]         Type 'ReactElement<any, string | JSXElementConstructor<any>> | null' is not assignable to type 'ReactNode'.
[22:46:57.449]           Type 'ReactElement<any, string | JSXElementConstructor<any>>' is not assignable to type 'ReactNode'.
[22:46:57.449] src/app/wellness/breathing/page.tsx(519,18): error TS2786: 'Brain' cannot be used as a JSX component.
[22:46:57.449]   Its type 'ComponentType<any>' is not a valid JSX element type.
[22:46:57.449]     Type 'FunctionComponent<any>' is not assignable to type 'ElementType'.
[22:46:57.449]       Type 'FunctionComponent<any>' is not assignable to type '(props: any, deprecatedLegacyContext?: any) => ReactNode'.
[22:46:57.449]         Type 'ReactElement<any, string | JSXElementConstructor<any>> | null' is not assignable to type 'ReactNode'.
[22:46:57.449]           Type 'ReactElement<any, string | JSXElementConstructor<any>>' is not assignable to type 'ReactNode'.
[22:46:57.449] src/app/wellness/breathing/page.tsx(526,18): error TS2786: 'Timer' cannot be used as a JSX component.
[22:46:57.449]   Its type 'ComponentType<any>' is not a valid JSX element type.
[22:46:57.449]     Type 'FunctionComponent<any>' is not assignable to type 'ElementType'.
[22:46:57.449]       Type 'FunctionComponent<any>' is not assignable to type '(props: any, deprecatedLegacyContext?: any) => ReactNode'.
[22:46:57.449]         Type 'ReactElement<any, string | JSXElementConstructor<any>> | null' is not assignable to type 'ReactNode'.
[22:46:57.449]           Type 'ReactElement<any, string | JSXElementConstructor<any>>' is not assignable to type 'ReactNode'.
[22:46:57.449] src/app/wellness/mood-tracker/page.tsx(100,14): error TS2786: 'Link' cannot be used as a JSX component.
[22:46:57.450]   Its type 'ComponentType<any>' is not a valid JSX element type.
[22:46:57.450]     Type 'FunctionComponent<any>' is not assignable to type 'ElementType'.
[22:46:57.450]       Type 'FunctionComponent<any>' is not assignable to type '(props: any, deprecatedLegacyContext?: any) => ReactNode'.
[22:46:57.450]         Type 'ReactElement<any, string | JSXElementConstructor<any>> | null' is not assignable to type 'ReactNode'.
[22:46:57.450]           Type 'ReactElement<any, string | JSXElementConstructor<any>>' is not assignable to type 'ReactNode'.
[22:46:57.450] src/app/wellness/mood-tracker/page.tsx(101,16): error TS2786: 'ArrowLeft' cannot be used as a JSX component.
[22:46:57.450]   Its type 'ComponentType<any>' is not a valid JSX element type.
[22:46:57.450]     Type 'FunctionComponent<any>' is not assignable to type 'ElementType'.
[22:46:57.450]       Type 'FunctionComponent<any>' is not assignable to type '(props: any, deprecatedLegacyContext?: any) => ReactNode'.
[22:46:57.450]         Type 'ReactElement<any, string | JSXElementConstructor<any>> | null' is not assignable to type 'ReactNode'.
[22:46:57.450]           Type 'ReactElement<any, string | JSXElementConstructor<any>>' is not assignable to type 'ReactNode'.
[22:46:57.450] src/app/wellness/mood-tracker/page.tsx(105,18): error TS2786: 'Heart' cannot be used as a JSX component.
[22:46:57.450]   Its type 'ComponentType<any>' is not a valid JSX element type.
[22:46:57.450]     Type 'FunctionComponent<any>' is not assignable to type 'ElementType'.
[22:46:57.450]       Type 'FunctionComponent<any>' is not assignable to type '(props: any, deprecatedLegacyContext?: any) => ReactNode'.
[22:46:57.450]         Type 'ReactElement<any, string | JSXElementConstructor<any>> | null' is not assignable to type 'ReactNode'.
[22:46:57.450]           Type 'ReactElement<any, string | JSXElementConstructor<any>>' is not assignable to type 'ReactNode'.
[22:46:57.450] src/app/wellness/mood-tracker/page.tsx(141,26): error TS2786: 'option.icon' cannot be used as a JSX component.
[22:46:57.450]   Its type 'ComponentType<any>' is not a valid JSX element type.
[22:46:57.450]     Type 'FunctionComponent<any>' is not assignable to type 'ElementType'.
[22:46:57.450]       Type 'FunctionComponent<any>' is not assignable to type '(props: any, deprecatedLegacyContext?: any) => ReactNode'.
[22:46:57.450]         Type 'ReactElement<any, string | JSXElementConstructor<any>> | null' is not assignable to type 'ReactNode'.
[22:46:57.450]           Type 'ReactElement<any, string | JSXElementConstructor<any>>' is not assignable to type 'ReactNode'.
[22:46:57.450] src/app/wellness/mood-tracker/page.tsx(212,20): error TS2786: 'Save' cannot be used as a JSX component.
[22:46:57.450]   Its type 'ComponentType<any>' is not a valid JSX element type.
[22:46:57.450]     Type 'FunctionComponent<any>' is not assignable to type 'ElementType'.
[22:46:57.450]       Type 'FunctionComponent<any>' is not assignable to type '(props: any, deprecatedLegacyContext?: any) => ReactNode'.
[22:46:57.450]         Type 'ReactElement<any, string | JSXElementConstructor<any>> | null' is not assignable to type 'ReactNode'.
[22:46:57.450]           Type 'ReactElement<any, string | JSXElementConstructor<any>>' is not assignable to type 'ReactNode'.
[22:46:57.450] src/app/wellness/mood-tracker/page.tsx(258,22): error TS2786: 'TrendingUp' cannot be used as a JSX component.
[22:46:57.450]   Its type 'ComponentType<any>' is not a valid JSX element type.
[22:46:57.450]     Type 'FunctionComponent<any>' is not assignable to type 'ElementType'.
[22:46:57.450]       Type 'FunctionComponent<any>' is not assignable to type '(props: any, deprecatedLegacyContext?: any) => ReactNode'.
[22:46:57.450]         Type 'ReactElement<any, string | JSXElementConstructor<any>> | null' is not assignable to type 'ReactNode'.
[22:46:57.450]           Type 'ReactElement<any, string | JSXElementConstructor<any>>' is not assignable to type 'ReactNode'.
[22:46:57.450] src/app/wellness/mood-tracker/page.tsx(265,22): error TS2786: 'BarChart3' cannot be used as a JSX component.
[22:46:57.450]   Its type 'ComponentType<any>' is not a valid JSX element type.
[22:46:57.451]     Type 'FunctionComponent<any>' is not assignable to type 'ElementType'.
[22:46:57.451]       Type 'FunctionComponent<any>' is not assignable to type '(props: any, deprecatedLegacyContext?: any) => ReactNode'.
[22:46:57.451]         Type 'ReactElement<any, string | JSXElementConstructor<any>> | null' is not assignable to type 'ReactNode'.
[22:46:57.451]           Type 'ReactElement<any, string | JSXElementConstructor<any>>' is not assignable to type 'ReactNode'.
[22:46:57.451] src/app/wellness/mood-tracker/page.tsx(272,22): error TS2786: 'Calendar' cannot be used as a JSX component.
[22:46:57.451]   Its type 'ComponentType<any>' is not a valid JSX element type.
[22:46:57.451]     Type 'FunctionComponent<any>' is not assignable to type 'ElementType'.
[22:46:57.451]       Type 'FunctionComponent<any>' is not assignable to type '(props: any, deprecatedLegacyContext?: any) => ReactNode'.
[22:46:57.451]         Type 'ReactElement<any, string | JSXElementConstructor<any>> | null' is not assignable to type 'ReactNode'.
[22:46:57.451]           Type 'ReactElement<any, string | JSXElementConstructor<any>>' is not assignable to type 'ReactNode'.
[22:46:57.451] src/app/wellness/mood-tracker/page.tsx(291,16): error TS2786: 'HelpCircle' cannot be used as a JSX component.
[22:46:57.451]   Its type 'ComponentType<any>' is not a valid JSX element type.
[22:46:57.451]     Type 'FunctionComponent<any>' is not assignable to type 'ElementType'.
[22:46:57.451]       Type 'FunctionComponent<any>' is not assignable to type '(props: any, deprecatedLegacyContext?: any) => ReactNode'.
[22:46:57.451]         Type 'ReactElement<any, string | JSXElementConstructor<any>> | null' is not assignable to type 'ReactNode'.
[22:46:57.451]           Type 'ReactElement<any, string | JSXElementConstructor<any>>' is not assignable to type 'ReactNode'.
[22:46:57.451] src/app/wellness/mood-tracker/page.tsx(298,20): error TS2786: 'Lightbulb' cannot be used as a JSX component.
[22:46:57.451]   Its type 'ComponentType<any>' is not a valid JSX element type.
[22:46:57.451]     Type 'FunctionComponent<any>' is not assignable to type 'ElementType'.
[22:46:57.451]       Type 'FunctionComponent<any>' is not assignable to type '(props: any, deprecatedLegacyContext?: any) => ReactNode'.
[22:46:57.451]         Type 'ReactElement<any, string | JSXElementConstructor<any>> | null' is not assignable to type 'ReactNode'.
[22:46:57.451]           Type 'ReactElement<any, string | JSXElementConstructor<any>>' is not assignable to type 'ReactNode'.
[22:46:57.451] src/app/wellness/mood-tracker/page.tsx(303,22): error TS2786: 'CheckCircle' cannot be used as a JSX component.
[22:46:57.451]   Its type 'ComponentType<any>' is not a valid JSX element type.
[22:46:57.451]     Type 'FunctionComponent<any>' is not assignable to type 'ElementType'.
[22:46:57.451]       Type 'FunctionComponent<any>' is not assignable to type '(props: any, deprecatedLegacyContext?: any) => ReactNode'.
[22:46:57.451]         Type 'ReactElement<any, string | JSXElementConstructor<any>> | null' is not assignable to type 'ReactNode'.
[22:46:57.451]           Type 'ReactElement<any, string | JSXElementConstructor<any>>' is not assignable to type 'ReactNode'.
[22:46:57.451] src/app/wellness/mood-tracker/page.tsx(310,22): error TS2786: 'CheckCircle' cannot be used as a JSX component.
[22:46:57.451]   Its type 'ComponentType<any>' is not a valid JSX element type.
[22:46:57.451]     Type 'FunctionComponent<any>' is not assignable to type 'ElementType'.
[22:46:57.451]       Type 'FunctionComponent<any>' is not assignable to type '(props: any, deprecatedLegacyContext?: any) => ReactNode'.
[22:46:57.451]         Type 'ReactElement<any, string | JSXElementConstructor<any>> | null' is not assignable to type 'ReactNode'.
[22:46:57.451]           Type 'ReactElement<any, string | JSXElementConstructor<any>>' is not assignable to type 'ReactNode'.
[22:46:57.451] src/app/wellness/mood-tracker/page.tsx(317,22): error TS2786: 'CheckCircle' cannot be used as a JSX component.
[22:46:57.452]   Its type 'ComponentType<any>' is not a valid JSX element type.
[22:46:57.452]     Type 'FunctionComponent<any>' is not assignable to type 'ElementType'.
[22:46:57.452]       Type 'FunctionComponent<any>' is not assignable to type '(props: any, deprecatedLegacyContext?: any) => ReactNode'.
[22:46:57.452]         Type 'ReactElement<any, string | JSXElementConstructor<any>> | null' is not assignable to type 'ReactNode'.
[22:46:57.452]           Type 'ReactElement<any, string | JSXElementConstructor<any>>' is not assignable to type 'ReactNode'.
[22:46:57.452] src/app/wellness/mood-tracker/page.tsx(324,22): error TS2786: 'CheckCircle' cannot be used as a JSX component.
[22:46:57.452]   Its type 'ComponentType<any>' is not a valid JSX element type.
[22:46:57.452]     Type 'FunctionComponent<any>' is not assignable to type 'ElementType'.
[22:46:57.453]       Type 'FunctionComponent<any>' is not assignable to type '(props: any, deprecatedLegacyContext?: any) => ReactNode'.
[22:46:57.453]         Type 'ReactElement<any, string | JSXElementConstructor<any>> | null' is not assignable to type 'ReactNode'.
[22:46:57.453]           Type 'ReactElement<any, string | JSXElementConstructor<any>>' is not assignable to type 'ReactNode'.
[22:46:57.453] src/app/wellness/mood-tracker/page.tsx(335,20): error TS2786: 'BookOpen' cannot be used as a JSX component.
[22:46:57.453]   Its type 'ComponentType<any>' is not a valid JSX element type.
[22:46:57.453]     Type 'FunctionComponent<any>' is not assignable to type 'ElementType'.
[22:46:57.453]       Type 'FunctionComponent<any>' is not assignable to type '(props: any, deprecatedLegacyContext?: any) => ReactNode'.
[22:46:57.453]         Type 'ReactElement<any, string | JSXElementConstructor<any>> | null' is not assignable to type 'ReactNode'.
[22:46:57.453]           Type 'ReactElement<any, string | JSXElementConstructor<any>>' is not assignable to type 'ReactNode'.
[22:46:57.453] src/app/wellness/mood-tracker/page.tsx(365,18): error TS2786: 'Link' cannot be used as a JSX component.
[22:46:57.453]   Its type 'ComponentType<any>' is not a valid JSX element type.
[22:46:57.453]     Type 'FunctionComponent<any>' is not assignable to type 'ElementType'.
[22:46:57.453]       Type 'FunctionComponent<any>' is not assignable to type '(props: any, deprecatedLegacyContext?: any) => ReactNode'.
[22:46:57.453]         Type 'ReactElement<any, string | JSXElementConstructor<any>> | null' is not assignable to type 'ReactNode'.
[22:46:57.453]           Type 'ReactElement<any, string | JSXElementConstructor<any>>' is not assignable to type 'ReactNode'.
[22:46:57.453] src/app/wellness/mood-tracker/page.tsx(369,20): error TS2786: 'Heart' cannot be used as a JSX component.
[22:46:57.453]   Its type 'ComponentType<any>' is not a valid JSX element type.
[22:46:57.453]     Type 'FunctionComponent<any>' is not assignable to type 'ElementType'.
[22:46:57.453]       Type 'FunctionComponent<any>' is not assignable to type '(props: any, deprecatedLegacyContext?: any) => ReactNode'.
[22:46:57.453]         Type 'ReactElement<any, string | JSXElementConstructor<any>> | null' is not assignable to type 'ReactNode'.
[22:46:57.453]           Type 'ReactElement<any, string | JSXElementConstructor<any>>' is not assignable to type 'ReactNode'.
[22:46:57.453] src/app/wellness/mood-tracker/page.tsx(372,18): error TS2786: 'Link' cannot be used as a JSX component.
[22:46:57.453]   Its type 'ComponentType<any>' is not a valid JSX element type.
[22:46:57.453]     Type 'FunctionComponent<any>' is not assignable to type 'ElementType'.
[22:46:57.453]       Type 'FunctionComponent<any>' is not assignable to type '(props: any, deprecatedLegacyContext?: any) => ReactNode'.
[22:46:57.453]         Type 'ReactElement<any, string | JSXElementConstructor<any>> | null' is not assignable to type 'ReactNode'.
[22:46:57.453]           Type 'ReactElement<any, string | JSXElementConstructor<any>>' is not assignable to type 'ReactNode'.
[22:46:57.453] src/app/wellness/mood-tracker/page.tsx(376,20): error TS2786: 'BookOpen' cannot be used as a JSX component.
[22:46:57.453]   Its type 'ComponentType<any>' is not a valid JSX element type.
[22:46:57.453]     Type 'FunctionComponent<any>' is not assignable to type 'ElementType'.
[22:46:57.453]       Type 'FunctionComponent<any>' is not assignable to type '(props: any, deprecatedLegacyContext?: any) => ReactNode'.
[22:46:57.453]         Type 'ReactElement<any, string | JSXElementConstructor<any>> | null' is not assignable to type 'ReactNode'.
[22:46:57.453]           Type 'ReactElement<any, string | JSXElementConstructor<any>>' is not assignable to type 'ReactNode'.
[22:46:57.453] src/app/wellness/mood-tracker/page.tsx(379,18): error TS2786: 'Link' cannot be used as a JSX component.
[22:46:57.453]   Its type 'ComponentType<any>' is not a valid JSX element type.
[22:46:57.453]     Type 'FunctionComponent<any>' is not assignable to type 'ElementType'.
[22:46:57.453]       Type 'FunctionComponent<any>' is not assignable to type '(props: any, deprecatedLegacyContext?: any) => ReactNode'.
[22:46:57.453]         Type 'ReactElement<any, string | JSXElementConstructor<any>> | null' is not assignable to type 'ReactNode'.
[22:46:57.453]           Type 'ReactElement<any, string | JSXElementConstructor<any>>' is not assignable to type 'ReactNode'.
[22:46:57.453] src/app/wellness/mood-tracker/page.tsx(383,20): error TS2786: 'CheckCircle' cannot be used as a JSX component.
[22:46:57.454]   Its type 'ComponentType<any>' is not a valid JSX element type.
[22:46:57.454]     Type 'FunctionComponent<any>' is not assignable to type 'ElementType'.
[22:46:57.454]       Type 'FunctionComponent<any>' is not assignable to type '(props: any, deprecatedLegacyContext?: any) => ReactNode'.
[22:46:57.454]         Type 'ReactElement<any, string | JSXElementConstructor<any>> | null' is not assignable to type 'ReactNode'.
[22:46:57.454]           Type 'ReactElement<any, string | JSXElementConstructor<any>>' is not assignable to type 'ReactNode'.
[22:46:57.454] src/app/wellness/mood-tracker/page.tsx(386,18): error TS2786: 'Link' cannot be used as a JSX component.
[22:46:57.454]   Its type 'ComponentType<any>' is not a valid JSX element type.
[22:46:57.454]     Type 'FunctionComponent<any>' is not assignable to type 'ElementType'.
[22:46:57.454]       Type 'FunctionComponent<any>' is not assignable to type '(props: any, deprecatedLegacyContext?: any) => ReactNode'.
[22:46:57.454]         Type 'ReactElement<any, string | JSXElementConstructor<any>> | null' is not assignable to type 'ReactNode'.
[22:46:57.454]           Type 'ReactElement<any, string | JSXElementConstructor<any>>' is not assignable to type 'ReactNode'.
[22:46:57.454] src/app/wellness/mood-tracker/page.tsx(390,20): error TS2786: 'HelpCircle' cannot be used as a JSX component.
[22:46:57.454]   Its type 'ComponentType<any>' is not a valid JSX element type.
[22:46:57.454]     Type 'FunctionComponent<any>' is not assignable to type 'ElementType'.
[22:46:57.454]       Type 'FunctionComponent<any>' is not assignable to type '(props: any, deprecatedLegacyContext?: any) => ReactNode'.
[22:46:57.454]         Type 'ReactElement<any, string | JSXElementConstructor<any>> | null' is not assignable to type 'ReactNode'.
[22:46:57.454]           Type 'ReactElement<any, string | JSXElementConstructor<any>>' is not assignable to type 'ReactNode'.
[22:46:57.454] src/app/wellness/mood-tracker/page.tsx(399,14): error TS2786: 'Link' cannot be used as a JSX component.
[22:46:57.454]   Its type 'ComponentType<any>' is not a valid JSX element type.
[22:46:57.454]     Type 'FunctionComponent<any>' is not assignable to type 'ElementType'.
[22:46:57.454]       Type 'FunctionComponent<any>' is not assignable to type '(props: any, deprecatedLegacyContext?: any) => ReactNode'.
[22:46:57.454]         Type 'ReactElement<any, string | JSXElementConstructor<any>> | null' is not assignable to type 'ReactNode'.
[22:46:57.454]           Type 'ReactElement<any, string | JSXElementConstructor<any>>' is not assignable to type 'ReactNode'.
[22:46:57.454] src/app/wellness/page.tsx(99,18): error TS2786: 'Heart' cannot be used as a JSX component.
[22:46:57.454]   Its type 'ComponentType<any>' is not a valid JSX element type.
[22:46:57.454]     Type 'FunctionComponent<any>' is not assignable to type 'ElementType'.
[22:46:57.454]       Type 'FunctionComponent<any>' is not assignable to type '(props: any, deprecatedLegacyContext?: any) => ReactNode'.
[22:46:57.454]         Type 'ReactElement<any, string | JSXElementConstructor<any>> | null' is not assignable to type 'ReactNode'.
[22:46:57.454]           Type 'ReactElement<any, string | JSXElementConstructor<any>>' is not assignable to type 'ReactNode'.
[22:46:57.454] src/app/wellness/page.tsx(134,20): error TS2786: 'action.icon' cannot be used as a JSX component.
[22:46:57.454]   Its type 'ComponentType<any>' is not a valid JSX element type.
[22:46:57.454]     Type 'FunctionComponent<any>' is not assignable to type 'ElementType'.
[22:46:57.454]       Type 'FunctionComponent<any>' is not assignable to type '(props: any, deprecatedLegacyContext?: any) => ReactNode'.
[22:46:57.454]         Type 'ReactElement<any, string | JSXElementConstructor<any>> | null' is not assignable to type 'ReactNode'.
[22:46:57.454]           Type 'ReactElement<any, string | JSXElementConstructor<any>>' is not assignable to type 'ReactNode'.
[22:46:57.454] src/app/wellness/page.tsx(170,22): error TS2786: 'tool.icon' cannot be used as a JSX component.
[22:46:57.454]   Its type 'ComponentType<any>' is not a valid JSX element type.
[22:46:57.454]     Type 'FunctionComponent<any>' is not assignable to type 'ElementType'.
[22:46:57.454]       Type 'FunctionComponent<any>' is not assignable to type '(props: any, deprecatedLegacyContext?: any) => ReactNode'.
[22:46:57.454]         Type 'ReactElement<any, string | JSXElementConstructor<any>> | null' is not assignable to type 'ReactNode'.
[22:46:57.455]           Type 'ReactElement<any, string | JSXElementConstructor<any>>' is not assignable to type 'ReactNode'.
[22:46:57.455] src/app/wellness/page.tsx(182,24): error TS2786: 'ArrowRight' cannot be used as a JSX component.
[22:46:57.455]   Its type 'ComponentType<any>' is not a valid JSX element type.
[22:46:57.455]     Type 'FunctionComponent<any>' is not assignable to type 'ElementType'.
[22:46:57.455]       Type 'FunctionComponent<any>' is not assignable to type '(props: any, deprecatedLegacyContext?: any) => ReactNode'.
[22:46:57.455]         Type 'ReactElement<any, string | JSXElementConstructor<any>> | null' is not assignable to type 'ReactNode'.
[22:46:57.455]           Type 'ReactElement<any, string | JSXElementConstructor<any>>' is not assignable to type 'ReactNode'.
[22:46:57.455] src/app/wellness/page.tsx(204,20): error TS2786: 'CheckCircle' cannot be used as a JSX component.
[22:46:57.455]   Its type 'ComponentType<any>' is not a valid JSX element type.
[22:46:57.455]     Type 'FunctionComponent<any>' is not assignable to type 'ElementType'.
[22:46:57.455]       Type 'FunctionComponent<any>' is not assignable to type '(props: any, deprecatedLegacyContext?: any) => ReactNode'.
[22:46:57.455]         Type 'ReactElement<any, string | JSXElementConstructor<any>> | null' is not assignable to type 'ReactNode'.
[22:46:57.455]           Type 'ReactElement<any, string | JSXElementConstructor<any>>' is not assignable to type 'ReactNode'.
[22:46:57.455] src/app/wellness/page.tsx(208,20): error TS2786: 'CheckCircle' cannot be used as a JSX component.
[22:46:57.455]   Its type 'ComponentType<any>' is not a valid JSX element type.
[22:46:57.455]     Type 'FunctionComponent<any>' is not assignable to type 'ElementType'.
[22:46:57.455]       Type 'FunctionComponent<any>' is not assignable to type '(props: any, deprecatedLegacyContext?: any) => ReactNode'.
[22:46:57.455]         Type 'ReactElement<any, string | JSXElementConstructor<any>> | null' is not assignable to type 'ReactNode'.
[22:46:57.455]           Type 'ReactElement<any, string | JSXElementConstructor<any>>' is not assignable to type 'ReactNode'.
[22:46:57.455] src/app/wellness/page.tsx(212,20): error TS2786: 'CheckCircle' cannot be used as a JSX component.
[22:46:57.455]   Its type 'ComponentType<any>' is not a valid JSX element type.
[22:46:57.455]     Type 'FunctionComponent<any>' is not assignable to type 'ElementType'.
[22:46:57.455]       Type 'FunctionComponent<any>' is not assignable to type '(props: any, deprecatedLegacyContext?: any) => ReactNode'.
[22:46:57.455]         Type 'ReactElement<any, string | JSXElementConstructor<any>> | null' is not assignable to type 'ReactNode'.
[22:46:57.455]           Type 'ReactElement<any, string | JSXElementConstructor<any>>' is not assignable to type 'ReactNode'.
[22:46:57.455] src/app/wellness/page.tsx(218,20): error TS2786: 'CheckCircle' cannot be used as a JSX component.
[22:46:57.455]   Its type 'ComponentType<any>' is not a valid JSX element type.
[22:46:57.455]     Type 'FunctionComponent<any>' is not assignable to type 'ElementType'.
[22:46:57.455]       Type 'FunctionComponent<any>' is not assignable to type '(props: any, deprecatedLegacyContext?: any) => ReactNode'.
[22:46:57.455]         Type 'ReactElement<any, string | JSXElementConstructor<any>> | null' is not assignable to type 'ReactNode'.
[22:46:57.455]           Type 'ReactElement<any, string | JSXElementConstructor<any>>' is not assignable to type 'ReactNode'.
[22:46:57.455] src/app/wellness/page.tsx(222,20): error TS2786: 'CheckCircle' cannot be used as a JSX component.
[22:46:57.455]   Its type 'ComponentType<any>' is not a valid JSX element type.
[22:46:57.455]     Type 'FunctionComponent<any>' is not assignable to type 'ElementType'.
[22:46:57.455]       Type 'FunctionComponent<any>' is not assignable to type '(props: any, deprecatedLegacyContext?: any) => ReactNode'.
[22:46:57.455]         Type 'ReactElement<any, string | JSXElementConstructor<any>> | null' is not assignable to type 'ReactNode'.
[22:46:57.455]           Type 'ReactElement<any, string | JSXElementConstructor<any>>' is not assignable to type 'ReactNode'.
[22:46:57.455] src/app/wellness/page.tsx(226,20): error TS2786: 'CheckCircle' cannot be used as a JSX component.
[22:46:57.455]   Its type 'ComponentType<any>' is not a valid JSX element type.
[22:46:57.455]     Type 'FunctionComponent<any>' is not assignable to type 'ElementType'.
[22:46:57.456]       Type 'FunctionComponent<any>' is not assignable to type '(props: any, deprecatedLegacyContext?: any) => ReactNode'.
[22:46:57.456]         Type 'ReactElement<any, string | JSXElementConstructor<any>> | null' is not assignable to type 'ReactNode'.
[22:46:57.456]           Type 'ReactElement<any, string | JSXElementConstructor<any>>' is not assignable to type 'ReactNode'.
[22:46:57.456] src/app/wellness/page.tsx(235,14): error TS2786: 'Link' cannot be used as a JSX component.
[22:46:57.456]   Its type 'ComponentType<any>' is not a valid JSX element type.
[22:46:57.456]     Type 'FunctionComponent<any>' is not assignable to type 'ElementType'.
[22:46:57.456]       Type 'FunctionComponent<any>' is not assignable to type '(props: any, deprecatedLegacyContext?: any) => ReactNode'.
[22:46:57.456]         Type 'ReactElement<any, string | JSXElementConstructor<any>> | null' is not assignable to type 'ReactNode'.
[22:46:57.456]           Type 'ReactElement<any, string | JSXElementConstructor<any>>' is not assignable to type 'ReactNode'.
[22:46:57.456] src/components/ai/AITestChat.tsx(124,12): error TS2786: 'Bot' cannot be used as a JSX component.
[22:46:57.456]   Its type 'ComponentType<any>' is not a valid JSX element type.
[22:46:57.456]     Type 'FunctionComponent<any>' is not assignable to type 'ElementType'.
[22:46:57.456]       Type 'FunctionComponent<any>' is not assignable to type '(props: any, deprecatedLegacyContext?: any) => ReactNode'.
[22:46:57.456]         Type 'ReactElement<any, string | JSXElementConstructor<any>> | null' is not assignable to type 'ReactNode'.
[22:46:57.456]           Type 'ReactElement<any, string | JSXElementConstructor<any>>' is not assignable to type 'ReactNode'.
[22:46:57.456] src/components/ai/AITestChat.tsx(137,12): error TS2786: 'Settings' cannot be used as a JSX component.
[22:46:57.456]   Its type 'ComponentType<any>' is not a valid JSX element type.
[22:46:57.456]     Type 'FunctionComponent<any>' is not assignable to type 'ElementType'.
[22:46:57.456]       Type 'FunctionComponent<any>' is not assignable to type '(props: any, deprecatedLegacyContext?: any) => ReactNode'.
[22:46:57.456]         Type 'ReactElement<any, string | JSXElementConstructor<any>> | null' is not assignable to type 'ReactNode'.
[22:46:57.456]           Type 'ReactElement<any, string | JSXElementConstructor<any>>' is not assignable to type 'ReactNode'.
[22:46:57.456] src/components/ai/AITestChat.tsx(145,14): error TS2786: 'Bot' cannot be used as a JSX component.
[22:46:57.456]   Its type 'ComponentType<any>' is not a valid JSX element type.
[22:46:57.456]     Type 'FunctionComponent<any>' is not assignable to type 'ElementType'.
[22:46:57.456]       Type 'FunctionComponent<any>' is not assignable to type '(props: any, deprecatedLegacyContext?: any) => ReactNode'.
[22:46:57.456]         Type 'ReactElement<any, string | JSXElementConstructor<any>> | null' is not assignable to type 'ReactNode'.
[22:46:57.456]           Type 'ReactElement<any, string | JSXElementConstructor<any>>' is not assignable to type 'ReactNode'.
[22:46:57.456] src/components/ai/AITestChat.tsx(167,22): error TS2786: 'User' cannot be used as a JSX component.
[22:46:57.456]   Its type 'ComponentType<any>' is not a valid JSX element type.
[22:46:57.456]     Type 'FunctionComponent<any>' is not assignable to type 'ElementType'.
[22:46:57.456]       Type 'FunctionComponent<any>' is not assignable to type '(props: any, deprecatedLegacyContext?: any) => ReactNode'.
[22:46:57.456]         Type 'ReactElement<any, string | JSXElementConstructor<any>> | null' is not assignable to type 'ReactNode'.
[22:46:57.456]           Type 'ReactElement<any, string | JSXElementConstructor<any>>' is not assignable to type 'ReactNode'.
[22:46:57.456] src/components/ai/AITestChat.tsx(169,22): error TS2786: 'Bot' cannot be used as a JSX component.
[22:46:57.456]   Its type 'ComponentType<any>' is not a valid JSX element type.
[22:46:57.456]     Type 'FunctionComponent<any>' is not assignable to type 'ElementType'.
[22:46:57.456]       Type 'FunctionComponent<any>' is not assignable to type '(props: any, deprecatedLegacyContext?: any) => ReactNode'.
[22:46:57.456]         Type 'ReactElement<any, string | JSXElementConstructor<any>> | null' is not assignable to type 'ReactNode'.
[22:46:57.456]           Type 'ReactElement<any, string | JSXElementConstructor<any>>' is not assignable to type 'ReactNode'.
[22:46:57.456] src/components/ai/AITestChat.tsx(185,28): error TS2786: 'Zap' cannot be used as a JSX component.
[22:46:57.457]   Its type 'ComponentType<any>' is not a valid JSX element type.
[22:46:57.457]     Type 'FunctionComponent<any>' is not assignable to type 'ElementType'.
[22:46:57.457]       Type 'FunctionComponent<any>' is not assignable to type '(props: any, deprecatedLegacyContext?: any) => ReactNode'.
[22:46:57.457]         Type 'ReactElement<any, string | JSXElementConstructor<any>> | null' is not assignable to type 'ReactNode'.
[22:46:57.457]           Type 'ReactElement<any, string | JSXElementConstructor<any>>' is not assignable to type 'ReactNode'.
[22:46:57.457] src/components/ai/AITestChat.tsx(191,28): error TS2786: 'AlertCircle' cannot be used as a JSX component.
[22:46:57.457]   Its type 'ComponentType<any>' is not a valid JSX element type.
[22:46:57.457]     Type 'FunctionComponent<any>' is not assignable to type 'ElementType'.
[22:46:57.457]       Type 'FunctionComponent<any>' is not assignable to type '(props: any, deprecatedLegacyContext?: any) => ReactNode'.
[22:46:57.457]         Type 'ReactElement<any, string | JSXElementConstructor<any>> | null' is not assignable to type 'ReactNode'.
[22:46:57.457]           Type 'ReactElement<any, string | JSXElementConstructor<any>>' is not assignable to type 'ReactNode'.
[22:46:57.457] src/components/ai/AITestChat.tsx(197,28): error TS2786: 'CheckCircle' cannot be used as a JSX component.
[22:46:57.457]   Its type 'ComponentType<any>' is not a valid JSX element type.
[22:46:57.457]     Type 'FunctionComponent<any>' is not assignable to type 'ElementType'.
[22:46:57.457]       Type 'FunctionComponent<any>' is not assignable to type '(props: any, deprecatedLegacyContext?: any) => ReactNode'.
[22:46:57.457]         Type 'ReactElement<any, string | JSXElementConstructor<any>> | null' is not assignable to type 'ReactNode'.
[22:46:57.457]           Type 'ReactElement<any, string | JSXElementConstructor<any>>' is not assignable to type 'ReactNode'.
[22:46:57.457] src/components/ai/AITestChat.tsx(217,18): error TS2786: 'Bot' cannot be used as a JSX component.
[22:46:57.457]   Its type 'ComponentType<any>' is not a valid JSX element type.
[22:46:57.457]     Type 'FunctionComponent<any>' is not assignable to type 'ElementType'.
[22:46:57.457]       Type 'FunctionComponent<any>' is not assignable to type '(props: any, deprecatedLegacyContext?: any) => ReactNode'.
[22:46:57.457]         Type 'ReactElement<any, string | JSXElementConstructor<any>> | null' is not assignable to type 'ReactNode'.
[22:46:57.457]           Type 'ReactElement<any, string | JSXElementConstructor<any>>' is not assignable to type 'ReactNode'.
[22:46:57.457] src/components/ai/AITestChat.tsx(220,18): error TS2786: 'Loader2' cannot be used as a JSX component.
[22:46:57.457]   Its type 'ComponentType<any>' is not a valid JSX element type.
[22:46:57.457]     Type 'FunctionComponent<any>' is not assignable to type 'ElementType'.
[22:46:57.457]       Type 'FunctionComponent<any>' is not assignable to type '(props: any, deprecatedLegacyContext?: any) => ReactNode'.
[22:46:57.457]         Type 'ReactElement<any, string | JSXElementConstructor<any>> | null' is not assignable to type 'ReactNode'.
[22:46:57.457]           Type 'ReactElement<any, string | JSXElementConstructor<any>>' is not assignable to type 'ReactNode'.
[22:46:57.457] src/components/ai/AITestChat.tsx(232,14): error TS2786: 'AlertCircle' cannot be used as a JSX component.
[22:46:57.457]   Its type 'ComponentType<any>' is not a valid JSX element type.
[22:46:57.457]     Type 'FunctionComponent<any>' is not assignable to type 'ElementType'.
[22:46:57.457]       Type 'FunctionComponent<any>' is not assignable to type '(props: any, deprecatedLegacyContext?: any) => ReactNode'.
[22:46:57.457]         Type 'ReactElement<any, string | JSXElementConstructor<any>> | null' is not assignable to type 'ReactNode'.
[22:46:57.457]           Type 'ReactElement<any, string | JSXElementConstructor<any>>' is not assignable to type 'ReactNode'.
[22:46:57.457] src/components/ai/AITestChat.tsx(256,16): error TS2786: 'Loader2' cannot be used as a JSX component.
[22:46:57.457]   Its type 'ComponentType<any>' is not a valid JSX element type.
[22:46:57.457]     Type 'FunctionComponent<any>' is not assignable to type 'ElementType'.
[22:46:57.457]       Type 'FunctionComponent<any>' is not assignable to type '(props: any, deprecatedLegacyContext?: any) => ReactNode'.
[22:46:57.457]         Type 'ReactElement<any, string | JSXElementConstructor<any>> | null' is not assignable to type 'ReactNode'.
[22:46:57.457]           Type 'ReactElement<any, string | JSXElementConstructor<any>>' is not assignable to type 'ReactNode'.
[22:46:57.458] src/components/ai/AITestChat.tsx(258,16): error TS2786: 'Send' cannot be used as a JSX component.
[22:46:57.458]   Its type 'ComponentType<any>' is not a valid JSX element type.
[22:46:57.458]     Type 'FunctionComponent<any>' is not assignable to type 'ElementType'.
[22:46:57.458]       Type 'FunctionComponent<any>' is not assignable to type '(props: any, deprecatedLegacyContext?: any) => ReactNode'.
[22:46:57.458]         Type 'ReactElement<any, string | JSXElementConstructor<any>> | null' is not assignable to type 'ReactNode'.
[22:46:57.458]           Type 'ReactElement<any, string | JSXElementConstructor<any>>' is not assignable to type 'ReactNode'.
[22:46:57.458] src/components/ai/AITherapyInterface.tsx(276,12): error TS2786: 'Brain' cannot be used as a JSX component.
[22:46:57.458]   Its type 'ComponentType<any>' is not a valid JSX element type.
[22:46:57.458]     Type 'FunctionComponent<any>' is not assignable to type 'ElementType'.
[22:46:57.458]       Type 'FunctionComponent<any>' is not assignable to type '(props: any, deprecatedLegacyContext?: any) => ReactNode'.
[22:46:57.458]         Type 'ReactElement<any, string | JSXElementConstructor<any>> | null' is not assignable to type 'ReactNode'.
[22:46:57.458]           Type 'ReactElement<any, string | JSXElementConstructor<any>>' is not assignable to type 'ReactNode'.
[22:46:57.458] src/components/ai/AITherapyInterface.tsx(308,30): error TS2786: 'Volume2' cannot be used as a JSX component.
[22:46:57.458]   Its type 'ComponentType<any>' is not a valid JSX element type.
[22:46:57.458]     Type 'FunctionComponent<any>' is not assignable to type 'ElementType'.
[22:46:57.458]       Type 'FunctionComponent<any>' is not assignable to type '(props: any, deprecatedLegacyContext?: any) => ReactNode'.
[22:46:57.458]         Type 'ReactElement<any, string | JSXElementConstructor<any>> | null' is not assignable to type 'ReactNode'.
[22:46:57.458]           Type 'ReactElement<any, string | JSXElementConstructor<any>>' is not assignable to type 'ReactNode'.
[22:46:57.458] src/components/ai/AITherapyInterface.tsx(308,64): error TS2786: 'VolumeX' cannot be used as a JSX component.
[22:46:57.458]   Its type 'ComponentType<any>' is not a valid JSX element type.
[22:46:57.458]     Type 'FunctionComponent<any>' is not assignable to type 'ElementType'.
[22:46:57.458]       Type 'FunctionComponent<any>' is not assignable to type '(props: any, deprecatedLegacyContext?: any) => ReactNode'.
[22:46:57.458]         Type 'ReactElement<any, string | JSXElementConstructor<any>> | null' is not assignable to type 'ReactNode'.
[22:46:57.458]           Type 'ReactElement<any, string | JSXElementConstructor<any>>' is not assignable to type 'ReactNode'.
[22:46:57.459] src/components/ai/AITherapyInterface.tsx(317,14): error TS2786: 'MessageCircle' cannot be used as a JSX component.
[22:46:57.459]   Its type 'ComponentType<any>' is not a valid JSX element type.
[22:46:57.459]     Type 'FunctionComponent<any>' is not assignable to type 'ElementType'.
[22:46:57.459]       Type 'FunctionComponent<any>' is not assignable to type '(props: any, deprecatedLegacyContext?: any) => ReactNode'.
[22:46:57.460]         Type 'ReactElement<any, string | JSXElementConstructor<any>> | null' is not assignable to type 'ReactNode'.
[22:46:57.460]           Type 'ReactElement<any, string | JSXElementConstructor<any>>' is not assignable to type 'ReactNode'.
[22:46:57.460] src/components/ai/AITherapyInterface.tsx(326,14): error TS2786: 'Settings' cannot be used as a JSX component.
[22:46:57.460]   Its type 'ComponentType<any>' is not a valid JSX element type.
[22:46:57.460]     Type 'FunctionComponent<any>' is not assignable to type 'ElementType'.
[22:46:57.460]       Type 'FunctionComponent<any>' is not assignable to type '(props: any, deprecatedLegacyContext?: any) => ReactNode'.
[22:46:57.460]         Type 'ReactElement<any, string | JSXElementConstructor<any>> | null' is not assignable to type 'ReactNode'.
[22:46:57.460]           Type 'ReactElement<any, string | JSXElementConstructor<any>>' is not assignable to type 'ReactNode'.
[22:46:57.460] src/components/ai/AITherapyInterface.tsx(335,14): error TS2786: 'Info' cannot be used as a JSX component.
[22:46:57.460]   Its type 'ComponentType<any>' is not a valid JSX element type.
[22:46:57.460]     Type 'FunctionComponent<any>' is not assignable to type 'ElementType'.
[22:46:57.460]       Type 'FunctionComponent<any>' is not assignable to type '(props: any, deprecatedLegacyContext?: any) => ReactNode'.
[22:46:57.460]         Type 'ReactElement<any, string | JSXElementConstructor<any>> | null' is not assignable to type 'ReactNode'.
[22:46:57.460]           Type 'ReactElement<any, string | JSXElementConstructor<any>>' is not assignable to type 'ReactNode'.
[22:46:57.460] src/components/ai/AITherapyInterface.tsx(348,14): error TS2786: 'AlertCircle' cannot be used as a JSX component.
[22:46:57.460]   Its type 'ComponentType<any>' is not a valid JSX element type.
[22:46:57.460]     Type 'FunctionComponent<any>' is not assignable to type 'ElementType'.
[22:46:57.460]       Type 'FunctionComponent<any>' is not assignable to type '(props: any, deprecatedLegacyContext?: any) => ReactNode'.
[22:46:57.460]         Type 'ReactElement<any, string | JSXElementConstructor<any>> | null' is not assignable to type 'ReactNode'.
[22:46:57.460]           Type 'ReactElement<any, string | JSXElementConstructor<any>>' is not assignable to type 'ReactNode'.
[22:46:57.460] src/components/ai/AITherapyInterface.tsx(393,30): error TS2786: 'Brain' cannot be used as a JSX component.
[22:46:57.460]   Its type 'ComponentType<any>' is not a valid JSX element type.
[22:46:57.460]     Type 'FunctionComponent<any>' is not assignable to type 'ElementType'.
[22:46:57.461]       Type 'FunctionComponent<any>' is not assignable to type '(props: any, deprecatedLegacyContext?: any) => ReactNode'.
[22:46:57.461]         Type 'ReactElement<any, string | JSXElementConstructor<any>> | null' is not assignable to type 'ReactNode'.
[22:46:57.461]           Type 'ReactElement<any, string | JSXElementConstructor<any>>' is not assignable to type 'ReactNode'.
[22:46:57.461] src/components/ai/AITherapyInterface.tsx(399,30): error TS2786: 'Heart' cannot be used as a JSX component.
[22:46:57.461]   Its type 'ComponentType<any>' is not a valid JSX element type.
[22:46:57.461]     Type 'FunctionComponent<any>' is not assignable to type 'ElementType'.
[22:46:57.461]       Type 'FunctionComponent<any>' is not assignable to type '(props: any, deprecatedLegacyContext?: any) => ReactNode'.
[22:46:57.461]         Type 'ReactElement<any, string | JSXElementConstructor<any>> | null' is not assignable to type 'ReactNode'.
[22:46:57.461]           Type 'ReactElement<any, string | JSXElementConstructor<any>>' is not assignable to type 'ReactNode'.
[22:46:57.461] src/components/ai/AITherapyInterface.tsx(419,30): error TS2786: 'ChevronRight' cannot be used as a JSX component.
[22:46:57.461]   Its type 'ComponentType<any>' is not a valid JSX element type.
[22:46:57.461]     Type 'FunctionComponent<any>' is not assignable to type 'ElementType'.
[22:46:57.461]       Type 'FunctionComponent<any>' is not assignable to type '(props: any, deprecatedLegacyContext?: any) => ReactNode'.
[22:46:57.461]         Type 'ReactElement<any, string | JSXElementConstructor<any>> | null' is not assignable to type 'ReactNode'.
[22:46:57.461]           Type 'ReactElement<any, string | JSXElementConstructor<any>>' is not assignable to type 'ReactNode'.
[22:46:57.461] src/components/ai/AITherapyInterface.tsx(479,32): error TS2786: 'MicOff' cannot be used as a JSX component.
[22:46:57.461]   Its type 'ComponentType<any>' is not a valid JSX element type.
[22:46:57.461]     Type 'FunctionComponent<any>' is not assignable to type 'ElementType'.
[22:46:57.461]       Type 'FunctionComponent<any>' is not assignable to type '(props: any, deprecatedLegacyContext?: any) => ReactNode'.
[22:46:57.461]         Type 'ReactElement<any, string | JSXElementConstructor<any>> | null' is not assignable to type 'ReactNode'.
[22:46:57.461]           Type 'ReactElement<any, string | JSXElementConstructor<any>>' is not assignable to type 'ReactNode'.
[22:46:57.461] src/components/ai/AITherapyInterface.tsx(479,65): error TS2786: 'Mic' cannot be used as a JSX component.
[22:46:57.461]   Its type 'ComponentType<any>' is not a valid JSX element type.
[22:46:57.461]     Type 'FunctionComponent<any>' is not assignable to type 'ElementType'.
[22:46:57.461]       Type 'FunctionComponent<any>' is not assignable to type '(props: any, deprecatedLegacyContext?: any) => ReactNode'.
[22:46:57.461]         Type 'ReactElement<any, string | JSXElementConstructor<any>> | null' is not assignable to type 'ReactNode'.
[22:46:57.461]           Type 'ReactElement<any, string | JSXElementConstructor<any>>' is not assignable to type 'ReactNode'.
[22:46:57.461] src/components/ai/AITherapyInterface.tsx(503,18): error TS2786: 'Send' cannot be used as a JSX component.
[22:46:57.461]   Its type 'ComponentType<any>' is not a valid JSX element type.
[22:46:57.461]     Type 'FunctionComponent<any>' is not assignable to type 'ElementType'.
[22:46:57.461]       Type 'FunctionComponent<any>' is not assignable to type '(props: any, deprecatedLegacyContext?: any) => ReactNode'.
[22:46:57.461]         Type 'ReactElement<any, string | JSXElementConstructor<any>> | null' is not assignable to type 'ReactNode'.
[22:46:57.461]           Type 'ReactElement<any, string | JSXElementConstructor<any>>' is not assignable to type 'ReactNode'.
[22:46:57.461] src/components/ai/AITherapyInterface.tsx(516,10): error TS2786: 'AnimatePresence' cannot be used as a JSX component.
[22:46:57.461]   Its type 'ComponentType<any>' is not a valid JSX element type.
[22:46:57.461]     Type 'FunctionComponent<any>' is not assignable to type 'ElementType'.
[22:46:57.461]       Type 'FunctionComponent<any>' is not assignable to type '(props: any, deprecatedLegacyContext?: any) => ReactNode'.
[22:46:57.461]         Type 'ReactElement<any, string | JSXElementConstructor<any>> | null' is not assignable to type 'ReactNode'.
[22:46:57.462]           Type 'ReactElement<any, string | JSXElementConstructor<any>>' is not assignable to type 'ReactNode'.
[22:46:57.462] src/components/ai/AITherapyInterface.tsx(532,22): error TS2786: 'X' cannot be used as a JSX component.
[22:46:57.462]   Its type 'ComponentType<any>' is not a valid JSX element type.
[22:46:57.462]     Type 'FunctionComponent<any>' is not assignable to type 'ElementType'.
[22:46:57.462]       Type 'FunctionComponent<any>' is not assignable to type '(props: any, deprecatedLegacyContext?: any) => ReactNode'.
[22:46:57.462]         Type 'ReactElement<any, string | JSXElementConstructor<any>> | null' is not assignable to type 'ReactNode'.
[22:46:57.462]           Type 'ReactElement<any, string | JSXElementConstructor<any>>' is not assignable to type 'ReactNode'.
[22:46:57.462] src/components/ai/AITherapyInterface.tsx(545,28): error TS2786: 'Activity' cannot be used as a JSX component.
[22:46:57.462]   Its type 'ComponentType<any>' is not a valid JSX element type.
[22:46:57.462]     Type 'FunctionComponent<any>' is not assignable to type 'ElementType'.
[22:46:57.462]       Type 'FunctionComponent<any>' is not assignable to type '(props: any, deprecatedLegacyContext?: any) => ReactNode'.
[22:46:57.462]         Type 'ReactElement<any, string | JSXElementConstructor<any>> | null' is not assignable to type 'ReactNode'.
[22:46:57.462]           Type 'ReactElement<any, string | JSXElementConstructor<any>>' is not assignable to type 'ReactNode'.
[22:46:57.462] src/components/ai/AITherapyInterface.tsx(571,16): error TS2786: 'Shield' cannot be used as a JSX component.
[22:46:57.462]   Its type 'ComponentType<any>' is not a valid JSX element type.
[22:46:57.462]     Type 'FunctionComponent<any>' is not assignable to type 'ElementType'.
[22:46:57.462]       Type 'FunctionComponent<any>' is not assignable to type '(props: any, deprecatedLegacyContext?: any) => ReactNode'.
[22:46:57.462]         Type 'ReactElement<any, string | JSXElementConstructor<any>> | null' is not assignable to type 'ReactNode'.
[22:46:57.462]           Type 'ReactElement<any, string | JSXElementConstructor<any>>' is not assignable to type 'ReactNode'.
[22:46:57.462] src/components/ai/AITherapyInterface.tsx(575,16): error TS2786: 'Users' cannot be used as a JSX component.
[22:46:57.462]   Its type 'ComponentType<any>' is not a valid JSX element type.
[22:46:57.462]     Type 'FunctionComponent<any>' is not assignable to type 'ElementType'.
[22:46:57.462]       Type 'FunctionComponent<any>' is not assignable to type '(props: any, deprecatedLegacyContext?: any) => ReactNode'.
[22:46:57.462]         Type 'ReactElement<any, string | JSXElementConstructor<any>> | null' is not assignable to type 'ReactNode'.
[22:46:57.462]           Type 'ReactElement<any, string | JSXElementConstructor<any>>' is not assignable to type 'ReactNode'.
[22:46:57.462] src/components/ai/AITherapyInterface.tsx(580,14): error TS2786: 'PhoneCall' cannot be used as a JSX component.
[22:46:57.462]   Its type 'ComponentType<any>' is not a valid JSX element type.
[22:46:57.462]     Type 'FunctionComponent<any>' is not assignable to type 'ElementType'.
[22:46:57.462]       Type 'FunctionComponent<any>' is not assignable to type '(props: any, deprecatedLegacyContext?: any) => ReactNode'.
[22:46:57.462]         Type 'ReactElement<any, string | JSXElementConstructor<any>> | null' is not assignable to type 'ReactNode'.
[22:46:57.462]           Type 'ReactElement<any, string | JSXElementConstructor<any>>' is not assignable to type 'ReactNode'.
[22:46:57.462] src/components/community/ChatRoom.tsx(219,16): error TS2786: 'Info' cannot be used as a JSX component.
[22:46:57.462]   Its type 'ComponentType<any>' is not a valid JSX element type.
[22:46:57.462]     Type 'FunctionComponent<any>' is not assignable to type 'ElementType'.
[22:46:57.462]       Type 'FunctionComponent<any>' is not assignable to type '(props: any, deprecatedLegacyContext?: any) => ReactNode'.
[22:46:57.462]         Type 'ReactElement<any, string | JSXElementConstructor<any>> | null' is not assignable to type 'ReactNode'.
[22:46:57.462]           Type 'ReactElement<any, string | JSXElementConstructor<any>>' is not assignable to type 'ReactNode'.
[22:46:57.462] src/components/community/ChatRoom.tsx(225,16): error TS2786: 'Phone' cannot be used as a JSX component.
[22:46:57.464]   Its type 'ComponentType<any>' is not a valid JSX element type.
[22:46:57.464]     Type 'FunctionComponent<any>' is not assignable to type 'ElementType'.
[22:46:57.464]       Type 'FunctionComponent<any>' is not assignable to type '(props: any, deprecatedLegacyContext?: any) => ReactNode'.
[22:46:57.464]         Type 'ReactElement<any, string | JSXElementConstructor<any>> | null' is not assignable to type 'ReactNode'.
[22:46:57.464]           Type 'ReactElement<any, string | JSXElementConstructor<any>>' is not assignable to type 'ReactNode'.
[22:46:57.464] src/components/community/ChatRoom.tsx(231,16): error TS2786: 'Shield' cannot be used as a JSX component.
[22:46:57.464]   Its type 'ComponentType<any>' is not a valid JSX element type.
[22:46:57.464]     Type 'FunctionComponent<any>' is not assignable to type 'ElementType'.
[22:46:57.464]       Type 'FunctionComponent<any>' is not assignable to type '(props: any, deprecatedLegacyContext?: any) => ReactNode'.
[22:46:57.464]         Type 'ReactElement<any, string | JSXElementConstructor<any>> | null' is not assignable to type 'ReactNode'.
[22:46:57.464]           Type 'ReactElement<any, string | JSXElementConstructor<any>>' is not assignable to type 'ReactNode'.
[22:46:57.464] src/components/community/ChatRoom.tsx(246,10): error TS2786: 'AnimatePresence' cannot be used as a JSX component.
[22:46:57.464]   Its type 'ComponentType<any>' is not a valid JSX element type.
[22:46:57.464]     Type 'FunctionComponent<any>' is not assignable to type 'ElementType'.
[22:46:57.464]       Type 'FunctionComponent<any>' is not assignable to type '(props: any, deprecatedLegacyContext?: any) => ReactNode'.
[22:46:57.464]         Type 'ReactElement<any, string | JSXElementConstructor<any>> | null' is not assignable to type 'ReactNode'.
[22:46:57.464]           Type 'ReactElement<any, string | JSXElementConstructor<any>>' is not assignable to type 'ReactNode'.
[22:46:57.464] src/components/community/ChatRoom.tsx(318,28): error TS2786: 'Smile' cannot be used as a JSX component.
[22:46:57.464]   Its type 'ComponentType<any>' is not a valid JSX element type.
[22:46:57.464]     Type 'FunctionComponent<any>' is not assignable to type 'ElementType'.
[22:46:57.465]       Type 'FunctionComponent<any>' is not assignable to type '(props: any, deprecatedLegacyContext?: any) => ReactNode'.
[22:46:57.465]         Type 'ReactElement<any, string | JSXElementConstructor<any>> | null' is not assignable to type 'ReactNode'.
[22:46:57.465]           Type 'ReactElement<any, string | JSXElementConstructor<any>>' is not assignable to type 'ReactNode'.
[22:46:57.465] src/components/community/ChatRoom.tsx(326,30): error TS2786: 'Flag' cannot be used as a JSX component.
[22:46:57.465]   Its type 'ComponentType<any>' is not a valid JSX element type.
[22:46:57.465]     Type 'FunctionComponent<any>' is not assignable to type 'ElementType'.
[22:46:57.465]       Type 'FunctionComponent<any>' is not assignable to type '(props: any, deprecatedLegacyContext?: any) => ReactNode'.
[22:46:57.465]         Type 'ReactElement<any, string | JSXElementConstructor<any>> | null' is not assignable to type 'ReactNode'.
[22:46:57.465]           Type 'ReactElement<any, string | JSXElementConstructor<any>>' is not assignable to type 'ReactNode'.
[22:46:57.465] src/components/community/ChatRoom.tsx(377,14): error TS2786: 'Paperclip' cannot be used as a JSX component.
[22:46:57.465]   Its type 'ComponentType<any>' is not a valid JSX element type.
[22:46:57.465]     Type 'FunctionComponent<any>' is not assignable to type 'ElementType'.
[22:46:57.465]       Type 'FunctionComponent<any>' is not assignable to type '(props: any, deprecatedLegacyContext?: any) => ReactNode'.
[22:46:57.465]         Type 'ReactElement<any, string | JSXElementConstructor<any>> | null' is not assignable to type 'ReactNode'.
[22:46:57.466]           Type 'ReactElement<any, string | JSXElementConstructor<any>>' is not assignable to type 'ReactNode'.
[22:46:57.466] src/components/community/ChatRoom.tsx(397,14): error TS2786: 'Smile' cannot be used as a JSX component.
[22:46:57.466]   Its type 'ComponentType<any>' is not a valid JSX element type.
[22:46:57.466]     Type 'FunctionComponent<any>' is not assignable to type 'ElementType'.
[22:46:57.466]       Type 'FunctionComponent<any>' is not assignable to type '(props: any, deprecatedLegacyContext?: any) => ReactNode'.
[22:46:57.466]         Type 'ReactElement<any, string | JSXElementConstructor<any>> | null' is not assignable to type 'ReactNode'.
[22:46:57.466]           Type 'ReactElement<any, string | JSXElementConstructor<any>>' is not assignable to type 'ReactNode'.
[22:46:57.466] src/components/community/ChatRoom.tsx(405,14): error TS2786: 'Send' cannot be used as a JSX component.
[22:46:57.466]   Its type 'ComponentType<any>' is not a valid JSX element type.
[22:46:57.466]     Type 'FunctionComponent<any>' is not assignable to type 'ElementType'.
[22:46:57.466]       Type 'FunctionComponent<any>' is not assignable to type '(props: any, deprecatedLegacyContext?: any) => ReactNode'.
[22:46:57.466]         Type 'ReactElement<any, string | JSXElementConstructor<any>> | null' is not assignable to type 'ReactNode'.
[22:46:57.466]           Type 'ReactElement<any, string | JSXElementConstructor<any>>' is not assignable to type 'ReactNode'.
[22:46:57.466] src/components/community/ChatRoom.tsx(413,16): error TS2786: 'AlertCircle' cannot be used as a JSX component.
[22:46:57.466]   Its type 'ComponentType<any>' is not a valid JSX element type.
[22:46:57.466]     Type 'FunctionComponent<any>' is not assignable to type 'ElementType'.
[22:46:57.466]       Type 'FunctionComponent<any>' is not assignable to type '(props: any, deprecatedLegacyContext?: any) => ReactNode'.
[22:46:57.466]         Type 'ReactElement<any, string | JSXElementConstructor<any>> | null' is not assignable to type 'ReactNode'.
[22:46:57.466]           Type 'ReactElement<any, string | JSXElementConstructor<any>>' is not assignable to type 'ReactNode'.
[22:46:57.466] src/components/community/ChatRoom.tsx(424,14): error TS2786: 'EmojiPicker' cannot be used as a JSX component.
[22:46:57.466]   Its type 'ComponentType<any>' is not a valid JSX element type.
[22:46:57.466]     Type 'FunctionComponent<any>' is not assignable to type 'ElementType'.
[22:46:57.466]       Type 'FunctionComponent<any>' is not assignable to type '(props: any, deprecatedLegacyContext?: any) => ReactNode'.
[22:46:57.466]         Type 'ReactElement<any, string | JSXElementConstructor<any>> | null' is not assignable to type 'ReactNode'.
[22:46:57.466]           Type 'ReactElement<any, string | JSXElementConstructor<any>>' is not assignable to type 'ReactNode'.
[22:46:57.466] src/components/community/CommunityFeed.tsx(387,16): error TS2786: 'Trophy' cannot be used as a JSX component.
[22:46:57.466]   Its type 'ComponentType<any>' is not a valid JSX element type.
[22:46:57.466]     Type 'FunctionComponent<any>' is not assignable to type 'ElementType'.
[22:46:57.466]       Type 'FunctionComponent<any>' is not assignable to type '(props: any, deprecatedLegacyContext?: any) => ReactNode'.
[22:46:57.466]         Type 'ReactElement<any, string | JSXElementConstructor<any>> | null' is not assignable to type 'ReactNode'.
[22:46:57.466]           Type 'ReactElement<any, string | JSXElementConstructor<any>>' is not assignable to type 'ReactNode'.
[22:46:57.466] src/components/community/CommunityFeed.tsx(390,14): error TS2786: 'Sparkles' cannot be used as a JSX component.
[22:46:57.466]   Its type 'ComponentType<any>' is not a valid JSX element type.
[22:46:57.466]     Type 'FunctionComponent<any>' is not assignable to type 'ElementType'.
[22:46:57.466]       Type 'FunctionComponent<any>' is not assignable to type '(props: any, deprecatedLegacyContext?: any) => ReactNode'.
[22:46:57.466]         Type 'ReactElement<any, string | JSXElementConstructor<any>> | null' is not assignable to type 'ReactNode'.
[22:46:57.466]           Type 'ReactElement<any, string | JSXElementConstructor<any>>' is not assignable to type 'ReactNode'.
[22:46:57.466] src/components/community/CommunityFeed.tsx(402,22): error TS2786: 'Trophy' cannot be used as a JSX component.
[22:46:57.466]   Its type 'ComponentType<any>' is not a valid JSX element type.
[22:46:57.466]     Type 'FunctionComponent<any>' is not assignable to type 'ElementType'.
[22:46:57.467]       Type 'FunctionComponent<any>' is not assignable to type '(props: any, deprecatedLegacyContext?: any) => ReactNode'.
[22:46:57.467]         Type 'ReactElement<any, string | JSXElementConstructor<any>> | null' is not assignable to type 'ReactNode'.
[22:46:57.467]           Type 'ReactElement<any, string | JSXElementConstructor<any>>' is not assignable to type 'ReactNode'.
[22:46:57.467] src/components/community/CommunityFeed.tsx(414,22): error TS2786: 'Heart' cannot be used as a JSX component.
[22:46:57.467]   Its type 'ComponentType<any>' is not a valid JSX element type.
[22:46:57.467]     Type 'FunctionComponent<any>' is not assignable to type 'ElementType'.
[22:46:57.467]       Type 'FunctionComponent<any>' is not assignable to type '(props: any, deprecatedLegacyContext?: any) => ReactNode'.
[22:46:57.467]         Type 'ReactElement<any, string | JSXElementConstructor<any>> | null' is not assignable to type 'ReactNode'.
[22:46:57.467]           Type 'ReactElement<any, string | JSXElementConstructor<any>>' is not assignable to type 'ReactNode'.
[22:46:57.467] src/components/community/CommunityFeed.tsx(466,18): error TS2786: 'PlusCircle' cannot be used as a JSX component.
[22:46:57.467]   Its type 'ComponentType<any>' is not a valid JSX element type.
[22:46:57.467]     Type 'FunctionComponent<any>' is not assignable to type 'ElementType'.
[22:46:57.467]       Type 'FunctionComponent<any>' is not assignable to type '(props: any, deprecatedLegacyContext?: any) => ReactNode'.
[22:46:57.467]         Type 'ReactElement<any, string | JSXElementConstructor<any>> | null' is not assignable to type 'ReactNode'.
[22:46:57.467]           Type 'ReactElement<any, string | JSXElementConstructor<any>>' is not assignable to type 'ReactNode'.
[22:46:57.467] src/components/community/CommunityFeed.tsx(475,12): error TS2786: 'AnimatePresence' cannot be used as a JSX component.
[22:46:57.467]   Its type 'ComponentType<any>' is not a valid JSX element type.
[22:46:57.467]     Type 'FunctionComponent<any>' is not assignable to type 'ElementType'.
[22:46:57.467]       Type 'FunctionComponent<any>' is not assignable to type '(props: any, deprecatedLegacyContext?: any) => ReactNode'.
[22:46:57.467]         Type 'ReactElement<any, string | JSXElementConstructor<any>> | null' is not assignable to type 'ReactNode'.
[22:46:57.467]           Type 'ReactElement<any, string | JSXElementConstructor<any>>' is not assignable to type 'ReactNode'.
[22:46:57.467] src/components/community/CommunityFeed.tsx(504,30): error TS2786: 'Clock' cannot be used as a JSX component.
[22:46:57.467]   Its type 'ComponentType<any>' is not a valid JSX element type.
[22:46:57.467]     Type 'FunctionComponent<any>' is not assignable to type 'ElementType'.
[22:46:57.467]       Type 'FunctionComponent<any>' is not assignable to type '(props: any, deprecatedLegacyContext?: any) => ReactNode'.
[22:46:57.467]         Type 'ReactElement<any, string | JSXElementConstructor<any>> | null' is not assignable to type 'ReactNode'.
[22:46:57.467]           Type 'ReactElement<any, string | JSXElementConstructor<any>>' is not assignable to type 'ReactNode'.
[22:46:57.467] src/components/community/CommunityFeed.tsx(509,34): error TS2786: 'Trophy' cannot be used as a JSX component.
[22:46:57.467]   Its type 'ComponentType<any>' is not a valid JSX element type.
[22:46:57.467]     Type 'FunctionComponent<any>' is not assignable to type 'ElementType'.
[22:46:57.467]       Type 'FunctionComponent<any>' is not assignable to type '(props: any, deprecatedLegacyContext?: any) => ReactNode'.
[22:46:57.467]         Type 'ReactElement<any, string | JSXElementConstructor<any>> | null' is not assignable to type 'ReactNode'.
[22:46:57.467]           Type 'ReactElement<any, string | JSXElementConstructor<any>>' is not assignable to type 'ReactNode'.
[22:46:57.467] src/components/community/CommunityFeed.tsx(518,26): error TS2786: 'Flag' cannot be used as a JSX component.
[22:46:57.467]   Its type 'ComponentType<any>' is not a valid JSX element type.
[22:46:57.467]     Type 'FunctionComponent<any>' is not assignable to type 'ElementType'.
[22:46:57.467]       Type 'FunctionComponent<any>' is not assignable to type '(props: any, deprecatedLegacyContext?: any) => ReactNode'.
[22:46:57.467]         Type 'ReactElement<any, string | JSXElementConstructor<any>> | null' is not assignable to type 'ReactNode'.
[22:46:57.467]           Type 'ReactElement<any, string | JSXElementConstructor<any>>' is not assignable to type 'ReactNode'.
[22:46:57.467] src/components/community/CommunityFeed.tsx(563,28): error TS2786: 'AlertCircle' cannot be used as a JSX component.
[22:46:57.467]   Its type 'ComponentType<any>' is not a valid JSX element type.
[22:46:57.467]     Type 'FunctionComponent<any>' is not assignable to type 'ElementType'.
[22:46:57.468]       Type 'FunctionComponent<any>' is not assignable to type '(props: any, deprecatedLegacyContext?: any) => ReactNode'.
[22:46:57.468]         Type 'ReactElement<any, string | JSXElementConstructor<any>> | null' is not assignable to type 'ReactNode'.
[22:46:57.468]           Type 'ReactElement<any, string | JSXElementConstructor<any>>' is not assignable to type 'ReactNode'.
[22:46:57.468] src/components/community/CommunityFeed.tsx(587,32): error TS2786: 'reaction.icon' cannot be used as a JSX component.
[22:46:57.468]   Its type 'ComponentType<any>' is not a valid JSX element type.
[22:46:57.468]     Type 'FunctionComponent<any>' is not assignable to type 'ElementType'.
[22:46:57.468]       Type 'FunctionComponent<any>' is not assignable to type '(props: any, deprecatedLegacyContext?: any) => ReactNode'.
[22:46:57.468]         Type 'ReactElement<any, string | JSXElementConstructor<any>> | null' is not assignable to type 'ReactNode'.
[22:46:57.468]           Type 'ReactElement<any, string | JSXElementConstructor<any>>' is not assignable to type 'ReactNode'.
[22:46:57.468] src/components/community/CommunityFeed.tsx(598,28): error TS2786: 'ThumbsUp' cannot be used as a JSX component.
[22:46:57.468]   Its type 'ComponentType<any>' is not a valid JSX element type.
[22:46:57.468]     Type 'FunctionComponent<any>' is not assignable to type 'ElementType'.
[22:46:57.468]       Type 'FunctionComponent<any>' is not assignable to type '(props: any, deprecatedLegacyContext?: any) => ReactNode'.
[22:46:57.468]         Type 'ReactElement<any, string | JSXElementConstructor<any>> | null' is not assignable to type 'ReactNode'.
[22:46:57.468]           Type 'ReactElement<any, string | JSXElementConstructor<any>>' is not assignable to type 'ReactNode'.
[22:46:57.468] src/components/community/CommunityFeed.tsx(605,28): error TS2786: 'MessageCircle' cannot be used as a JSX component.
[22:46:57.468]   Its type 'ComponentType<any>' is not a valid JSX element type.
[22:46:57.468]     Type 'FunctionComponent<any>' is not assignable to type 'ElementType'.
[22:46:57.468]       Type 'FunctionComponent<any>' is not assignable to type '(props: any, deprecatedLegacyContext?: any) => ReactNode'.
[22:46:57.468]         Type 'ReactElement<any, string | JSXElementConstructor<any>> | null' is not assignable to type 'ReactNode'.
[22:46:57.468]           Type 'ReactElement<any, string | JSXElementConstructor<any>>' is not assignable to type 'ReactNode'.
[22:46:57.468] src/components/community/CommunityFeed.tsx(632,34): error TS2786: 'ThumbsUp' cannot be used as a JSX component.
[22:46:57.468]   Its type 'ComponentType<any>' is not a valid JSX element type.
[22:46:57.468]     Type 'FunctionComponent<any>' is not assignable to type 'ElementType'.
[22:46:57.468]       Type 'FunctionComponent<any>' is not assignable to type '(props: any, deprecatedLegacyContext?: any) => ReactNode'.
[22:46:57.468]         Type 'ReactElement<any, string | JSXElementConstructor<any>> | null' is not assignable to type 'ReactNode'.
[22:46:57.468]           Type 'ReactElement<any, string | JSXElementConstructor<any>>' is not assignable to type 'ReactNode'.
[22:46:57.468] src/components/community/CommunityFeed.tsx(647,22): error TS2786: 'AnimatePresence' cannot be used as a JSX component.
[22:46:57.468]   Its type 'ComponentType<any>' is not a valid JSX element type.
[22:46:57.468]     Type 'FunctionComponent<any>' is not assignable to type 'ElementType'.
[22:46:57.468]       Type 'FunctionComponent<any>' is not assignable to type '(props: any, deprecatedLegacyContext?: any) => ReactNode'.
[22:46:57.468]         Type 'ReactElement<any, string | JSXElementConstructor<any>> | null' is not assignable to type 'ReactNode'.
[22:46:57.468]           Type 'ReactElement<any, string | JSXElementConstructor<any>>' is not assignable to type 'ReactNode'.
[22:46:57.468] src/components/community/CommunityFeed.tsx(659,31): error TS2322: Type '(e: React.ChangeEvent<HTMLTextAreaElement>) => void' is not assignable to type 'ChangeEventHandler<HTMLInputElement>'.
[22:46:57.468]   Types of parameters 'e' and 'event' are incompatible.
[22:46:57.468]     Type 'ChangeEvent<HTMLInputElement>' is not assignable to type 'ChangeEvent<HTMLTextAreaElement>'.
[22:46:57.468]       Types of property 'target' are incompatible.
[22:46:57.468]         Type 'EventTarget & HTMLInputElement' is missing the following properties from type 'HTMLTextAreaElement': cols, rows, textLength, wrap
[22:46:57.468] src/components/community/CommunityFeed.tsx(676,32): error TS2786: 'Send' cannot be used as a JSX component.
[22:46:57.468]   Its type 'ComponentType<any>' is not a valid JSX element type.
[22:46:57.468]     Type 'FunctionComponent<any>' is not assignable to type 'ElementType'.
[22:46:57.469]       Type 'FunctionComponent<any>' is not assignable to type '(props: any, deprecatedLegacyContext?: any) => ReactNode'.
[22:46:57.469]         Type 'ReactElement<any, string | JSXElementConstructor<any>> | null' is not assignable to type 'ReactNode'.
[22:46:57.469]           Type 'ReactElement<any, string | JSXElementConstructor<any>>' is not assignable to type 'ReactNode'.
[22:46:57.469] src/components/community/CommunityFeed.tsx(703,14): error TS2786: 'MessageCircle' cannot be used as a JSX component.
[22:46:57.469]   Its type 'ComponentType<any>' is not a valid JSX element type.
[22:46:57.469]     Type 'FunctionComponent<any>' is not assignable to type 'ElementType'.
[22:46:57.469]       Type 'FunctionComponent<any>' is not assignable to type '(props: any, deprecatedLegacyContext?: any) => ReactNode'.
[22:46:57.469]         Type 'ReactElement<any, string | JSXElementConstructor<any>> | null' is not assignable to type 'ReactNode'.
[22:46:57.469]           Type 'ReactElement<any, string | JSXElementConstructor<any>>' is not assignable to type 'ReactNode'.
[22:46:57.469] src/components/community/CommunityFeed.tsx(721,10): error TS2786: 'AnimatePresence' cannot be used as a JSX component.
[22:46:57.469]   Its type 'ComponentType<any>' is not a valid JSX element type.
[22:46:57.469]     Type 'FunctionComponent<any>' is not assignable to type 'ElementType'.
[22:46:57.469]       Type 'FunctionComponent<any>' is not assignable to type '(props: any, deprecatedLegacyContext?: any) => ReactNode'.
[22:46:57.469]         Type 'ReactElement<any, string | JSXElementConstructor<any>> | null' is not assignable to type 'ReactNode'.
[22:46:57.469]           Type 'ReactElement<any, string | JSXElementConstructor<any>>' is not assignable to type 'ReactNode'.
[22:46:57.469] src/components/community/CommunityFeed.tsx(746,24): error TS2786: 'X' cannot be used as a JSX component.
[22:46:57.469]   Its type 'ComponentType<any>' is not a valid JSX element type.
[22:46:57.469]     Type 'FunctionComponent<any>' is not assignable to type 'ElementType'.
[22:46:57.469]       Type 'FunctionComponent<any>' is not assignable to type '(props: any, deprecatedLegacyContext?: any) => ReactNode'.
[22:46:57.469]         Type 'ReactElement<any, string | JSXElementConstructor<any>> | null' is not assignable to type 'ReactNode'.
[22:46:57.469]           Type 'ReactElement<any, string | JSXElementConstructor<any>>' is not assignable to type 'ReactNode'.
[22:46:57.469] src/components/community/CommunityFeed.tsx(771,28): error TS2786: 'type.icon' cannot be used as a JSX component.
[22:46:57.469]   Its type 'ComponentType<any>' is not a valid JSX element type.
[22:46:57.469]     Type 'FunctionComponent<any>' is not assignable to type 'ElementType'.
[22:46:57.469]       Type 'FunctionComponent<any>' is not assignable to type '(props: any, deprecatedLegacyContext?: any) => ReactNode'.
[22:46:57.469]         Type 'ReactElement<any, string | JSXElementConstructor<any>> | null' is not assignable to type 'ReactNode'.
[22:46:57.469]           Type 'ReactElement<any, string | JSXElementConstructor<any>>' is not assignable to type 'ReactNode'.
[22:46:57.469] src/components/community/CommunityFeed.tsx(834,24): error TS2786: 'Shield' cannot be used as a JSX component.
[22:46:57.469]   Its type 'ComponentType<any>' is not a valid JSX element type.
[22:46:57.469]     Type 'FunctionComponent<any>' is not assignable to type 'ElementType'.
[22:46:57.469]       Type 'FunctionComponent<any>' is not assignable to type '(props: any, deprecatedLegacyContext?: any) => ReactNode'.
[22:46:57.469]         Type 'ReactElement<any, string | JSXElementConstructor<any>> | null' is not assignable to type 'ReactNode'.
[22:46:57.469]           Type 'ReactElement<any, string | JSXElementConstructor<any>>' is not assignable to type 'ReactNode'.
[22:46:57.469] src/components/community/MentorshipMatching.tsx(29,8): error TS2786: 'Star' cannot be used as a JSX component.
[22:46:57.469]   Its type 'ComponentType<any>' is not a valid JSX element type.
[22:46:57.469]     Type 'FunctionComponent<any>' is not assignable to type 'ElementType'.
[22:46:57.469]       Type 'FunctionComponent<any>' is not assignable to type '(props: any, deprecatedLegacyContext?: any) => ReactNode'.
[22:46:57.469]         Type 'ReactElement<any, string | JSXElementConstructor<any>> | null' is not assignable to type 'ReactNode'.
[22:46:57.469]           Type 'ReactElement<any, string | JSXElementConstructor<any>>' is not assignable to type 'ReactNode'.
[22:46:57.469] src/components/community/MentorshipMatching.tsx(62,14): error TS2786: 'CheckCircle' cannot be used as a JSX component.
[22:46:57.469]   Its type 'ComponentType<any>' is not a valid JSX element type.
[22:46:57.469]     Type 'FunctionComponent<any>' is not assignable to type 'ElementType'.
[22:46:57.469]       Type 'FunctionComponent<any>' is not assignable to type '(props: any, deprecatedLegacyContext?: any) => ReactNode'.
[22:46:57.469]         Type 'ReactElement<any, string | JSXElementConstructor<any>> | null' is not assignable to type 'ReactNode'.
[22:46:57.470]           Type 'ReactElement<any, string | JSXElementConstructor<any>>' is not assignable to type 'ReactNode'.
[22:46:57.470] src/components/community/MentorshipMatching.tsx(99,12): error TS2786: 'Globe' cannot be used as a JSX component.
[22:46:57.470]   Its type 'ComponentType<any>' is not a valid JSX element type.
[22:46:57.470]     Type 'FunctionComponent<any>' is not assignable to type 'ElementType'.
[22:46:57.470]       Type 'FunctionComponent<any>' is not assignable to type '(props: any, deprecatedLegacyContext?: any) => ReactNode'.
[22:46:57.470]         Type 'ReactElement<any, string | JSXElementConstructor<any>> | null' is not assignable to type 'ReactNode'.
[22:46:57.470]           Type 'ReactElement<any, string | JSXElementConstructor<any>>' is not assignable to type 'ReactNode'.
[22:46:57.470] src/components/community/MentorshipMatching.tsx(103,12): error TS2786: 'Users' cannot be used as a JSX component.
[22:46:57.470]   Its type 'ComponentType<any>' is not a valid JSX element type.
[22:46:57.470]     Type 'FunctionComponent<any>' is not assignable to type 'ElementType'.
[22:46:57.470]       Type 'FunctionComponent<any>' is not assignable to type '(props: any, deprecatedLegacyContext?: any) => ReactNode'.
[22:46:57.470]         Type 'ReactElement<any, string | JSXElementConstructor<any>> | null' is not assignable to type 'ReactNode'.
[22:46:57.470]           Type 'ReactElement<any, string | JSXElementConstructor<any>>' is not assignable to type 'ReactNode'.
[22:46:57.470] src/components/community/MentorshipMatching.tsx(128,10): error TS2786: 'MessageCircle' cannot be used as a JSX component.
[22:46:57.470]   Its type 'ComponentType<any>' is not a valid JSX element type.
[22:46:57.470]     Type 'FunctionComponent<any>' is not assignable to type 'ElementType'.
[22:46:57.470]       Type 'FunctionComponent<any>' is not assignable to type '(props: any, deprecatedLegacyContext?: any) => ReactNode'.
[22:46:57.470]         Type 'ReactElement<any, string | JSXElementConstructor<any>> | null' is not assignable to type 'ReactNode'.
[22:46:57.470]           Type 'ReactElement<any, string | JSXElementConstructor<any>>' is not assignable to type 'ReactNode'.
[22:46:57.470] src/components/community/MentorshipMatching.tsx(276,22): error TS2786: 'Search' cannot be used as a JSX component.
[22:46:57.470]   Its type 'ComponentType<any>' is not a valid JSX element type.
[22:46:57.470]     Type 'FunctionComponent<any>' is not assignable to type 'ElementType'.
[22:46:57.470]       Type 'FunctionComponent<any>' is not assignable to type '(props: any, deprecatedLegacyContext?: any) => ReactNode'.
[22:46:57.470]         Type 'ReactElement<any, string | JSXElementConstructor<any>> | null' is not assignable to type 'ReactNode'.
[22:46:57.470]           Type 'ReactElement<any, string | JSXElementConstructor<any>>' is not assignable to type 'ReactNode'.
[22:46:57.470] src/components/community/MentorshipMatching.tsx(340,18): error TS2786: 'AnimatePresence' cannot be used as a JSX component.
[22:46:57.470]   Its type 'ComponentType<any>' is not a valid JSX element type.
[22:46:57.470]     Type 'FunctionComponent<any>' is not assignable to type 'ElementType'.
[22:46:57.470]       Type 'FunctionComponent<any>' is not assignable to type '(props: any, deprecatedLegacyContext?: any) => ReactNode'.
[22:46:57.470]         Type 'ReactElement<any, string | JSXElementConstructor<any>> | null' is not assignable to type 'ReactNode'.
[22:46:57.470]           Type 'ReactElement<any, string | JSXElementConstructor<any>>' is not assignable to type 'ReactNode'.
[22:46:57.470] src/components/community/MentorshipMatching.tsx(358,18): error TS2786: 'Users' cannot be used as a JSX component.
[22:46:57.470]   Its type 'ComponentType<any>' is not a valid JSX element type.
[22:46:57.470]     Type 'FunctionComponent<any>' is not assignable to type 'ElementType'.
[22:46:57.470]       Type 'FunctionComponent<any>' is not assignable to type '(props: any, deprecatedLegacyContext?: any) => ReactNode'.
[22:46:57.470]         Type 'ReactElement<any, string | JSXElementConstructor<any>> | null' is not assignable to type 'ReactNode'.
[22:46:57.470]           Type 'ReactElement<any, string | JSXElementConstructor<any>>' is not assignable to type 'ReactNode'.
[22:46:57.470] src/components/community/ModerationSystem.tsx(65,14): error TS2786: 'AlertTriangle' cannot be used as a JSX component.
[22:46:57.470]   Its type 'ComponentType<any>' is not a valid JSX element type.
[22:46:57.470]     Type 'FunctionComponent<any>' is not assignable to type 'ElementType'.
[22:46:57.470]       Type 'FunctionComponent<any>' is not assignable to type '(props: any, deprecatedLegacyContext?: any) => ReactNode'.
[22:46:57.470]         Type 'ReactElement<any, string | JSXElementConstructor<any>> | null' is not assignable to type 'ReactNode'.
[22:46:57.470]           Type 'ReactElement<any, string | JSXElementConstructor<any>>' is not assignable to type 'ReactNode'.
[22:46:57.471] src/components/community/ModerationSystem.tsx(70,14): error TS2786: 'AlertCircle' cannot be used as a JSX component.
[22:46:57.471]   Its type 'ComponentType<any>' is not a valid JSX element type.
[22:46:57.471]     Type 'FunctionComponent<any>' is not assignable to type 'ElementType'.
[22:46:57.471]       Type 'FunctionComponent<any>' is not assignable to type '(props: any, deprecatedLegacyContext?: any) => ReactNode'.
[22:46:57.471]         Type 'ReactElement<any, string | JSXElementConstructor<any>> | null' is not assignable to type 'ReactNode'.
[22:46:57.471]           Type 'ReactElement<any, string | JSXElementConstructor<any>>' is not assignable to type 'ReactNode'.
[22:46:57.471] src/components/community/ModerationSystem.tsx(75,14): error TS2786: 'User' cannot be used as a JSX component.
[22:46:57.471]   Its type 'ComponentType<any>' is not a valid JSX element type.
[22:46:57.471]     Type 'FunctionComponent<any>' is not assignable to type 'ElementType'.
[22:46:57.471]       Type 'FunctionComponent<any>' is not assignable to type '(props: any, deprecatedLegacyContext?: any) => ReactNode'.
[22:46:57.471]         Type 'ReactElement<any, string | JSXElementConstructor<any>> | null' is not assignable to type 'ReactNode'.
[22:46:57.471]           Type 'ReactElement<any, string | JSXElementConstructor<any>>' is not assignable to type 'ReactNode'.
[22:46:57.471] src/components/community/ModerationSystem.tsx(80,14): error TS2786: 'MessageSquareOff' cannot be used as a JSX component.
[22:46:57.471]   Its type 'ComponentType<any>' is not a valid JSX element type.
[22:46:57.471]     Type 'FunctionComponent<any>' is not assignable to type 'ElementType'.
[22:46:57.471]       Type 'FunctionComponent<any>' is not assignable to type '(props: any, deprecatedLegacyContext?: any) => ReactNode'.
[22:46:57.471]         Type 'ReactElement<any, string | JSXElementConstructor<any>> | null' is not assignable to type 'ReactNode'.
[22:46:57.471]           Type 'ReactElement<any, string | JSXElementConstructor<any>>' is not assignable to type 'ReactNode'.
[22:46:57.471] src/components/community/ModerationSystem.tsx(85,14): error TS2786: 'XCircle' cannot be used as a JSX component.
[22:46:57.471]   Its type 'ComponentType<any>' is not a valid JSX element type.
[22:46:57.471]     Type 'FunctionComponent<any>' is not assignable to type 'ElementType'.
[22:46:57.471]       Type 'FunctionComponent<any>' is not assignable to type '(props: any, deprecatedLegacyContext?: any) => ReactNode'.
[22:46:57.471]         Type 'ReactElement<any, string | JSXElementConstructor<any>> | null' is not assignable to type 'ReactNode'.
[22:46:57.471]           Type 'ReactElement<any, string | JSXElementConstructor<any>>' is not assignable to type 'ReactNode'.
[22:46:57.471] src/components/community/ModerationSystem.tsx(90,14): error TS2786: 'AlertTriangle' cannot be used as a JSX component.
[22:46:57.471]   Its type 'ComponentType<any>' is not a valid JSX element type.
[22:46:57.471]     Type 'FunctionComponent<any>' is not assignable to type 'ElementType'.
[22:46:57.471]       Type 'FunctionComponent<any>' is not assignable to type '(props: any, deprecatedLegacyContext?: any) => ReactNode'.
[22:46:57.471]         Type 'ReactElement<any, string | JSXElementConstructor<any>> | null' is not assignable to type 'ReactNode'.
[22:46:57.471]           Type 'ReactElement<any, string | JSXElementConstructor<any>>' is not assignable to type 'ReactNode'.
[22:46:57.471] src/components/community/ModerationSystem.tsx(95,14): error TS2786: 'Lock' cannot be used as a JSX component.
[22:46:57.471]   Its type 'ComponentType<any>' is not a valid JSX element type.
[22:46:57.471]     Type 'FunctionComponent<any>' is not assignable to type 'ElementType'.
[22:46:57.471]       Type 'FunctionComponent<any>' is not assignable to type '(props: any, deprecatedLegacyContext?: any) => ReactNode'.
[22:46:57.471]         Type 'ReactElement<any, string | JSXElementConstructor<any>> | null' is not assignable to type 'ReactNode'.
[22:46:57.471]           Type 'ReactElement<any, string | JSXElementConstructor<any>>' is not assignable to type 'ReactNode'.
[22:46:57.471] src/components/community/ModerationSystem.tsx(100,14): error TS2786: 'Flag' cannot be used as a JSX component.
[22:46:57.471]   Its type 'ComponentType<any>' is not a valid JSX element type.
[22:46:57.471]     Type 'FunctionComponent<any>' is not assignable to type 'ElementType'.
[22:46:57.471]       Type 'FunctionComponent<any>' is not assignable to type '(props: any, deprecatedLegacyContext?: any) => ReactNode'.
[22:46:57.472]         Type 'ReactElement<any, string | JSXElementConstructor<any>> | null' is not assignable to type 'ReactNode'.
[22:46:57.472]           Type 'ReactElement<any, string | JSXElementConstructor<any>>' is not assignable to type 'ReactNode'.
[22:46:57.472] src/components/community/ModerationSystem.tsx(359,23): error TS2322: Type 'import("/vercel/path0/src/types/global.d.ts").ReactNode' is not assignable to type 'import("/vercel/path0/node_modules/@types/react/index").ReactNode'.
[22:46:57.472] src/components/community/ModerationSystem.tsx(392,18): error TS2786: 'Shield' cannot be used as a JSX component.
[22:46:57.472]   Its type 'ComponentType<any>' is not a valid JSX element type.
[22:46:57.472]     Type 'FunctionComponent<any>' is not assignable to type 'ElementType'.
[22:46:57.472]       Type 'FunctionComponent<any>' is not assignable to type '(props: any, deprecatedLegacyContext?: any) => ReactNode'.
[22:46:57.472]         Type 'ReactElement<any, string | JSXElementConstructor<any>> | null' is not assignable to type 'ReactNode'.
[22:46:57.472]           Type 'ReactElement<any, string | JSXElementConstructor<any>>' is not assignable to type 'ReactNode'.
[22:46:57.472] src/components/community/ModerationSystem.tsx(418,18): error TS2786: 'Activity' cannot be used as a JSX component.
[22:46:57.472]   Its type 'ComponentType<any>' is not a valid JSX element type.
[22:46:57.472]     Type 'FunctionComponent<any>' is not assignable to type 'ElementType'.
[22:46:57.472]       Type 'FunctionComponent<any>' is not assignable to type '(props: any, deprecatedLegacyContext?: any) => ReactNode'.
[22:46:57.472]         Type 'ReactElement<any, string | JSXElementConstructor<any>> | null' is not assignable to type 'ReactNode'.
[22:46:57.472]           Type 'ReactElement<any, string | JSXElementConstructor<any>>' is not assignable to type 'ReactNode'.
[22:46:57.484] src/components/community/ModerationSystem.tsx(433,16): error TS2786: 'FileText' cannot be used as a JSX component.
[22:46:57.484]   Its type 'ComponentType<any>' is not a valid JSX element type.
[22:46:57.484]     Type 'FunctionComponent<any>' is not assignable to type 'ElementType'.
[22:46:57.484]       Type 'FunctionComponent<any>' is not assignable to type '(props: any, deprecatedLegacyContext?: any) => ReactNode'.
[22:46:57.484]         Type 'ReactElement<any, string | JSXElementConstructor<any>> | null' is not assignable to type 'ReactNode'.
[22:46:57.484]           Type 'ReactElement<any, string | JSXElementConstructor<any>>' is not assignable to type 'ReactNode'.
[22:46:57.484] src/components/community/ModerationSystem.tsx(444,16): error TS2786: 'Clock' cannot be used as a JSX component.
[22:46:57.484]   Its type 'ComponentType<any>' is not a valid JSX element type.
[22:46:57.484]     Type 'FunctionComponent<any>' is not assignable to type 'ElementType'.
[22:46:57.484]       Type 'FunctionComponent<any>' is not assignable to type '(props: any, deprecatedLegacyContext?: any) => ReactNode'.
[22:46:57.484]         Type 'ReactElement<any, string | JSXElementConstructor<any>> | null' is not assignable to type 'ReactNode'.
[22:46:57.484]           Type 'ReactElement<any, string | JSXElementConstructor<any>>' is not assignable to type 'ReactNode'.
[22:46:57.484] src/components/community/ModerationSystem.tsx(455,16): error TS2786: 'CheckCircle' cannot be used as a JSX component.
[22:46:57.484]   Its type 'ComponentType<any>' is not a valid JSX element type.
[22:46:57.484]     Type 'FunctionComponent<any>' is not assignable to type 'ElementType'.
[22:46:57.484]       Type 'FunctionComponent<any>' is not assignable to type '(props: any, deprecatedLegacyContext?: any) => ReactNode'.
[22:46:57.484]         Type 'ReactElement<any, string | JSXElementConstructor<any>> | null' is not assignable to type 'ReactNode'.
[22:46:57.484]           Type 'ReactElement<any, string | JSXElementConstructor<any>>' is not assignable to type 'ReactNode'.
[22:46:57.484] src/components/community/ModerationSystem.tsx(466,16): error TS2786: 'Timer' cannot be used as a JSX component.
[22:46:57.484]   Its type 'ComponentType<any>' is not a valid JSX element type.
[22:46:57.484]     Type 'FunctionComponent<any>' is not assignable to type 'ElementType'.
[22:46:57.484]       Type 'FunctionComponent<any>' is not assignable to type '(props: any, deprecatedLegacyContext?: any) => ReactNode'.
[22:46:57.484]         Type 'ReactElement<any, string | JSXElementConstructor<any>> | null' is not assignable to type 'ReactNode'.
[22:46:57.484]           Type 'ReactElement<any, string | JSXElementConstructor<any>>' is not assignable to type 'ReactNode'.
[22:46:57.484] src/components/community/ModerationSystem.tsx(477,16): error TS2786: 'AlertTriangle' cannot be used as a JSX component.
[22:46:57.484]   Its type 'ComponentType<any>' is not a valid JSX element type.
[22:46:57.484]     Type 'FunctionComponent<any>' is not assignable to type 'ElementType'.
[22:46:57.484]       Type 'FunctionComponent<any>' is not assignable to type '(props: any, deprecatedLegacyContext?: any) => ReactNode'.
[22:46:57.484]         Type 'ReactElement<any, string | JSXElementConstructor<any>> | null' is not assignable to type 'ReactNode'.
[22:46:57.484]           Type 'ReactElement<any, string | JSXElementConstructor<any>>' is not assignable to type 'ReactNode'.
[22:46:57.484] src/components/community/ModerationSystem.tsx(488,16): error TS2786: 'BarChart3' cannot be used as a JSX component.
[22:46:57.484]   Its type 'ComponentType<any>' is not a valid JSX element type.
[22:46:57.484]     Type 'FunctionComponent<any>' is not assignable to type 'ElementType'.
[22:46:57.484]       Type 'FunctionComponent<any>' is not assignable to type '(props: any, deprecatedLegacyContext?: any) => ReactNode'.
[22:46:57.484]         Type 'ReactElement<any, string | JSXElementConstructor<any>> | null' is not assignable to type 'ReactNode'.
[22:46:57.485]           Type 'ReactElement<any, string | JSXElementConstructor<any>>' is not assignable to type 'ReactNode'.
[22:46:57.485] src/components/community/ModerationSystem.tsx(509,18): error TS2786: 'Search' cannot be used as a JSX component.
[22:46:57.485]   Its type 'ComponentType<any>' is not a valid JSX element type.
[22:46:57.485]     Type 'FunctionComponent<any>' is not assignable to type 'ElementType'.
[22:46:57.485]       Type 'FunctionComponent<any>' is not assignable to type '(props: any, deprecatedLegacyContext?: any) => ReactNode'.
[22:46:57.485]         Type 'ReactElement<any, string | JSXElementConstructor<any>> | null' is not assignable to type 'ReactNode'.
[22:46:57.485]           Type 'ReactElement<any, string | JSXElementConstructor<any>>' is not assignable to type 'ReactNode'.
[22:46:57.485] src/components/community/ModerationSystem.tsx(558,16): error TS2786: 'RefreshCw' cannot be used as a JSX component.
[22:46:57.485]   Its type 'ComponentType<any>' is not a valid JSX element type.
[22:46:57.485]     Type 'FunctionComponent<any>' is not assignable to type 'ElementType'.
[22:46:57.485]       Type 'FunctionComponent<any>' is not assignable to type '(props: any, deprecatedLegacyContext?: any) => ReactNode'.
[22:46:57.485]         Type 'ReactElement<any, string | JSXElementConstructor<any>> | null' is not assignable to type 'ReactNode'.
[22:46:57.485]           Type 'ReactElement<any, string | JSXElementConstructor<any>>' is not assignable to type 'ReactNode'.
[22:46:57.485] src/components/community/ModerationSystem.tsx(566,12): error TS2786: 'AnimatePresence' cannot be used as a JSX component.
[22:46:57.485]   Its type 'ComponentType<any>' is not a valid JSX element type.
[22:46:57.485]     Type 'FunctionComponent<any>' is not assignable to type 'ElementType'.
[22:46:57.485]       Type 'FunctionComponent<any>' is not assignable to type '(props: any, deprecatedLegacyContext?: any) => ReactNode'.
[22:46:57.485]         Type 'ReactElement<any, string | JSXElementConstructor<any>> | null' is not assignable to type 'ReactNode'.
[22:46:57.485]           Type 'ReactElement<any, string | JSXElementConstructor<any>>' is not assignable to type 'ReactNode'.
[22:46:57.485] src/components/community/ModerationSystem.tsx(585,25): error TS2322: Type 'import("/vercel/path0/src/types/global.d.ts").ReactNode' is not assignable to type 'import("/vercel/path0/node_modules/@types/react/index").ReactNode'.
[22:46:57.485] src/components/community/ModerationSystem.tsx(616,24): error TS2786: 'ChevronRight' cannot be used as a JSX component.
[22:46:57.485]   Its type 'ComponentType<any>' is not a valid JSX element type.
[22:46:57.485]     Type 'FunctionComponent<any>' is not assignable to type 'ElementType'.
[22:46:57.485]       Type 'FunctionComponent<any>' is not assignable to type '(props: any, deprecatedLegacyContext?: any) => ReactNode'.
[22:46:57.485]         Type 'ReactElement<any, string | JSXElementConstructor<any>> | null' is not assignable to type 'ReactNode'.
[22:46:57.485]           Type 'ReactElement<any, string | JSXElementConstructor<any>>' is not assignable to type 'ReactNode'.
[22:46:57.485] src/components/community/ModerationSystem.tsx(624,26): error TS2786: 'Sparkles' cannot be used as a JSX component.
[22:46:57.485]   Its type 'ComponentType<any>' is not a valid JSX element type.
[22:46:57.485]     Type 'FunctionComponent<any>' is not assignable to type 'ElementType'.
[22:46:57.485]       Type 'FunctionComponent<any>' is not assignable to type '(props: any, deprecatedLegacyContext?: any) => ReactNode'.
[22:46:57.485]         Type 'ReactElement<any, string | JSXElementConstructor<any>> | null' is not assignable to type 'ReactNode'.
[22:46:57.485]           Type 'ReactElement<any, string | JSXElementConstructor<any>>' is not assignable to type 'ReactNode'.
[22:46:57.485] src/components/community/ModerationSystem.tsx(659,26): error TS2786: 'Trash' cannot be used as a JSX component.
[22:46:57.485]   Its type 'ComponentType<any>' is not a valid JSX element type.
[22:46:57.485]     Type 'FunctionComponent<any>' is not assignable to type 'ElementType'.
[22:46:57.485]       Type 'FunctionComponent<any>' is not assignable to type '(props: any, deprecatedLegacyContext?: any) => ReactNode'.
[22:46:57.485]         Type 'ReactElement<any, string | JSXElementConstructor<any>> | null' is not assignable to type 'ReactNode'.
[22:46:57.485]           Type 'ReactElement<any, string | JSXElementConstructor<any>>' is not assignable to type 'ReactNode'.
[22:46:57.485] src/components/community/ModerationSystem.tsx(667,26): error TS2786: 'AlertTriangle' cannot be used as a JSX component.
[22:46:57.485]   Its type 'ComponentType<any>' is not a valid JSX element type.
[22:46:57.485]     Type 'FunctionComponent<any>' is not assignable to type 'ElementType'.
[22:46:57.485]       Type 'FunctionComponent<any>' is not assignable to type '(props: any, deprecatedLegacyContext?: any) => ReactNode'.
[22:46:57.485]         Type 'ReactElement<any, string | JSXElementConstructor<any>> | null' is not assignable to type 'ReactNode'.
[22:46:57.485]           Type 'ReactElement<any, string | JSXElementConstructor<any>>' is not assignable to type 'ReactNode'.
[22:46:57.485] src/components/community/ModerationSystem.tsx(676,28): error TS2786: 'AlertCircle' cannot be used as a JSX component.
[22:46:57.485]   Its type 'ComponentType<any>' is not a valid JSX element type.
[22:46:57.485]     Type 'FunctionComponent<any>' is not assignable to type 'ElementType'.
[22:46:57.485]       Type 'FunctionComponent<any>' is not assignable to type '(props: any, deprecatedLegacyContext?: any) => ReactNode'.
[22:46:57.485]         Type 'ReactElement<any, string | JSXElementConstructor<any>> | null' is not assignable to type 'ReactNode'.
[22:46:57.485]           Type 'ReactElement<any, string | JSXElementConstructor<any>>' is not assignable to type 'ReactNode'.
[22:46:57.486] src/components/community/ModerationSystem.tsx(702,14): error TS2786: 'CheckCircle' cannot be used as a JSX component.
[22:46:57.486]   Its type 'ComponentType<any>' is not a valid JSX element type.
[22:46:57.486]     Type 'FunctionComponent<any>' is not assignable to type 'ElementType'.
[22:46:57.486]       Type 'FunctionComponent<any>' is not assignable to type '(props: any, deprecatedLegacyContext?: any) => ReactNode'.
[22:46:57.486]         Type 'ReactElement<any, string | JSXElementConstructor<any>> | null' is not assignable to type 'ReactNode'.
[22:46:57.486]           Type 'ReactElement<any, string | JSXElementConstructor<any>>' is not assignable to type 'ReactNode'.
[22:46:57.486] src/components/community/ModerationSystem.tsx(720,10): error TS2786: 'AnimatePresence' cannot be used as a JSX component.
[22:46:57.486]   Its type 'ComponentType<any>' is not a valid JSX element type.
[22:46:57.486]     Type 'FunctionComponent<any>' is not assignable to type 'ElementType'.
[22:46:57.486]       Type 'FunctionComponent<any>' is not assignable to type '(props: any, deprecatedLegacyContext?: any) => ReactNode'.
[22:46:57.486]         Type 'ReactElement<any, string | JSXElementConstructor<any>> | null' is not assignable to type 'ReactNode'.
[22:46:57.486]           Type 'ReactElement<any, string | JSXElementConstructor<any>>' is not assignable to type 'ReactNode'.
[22:46:57.486] src/components/community/ModerationSystem.tsx(745,24): error TS2786: 'X' cannot be used as a JSX component.
[22:46:57.486]   Its type 'ComponentType<any>' is not a valid JSX element type.
[22:46:57.486]     Type 'FunctionComponent<any>' is not assignable to type 'ElementType'.
[22:46:57.486]       Type 'FunctionComponent<any>' is not assignable to type '(props: any, deprecatedLegacyContext?: any) => ReactNode'.
[22:46:57.486]         Type 'ReactElement<any, string | JSXElementConstructor<any>> | null' is not assignable to type 'ReactNode'.
[22:46:57.486]           Type 'ReactElement<any, string | JSXElementConstructor<any>>' is not assignable to type 'ReactNode'.
[22:46:57.486] src/components/community/ModerationSystem.tsx(816,26): error TS2786: 'Sparkles' cannot be used as a JSX component.
[22:46:57.486]   Its type 'ComponentType<any>' is not a valid JSX element type.
[22:46:57.486]     Type 'FunctionComponent<any>' is not assignable to type 'ElementType'.
[22:46:57.486]       Type 'FunctionComponent<any>' is not assignable to type '(props: any, deprecatedLegacyContext?: any) => ReactNode'.
[22:46:57.486]         Type 'ReactElement<any, string | JSXElementConstructor<any>> | null' is not assignable to type 'ReactNode'.
[22:46:57.486]           Type 'ReactElement<any, string | JSXElementConstructor<any>>' is not assignable to type 'ReactNode'.
[22:46:57.486] src/components/community/ModerationSystem.tsx(848,30): error TS2786: 'ChevronRight' cannot be used as a JSX component.
[22:46:57.486]   Its type 'ComponentType<any>' is not a valid JSX element type.
[22:46:57.486]     Type 'FunctionComponent<any>' is not assignable to type 'ElementType'.
[22:46:57.486]       Type 'FunctionComponent<any>' is not assignable to type '(props: any, deprecatedLegacyContext?: any) => ReactNode'.
[22:46:57.486]         Type 'ReactElement<any, string | JSXElementConstructor<any>> | null' is not assignable to type 'ReactNode'.
[22:46:57.486]           Type 'ReactElement<any, string | JSXElementConstructor<any>>' is not assignable to type 'ReactNode'.
[22:46:57.486] src/components/community/PeerChat.tsx(346,22): error TS2786: 'Lock' cannot be used as a JSX component.
[22:46:57.486]   Its type 'ComponentType<any>' is not a valid JSX element type.
[22:46:57.486]     Type 'FunctionComponent<any>' is not assignable to type 'ElementType'.
[22:46:57.486]       Type 'FunctionComponent<any>' is not assignable to type '(props: any, deprecatedLegacyContext?: any) => ReactNode'.
[22:46:57.486]         Type 'ReactElement<any, string | JSXElementConstructor<any>> | null' is not assignable to type 'ReactNode'.
[22:46:57.486]           Type 'ReactElement<any, string | JSXElementConstructor<any>>' is not assignable to type 'ReactNode'.
[22:46:57.486] src/components/community/PeerChat.tsx(371,32): error TS2786: 'Mic' cannot be used as a JSX component.
[22:46:57.486]   Its type 'ComponentType<any>' is not a valid JSX element type.
[22:46:57.486]     Type 'FunctionComponent<any>' is not assignable to type 'ElementType'.
[22:46:57.486]       Type 'FunctionComponent<any>' is not assignable to type '(props: any, deprecatedLegacyContext?: any) => ReactNode'.
[22:46:57.486]         Type 'ReactElement<any, string | JSXElementConstructor<any>> | null' is not assignable to type 'ReactNode'.
[22:46:57.486]           Type 'ReactElement<any, string | JSXElementConstructor<any>>' is not assignable to type 'ReactNode'.
[22:46:57.486] src/components/community/PeerChat.tsx(371,62): error TS2786: 'MicOff' cannot be used as a JSX component.
[22:46:57.486]   Its type 'ComponentType<any>' is not a valid JSX element type.
[22:46:57.486]     Type 'FunctionComponent<any>' is not assignable to type 'ElementType'.
[22:46:57.486]       Type 'FunctionComponent<any>' is not assignable to type '(props: any, deprecatedLegacyContext?: any) => ReactNode'.
[22:46:57.486]         Type 'ReactElement<any, string | JSXElementConstructor<any>> | null' is not assignable to type 'ReactNode'.
[22:46:57.486]           Type 'ReactElement<any, string | JSXElementConstructor<any>>' is not assignable to type 'ReactNode'.
[22:46:57.486] src/components/community/PeerChat.tsx(381,32): error TS2786: 'Video' cannot be used as a JSX component.
[22:46:57.486]   Its type 'ComponentType<any>' is not a valid JSX element type.
[22:46:57.486]     Type 'FunctionComponent<any>' is not assignable to type 'ElementType'.
[22:46:57.486]       Type 'FunctionComponent<any>' is not assignable to type '(props: any, deprecatedLegacyContext?: any) => ReactNode'.
[22:46:57.487]         Type 'ReactElement<any, string | JSXElementConstructor<any>> | null' is not assignable to type 'ReactNode'.
[22:46:57.487]           Type 'ReactElement<any, string | JSXElementConstructor<any>>' is not assignable to type 'ReactNode'.
[22:46:57.487] src/components/community/PeerChat.tsx(381,64): error TS2786: 'VideoOff' cannot be used as a JSX component.
[22:46:57.487]   Its type 'ComponentType<any>' is not a valid JSX element type.
[22:46:57.487]     Type 'FunctionComponent<any>' is not assignable to type 'ElementType'.
[22:46:57.487]       Type 'FunctionComponent<any>' is not assignable to type '(props: any, deprecatedLegacyContext?: any) => ReactNode'.
[22:46:57.487]         Type 'ReactElement<any, string | JSXElementConstructor<any>> | null' is not assignable to type 'ReactNode'.
[22:46:57.487]           Type 'ReactElement<any, string | JSXElementConstructor<any>>' is not assignable to type 'ReactNode'.
[22:46:57.487] src/components/community/PeerChat.tsx(390,18): error TS2786: 'MoreVertical' cannot be used as a JSX component.
[22:46:57.487]   Its type 'ComponentType<any>' is not a valid JSX element type.
[22:46:57.487]     Type 'FunctionComponent<any>' is not assignable to type 'ElementType'.
[22:46:57.487]       Type 'FunctionComponent<any>' is not assignable to type '(props: any, deprecatedLegacyContext?: any) => ReactNode'.
[22:46:57.487]         Type 'ReactElement<any, string | JSXElementConstructor<any>> | null' is not assignable to type 'ReactNode'.
[22:46:57.487]           Type 'ReactElement<any, string | JSXElementConstructor<any>>' is not assignable to type 'ReactNode'.
[22:46:57.487] src/components/community/PeerChat.tsx(393,16): error TS2786: 'AnimatePresence' cannot be used as a JSX component.
[22:46:57.487]   Its type 'ComponentType<any>' is not a valid JSX element type.
[22:46:57.487]     Type 'FunctionComponent<any>' is not assignable to type 'ElementType'.
[22:46:57.487]       Type 'FunctionComponent<any>' is not assignable to type '(props: any, deprecatedLegacyContext?: any) => ReactNode'.
[22:46:57.487]         Type 'ReactElement<any, string | JSXElementConstructor<any>> | null' is not assignable to type 'ReactNode'.
[22:46:57.487]           Type 'ReactElement<any, string | JSXElementConstructor<any>>' is not assignable to type 'ReactNode'.
[22:46:57.487] src/components/community/PeerChat.tsx(408,24): error TS2786: 'Flag' cannot be used as a JSX component.
[22:46:57.487]   Its type 'ComponentType<any>' is not a valid JSX element type.
[22:46:57.487]     Type 'FunctionComponent<any>' is not assignable to type 'ElementType'.
[22:46:57.487]       Type 'FunctionComponent<any>' is not assignable to type '(props: any, deprecatedLegacyContext?: any) => ReactNode'.
[22:46:57.487]         Type 'ReactElement<any, string | JSXElementConstructor<any>> | null' is not assignable to type 'ReactNode'.
[22:46:57.487]           Type 'ReactElement<any, string | JSXElementConstructor<any>>' is not assignable to type 'ReactNode'.
[22:46:57.487] src/components/community/PeerChat.tsx(418,24): error TS2786: 'PhoneOff' cannot be used as a JSX component.
[22:46:57.487]   Its type 'ComponentType<any>' is not a valid JSX element type.
[22:46:57.487]     Type 'FunctionComponent<any>' is not assignable to type 'ElementType'.
[22:46:57.487]       Type 'FunctionComponent<any>' is not assignable to type '(props: any, deprecatedLegacyContext?: any) => ReactNode'.
[22:46:57.487]         Type 'ReactElement<any, string | JSXElementConstructor<any>> | null' is not assignable to type 'ReactNode'.
[22:46:57.487]           Type 'ReactElement<any, string | JSXElementConstructor<any>>' is not assignable to type 'ReactNode'.
[22:46:57.487] src/components/community/PeerChat.tsx(431,14): error TS2786: 'Info' cannot be used as a JSX component.
[22:46:57.487]   Its type 'ComponentType<any>' is not a valid JSX element type.
[22:46:57.487]     Type 'FunctionComponent<any>' is not assignable to type 'ElementType'.
[22:46:57.487]       Type 'FunctionComponent<any>' is not assignable to type '(props: any, deprecatedLegacyContext?: any) => ReactNode'.
[22:46:57.487]         Type 'ReactElement<any, string | JSXElementConstructor<any>> | null' is not assignable to type 'ReactNode'.
[22:46:57.487]           Type 'ReactElement<any, string | JSXElementConstructor<any>>' is not assignable to type 'ReactNode'.
[22:46:57.487] src/components/community/PeerChat.tsx(442,8): error TS2786: 'AnimatePresence' cannot be used as a JSX component.
[22:46:57.487]   Its type 'ComponentType<any>' is not a valid JSX element type.
[22:46:57.487]     Type 'FunctionComponent<any>' is not assignable to type 'ElementType'.
[22:46:57.487]       Type 'FunctionComponent<any>' is not assignable to type '(props: any, deprecatedLegacyContext?: any) => ReactNode'.
[22:46:57.487]         Type 'ReactElement<any, string | JSXElementConstructor<any>> | null' is not assignable to type 'ReactNode'.
[22:46:57.487]           Type 'ReactElement<any, string | JSXElementConstructor<any>>' is not assignable to type 'ReactNode'.
[22:46:57.487] src/components/community/PeerChat.tsx(451,16): error TS2786: 'AlertTriangle' cannot be used as a JSX component.
[22:46:57.487]   Its type 'ComponentType<any>' is not a valid JSX element type.
[22:46:57.487]     Type 'FunctionComponent<any>' is not assignable to type 'ElementType'.
[22:46:57.487]       Type 'FunctionComponent<any>' is not assignable to type '(props: any, deprecatedLegacyContext?: any) => ReactNode'.
[22:46:57.487]         Type 'ReactElement<any, string | JSXElementConstructor<any>> | null' is not assignable to type 'ReactNode'.
[22:46:57.487]           Type 'ReactElement<any, string | JSXElementConstructor<any>>' is not assignable to type 'ReactNode'.
[22:46:57.487] src/components/community/PeerChat.tsx(470,10): error TS2786: 'AnimatePresence' cannot be used as a JSX component.
[22:46:57.488]   Its type 'ComponentType<any>' is not a valid JSX element type.
[22:46:57.488]     Type 'FunctionComponent<any>' is not assignable to type 'ElementType'.
[22:46:57.488]       Type 'FunctionComponent<any>' is not assignable to type '(props: any, deprecatedLegacyContext?: any) => ReactNode'.
[22:46:57.488]         Type 'ReactElement<any, string | JSXElementConstructor<any>> | null' is not assignable to type 'ReactNode'.
[22:46:57.488]           Type 'ReactElement<any, string | JSXElementConstructor<any>>' is not assignable to type 'ReactNode'.
[22:46:57.488] src/components/community/PeerChat.tsx(517,24): error TS2786: 'CheckCheck' cannot be used as a JSX component.
[22:46:57.488]   Its type 'ComponentType<any>' is not a valid JSX element type.
[22:46:57.488]     Type 'FunctionComponent<any>' is not assignable to type 'ElementType'.
[22:46:57.488]       Type 'FunctionComponent<any>' is not assignable to type '(props: any, deprecatedLegacyContext?: any) => ReactNode'.
[22:46:57.488]         Type 'ReactElement<any, string | JSXElementConstructor<any>> | null' is not assignable to type 'ReactNode'.
[22:46:57.488]           Type 'ReactElement<any, string | JSXElementConstructor<any>>' is not assignable to type 'ReactNode'.
[22:46:57.488] src/components/community/PeerChat.tsx(520,24): error TS2786: 'Check' cannot be used as a JSX component.
[22:46:57.488]   Its type 'ComponentType<any>' is not a valid JSX element type.
[22:46:57.488]     Type 'FunctionComponent<any>' is not assignable to type 'ElementType'.
[22:46:57.488]       Type 'FunctionComponent<any>' is not assignable to type '(props: any, deprecatedLegacyContext?: any) => ReactNode'.
[22:46:57.488]         Type 'ReactElement<any, string | JSXElementConstructor<any>> | null' is not assignable to type 'ReactNode'.
[22:46:57.488]           Type 'ReactElement<any, string | JSXElementConstructor<any>>' is not assignable to type 'ReactNode'.
[22:46:57.488] src/components/community/PeerChat.tsx(550,10): error TS2786: 'AnimatePresence' cannot be used as a JSX component.
[22:46:57.488]   Its type 'ComponentType<any>' is not a valid JSX element type.
[22:46:57.488]     Type 'FunctionComponent<any>' is not assignable to type 'ElementType'.
[22:46:57.488]       Type 'FunctionComponent<any>' is not assignable to type '(props: any, deprecatedLegacyContext?: any) => ReactNode'.
[22:46:57.488]         Type 'ReactElement<any, string | JSXElementConstructor<any>> | null' is not assignable to type 'ReactNode'.
[22:46:57.488]           Type 'ReactElement<any, string | JSXElementConstructor<any>>' is not assignable to type 'ReactNode'.
[22:46:57.488] src/components/community/PeerChat.tsx(575,10): error TS2786: 'AnimatePresence' cannot be used as a JSX component.
[22:46:57.488]   Its type 'ComponentType<any>' is not a valid JSX element type.
[22:46:57.488]     Type 'FunctionComponent<any>' is not assignable to type 'ElementType'.
[22:46:57.488]       Type 'FunctionComponent<any>' is not assignable to type '(props: any, deprecatedLegacyContext?: any) => ReactNode'.
[22:46:57.488]         Type 'ReactElement<any, string | JSXElementConstructor<any>> | null' is not assignable to type 'ReactNode'.
[22:46:57.488]           Type 'ReactElement<any, string | JSXElementConstructor<any>>' is not assignable to type 'ReactNode'.
[22:46:57.488] src/components/community/PeerChat.tsx(601,14): error TS2786: 'Smile' cannot be used as a JSX component.
[22:46:57.488]   Its type 'ComponentType<any>' is not a valid JSX element type.
[22:46:57.488]     Type 'FunctionComponent<any>' is not assignable to type 'ElementType'.
[22:46:57.488]       Type 'FunctionComponent<any>' is not assignable to type '(props: any, deprecatedLegacyContext?: any) => ReactNode'.
[22:46:57.488]         Type 'ReactElement<any, string | JSXElementConstructor<any>> | null' is not assignable to type 'ReactNode'.
[22:46:57.488]           Type 'ReactElement<any, string | JSXElementConstructor<any>>' is not assignable to type 'ReactNode'.
[22:46:57.488] src/components/community/PeerChat.tsx(634,14): error TS2786: 'Send' cannot be used as a JSX component.
[22:46:57.488]   Its type 'ComponentType<any>' is not a valid JSX element type.
[22:46:57.488]     Type 'FunctionComponent<any>' is not assignable to type 'ElementType'.
[22:46:57.488]       Type 'FunctionComponent<any>' is not assignable to type '(props: any, deprecatedLegacyContext?: any) => ReactNode'.
[22:46:57.488]         Type 'ReactElement<any, string | JSXElementConstructor<any>> | null' is not assignable to type 'ReactNode'.
[22:46:57.488]           Type 'ReactElement<any, string | JSXElementConstructor<any>>' is not assignable to type 'ReactNode'.
[22:46:57.488] src/components/community/SupportGroups.tsx(51,14): error TS2786: 'TrendingUp' cannot be used as a JSX component.
[22:46:57.488]   Its type 'ComponentType<any>' is not a valid JSX element type.
[22:46:57.488]     Type 'FunctionComponent<any>' is not assignable to type 'ElementType'.
[22:46:57.488]       Type 'FunctionComponent<any>' is not assignable to type '(props: any, deprecatedLegacyContext?: any) => ReactNode'.
[22:46:57.488]         Type 'ReactElement<any, string | JSXElementConstructor<any>> | null' is not assignable to type 'ReactNode'.
[22:46:57.488]           Type 'ReactElement<any, string | JSXElementConstructor<any>>' is not assignable to type 'ReactNode'.
[22:46:57.488] src/components/community/SupportGroups.tsx(56,14): error TS2786: 'Heart' cannot be used as a JSX component.
[22:46:57.488]   Its type 'ComponentType<any>' is not a valid JSX element type.
[22:46:57.488]     Type 'FunctionComponent<any>' is not assignable to type 'ElementType'.
[22:46:57.488]       Type 'FunctionComponent<any>' is not assignable to type '(props: any, deprecatedLegacyContext?: any) => ReactNode'.
[22:46:57.489]         Type 'ReactElement<any, string | JSXElementConstructor<any>> | null' is not assignable to type 'ReactNode'.
[22:46:57.489]           Type 'ReactElement<any, string | JSXElementConstructor<any>>' is not assignable to type 'ReactNode'.
[22:46:57.489] src/components/community/SupportGroups.tsx(61,14): error TS2786: 'Shield' cannot be used as a JSX component.
[22:46:57.489]   Its type 'ComponentType<any>' is not a valid JSX element type.
[22:46:57.489]     Type 'FunctionComponent<any>' is not assignable to type 'ElementType'.
[22:46:57.489]       Type 'FunctionComponent<any>' is not assignable to type '(props: any, deprecatedLegacyContext?: any) => ReactNode'.
[22:46:57.489]         Type 'ReactElement<any, string | JSXElementConstructor<any>> | null' is not assignable to type 'ReactNode'.
[22:46:57.489]           Type 'ReactElement<any, string | JSXElementConstructor<any>>' is not assignable to type 'ReactNode'.
[22:46:57.489] src/components/community/SupportGroups.tsx(66,14): error TS2786: 'Heart' cannot be used as a JSX component.
[22:46:57.489]   Its type 'ComponentType<any>' is not a valid JSX element type.
[22:46:57.489]     Type 'FunctionComponent<any>' is not assignable to type 'ElementType'.
[22:46:57.489]       Type 'FunctionComponent<any>' is not assignable to type '(props: any, deprecatedLegacyContext?: any) => ReactNode'.
[22:46:57.489]         Type 'ReactElement<any, string | JSXElementConstructor<any>> | null' is not assignable to type 'ReactNode'.
[22:46:57.489]           Type 'ReactElement<any, string | JSXElementConstructor<any>>' is not assignable to type 'ReactNode'.
[22:46:57.489] src/components/community/SupportGroups.tsx(71,14): error TS2786: 'TrendingUp' cannot be used as a JSX component.
[22:46:57.489]   Its type 'ComponentType<any>' is not a valid JSX element type.
[22:46:57.489]     Type 'FunctionComponent<any>' is not assignable to type 'ElementType'.
[22:46:57.489]       Type 'FunctionComponent<any>' is not assignable to type '(props: any, deprecatedLegacyContext?: any) => ReactNode'.
[22:46:57.489]         Type 'ReactElement<any, string | JSXElementConstructor<any>> | null' is not assignable to type 'ReactNode'.
[22:46:57.489]           Type 'ReactElement<any, string | JSXElementConstructor<any>>' is not assignable to type 'ReactNode'.
[22:46:57.489] src/components/community/SupportGroups.tsx(76,14): error TS2786: 'Users' cannot be used as a JSX component.
[22:46:57.489]   Its type 'ComponentType<any>' is not a valid JSX element type.
[22:46:57.489]     Type 'FunctionComponent<any>' is not assignable to type 'ElementType'.
[22:46:57.489]       Type 'FunctionComponent<any>' is not assignable to type '(props: any, deprecatedLegacyContext?: any) => ReactNode'.
[22:46:57.489]         Type 'ReactElement<any, string | JSXElementConstructor<any>> | null' is not assignable to type 'ReactNode'.
[22:46:57.489]           Type 'ReactElement<any, string | JSXElementConstructor<any>>' is not assignable to type 'ReactNode'.
[22:46:57.489] src/components/community/SupportGroups.tsx(81,14): error TS2786: 'Shield' cannot be used as a JSX component.
[22:46:57.489]   Its type 'ComponentType<any>' is not a valid JSX element type.
[22:46:57.489]     Type 'FunctionComponent<any>' is not assignable to type 'ElementType'.
[22:46:57.489]       Type 'FunctionComponent<any>' is not assignable to type '(props: any, deprecatedLegacyContext?: any) => ReactNode'.
[22:46:57.489]         Type 'ReactElement<any, string | JSXElementConstructor<any>> | null' is not assignable to type 'ReactNode'.
[22:46:57.489]           Type 'ReactElement<any, string | JSXElementConstructor<any>>' is not assignable to type 'ReactNode'.
[22:46:57.489] src/components/community/SupportGroups.tsx(86,14): error TS2786: 'Heart' cannot be used as a JSX component.
[22:46:57.489]   Its type 'ComponentType<any>' is not a valid JSX element type.
[22:46:57.489]     Type 'FunctionComponent<any>' is not assignable to type 'ElementType'.
[22:46:57.489]       Type 'FunctionComponent<any>' is not assignable to type '(props: any, deprecatedLegacyContext?: any) => ReactNode'.
[22:46:57.489]         Type 'ReactElement<any, string | JSXElementConstructor<any>> | null' is not assignable to type 'ReactNode'.
[22:46:57.489]           Type 'ReactElement<any, string | JSXElementConstructor<any>>' is not assignable to type 'ReactNode'.
[22:46:57.489] src/components/community/SupportGroups.tsx(91,14): error TS2786: 'TrendingUp' cannot be used as a JSX component.
[22:46:57.489]   Its type 'ComponentType<any>' is not a valid JSX element type.
[22:46:57.489]     Type 'FunctionComponent<any>' is not assignable to type 'ElementType'.
[22:46:57.489]       Type 'FunctionComponent<any>' is not assignable to type '(props: any, deprecatedLegacyContext?: any) => ReactNode'.
[22:46:57.489]         Type 'ReactElement<any, string | JSXElementConstructor<any>> | null' is not assignable to type 'ReactNode'.
[22:46:57.489]           Type 'ReactElement<any, string | JSXElementConstructor<any>>' is not assignable to type 'ReactNode'.
[22:46:57.489] src/components/community/SupportGroups.tsx(96,14): error TS2786: 'Shield' cannot be used as a JSX component.
[22:46:57.489]   Its type 'ComponentType<any>' is not a valid JSX element type.
[22:46:57.489]     Type 'FunctionComponent<any>' is not assignable to type 'ElementType'.
[22:46:57.489]       Type 'FunctionComponent<any>' is not assignable to type '(props: any, deprecatedLegacyContext?: any) => ReactNode'.
[22:46:57.489]         Type 'ReactElement<any, string | JSXElementConstructor<any>> | null' is not assignable to type 'ReactNode'.
[22:46:57.489]           Type 'ReactElement<any, string | JSXElementConstructor<any>>' is not assignable to type 'ReactNode'.
[22:46:57.489] src/components/community/SupportGroups.tsx(101,14): error TS2786: 'Shield' cannot be used as a JSX component.
[22:46:57.489]   Its type 'ComponentType<any>' is not a valid JSX element type.
[22:46:57.489]     Type 'FunctionComponent<any>' is not assignable to type 'ElementType'.
[22:46:57.490]       Type 'FunctionComponent<any>' is not assignable to type '(props: any, deprecatedLegacyContext?: any) => ReactNode'.
[22:46:57.490]         Type 'ReactElement<any, string | JSXElementConstructor<any>> | null' is not assignable to type 'ReactNode'.
[22:46:57.490]           Type 'ReactElement<any, string | JSXElementConstructor<any>>' is not assignable to type 'ReactNode'.
[22:46:57.490] src/components/community/SupportGroups.tsx(106,14): error TS2786: 'Heart' cannot be used as a JSX component.
[22:46:57.490]   Its type 'ComponentType<any>' is not a valid JSX element type.
[22:46:57.490]     Type 'FunctionComponent<any>' is not assignable to type 'ElementType'.
[22:46:57.490]       Type 'FunctionComponent<any>' is not assignable to type '(props: any, deprecatedLegacyContext?: any) => ReactNode'.
[22:46:57.490]         Type 'ReactElement<any, string | JSXElementConstructor<any>> | null' is not assignable to type 'ReactNode'.
[22:46:57.490]           Type 'ReactElement<any, string | JSXElementConstructor<any>>' is not assignable to type 'ReactNode'.
[22:46:57.490] src/components/community/SupportGroups.tsx(315,18): error TS2786: 'Search' cannot be used as a JSX component.
[22:46:57.490]   Its type 'ComponentType<any>' is not a valid JSX element type.
[22:46:57.490]     Type 'FunctionComponent<any>' is not assignable to type 'ElementType'.
[22:46:57.490]       Type 'FunctionComponent<any>' is not assignable to type '(props: any, deprecatedLegacyContext?: any) => ReactNode'.
[22:46:57.490]         Type 'ReactElement<any, string | JSXElementConstructor<any>> | null' is not assignable to type 'ReactNode'.
[22:46:57.490]           Type 'ReactElement<any, string | JSXElementConstructor<any>>' is not assignable to type 'ReactNode'.
[22:46:57.490] src/components/community/SupportGroups.tsx(330,16): error TS2786: 'Filter' cannot be used as a JSX component.
[22:46:57.490]   Its type 'ComponentType<any>' is not a valid JSX element type.
[22:46:57.490]     Type 'FunctionComponent<any>' is not assignable to type 'ElementType'.
[22:46:57.490]       Type 'FunctionComponent<any>' is not assignable to type '(props: any, deprecatedLegacyContext?: any) => ReactNode'.
[22:46:57.490]         Type 'ReactElement<any, string | JSXElementConstructor<any>> | null' is not assignable to type 'ReactNode'.
[22:46:57.490]           Type 'ReactElement<any, string | JSXElementConstructor<any>>' is not assignable to type 'ReactNode'.
[22:46:57.490] src/components/community/SupportGroups.tsx(353,16): error TS2786: 'UserPlus' cannot be used as a JSX component.
[22:46:57.490]   Its type 'ComponentType<any>' is not a valid JSX element type.
[22:46:57.490]     Type 'FunctionComponent<any>' is not assignable to type 'ElementType'.
[22:46:57.490]       Type 'FunctionComponent<any>' is not assignable to type '(props: any, deprecatedLegacyContext?: any) => ReactNode'.
[22:46:57.490]         Type 'ReactElement<any, string | JSXElementConstructor<any>> | null' is not assignable to type 'ReactNode'.
[22:46:57.490]           Type 'ReactElement<any, string | JSXElementConstructor<any>>' is not assignable to type 'ReactNode'.
[22:46:57.490] src/components/community/SupportGroups.tsx(361,12): error TS2786: 'AnimatePresence' cannot be used as a JSX component.
[22:46:57.490]   Its type 'ComponentType<any>' is not a valid JSX element type.
[22:46:57.490]     Type 'FunctionComponent<any>' is not assignable to type 'ElementType'.
[22:46:57.490]       Type 'FunctionComponent<any>' is not assignable to type '(props: any, deprecatedLegacyContext?: any) => ReactNode'.
[22:46:57.490]         Type 'ReactElement<any, string | JSXElementConstructor<any>> | null' is not assignable to type 'ReactNode'.
[22:46:57.490]           Type 'ReactElement<any, string | JSXElementConstructor<any>>' is not assignable to type 'ReactNode'.
[22:46:57.490] src/components/community/SupportGroups.tsx(384,26): error TS2786: 'Lock' cannot be used as a JSX component.
[22:46:57.490]   Its type 'ComponentType<any>' is not a valid JSX element type.
[22:46:57.490]     Type 'FunctionComponent<any>' is not assignable to type 'ElementType'.
[22:46:57.490]       Type 'FunctionComponent<any>' is not assignable to type '(props: any, deprecatedLegacyContext?: any) => ReactNode'.
[22:46:57.490]         Type 'ReactElement<any, string | JSXElementConstructor<any>> | null' is not assignable to type 'ReactNode'.
[22:46:57.490]           Type 'ReactElement<any, string | JSXElementConstructor<any>>' is not assignable to type 'ReactNode'.
[22:46:57.490] src/components/community/SupportGroups.tsx(387,26): error TS2786: 'Shield' cannot be used as a JSX component.
[22:46:57.490]   Its type 'ComponentType<any>' is not a valid JSX element type.
[22:46:57.490]     Type 'FunctionComponent<any>' is not assignable to type 'ElementType'.
[22:46:57.490]       Type 'FunctionComponent<any>' is not assignable to type '(props: any, deprecatedLegacyContext?: any) => ReactNode'.
[22:46:57.490]         Type 'ReactElement<any, string | JSXElementConstructor<any>> | null' is not assignable to type 'ReactNode'.
[22:46:57.490]           Type 'ReactElement<any, string | JSXElementConstructor<any>>' is not assignable to type 'ReactNode'.
[22:46:57.490] src/components/community/SupportGroups.tsx(390,26): error TS2786: 'Star' cannot be used as a JSX component.
[22:46:57.490]   Its type 'ComponentType<any>' is not a valid JSX element type.
[22:46:57.490]     Type 'FunctionComponent<any>' is not assignable to type 'ElementType'.
[22:46:57.490]       Type 'FunctionComponent<any>' is not assignable to type '(props: any, deprecatedLegacyContext?: any) => ReactNode'.
[22:46:57.490]         Type 'ReactElement<any, string | JSXElementConstructor<any>> | null' is not assignable to type 'ReactNode'.
[22:46:57.491]           Type 'ReactElement<any, string | JSXElementConstructor<any>>' is not assignable to type 'ReactNode'.
[22:46:57.491] src/components/community/SupportGroups.tsx(414,26): error TS2786: 'Users' cannot be used as a JSX component.
[22:46:57.491]   Its type 'ComponentType<any>' is not a valid JSX element type.
[22:46:57.491]     Type 'FunctionComponent<any>' is not assignable to type 'ElementType'.
[22:46:57.491]       Type 'FunctionComponent<any>' is not assignable to type '(props: any, deprecatedLegacyContext?: any) => ReactNode'.
[22:46:57.491]         Type 'ReactElement<any, string | JSXElementConstructor<any>> | null' is not assignable to type 'ReactNode'.
[22:46:57.491]           Type 'ReactElement<any, string | JSXElementConstructor<any>>' is not assignable to type 'ReactNode'.
[22:46:57.491] src/components/community/SupportGroups.tsx(418,26): error TS2786: 'MessageCircle' cannot be used as a JSX component.
[22:46:57.491]   Its type 'ComponentType<any>' is not a valid JSX element type.
[22:46:57.491]     Type 'FunctionComponent<any>' is not assignable to type 'ElementType'.
[22:46:57.491]       Type 'FunctionComponent<any>' is not assignable to type '(props: any, deprecatedLegacyContext?: any) => ReactNode'.
[22:46:57.491]         Type 'ReactElement<any, string | JSXElementConstructor<any>> | null' is not assignable to type 'ReactNode'.
[22:46:57.491]           Type 'ReactElement<any, string | JSXElementConstructor<any>>' is not assignable to type 'ReactNode'.
[22:46:57.491] src/components/community/SupportGroups.tsx(451,26): error TS2786: 'ChevronRight' cannot be used as a JSX component.
[22:46:57.491]   Its type 'ComponentType<any>' is not a valid JSX element type.
[22:46:57.491]     Type 'FunctionComponent<any>' is not assignable to type 'ElementType'.
[22:46:57.492]       Type 'FunctionComponent<any>' is not assignable to type '(props: any, deprecatedLegacyContext?: any) => ReactNode'.
[22:46:57.492]         Type 'ReactElement<any, string | JSXElementConstructor<any>> | null' is not assignable to type 'ReactNode'.
[22:46:57.492]           Type 'ReactElement<any, string | JSXElementConstructor<any>>' is not assignable to type 'ReactNode'.
[22:46:57.492] src/components/community/SupportGroups.tsx(468,14): error TS2786: 'Users' cannot be used as a JSX component.
[22:46:57.492]   Its type 'ComponentType<any>' is not a valid JSX element type.
[22:46:57.492]     Type 'FunctionComponent<any>' is not assignable to type 'ElementType'.
[22:46:57.492]       Type 'FunctionComponent<any>' is not assignable to type '(props: any, deprecatedLegacyContext?: any) => ReactNode'.
[22:46:57.492]         Type 'ReactElement<any, string | JSXElementConstructor<any>> | null' is not assignable to type 'ReactNode'.
[22:46:57.492]           Type 'ReactElement<any, string | JSXElementConstructor<any>>' is not assignable to type 'ReactNode'.
[22:46:57.492] src/components/community/SupportGroups.tsx(486,10): error TS2786: 'AnimatePresence' cannot be used as a JSX component.
[22:46:57.492]   Its type 'ComponentType<any>' is not a valid JSX element type.
[22:46:57.492]     Type 'FunctionComponent<any>' is not assignable to type 'ElementType'.
[22:46:57.492]       Type 'FunctionComponent<any>' is not assignable to type '(props: any, deprecatedLegacyContext?: any) => ReactNode'.
[22:46:57.492]         Type 'ReactElement<any, string | JSXElementConstructor<any>> | null' is not assignable to type 'ReactNode'.
[22:46:57.492]           Type 'ReactElement<any, string | JSXElementConstructor<any>>' is not assignable to type 'ReactNode'.
[22:46:57.492] src/components/community/SupportGroups.tsx(516,30): error TS2786: 'Lock' cannot be used as a JSX component.
[22:46:57.492]   Its type 'ComponentType<any>' is not a valid JSX element type.
[22:46:57.492]     Type 'FunctionComponent<any>' is not assignable to type 'ElementType'.
[22:46:57.492]       Type 'FunctionComponent<any>' is not assignable to type '(props: any, deprecatedLegacyContext?: any) => ReactNode'.
[22:46:57.492]         Type 'ReactElement<any, string | JSXElementConstructor<any>> | null' is not assignable to type 'ReactNode'.
[22:46:57.492]           Type 'ReactElement<any, string | JSXElementConstructor<any>>' is not assignable to type 'ReactNode'.
[22:46:57.492] src/components/community/SupportGroups.tsx(522,30): error TS2786: 'Shield' cannot be used as a JSX component.
[22:46:57.492]   Its type 'ComponentType<any>' is not a valid JSX element type.
[22:46:57.492]     Type 'FunctionComponent<any>' is not assignable to type 'ElementType'.
[22:46:57.492]       Type 'FunctionComponent<any>' is not assignable to type '(props: any, deprecatedLegacyContext?: any) => ReactNode'.
[22:46:57.492]         Type 'ReactElement<any, string | JSXElementConstructor<any>> | null' is not assignable to type 'ReactNode'.
[22:46:57.492]           Type 'ReactElement<any, string | JSXElementConstructor<any>>' is not assignable to type 'ReactNode'.
[22:46:57.492] src/components/community/SupportGroups.tsx(546,26): error TS2786: 'Users' cannot be used as a JSX component.
[22:46:57.492]   Its type 'ComponentType<any>' is not a valid JSX element type.
[22:46:57.492]     Type 'FunctionComponent<any>' is not assignable to type 'ElementType'.
[22:46:57.492]       Type 'FunctionComponent<any>' is not assignable to type '(props: any, deprecatedLegacyContext?: any) => ReactNode'.
[22:46:57.492]         Type 'ReactElement<any, string | JSXElementConstructor<any>> | null' is not assignable to type 'ReactNode'.
[22:46:57.492]           Type 'ReactElement<any, string | JSXElementConstructor<any>>' is not assignable to type 'ReactNode'.
[22:46:57.492] src/components/community/SupportGroups.tsx(555,26): error TS2786: 'Shield' cannot be used as a JSX component.
[22:46:57.492]   Its type 'ComponentType<any>' is not a valid JSX element type.
[22:46:57.492]     Type 'FunctionComponent<any>' is not assignable to type 'ElementType'.
[22:46:57.492]       Type 'FunctionComponent<any>' is not assignable to type '(props: any, deprecatedLegacyContext?: any) => ReactNode'.
[22:46:57.492]         Type 'ReactElement<any, string | JSXElementConstructor<any>> | null' is not assignable to type 'ReactNode'.
[22:46:57.492]           Type 'ReactElement<any, string | JSXElementConstructor<any>>' is not assignable to type 'ReactNode'.
[22:46:57.492] src/components/community/SupportGroups.tsx(564,26): error TS2786: 'Calendar' cannot be used as a JSX component.
[22:46:57.492]   Its type 'ComponentType<any>' is not a valid JSX element type.
[22:46:57.492]     Type 'FunctionComponent<any>' is not assignable to type 'ElementType'.
[22:46:57.492]       Type 'FunctionComponent<any>' is not assignable to type '(props: any, deprecatedLegacyContext?: any) => ReactNode'.
[22:46:57.492]         Type 'ReactElement<any, string | JSXElementConstructor<any>> | null' is not assignable to type 'ReactNode'.
[22:46:57.492]           Type 'ReactElement<any, string | JSXElementConstructor<any>>' is not assignable to type 'ReactNode'.
[22:46:57.492] src/components/community/SupportGroups.tsx(573,26): error TS2786: 'Globe' cannot be used as a JSX component.
[22:46:57.492]   Its type 'ComponentType<any>' is not a valid JSX element type.
[22:46:57.492]     Type 'FunctionComponent<any>' is not assignable to type 'ElementType'.
[22:46:57.492]       Type 'FunctionComponent<any>' is not assignable to type '(props: any, deprecatedLegacyContext?: any) => ReactNode'.
[22:46:57.492]         Type 'ReactElement<any, string | JSXElementConstructor<any>> | null' is not assignable to type 'ReactNode'.
[22:46:57.492]           Type 'ReactElement<any, string | JSXElementConstructor<any>>' is not assignable to type 'ReactNode'.
[22:46:57.492] src/components/community/SupportGroups.tsx(585,24): error TS2786: 'Info' cannot be used as a JSX component.
[22:46:57.492]   Its type 'ComponentType<any>' is not a valid JSX element type.
[22:46:57.492]     Type 'FunctionComponent<any>' is not assignable to type 'ElementType'.
[22:46:57.492]       Type 'FunctionComponent<any>' is not assignable to type '(props: any, deprecatedLegacyContext?: any) => ReactNode'.
[22:46:57.492]         Type 'ReactElement<any, string | JSXElementConstructor<any>> | null' is not assignable to type 'ReactNode'.
[22:46:57.492]           Type 'ReactElement<any, string | JSXElementConstructor<any>>' is not assignable to type 'ReactNode'.
[22:46:57.492] src/components/community/SupportGroups.tsx(623,28): error TS2786: 'MessageCircle' cannot be used as a JSX component.
[22:46:57.492]   Its type 'ComponentType<any>' is not a valid JSX element type.
[22:46:57.492]     Type 'FunctionComponent<any>' is not assignable to type 'ElementType'.
[22:46:57.492]       Type 'FunctionComponent<any>' is not assignable to type '(props: any, deprecatedLegacyContext?: any) => ReactNode'.
[22:46:57.492]         Type 'ReactElement<any, string | JSXElementConstructor<any>> | null' is not assignable to type 'ReactNode'.
[22:46:57.492]           Type 'ReactElement<any, string | JSXElementConstructor<any>>' is not assignable to type 'ReactNode'.
[22:46:57.492] src/components/community/SupportGroups.tsx(641,26): error TS2786: 'ChevronRight' cannot be used as a JSX component.
[22:46:57.492]   Its type 'ComponentType<any>' is not a valid JSX element type.
[22:46:57.492]     Type 'FunctionComponent<any>' is not assignable to type 'ElementType'.
[22:46:57.492]       Type 'FunctionComponent<any>' is not assignable to type '(props: any, deprecatedLegacyContext?: any) => ReactNode'.
[22:46:57.492]         Type 'ReactElement<any, string | JSXElementConstructor<any>> | null' is not assignable to type 'ReactNode'.
[22:46:57.492]           Type 'ReactElement<any, string | JSXElementConstructor<any>>' is not assignable to type 'ReactNode'.
[22:46:57.492] src/components/community/WellnessChallenges.tsx(56,14): error TS2786: 'Sparkles' cannot be used as a JSX component.
[22:46:57.492]   Its type 'ComponentType<any>' is not a valid JSX element type.
[22:46:57.492]     Type 'FunctionComponent<any>' is not assignable to type 'ElementType'.
[22:46:57.492]       Type 'FunctionComponent<any>' is not assignable to type '(props: any, deprecatedLegacyContext?: any) => ReactNode'.
[22:46:57.493]         Type 'ReactElement<any, string | JSXElementConstructor<any>> | null' is not assignable to type 'ReactNode'.
[22:46:57.493]           Type 'ReactElement<any, string | JSXElementConstructor<any>>' is not assignable to type 'ReactNode'.
[22:46:57.493] src/components/community/WellnessChallenges.tsx(61,14): error TS2786: 'Heart' cannot be used as a JSX component.
[22:46:57.493]   Its type 'ComponentType<any>' is not a valid JSX element type.
[22:46:57.493]     Type 'FunctionComponent<any>' is not assignable to type 'ElementType'.
[22:46:57.493]       Type 'FunctionComponent<any>' is not assignable to type '(props: any, deprecatedLegacyContext?: any) => ReactNode'.
[22:46:57.493]         Type 'ReactElement<any, string | JSXElementConstructor<any>> | null' is not assignable to type 'ReactNode'.
[22:46:57.493]           Type 'ReactElement<any, string | JSXElementConstructor<any>>' is not assignable to type 'ReactNode'.
[22:46:57.493] src/components/community/WellnessChallenges.tsx(66,14): error TS2786: 'Zap' cannot be used as a JSX component.
[22:46:57.493]   Its type 'ComponentType<any>' is not a valid JSX element type.
[22:46:57.493]     Type 'FunctionComponent<any>' is not assignable to type 'ElementType'.
[22:46:57.493]       Type 'FunctionComponent<any>' is not assignable to type '(props: any, deprecatedLegacyContext?: any) => ReactNode'.
[22:46:57.493]         Type 'ReactElement<any, string | JSXElementConstructor<any>> | null' is not assignable to type 'ReactNode'.
[22:46:57.493]           Type 'ReactElement<any, string | JSXElementConstructor<any>>' is not assignable to type 'ReactNode'.
[22:46:57.493] src/components/community/WellnessChallenges.tsx(71,14): error TS2786: 'Clock' cannot be used as a JSX component.
[22:46:57.493]   Its type 'ComponentType<any>' is not a valid JSX element type.
[22:46:57.493]     Type 'FunctionComponent<any>' is not assignable to type 'ElementType'.
[22:46:57.493]       Type 'FunctionComponent<any>' is not assignable to type '(props: any, deprecatedLegacyContext?: any) => ReactNode'.
[22:46:57.493]         Type 'ReactElement<any, string | JSXElementConstructor<any>> | null' is not assignable to type 'ReactNode'.
[22:46:57.493]           Type 'ReactElement<any, string | JSXElementConstructor<any>>' is not assignable to type 'ReactNode'.
[22:46:57.493] src/components/community/WellnessChallenges.tsx(76,14): error TS2786: 'Users' cannot be used as a JSX component.
[22:46:57.493]   Its type 'ComponentType<any>' is not a valid JSX element type.
[22:46:57.493]     Type 'FunctionComponent<any>' is not assignable to type 'ElementType'.
[22:46:57.493]       Type 'FunctionComponent<any>' is not assignable to type '(props: any, deprecatedLegacyContext?: any) => ReactNode'.
[22:46:57.493]         Type 'ReactElement<any, string | JSXElementConstructor<any>> | null' is not assignable to type 'ReactNode'.
[22:46:57.493]           Type 'ReactElement<any, string | JSXElementConstructor<any>>' is not assignable to type 'ReactNode'.
[22:46:57.493] src/components/community/WellnessChallenges.tsx(81,14): error TS2786: 'Star' cannot be used as a JSX component.
[22:46:57.493]   Its type 'ComponentType<any>' is not a valid JSX element type.
[22:46:57.493]     Type 'FunctionComponent<any>' is not assignable to type 'ElementType'.
[22:46:57.493]       Type 'FunctionComponent<any>' is not assignable to type '(props: any, deprecatedLegacyContext?: any) => ReactNode'.
[22:46:57.493]         Type 'ReactElement<any, string | JSXElementConstructor<any>> | null' is not assignable to type 'ReactNode'.
[22:46:57.493]           Type 'ReactElement<any, string | JSXElementConstructor<any>>' is not assignable to type 'ReactNode'.
[22:46:57.493] src/components/community/WellnessChallenges.tsx(86,14): error TS2786: 'Target' cannot be used as a JSX component.
[22:46:57.493]   Its type 'ComponentType<any>' is not a valid JSX element type.
[22:46:57.493]     Type 'FunctionComponent<any>' is not assignable to type 'ElementType'.
[22:46:57.493]       Type 'FunctionComponent<any>' is not assignable to type '(props: any, deprecatedLegacyContext?: any) => ReactNode'.
[22:46:57.493]         Type 'ReactElement<any, string | JSXElementConstructor<any>> | null' is not assignable to type 'ReactNode'.
[22:46:57.493]           Type 'ReactElement<any, string | JSXElementConstructor<any>>' is not assignable to type 'ReactNode'.
[22:46:57.493] src/components/community/WellnessChallenges.tsx(91,14): error TS2786: 'Heart' cannot be used as a JSX component.
[22:46:57.493]   Its type 'ComponentType<any>' is not a valid JSX element type.
[22:46:57.493]     Type 'FunctionComponent<any>' is not assignable to type 'ElementType'.
[22:46:57.493]       Type 'FunctionComponent<any>' is not assignable to type '(props: any, deprecatedLegacyContext?: any) => ReactNode'.
[22:46:57.493]         Type 'ReactElement<any, string | JSXElementConstructor<any>> | null' is not assignable to type 'ReactNode'.
[22:46:57.493]           Type 'ReactElement<any, string | JSXElementConstructor<any>>' is not assignable to type 'ReactNode'.
[22:46:57.493] src/components/community/WellnessChallenges.tsx(408,20): error TS2786: 'Flame' cannot be used as a JSX component.
[22:46:57.493]   Its type 'ComponentType<any>' is not a valid JSX element type.
[22:46:57.493]     Type 'FunctionComponent<any>' is not assignable to type 'ElementType'.
[22:46:57.493]       Type 'FunctionComponent<any>' is not assignable to type '(props: any, deprecatedLegacyContext?: any) => ReactNode'.
[22:46:57.493]         Type 'ReactElement<any, string | JSXElementConstructor<any>> | null' is not assignable to type 'ReactNode'.
[22:46:57.493]           Type 'ReactElement<any, string | JSXElementConstructor<any>>' is not assignable to type 'ReactNode'.
[22:46:57.493] src/components/community/WellnessChallenges.tsx(415,20): error TS2786: 'Trophy' cannot be used as a JSX component.
[22:46:57.493]   Its type 'ComponentType<any>' is not a valid JSX element type.
[22:46:57.493]     Type 'FunctionComponent<any>' is not assignable to type 'ElementType'.
[22:46:57.493]       Type 'FunctionComponent<any>' is not assignable to type '(props: any, deprecatedLegacyContext?: any) => ReactNode'.
[22:46:57.493]         Type 'ReactElement<any, string | JSXElementConstructor<any>> | null' is not assignable to type 'ReactNode'.
[22:46:57.493]           Type 'ReactElement<any, string | JSXElementConstructor<any>>' is not assignable to type 'ReactNode'.
[22:46:57.493] src/components/community/WellnessChallenges.tsx(422,20): error TS2786: 'Award' cannot be used as a JSX component.
[22:46:57.493]   Its type 'ComponentType<any>' is not a valid JSX element type.
[22:46:57.493]     Type 'FunctionComponent<any>' is not assignable to type 'ElementType'.
[22:46:57.493]       Type 'FunctionComponent<any>' is not assignable to type '(props: any, deprecatedLegacyContext?: any) => ReactNode'.
[22:46:57.493]         Type 'ReactElement<any, string | JSXElementConstructor<any>> | null' is not assignable to type 'ReactNode'.
[22:46:57.493]           Type 'ReactElement<any, string | JSXElementConstructor<any>>' is not assignable to type 'ReactNode'.
[22:46:57.493] src/components/community/WellnessChallenges.tsx(429,20): error TS2786: 'Users' cannot be used as a JSX component.
[22:46:57.493]   Its type 'ComponentType<any>' is not a valid JSX element type.
[22:46:57.493]     Type 'FunctionComponent<any>' is not assignable to type 'ElementType'.
[22:46:57.493]       Type 'FunctionComponent<any>' is not assignable to type '(props: any, deprecatedLegacyContext?: any) => ReactNode'.
[22:46:57.493]         Type 'ReactElement<any, string | JSXElementConstructor<any>> | null' is not assignable to type 'ReactNode'.
[22:46:57.493]           Type 'ReactElement<any, string | JSXElementConstructor<any>>' is not assignable to type 'ReactNode'.
[22:46:57.493] src/components/community/WellnessChallenges.tsx(466,17): error TS2322: Type 'import("/vercel/path0/src/types/global.d.ts").ReactNode' is not assignable to type 'import("/vercel/path0/node_modules/@types/react/index").ReactNode'.
[22:46:57.493] src/components/community/WellnessChallenges.tsx(475,12): error TS2786: 'AnimatePresence' cannot be used as a JSX component.
[22:46:57.493]   Its type 'ComponentType<any>' is not a valid JSX element type.
[22:46:57.493]     Type 'FunctionComponent<any>' is not assignable to type 'ElementType'.
[22:46:57.493]       Type 'FunctionComponent<any>' is not assignable to type '(props: any, deprecatedLegacyContext?: any) => ReactNode'.
[22:46:57.493]         Type 'ReactElement<any, string | JSXElementConstructor<any>> | null' is not assignable to type 'ReactNode'.
[22:46:57.493]           Type 'ReactElement<any, string | JSXElementConstructor<any>>' is not assignable to type 'ReactNode'.
[22:46:57.493] src/components/community/WellnessChallenges.tsx(518,25): error TS2322: Type 'import("/vercel/path0/src/types/global.d.ts").ReactNode' is not assignable to type 'import("/vercel/path0/node_modules/@types/react/index").ReactNode'.
[22:46:57.493] src/components/community/WellnessChallenges.tsx(535,30): error TS2786: 'CheckCircle' cannot be used as a JSX component.
[22:46:57.493]   Its type 'ComponentType<any>' is not a valid JSX element type.
[22:46:57.493]     Type 'FunctionComponent<any>' is not assignable to type 'ElementType'.
[22:46:57.493]       Type 'FunctionComponent<any>' is not assignable to type '(props: any, deprecatedLegacyContext?: any) => ReactNode'.
[22:46:57.493]         Type 'ReactElement<any, string | JSXElementConstructor<any>> | null' is not assignable to type 'ReactNode'.
[22:46:57.493]           Type 'ReactElement<any, string | JSXElementConstructor<any>>' is not assignable to type 'ReactNode'.
[22:46:57.493] src/components/community/WellnessChallenges.tsx(594,28): error TS2786: 'Users' cannot be used as a JSX component.
[22:46:57.493]   Its type 'ComponentType<any>' is not a valid JSX element type.
[22:46:57.493]     Type 'FunctionComponent<any>' is not assignable to type 'ElementType'.
[22:46:57.493]       Type 'FunctionComponent<any>' is not assignable to type '(props: any, deprecatedLegacyContext?: any) => ReactNode'.
[22:46:57.493]         Type 'ReactElement<any, string | JSXElementConstructor<any>> | null' is not assignable to type 'ReactNode'.
[22:46:57.493]           Type 'ReactElement<any, string | JSXElementConstructor<any>>' is not assignable to type 'ReactNode'.
[22:46:57.493] src/components/community/WellnessChallenges.tsx(598,28): error TS2786: 'Gift' cannot be used as a JSX component.
[22:46:57.493]   Its type 'ComponentType<any>' is not a valid JSX element type.
[22:46:57.493]     Type 'FunctionComponent<any>' is not assignable to type 'ElementType'.
[22:46:57.493]       Type 'FunctionComponent<any>' is not assignable to type '(props: any, deprecatedLegacyContext?: any) => ReactNode'.
[22:46:57.493]         Type 'ReactElement<any, string | JSXElementConstructor<any>> | null' is not assignable to type 'ReactNode'.
[22:46:57.493]           Type 'ReactElement<any, string | JSXElementConstructor<any>>' is not assignable to type 'ReactNode'.
[22:46:57.493] src/components/community/WellnessChallenges.tsx(603,26): error TS2786: 'Timer' cannot be used as a JSX component.
[22:46:57.493]   Its type 'ComponentType<any>' is not a valid JSX element type.
[22:46:57.493]     Type 'FunctionComponent<any>' is not assignable to type 'ElementType'.
[22:46:57.493]       Type 'FunctionComponent<any>' is not assignable to type '(props: any, deprecatedLegacyContext?: any) => ReactNode'.
[22:46:57.493]         Type 'ReactElement<any, string | JSXElementConstructor<any>> | null' is not assignable to type 'ReactNode'.
[22:46:57.493]           Type 'ReactElement<any, string | JSXElementConstructor<any>>' is not assignable to type 'ReactNode'.
[22:46:57.493] src/components/community/WellnessChallenges.tsx(617,28): error TS2786: 'ChevronRight' cannot be used as a JSX component.
[22:46:57.493]   Its type 'ComponentType<any>' is not a valid JSX element type.
[22:46:57.493]     Type 'FunctionComponent<any>' is not assignable to type 'ElementType'.
[22:46:57.493]       Type 'FunctionComponent<any>' is not assignable to type '(props: any, deprecatedLegacyContext?: any) => ReactNode'.
[22:46:57.493]         Type 'ReactElement<any, string | JSXElementConstructor<any>> | null' is not assignable to type 'ReactNode'.
[22:46:57.493]           Type 'ReactElement<any, string | JSXElementConstructor<any>>' is not assignable to type 'ReactNode'.
[22:46:57.493] src/components/community/WellnessChallenges.tsx(626,28): error TS2786: 'Sparkles' cannot be used as a JSX component.
[22:46:57.493]   Its type 'ComponentType<any>' is not a valid JSX element type.
[22:46:57.493]     Type 'FunctionComponent<any>' is not assignable to type 'ElementType'.
[22:46:57.493]       Type 'FunctionComponent<any>' is not assignable to type '(props: any, deprecatedLegacyContext?: any) => ReactNode'.
[22:46:57.493]         Type 'ReactElement<any, string | JSXElementConstructor<any>> | null' is not assignable to type 'ReactNode'.
[22:46:57.493]           Type 'ReactElement<any, string | JSXElementConstructor<any>>' is not assignable to type 'ReactNode'.
[22:46:57.493] src/components/community/WellnessChallenges.tsx(646,16): error TS2786: 'Crown' cannot be used as a JSX component.
[22:46:57.493]   Its type 'ComponentType<any>' is not a valid JSX element type.
[22:46:57.493]     Type 'FunctionComponent<any>' is not assignable to type 'ElementType'.
[22:46:57.493]       Type 'FunctionComponent<any>' is not assignable to type '(props: any, deprecatedLegacyContext?: any) => ReactNode'.
[22:46:57.494]         Type 'ReactElement<any, string | JSXElementConstructor<any>> | null' is not assignable to type 'ReactNode'.
[22:46:57.494]           Type 'ReactElement<any, string | JSXElementConstructor<any>>' is not assignable to type 'ReactNode'.
[22:46:57.494] src/components/community/WellnessChallenges.tsx(658,50): error TS2786: 'Medal' cannot be used as a JSX component.
[22:46:57.494]   Its type 'ComponentType<any>' is not a valid JSX element type.
[22:46:57.494]     Type 'FunctionComponent<any>' is not assignable to type 'ElementType'.
[22:46:57.494]       Type 'FunctionComponent<any>' is not assignable to type '(props: any, deprecatedLegacyContext?: any) => ReactNode'.
[22:46:57.494]         Type 'ReactElement<any, string | JSXElementConstructor<any>> | null' is not assignable to type 'ReactNode'.
[22:46:57.494]           Type 'ReactElement<any, string | JSXElementConstructor<any>>' is not assignable to type 'ReactNode'.
[22:46:57.494] src/components/community/WellnessChallenges.tsx(659,56): error TS2786: 'Trophy' cannot be used as a JSX component.
[22:46:57.494]   Its type 'ComponentType<any>' is not a valid JSX element type.
[22:46:57.494]     Type 'FunctionComponent<any>' is not assignable to type 'ElementType'.
[22:46:57.494]       Type 'FunctionComponent<any>' is not assignable to type '(props: any, deprecatedLegacyContext?: any) => ReactNode'.
[22:46:57.494]         Type 'ReactElement<any, string | JSXElementConstructor<any>> | null' is not assignable to type 'ReactNode'.
[22:46:57.494]           Type 'ReactElement<any, string | JSXElementConstructor<any>>' is not assignable to type 'ReactNode'.
[22:46:57.494] src/components/community/WellnessChallenges.tsx(660,54): error TS2786: 'Star' cannot be used as a JSX component.
[22:46:57.494]   Its type 'ComponentType<any>' is not a valid JSX element type.
[22:46:57.494]     Type 'FunctionComponent<any>' is not assignable to type 'ElementType'.
[22:46:57.494]       Type 'FunctionComponent<any>' is not assignable to type '(props: any, deprecatedLegacyContext?: any) => ReactNode'.
[22:46:57.494]         Type 'ReactElement<any, string | JSXElementConstructor<any>> | null' is not assignable to type 'ReactNode'.
[22:46:57.494]           Type 'ReactElement<any, string | JSXElementConstructor<any>>' is not assignable to type 'ReactNode'.
[22:46:57.494] src/components/community/WellnessChallenges.tsx(675,10): error TS2786: 'AnimatePresence' cannot be used as a JSX component.
[22:46:57.494]   Its type 'ComponentType<any>' is not a valid JSX element type.
[22:46:57.494]     Type 'FunctionComponent<any>' is not assignable to type 'ElementType'.
[22:46:57.494]       Type 'FunctionComponent<any>' is not assignable to type '(props: any, deprecatedLegacyContext?: any) => ReactNode'.
[22:46:57.494]         Type 'ReactElement<any, string | JSXElementConstructor<any>> | null' is not assignable to type 'ReactNode'.
[22:46:57.494]           Type 'ReactElement<any, string | JSXElementConstructor<any>>' is not assignable to type 'ReactNode'.
[22:46:57.494] src/components/community/WellnessChallenges.tsx(705,28): error TS2786: 'Calendar' cannot be used as a JSX component.
[22:46:57.494]   Its type 'ComponentType<any>' is not a valid JSX element type.
[22:46:57.494]     Type 'FunctionComponent<any>' is not assignable to type 'ElementType'.
[22:46:57.494]       Type 'FunctionComponent<any>' is not assignable to type '(props: any, deprecatedLegacyContext?: any) => ReactNode'.
[22:46:57.494]         Type 'ReactElement<any, string | JSXElementConstructor<any>> | null' is not assignable to type 'ReactNode'.
[22:46:57.494]           Type 'ReactElement<any, string | JSXElementConstructor<any>>' is not assignable to type 'ReactNode'.
[22:46:57.494] src/components/community/WellnessChallenges.tsx(709,28): error TS2786: 'Users' cannot be used as a JSX component.
[22:46:57.494]   Its type 'ComponentType<any>' is not a valid JSX element type.
[22:46:57.494]     Type 'FunctionComponent<any>' is not assignable to type 'ElementType'.
[22:46:57.494]       Type 'FunctionComponent<any>' is not assignable to type '(props: any, deprecatedLegacyContext?: any) => ReactNode'.
[22:46:57.494]         Type 'ReactElement<any, string | JSXElementConstructor<any>> | null' is not assignable to type 'ReactNode'.
[22:46:57.494]           Type 'ReactElement<any, string | JSXElementConstructor<any>>' is not assignable to type 'ReactNode'.
[22:46:57.494] src/components/community/WellnessChallenges.tsx(731,24): error TS2786: 'Target' cannot be used as a JSX component.
[22:46:57.494]   Its type 'ComponentType<any>' is not a valid JSX element type.
[22:46:57.494]     Type 'FunctionComponent<any>' is not assignable to type 'ElementType'.
[22:46:57.494]       Type 'FunctionComponent<any>' is not assignable to type '(props: any, deprecatedLegacyContext?: any) => ReactNode'.
[22:46:57.494]         Type 'ReactElement<any, string | JSXElementConstructor<any>> | null' is not assignable to type 'ReactNode'.
[22:46:57.494]           Type 'ReactElement<any, string | JSXElementConstructor<any>>' is not assignable to type 'ReactNode'.
[22:46:57.494] src/components/community/WellnessChallenges.tsx(754,51): error TS2786: 'CheckCircle' cannot be used as a JSX component.
[22:46:57.494]   Its type 'ComponentType<any>' is not a valid JSX element type.
[22:46:57.494]     Type 'FunctionComponent<any>' is not assignable to type 'ElementType'.
[22:46:57.494]       Type 'FunctionComponent<any>' is not assignable to type '(props: any, deprecatedLegacyContext?: any) => ReactNode'.
[22:46:57.494]         Type 'ReactElement<any, string | JSXElementConstructor<any>> | null' is not assignable to type 'ReactNode'.
[22:46:57.494]           Type 'ReactElement<any, string | JSXElementConstructor<any>>' is not assignable to type 'ReactNode'.
[22:46:57.494] src/components/community/WellnessChallenges.tsx(754,89): error TS2786: 'Target' cannot be used as a JSX component.
[22:46:57.494]   Its type 'ComponentType<any>' is not a valid JSX element type.
[22:46:57.494]     Type 'FunctionComponent<any>' is not assignable to type 'ElementType'.
[22:46:57.494]       Type 'FunctionComponent<any>' is not assignable to type '(props: any, deprecatedLegacyContext?: any) => ReactNode'.
[22:46:57.494]         Type 'ReactElement<any, string | JSXElementConstructor<any>> | null' is not assignable to type 'ReactNode'.
[22:46:57.494]           Type 'ReactElement<any, string | JSXElementConstructor<any>>' is not assignable to type 'ReactNode'.
[22:46:57.494] src/components/community/WellnessChallenges.tsx(797,24): error TS2786: 'Gift' cannot be used as a JSX component.
[22:46:57.494]   Its type 'ComponentType<any>' is not a valid JSX element type.
[22:46:57.494]     Type 'FunctionComponent<any>' is not assignable to type 'ElementType'.
[22:46:57.494]       Type 'FunctionComponent<any>' is not assignable to type '(props: any, deprecatedLegacyContext?: any) => ReactNode'.
[22:46:57.494]         Type 'ReactElement<any, string | JSXElementConstructor<any>> | null' is not assignable to type 'ReactNode'.
[22:46:57.494]           Type 'ReactElement<any, string | JSXElementConstructor<any>>' is not assignable to type 'ReactNode'.
[22:46:57.494] src/components/community/WellnessChallenges.tsx(809,58): error TS2786: 'Medal' cannot be used as a JSX component.
[22:46:57.494]   Its type 'ComponentType<any>' is not a valid JSX element type.
[22:46:57.494]     Type 'FunctionComponent<any>' is not assignable to type 'ElementType'.
[22:46:57.494]       Type 'FunctionComponent<any>' is not assignable to type '(props: any, deprecatedLegacyContext?: any) => ReactNode'.
[22:46:57.494]         Type 'ReactElement<any, string | JSXElementConstructor<any>> | null' is not assignable to type 'ReactNode'.
[22:46:57.494]           Type 'ReactElement<any, string | JSXElementConstructor<any>>' is not assignable to type 'ReactNode'.
[22:46:57.494] src/components/community/WellnessChallenges.tsx(810,64): error TS2786: 'Trophy' cannot be used as a JSX component.
[22:46:57.494]   Its type 'ComponentType<any>' is not a valid JSX element type.
[22:46:57.494]     Type 'FunctionComponent<any>' is not assignable to type 'ElementType'.
[22:46:57.494]       Type 'FunctionComponent<any>' is not assignable to type '(props: any, deprecatedLegacyContext?: any) => ReactNode'.
[22:46:57.494]         Type 'ReactElement<any, string | JSXElementConstructor<any>> | null' is not assignable to type 'ReactNode'.
[22:46:57.494]           Type 'ReactElement<any, string | JSXElementConstructor<any>>' is not assignable to type 'ReactNode'.
[22:46:57.494] src/components/community/WellnessChallenges.tsx(811,62): error TS2786: 'Star' cannot be used as a JSX component.
[22:46:57.494]   Its type 'ComponentType<any>' is not a valid JSX element type.
[22:46:57.494]     Type 'FunctionComponent<any>' is not assignable to type 'ElementType'.
[22:46:57.494]       Type 'FunctionComponent<any>' is not assignable to type '(props: any, deprecatedLegacyContext?: any) => ReactNode'.
[22:46:57.494]         Type 'ReactElement<any, string | JSXElementConstructor<any>> | null' is not assignable to type 'ReactNode'.
[22:46:57.494]           Type 'ReactElement<any, string | JSXElementConstructor<any>>' is not assignable to type 'ReactNode'.
[22:46:57.494] src/components/community/WellnessChallenges.tsx(837,24): error TS2786: 'BarChart3' cannot be used as a JSX component.
[22:46:57.494]   Its type 'ComponentType<any>' is not a valid JSX element type.
[22:46:57.494]     Type 'FunctionComponent<any>' is not assignable to type 'ElementType'.
[22:46:57.494]       Type 'FunctionComponent<any>' is not assignable to type '(props: any, deprecatedLegacyContext?: any) => ReactNode'.
[22:46:57.494]         Type 'ReactElement<any, string | JSXElementConstructor<any>> | null' is not assignable to type 'ReactNode'.
[22:46:57.494]           Type 'ReactElement<any, string | JSXElementConstructor<any>>' is not assignable to type 'ReactNode'.
[22:46:57.494] src/components/community/WellnessChallenges.tsx(910,14): error TS2786: 'Target' cannot be used as a JSX component.
[22:46:57.494]   Its type 'ComponentType<any>' is not a valid JSX element type.
[22:46:57.494]     Type 'FunctionComponent<any>' is not assignable to type 'ElementType'.
[22:46:57.494]       Type 'FunctionComponent<any>' is not assignable to type '(props: any, deprecatedLegacyContext?: any) => ReactNode'.
[22:46:57.494]         Type 'ReactElement<any, string | JSXElementConstructor<any>> | null' is not assignable to type 'ReactNode'.
[22:46:57.494]           Type 'ReactElement<any, string | JSXElementConstructor<any>>' is not assignable to type 'ReactNode'.
[22:46:57.494] src/components/crisis/CrisisAnalytics.tsx(58,10): error TS2786: 'Icon' cannot be used as a JSX component.
[22:46:57.494]   Its type 'import("react").ElementType' is not a valid JSX element type.
[22:46:57.494]     Type 'FunctionComponent<any>' is not assignable to type 'ElementType'.
[22:46:57.494]       Type 'FunctionComponent<any>' is not assignable to type '(props: any, deprecatedLegacyContext?: any) => ReactNode'.
[22:46:57.494]         Type 'ReactElement<any, string | JSXElementConstructor<any>> | null' is not assignable to type 'ReactNode'.
[22:46:57.494]           Type 'ReactElement<any, string | JSXElementConstructor<any>>' is not assignable to type 'ReactNode'.
[22:46:57.494] src/components/crisis/CrisisAnalytics.tsx(63,14): error TS2786: 'ChevronUp' cannot be used as a JSX component.
[22:46:57.494]   Its type 'ComponentType<any>' is not a valid JSX element type.
[22:46:57.494]     Type 'FunctionComponent<any>' is not assignable to type 'ElementType'.
[22:46:57.494]       Type 'FunctionComponent<any>' is not assignable to type '(props: any, deprecatedLegacyContext?: any) => ReactNode'.
[22:46:57.495]         Type 'ReactElement<any, string | JSXElementConstructor<any>> | null' is not assignable to type 'ReactNode'.
[22:46:57.495]           Type 'ReactElement<any, string | JSXElementConstructor<any>>' is not assignable to type 'ReactNode'.
[22:46:57.495] src/components/crisis/CrisisAnalytics.tsx(65,14): error TS2786: 'ChevronDown' cannot be used as a JSX component.
[22:46:57.495]   Its type 'ComponentType<any>' is not a valid JSX element type.
[22:46:57.495]     Type 'FunctionComponent<any>' is not assignable to type 'ElementType'.
[22:46:57.495]       Type 'FunctionComponent<any>' is not assignable to type '(props: any, deprecatedLegacyContext?: any) => ReactNode'.
[22:46:57.495]         Type 'ReactElement<any, string | JSXElementConstructor<any>> | null' is not assignable to type 'ReactNode'.
[22:46:57.495]           Type 'ReactElement<any, string | JSXElementConstructor<any>>' is not assignable to type 'ReactNode'.
[22:46:57.495] src/components/crisis/CrisisAnalytics.tsx(307,12): error TS2786: 'BarChart3' cannot be used as a JSX component.
[22:46:57.495]   Its type 'ComponentType<any>' is not a valid JSX element type.
[22:46:57.495]     Type 'FunctionComponent<any>' is not assignable to type 'ElementType'.
[22:46:57.495]       Type 'FunctionComponent<any>' is not assignable to type '(props: any, deprecatedLegacyContext?: any) => ReactNode'.
[22:46:57.495]         Type 'ReactElement<any, string | JSXElementConstructor<any>> | null' is not assignable to type 'ReactNode'.
[22:46:57.495]           Type 'ReactElement<any, string | JSXElementConstructor<any>>' is not assignable to type 'ReactNode'.
[22:46:57.495] src/components/crisis/CrisisAnalytics.tsx(340,18): error TS2786: 'Activity' cannot be used as a JSX component.
[22:46:57.495]   Its type 'ComponentType<any>' is not a valid JSX element type.
[22:46:57.495]     Type 'FunctionComponent<any>' is not assignable to type 'ElementType'.
[22:46:57.495]       Type 'FunctionComponent<any>' is not assignable to type '(props: any, deprecatedLegacyContext?: any) => ReactNode'.
[22:46:57.495]         Type 'ReactElement<any, string | JSXElementConstructor<any>> | null' is not assignable to type 'ReactNode'.
[22:46:57.495]           Type 'ReactElement<any, string | JSXElementConstructor<any>>' is not assignable to type 'ReactNode'.
[22:46:57.495] src/components/crisis/CrisisAnalytics.tsx(343,16): error TS2786: 'Download' cannot be used as a JSX component.
[22:46:57.495]   Its type 'ComponentType<any>' is not a valid JSX element type.
[22:46:57.495]     Type 'FunctionComponent<any>' is not assignable to type 'ElementType'.
[22:46:57.495]       Type 'FunctionComponent<any>' is not assignable to type '(props: any, deprecatedLegacyContext?: any) => ReactNode'.
[22:46:57.495]         Type 'ReactElement<any, string | JSXElementConstructor<any>> | null' is not assignable to type 'ReactNode'.
[22:46:57.495]           Type 'ReactElement<any, string | JSXElementConstructor<any>>' is not assignable to type 'ReactNode'.
[22:46:57.495] src/components/crisis/CrisisAnalytics.tsx(352,10): error TS2786: 'MetricCard' cannot be used as a JSX component.
[22:46:57.495]   Its type 'FC<MetricCardProps>' is not a valid JSX element type.
[22:46:57.495]     Type 'FunctionComponent<MetricCardProps>' is not assignable to type '(props: any, deprecatedLegacyContext?: any) => ReactNode'.
[22:46:57.495]       Type 'ReactElement<any, string | JSXElementConstructor<any>> | null' is not assignable to type 'ReactNode'.
[22:46:57.495]         Type 'ReactElement<any, string | JSXElementConstructor<any>>' is not assignable to type 'ReactNode'.
[22:46:57.495] src/components/crisis/CrisisAnalytics.tsx(362,10): error TS2786: 'MetricCard' cannot be used as a JSX component.
[22:46:57.495]   Its type 'FC<MetricCardProps>' is not a valid JSX element type.
[22:46:57.495]     Type 'FunctionComponent<MetricCardProps>' is not assignable to type '(props: any, deprecatedLegacyContext?: any) => ReactNode'.
[22:46:57.495]       Type 'ReactElement<any, string | JSXElementConstructor<any>> | null' is not assignable to type 'ReactNode'.
[22:46:57.495]         Type 'ReactElement<any, string | JSXElementConstructor<any>>' is not assignable to type 'ReactNode'.
[22:46:57.495] src/components/crisis/CrisisAnalytics.tsx(372,10): error TS2786: 'MetricCard' cannot be used as a JSX component.
[22:46:57.495]   Its type 'FC<MetricCardProps>' is not a valid JSX element type.
[22:46:57.495]     Type 'FunctionComponent<MetricCardProps>' is not assignable to type '(props: any, deprecatedLegacyContext?: any) => ReactNode'.
[22:46:57.495]       Type 'ReactElement<any, string | JSXElementConstructor<any>> | null' is not assignable to type 'ReactNode'.
[22:46:57.495]         Type 'ReactElement<any, string | JSXElementConstructor<any>>' is not assignable to type 'ReactNode'.
[22:46:57.495] src/components/crisis/CrisisAnalytics.tsx(382,10): error TS2786: 'MetricCard' cannot be used as a JSX component.
[22:46:57.495]   Its type 'FC<MetricCardProps>' is not a valid JSX element type.
[22:46:57.495]     Type 'FunctionComponent<MetricCardProps>' is not assignable to type '(props: any, deprecatedLegacyContext?: any) => ReactNode'.
[22:46:57.495]       Type 'ReactElement<any, string | JSXElementConstructor<any>> | null' is not assignable to type 'ReactNode'.
[22:46:57.495]         Type 'ReactElement<any, string | JSXElementConstructor<any>>' is not assignable to type 'ReactNode'.
[22:46:57.496] src/components/crisis/CrisisAnalytics.tsx(539,14): error TS2786: 'Info' cannot be used as a JSX component.
[22:46:57.496]   Its type 'ComponentType<any>' is not a valid JSX element type.
[22:46:57.496]     Type 'FunctionComponent<any>' is not assignable to type 'ElementType'.
[22:46:57.496]       Type 'FunctionComponent<any>' is not assignable to type '(props: any, deprecatedLegacyContext?: any) => ReactNode'.
[22:46:57.496]         Type 'ReactElement<any, string | JSXElementConstructor<any>> | null' is not assignable to type 'ReactNode'.
[22:46:57.496]           Type 'ReactElement<any, string | JSXElementConstructor<any>>' is not assignable to type 'ReactNode'.
[22:46:57.496] src/components/crisis/CrisisAnalytics.tsx(553,18): error TS2786: 'CheckCircle' cannot be used as a JSX component.
[22:46:57.496]   Its type 'ComponentType<any>' is not a valid JSX element type.
[22:46:57.496]     Type 'FunctionComponent<any>' is not assignable to type 'ElementType'.
[22:46:57.496]       Type 'FunctionComponent<any>' is not assignable to type '(props: any, deprecatedLegacyContext?: any) => ReactNode'.
[22:46:57.496]         Type 'ReactElement<any, string | JSXElementConstructor<any>> | null' is not assignable to type 'ReactNode'.
[22:46:57.496]           Type 'ReactElement<any, string | JSXElementConstructor<any>>' is not assignable to type 'ReactNode'.
[22:46:57.496] src/components/crisis/CrisisAnalytics.tsx(568,14): error TS2786: 'ChevronUp' cannot be used as a JSX component.
[22:46:57.496]   Its type 'ComponentType<any>' is not a valid JSX element type.
[22:46:57.496]     Type 'FunctionComponent<any>' is not assignable to type 'ElementType'.
[22:46:57.496]       Type 'FunctionComponent<any>' is not assignable to type '(props: any, deprecatedLegacyContext?: any) => ReactNode'.
[22:46:57.496]         Type 'ReactElement<any, string | JSXElementConstructor<any>> | null' is not assignable to type 'ReactNode'.
[22:46:57.496]           Type 'ReactElement<any, string | JSXElementConstructor<any>>' is not assignable to type 'ReactNode'.
[22:46:57.496] src/components/crisis/CrisisAnalytics.tsx(573,14): error TS2786: 'ChevronDown' cannot be used as a JSX component.
[22:46:57.496]   Its type 'ComponentType<any>' is not a valid JSX element type.
[22:46:57.496]     Type 'FunctionComponent<any>' is not assignable to type 'ElementType'.
[22:46:57.496]       Type 'FunctionComponent<any>' is not assignable to type '(props: any, deprecatedLegacyContext?: any) => ReactNode'.
[22:46:57.496]         Type 'ReactElement<any, string | JSXElementConstructor<any>> | null' is not assignable to type 'ReactNode'.
[22:46:57.496]           Type 'ReactElement<any, string | JSXElementConstructor<any>>' is not assignable to type 'ReactNode'.
[22:46:57.496] src/components/crisis/CrisisButton.tsx(62,12): error TS2786: 'AlertTriangle' cannot be used as a JSX component.
[22:46:57.496]   Its type 'ComponentType<any>' is not a valid JSX element type.
[22:46:57.496]     Type 'FunctionComponent<any>' is not assignable to type 'ElementType'.
[22:46:57.496]       Type 'FunctionComponent<any>' is not assignable to type '(props: any, deprecatedLegacyContext?: any) => ReactNode'.
[22:46:57.496]         Type 'ReactElement<any, string | JSXElementConstructor<any>> | null' is not assignable to type 'ReactNode'.
[22:46:57.496]           Type 'ReactElement<any, string | JSXElementConstructor<any>>' is not assignable to type 'ReactNode'.
[22:46:57.496] src/components/crisis/CrisisButton.tsx(66,10): error TS2786: 'AnimatePresence' cannot be used as a JSX component.
[22:46:57.496]   Its type 'ComponentType<any>' is not a valid JSX element type.
[22:46:57.496]     Type 'FunctionComponent<any>' is not assignable to type 'ElementType'.
[22:46:57.496]       Type 'FunctionComponent<any>' is not assignable to type '(props: any, deprecatedLegacyContext?: any) => ReactNode'.
[22:46:57.496]         Type 'ReactElement<any, string | JSXElementConstructor<any>> | null' is not assignable to type 'ReactNode'.
[22:46:57.496]           Type 'ReactElement<any, string | JSXElementConstructor<any>>' is not assignable to type 'ReactNode'.
[22:46:57.496] src/components/crisis/CrisisButton.tsx(93,20): error TS2786: 'Phone' cannot be used as a JSX component.
[22:46:57.496]   Its type 'ComponentType<any>' is not a valid JSX element type.
[22:46:57.496]     Type 'FunctionComponent<any>' is not assignable to type 'ElementType'.
[22:46:57.496]       Type 'FunctionComponent<any>' is not assignable to type '(props: any, deprecatedLegacyContext?: any) => ReactNode'.
[22:46:57.496]         Type 'ReactElement<any, string | JSXElementConstructor<any>> | null' is not assignable to type 'ReactNode'.
[22:46:57.496]           Type 'ReactElement<any, string | JSXElementConstructor<any>>' is not assignable to type 'ReactNode'.
[22:46:57.496] src/components/crisis/CrisisButton.tsx(105,20): error TS2786: 'MessageCircle' cannot be used as a JSX component.
[22:46:57.496]   Its type 'ComponentType<any>' is not a valid JSX element type.
[22:46:57.496]     Type 'FunctionComponent<any>' is not assignable to type 'ElementType'.
[22:46:57.496]       Type 'FunctionComponent<any>' is not assignable to type '(props: any, deprecatedLegacyContext?: any) => ReactNode'.
[22:46:57.496]         Type 'ReactElement<any, string | JSXElementConstructor<any>> | null' is not assignable to type 'ReactNode'.
[22:46:57.496]           Type 'ReactElement<any, string | JSXElementConstructor<any>>' is not assignable to type 'ReactNode'.
[22:46:57.496] src/components/crisis/CrisisButton.tsx(117,20): error TS2786: 'Heart' cannot be used as a JSX component.
[22:46:57.496]   Its type 'ComponentType<any>' is not a valid JSX element type.
[22:46:57.497]     Type 'FunctionComponent<any>' is not assignable to type 'ElementType'.
[22:46:57.497]       Type 'FunctionComponent<any>' is not assignable to type '(props: any, deprecatedLegacyContext?: any) => ReactNode'.
[22:46:57.497]         Type 'ReactElement<any, string | JSXElementConstructor<any>> | null' is not assignable to type 'ReactNode'.
[22:46:57.497]           Type 'ReactElement<any, string | JSXElementConstructor<any>>' is not assignable to type 'ReactNode'.
[22:46:57.497] src/components/crisis/CrisisButton.tsx(142,12): error TS2786: 'AlertTriangle' cannot be used as a JSX component.
[22:46:57.497]   Its type 'ComponentType<any>' is not a valid JSX element type.
[22:46:57.497]     Type 'FunctionComponent<any>' is not assignable to type 'ElementType'.
[22:46:57.497]       Type 'FunctionComponent<any>' is not assignable to type '(props: any, deprecatedLegacyContext?: any) => ReactNode'.
[22:46:57.497]         Type 'ReactElement<any, string | JSXElementConstructor<any>> | null' is not assignable to type 'ReactNode'.
[22:46:57.497]           Type 'ReactElement<any, string | JSXElementConstructor<any>>' is not assignable to type 'ReactNode'.
[22:46:57.497] src/components/crisis/CrisisButton.tsx(150,14): error TS2786: 'Phone' cannot be used as a JSX component.
[22:46:57.497]   Its type 'ComponentType<any>' is not a valid JSX element type.
[22:46:57.497]     Type 'FunctionComponent<any>' is not assignable to type 'ElementType'.
[22:46:57.497]       Type 'FunctionComponent<any>' is not assignable to type '(props: any, deprecatedLegacyContext?: any) => ReactNode'.
[22:46:57.497]         Type 'ReactElement<any, string | JSXElementConstructor<any>> | null' is not assignable to type 'ReactNode'.
[22:46:57.497]           Type 'ReactElement<any, string | JSXElementConstructor<any>>' is not assignable to type 'ReactNode'.
[22:46:57.497] src/components/crisis/CrisisButton.tsx(157,14): error TS2786: 'MessageCircle' cannot be used as a JSX component.
[22:46:57.497]   Its type 'ComponentType<any>' is not a valid JSX element type.
[22:46:57.497]     Type 'FunctionComponent<any>' is not assignable to type 'ElementType'.
[22:46:57.497]       Type 'FunctionComponent<any>' is not assignable to type '(props: any, deprecatedLegacyContext?: any) => ReactNode'.
[22:46:57.497]         Type 'ReactElement<any, string | JSXElementConstructor<any>> | null' is not assignable to type 'ReactNode'.
[22:46:57.497]           Type 'ReactElement<any, string | JSXElementConstructor<any>>' is not assignable to type 'ReactNode'.
[22:46:57.497] src/components/crisis/CrisisButton.tsx(164,14): error TS2786: 'Heart' cannot be used as a JSX component.
[22:46:57.497]   Its type 'ComponentType<any>' is not a valid JSX element type.
[22:46:57.497]     Type 'FunctionComponent<any>' is not assignable to type 'ElementType'.
[22:46:57.497]       Type 'FunctionComponent<any>' is not assignable to type '(props: any, deprecatedLegacyContext?: any) => ReactNode'.
[22:46:57.497]         Type 'ReactElement<any, string | JSXElementConstructor<any>> | null' is not assignable to type 'ReactNode'.
[22:46:57.497]           Type 'ReactElement<any, string | JSXElementConstructor<any>>' is not assignable to type 'ReactNode'.
[22:46:57.497] src/components/crisis/CrisisButton.tsx(179,8): error TS2786: 'AlertTriangle' cannot be used as a JSX component.
[22:46:57.497]   Its type 'ComponentType<any>' is not a valid JSX element type.
[22:46:57.497]     Type 'FunctionComponent<any>' is not assignable to type 'ElementType'.
[22:46:57.497]       Type 'FunctionComponent<any>' is not assignable to type '(props: any, deprecatedLegacyContext?: any) => ReactNode'.
[22:46:57.497]         Type 'ReactElement<any, string | JSXElementConstructor<any>> | null' is not assignable to type 'ReactNode'.
[22:46:57.497]           Type 'ReactElement<any, string | JSXElementConstructor<any>>' is not assignable to type 'ReactNode'.
[22:46:57.497] src/components/crisis/CrisisChat.tsx(367,14): error TS2786: 'Shield' cannot be used as a JSX component.
[22:46:57.497]   Its type 'ComponentType<any>' is not a valid JSX element type.
[22:46:57.497]     Type 'FunctionComponent<any>' is not assignable to type 'ElementType'.
[22:46:57.497]       Type 'FunctionComponent<any>' is not assignable to type '(props: any, deprecatedLegacyContext?: any) => ReactNode'.
[22:46:57.497]         Type 'ReactElement<any, string | JSXElementConstructor<any>> | null' is not assignable to type 'ReactNode'.
[22:46:57.497]           Type 'ReactElement<any, string | JSXElementConstructor<any>>' is not assignable to type 'ReactNode'.
[22:46:57.497] src/components/crisis/CrisisChat.tsx(382,20): error TS2786: 'Loader2' cannot be used as a JSX component.
[22:46:57.497]   Its type 'ComponentType<any>' is not a valid JSX element type.
[22:46:57.497]     Type 'FunctionComponent<any>' is not assignable to type 'ElementType'.
[22:46:57.497]       Type 'FunctionComponent<any>' is not assignable to type '(props: any, deprecatedLegacyContext?: any) => ReactNode'.
[22:46:57.497]         Type 'ReactElement<any, string | JSXElementConstructor<any>> | null' is not assignable to type 'ReactNode'.
[22:46:57.497]           Type 'ReactElement<any, string | JSXElementConstructor<any>>' is not assignable to type 'ReactNode'.
[22:46:57.497] src/components/crisis/CrisisChat.tsx(399,16): error TS2786: 'Phone' cannot be used as a JSX component.
[22:46:57.497]   Its type 'ComponentType<any>' is not a valid JSX element type.
[22:46:57.497]     Type 'FunctionComponent<any>' is not assignable to type 'ElementType'.
[22:46:57.497]       Type 'FunctionComponent<any>' is not assignable to type '(props: any, deprecatedLegacyContext?: any) => ReactNode'.
[22:46:57.497]         Type 'ReactElement<any, string | JSXElementConstructor<any>> | null' is not assignable to type 'ReactNode'.
[22:46:57.498]           Type 'ReactElement<any, string | JSXElementConstructor<any>>' is not assignable to type 'ReactNode'.
[22:46:57.498] src/components/crisis/CrisisChat.tsx(406,14): error TS2786: 'MoreVertical' cannot be used as a JSX component.
[22:46:57.498]   Its type 'ComponentType<any>' is not a valid JSX element type.
[22:46:57.498]     Type 'FunctionComponent<any>' is not assignable to type 'ElementType'.
[22:46:57.498]       Type 'FunctionComponent<any>' is not assignable to type '(props: any, deprecatedLegacyContext?: any) => ReactNode'.
[22:46:57.498]         Type 'ReactElement<any, string | JSXElementConstructor<any>> | null' is not assignable to type 'ReactNode'.
[22:46:57.498]           Type 'ReactElement<any, string | JSXElementConstructor<any>>' is not assignable to type 'ReactNode'.
[22:46:57.498] src/components/crisis/CrisisChat.tsx(441,10): error TS2786: 'AnimatePresence' cannot be used as a JSX component.
[22:46:57.498]   Its type 'ComponentType<any>' is not a valid JSX element type.
[22:46:57.498]     Type 'FunctionComponent<any>' is not assignable to type 'ElementType'.
[22:46:57.498]       Type 'FunctionComponent<any>' is not assignable to type '(props: any, deprecatedLegacyContext?: any) => ReactNode'.
[22:46:57.498]         Type 'ReactElement<any, string | JSXElementConstructor<any>> | null' is not assignable to type 'ReactNode'.
[22:46:57.498]           Type 'ReactElement<any, string | JSXElementConstructor<any>>' is not assignable to type 'ReactNode'.
[22:46:57.498] src/components/crisis/CrisisChat.tsx(454,24): error TS2786: 'User' cannot be used as a JSX component.
[22:46:57.498]   Its type 'ComponentType<any>' is not a valid JSX element type.
[22:46:57.498]     Type 'FunctionComponent<any>' is not assignable to type 'ElementType'.
[22:46:57.498]       Type 'FunctionComponent<any>' is not assignable to type '(props: any, deprecatedLegacyContext?: any) => ReactNode'.
[22:46:57.498]         Type 'ReactElement<any, string | JSXElementConstructor<any>> | null' is not assignable to type 'ReactNode'.
[22:46:57.498]           Type 'ReactElement<any, string | JSXElementConstructor<any>>' is not assignable to type 'ReactNode'.
[22:46:57.498] src/components/crisis/CrisisChat.tsx(456,24): error TS2786: 'Bot' cannot be used as a JSX component.
[22:46:57.498]   Its type 'ComponentType<any>' is not a valid JSX element type.
[22:46:57.498]     Type 'FunctionComponent<any>' is not assignable to type 'ElementType'.
[22:46:57.498]       Type 'FunctionComponent<any>' is not assignable to type '(props: any, deprecatedLegacyContext?: any) => ReactNode'.
[22:46:57.498]         Type 'ReactElement<any, string | JSXElementConstructor<any>> | null' is not assignable to type 'ReactNode'.
[22:46:57.498]           Type 'ReactElement<any, string | JSXElementConstructor<any>>' is not assignable to type 'ReactNode'.
[22:46:57.498] src/components/crisis/CrisisChat.tsx(464,26): error TS2786: 'AlertTriangle' cannot be used as a JSX component.
[22:46:57.498]   Its type 'ComponentType<any>' is not a valid JSX element type.
[22:46:57.498]     Type 'FunctionComponent<any>' is not assignable to type 'ElementType'.
[22:46:57.498]       Type 'FunctionComponent<any>' is not assignable to type '(props: any, deprecatedLegacyContext?: any) => ReactNode'.
[22:46:57.498]         Type 'ReactElement<any, string | JSXElementConstructor<any>> | null' is not assignable to type 'ReactNode'.
[22:46:57.498]           Type 'ReactElement<any, string | JSXElementConstructor<any>>' is not assignable to type 'ReactNode'.
[22:46:57.498] src/components/crisis/CrisisChat.tsx(473,24): error TS2786: 'CheckCircle' cannot be used as a JSX component.
[22:46:57.498]   Its type 'ComponentType<any>' is not a valid JSX element type.
[22:46:57.498]     Type 'FunctionComponent<any>' is not assignable to type 'ElementType'.
[22:46:57.498]       Type 'FunctionComponent<any>' is not assignable to type '(props: any, deprecatedLegacyContext?: any) => ReactNode'.
[22:46:57.498]         Type 'ReactElement<any, string | JSXElementConstructor<any>> | null' is not assignable to type 'ReactNode'.
[22:46:57.498]           Type 'ReactElement<any, string | JSXElementConstructor<any>>' is not assignable to type 'ReactNode'.
[22:46:57.498] src/components/crisis/CrisisChat.tsx(490,16): error TS2786: 'User' cannot be used as a JSX component.
[22:46:57.498]   Its type 'ComponentType<any>' is not a valid JSX element type.
[22:46:57.498]     Type 'FunctionComponent<any>' is not assignable to type 'ElementType'.
[22:46:57.498]       Type 'FunctionComponent<any>' is not assignable to type '(props: any, deprecatedLegacyContext?: any) => ReactNode'.
[22:46:57.498]         Type 'ReactElement<any, string | JSXElementConstructor<any>> | null' is not assignable to type 'ReactNode'.
[22:46:57.498]           Type 'ReactElement<any, string | JSXElementConstructor<any>>' is not assignable to type 'ReactNode'.
[22:46:57.498] src/components/crisis/CrisisChat.tsx(512,14): error TS2786: 'Paperclip' cannot be used as a JSX component.
[22:46:57.498]   Its type 'ComponentType<any>' is not a valid JSX element type.
[22:46:57.498]     Type 'FunctionComponent<any>' is not assignable to type 'ElementType'.
[22:46:57.498]       Type 'FunctionComponent<any>' is not assignable to type '(props: any, deprecatedLegacyContext?: any) => ReactNode'.
[22:46:57.498]         Type 'ReactElement<any, string | JSXElementConstructor<any>> | null' is not assignable to type 'ReactNode'.
[22:46:57.498]           Type 'ReactElement<any, string | JSXElementConstructor<any>>' is not assignable to type 'ReactNode'.
[22:46:57.498] src/components/crisis/CrisisChat.tsx(541,29): error TS2786: 'MicOff' cannot be used as a JSX component.
[22:46:57.498]   Its type 'ComponentType<any>' is not a valid JSX element type.
[22:46:57.498]     Type 'FunctionComponent<any>' is not assignable to type 'ElementType'.
[22:46:57.498]       Type 'FunctionComponent<any>' is not assignable to type '(props: any, deprecatedLegacyContext?: any) => ReactNode'.
[22:46:57.498]         Type 'ReactElement<any, string | JSXElementConstructor<any>> | null' is not assignable to type 'ReactNode'.
[22:46:57.498]           Type 'ReactElement<any, string | JSXElementConstructor<any>>' is not assignable to type 'ReactNode'.
[22:46:57.498] src/components/crisis/CrisisChat.tsx(541,52): error TS2786: 'Mic' cannot be used as a JSX component.
[22:46:57.498]   Its type 'ComponentType<any>' is not a valid JSX element type.
[22:46:57.498]     Type 'FunctionComponent<any>' is not assignable to type 'ElementType'.
[22:46:57.498]       Type 'FunctionComponent<any>' is not assignable to type '(props: any, deprecatedLegacyContext?: any) => ReactNode'.
[22:46:57.498]         Type 'ReactElement<any, string | JSXElementConstructor<any>> | null' is not assignable to type 'ReactNode'.
[22:46:57.498]           Type 'ReactElement<any, string | JSXElementConstructor<any>>' is not assignable to type 'ReactNode'.
[22:46:57.498] src/components/crisis/CrisisChat.tsx(550,14): error TS2786: 'Send' cannot be used as a JSX component.
[22:46:57.498]   Its type 'ComponentType<any>' is not a valid JSX element type.
[22:46:57.498]     Type 'FunctionComponent<any>' is not assignable to type 'ElementType'.
[22:46:57.498]       Type 'FunctionComponent<any>' is not assignable to type '(props: any, deprecatedLegacyContext?: any) => ReactNode'.
[22:46:57.498]         Type 'ReactElement<any, string | JSXElementConstructor<any>> | null' is not assignable to type 'ReactNode'.
[22:46:57.498]           Type 'ReactElement<any, string | JSXElementConstructor<any>>' is not assignable to type 'ReactNode'.
[22:46:57.498] src/components/crisis/CrisisInterventionSystem.tsx(327,14): error TS2786: 'Shield' cannot be used as a JSX component.
[22:46:57.498]   Its type 'ComponentType<any>' is not a valid JSX element type.
[22:46:57.498]     Type 'FunctionComponent<any>' is not assignable to type 'ElementType'.
[22:46:57.498]       Type 'FunctionComponent<any>' is not assignable to type '(props: any, deprecatedLegacyContext?: any) => ReactNode'.
[22:46:57.498]         Type 'ReactElement<any, string | JSXElementConstructor<any>> | null' is not assignable to type 'ReactNode'.
[22:46:57.498]           Type 'ReactElement<any, string | JSXElementConstructor<any>>' is not assignable to type 'ReactNode'.
[22:46:57.498] src/components/crisis/CrisisInterventionSystem.tsx(331,31): error TS2786: 'Loader2' cannot be used as a JSX component.
[22:46:57.498]   Its type 'ComponentType<any>' is not a valid JSX element type.
[22:46:57.498]     Type 'FunctionComponent<any>' is not assignable to type 'ElementType'.
[22:46:57.498]       Type 'FunctionComponent<any>' is not assignable to type '(props: any, deprecatedLegacyContext?: any) => ReactNode'.
[22:46:57.498]         Type 'ReactElement<any, string | JSXElementConstructor<any>> | null' is not assignable to type 'ReactNode'.
[22:46:57.498]           Type 'ReactElement<any, string | JSXElementConstructor<any>>' is not assignable to type 'ReactNode'.
[22:46:57.498] src/components/crisis/CrisisInterventionSystem.tsx(337,8): error TS2786: 'AnimatePresence' cannot be used as a JSX component.
[22:46:57.498]   Its type 'ComponentType<any>' is not a valid JSX element type.
[22:46:57.498]     Type 'FunctionComponent<any>' is not assignable to type 'ElementType'.
[22:46:57.498]       Type 'FunctionComponent<any>' is not assignable to type '(props: any, deprecatedLegacyContext?: any) => ReactNode'.
[22:46:57.499]         Type 'ReactElement<any, string | JSXElementConstructor<any>> | null' is not assignable to type 'ReactNode'.
[22:46:57.499]           Type 'ReactElement<any, string | JSXElementConstructor<any>>' is not assignable to type 'ReactNode'.
[22:46:57.499] src/components/crisis/CrisisInterventionSystem.tsx(357,22): error TS2786: 'AlertTriangle' cannot be used as a JSX component.
[22:46:57.499]   Its type 'ComponentType<any>' is not a valid JSX element type.
[22:46:57.499]     Type 'FunctionComponent<any>' is not assignable to type 'ElementType'.
[22:46:57.499]       Type 'FunctionComponent<any>' is not assignable to type '(props: any, deprecatedLegacyContext?: any) => ReactNode'.
[22:46:57.499]         Type 'ReactElement<any, string | JSXElementConstructor<any>> | null' is not assignable to type 'ReactNode'.
[22:46:57.499]           Type 'ReactElement<any, string | JSXElementConstructor<any>>' is not assignable to type 'ReactNode'.
[22:46:57.499] src/components/crisis/CrisisInterventionSystem.tsx(372,22): error TS2786: 'X' cannot be used as a JSX component.
[22:46:57.499]   Its type 'ComponentType<any>' is not a valid JSX element type.
[22:46:57.499]     Type 'FunctionComponent<any>' is not assignable to type 'ElementType'.
[22:46:57.499]       Type 'FunctionComponent<any>' is not assignable to type '(props: any, deprecatedLegacyContext?: any) => ReactNode'.
[22:46:57.499]         Type 'ReactElement<any, string | JSXElementConstructor<any>> | null' is not assignable to type 'ReactNode'.
[22:46:57.499]           Type 'ReactElement<any, string | JSXElementConstructor<any>>' is not assignable to type 'ReactNode'.
[22:46:57.499] src/components/crisis/CrisisInterventionSystem.tsx(397,24): error TS2786: 'Phone' cannot be used as a JSX component.
[22:46:57.499]   Its type 'ComponentType<any>' is not a valid JSX element type.
[22:46:57.499]     Type 'FunctionComponent<any>' is not assignable to type 'ElementType'.
[22:46:57.499]       Type 'FunctionComponent<any>' is not assignable to type '(props: any, deprecatedLegacyContext?: any) => ReactNode'.
[22:46:57.499]         Type 'ReactElement<any, string | JSXElementConstructor<any>> | null' is not assignable to type 'ReactNode'.
[22:46:57.499]           Type 'ReactElement<any, string | JSXElementConstructor<any>>' is not assignable to type 'ReactNode'.
[22:46:57.499] src/components/crisis/CrisisInterventionSystem.tsx(406,26): error TS2786: 'Phone' cannot be used as a JSX component.
[22:46:57.499]   Its type 'ComponentType<any>' is not a valid JSX element type.
[22:46:57.499]     Type 'FunctionComponent<any>' is not assignable to type 'ElementType'.
[22:46:57.499]       Type 'FunctionComponent<any>' is not assignable to type '(props: any, deprecatedLegacyContext?: any) => ReactNode'.
[22:46:57.499]         Type 'ReactElement<any, string | JSXElementConstructor<any>> | null' is not assignable to type 'ReactNode'.
[22:46:57.499]           Type 'ReactElement<any, string | JSXElementConstructor<any>>' is not assignable to type 'ReactNode'.
[22:46:57.499] src/components/crisis/CrisisInterventionSystem.tsx(418,26): error TS2786: 'MessageCircle' cannot be used as a JSX component.
[22:46:57.499]   Its type 'ComponentType<any>' is not a valid JSX element type.
[22:46:57.499]     Type 'FunctionComponent<any>' is not assignable to type 'ElementType'.
[22:46:57.499]       Type 'FunctionComponent<any>' is not assignable to type '(props: any, deprecatedLegacyContext?: any) => ReactNode'.
[22:46:57.499]         Type 'ReactElement<any, string | JSXElementConstructor<any>> | null' is not assignable to type 'ReactNode'.
[22:46:57.499]           Type 'ReactElement<any, string | JSXElementConstructor<any>>' is not assignable to type 'ReactNode'.
[22:46:57.499] src/components/crisis/CrisisInterventionSystem.tsx(431,22): error TS2786: 'Activity' cannot be used as a JSX component.
[22:46:57.499]   Its type 'ComponentType<any>' is not a valid JSX element type.
[22:46:57.499]     Type 'FunctionComponent<any>' is not assignable to type 'ElementType'.
[22:46:57.499]       Type 'FunctionComponent<any>' is not assignable to type '(props: any, deprecatedLegacyContext?: any) => ReactNode'.
[22:46:57.499]         Type 'ReactElement<any, string | JSXElementConstructor<any>> | null' is not assignable to type 'ReactNode'.
[22:46:57.499]           Type 'ReactElement<any, string | JSXElementConstructor<any>>' is not assignable to type 'ReactNode'.
[22:46:57.499] src/components/crisis/CrisisInterventionSystem.tsx(450,26): error TS2786: 'ChevronRight' cannot be used as a JSX component.
[22:46:57.499]   Its type 'ComponentType<any>' is not a valid JSX element type.
[22:46:57.499]     Type 'FunctionComponent<any>' is not assignable to type 'ElementType'.
[22:46:57.499]       Type 'FunctionComponent<any>' is not assignable to type '(props: any, deprecatedLegacyContext?: any) => ReactNode'.
[22:46:57.499]         Type 'ReactElement<any, string | JSXElementConstructor<any>> | null' is not assignable to type 'ReactNode'.
[22:46:57.499]           Type 'ReactElement<any, string | JSXElementConstructor<any>>' is not assignable to type 'ReactNode'.
[22:46:57.499] src/components/crisis/CrisisInterventionSystem.tsx(463,20): error TS2786: 'Heart' cannot be used as a JSX component.
[22:46:57.499]   Its type 'ComponentType<any>' is not a valid JSX element type.
[22:46:57.499]     Type 'FunctionComponent<any>' is not assignable to type 'ElementType'.
[22:46:57.499]       Type 'FunctionComponent<any>' is not assignable to type '(props: any, deprecatedLegacyContext?: any) => ReactNode'.
[22:46:57.499]         Type 'ReactElement<any, string | JSXElementConstructor<any>> | null' is not assignable to type 'ReactNode'.
[22:46:57.499]           Type 'ReactElement<any, string | JSXElementConstructor<any>>' is not assignable to type 'ReactNode'.
[22:46:57.499] src/components/crisis/CrisisInterventionSystem.tsx(477,20): error TS2786: 'Users' cannot be used as a JSX component.
[22:46:57.499]   Its type 'ComponentType<any>' is not a valid JSX element type.
[22:46:57.499]     Type 'FunctionComponent<any>' is not assignable to type 'ElementType'.
[22:46:57.499]       Type 'FunctionComponent<any>' is not assignable to type '(props: any, deprecatedLegacyContext?: any) => ReactNode'.
[22:46:57.499]         Type 'ReactElement<any, string | JSXElementConstructor<any>> | null' is not assignable to type 'ReactNode'.
[22:46:57.499]           Type 'ReactElement<any, string | JSXElementConstructor<any>>' is not assignable to type 'ReactNode'.
[22:46:57.499] src/components/crisis/EnhancedCrisisButton.tsx(228,14): error TS2786: 'Zap' cannot be used as a JSX component.
[22:46:57.499]   Its type 'ComponentType<any>' is not a valid JSX element type.
[22:46:57.499]     Type 'FunctionComponent<any>' is not assignable to type 'ElementType'.
[22:46:57.499]       Type 'FunctionComponent<any>' is not assignable to type '(props: any, deprecatedLegacyContext?: any) => ReactNode'.
[22:46:57.499]         Type 'ReactElement<any, string | JSXElementConstructor<any>> | null' is not assignable to type 'ReactNode'.
[22:46:57.499]           Type 'ReactElement<any, string | JSXElementConstructor<any>>' is not assignable to type 'ReactNode'.
[22:46:57.499] src/components/crisis/EnhancedCrisisButton.tsx(230,14): error TS2786: 'Shield' cannot be used as a JSX component.
[22:46:57.499]   Its type 'ComponentType<any>' is not a valid JSX element type.
[22:46:57.499]     Type 'FunctionComponent<any>' is not assignable to type 'ElementType'.
[22:46:57.499]       Type 'FunctionComponent<any>' is not assignable to type '(props: any, deprecatedLegacyContext?: any) => ReactNode'.
[22:46:57.499]         Type 'ReactElement<any, string | JSXElementConstructor<any>> | null' is not assignable to type 'ReactNode'.
[22:46:57.499]           Type 'ReactElement<any, string | JSXElementConstructor<any>>' is not assignable to type 'ReactNode'.
[22:46:57.499] src/components/crisis/EnhancedCrisisButton.tsx(240,10): error TS2786: 'AnimatePresence' cannot be used as a JSX component.
[22:46:57.499]   Its type 'ComponentType<any>' is not a valid JSX element type.
[22:46:57.499]     Type 'FunctionComponent<any>' is not assignable to type 'ElementType'.
[22:46:57.499]       Type 'FunctionComponent<any>' is not assignable to type '(props: any, deprecatedLegacyContext?: any) => ReactNode'.
[22:46:57.499]         Type 'ReactElement<any, string | JSXElementConstructor<any>> | null' is not assignable to type 'ReactNode'.
[22:46:57.499]           Type 'ReactElement<any, string | JSXElementConstructor<any>>' is not assignable to type 'ReactNode'.
[22:46:57.499] src/components/crisis/EnhancedCrisisButton.tsx(255,18): error TS2786: 'Phone' cannot be used as a JSX component.
[22:46:57.499]   Its type 'ComponentType<any>' is not a valid JSX element type.
[22:46:57.499]     Type 'FunctionComponent<any>' is not assignable to type 'ElementType'.
[22:46:57.499]       Type 'FunctionComponent<any>' is not assignable to type '(props: any, deprecatedLegacyContext?: any) => ReactNode'.
[22:46:57.499]         Type 'ReactElement<any, string | JSXElementConstructor<any>> | null' is not assignable to type 'ReactNode'.
[22:46:57.499]           Type 'ReactElement<any, string | JSXElementConstructor<any>>' is not assignable to type 'ReactNode'.
[22:46:57.499] src/components/crisis/EnhancedCrisisButton.tsx(264,18): error TS2786: 'MessageCircle' cannot be used as a JSX component.
[22:46:57.499]   Its type 'ComponentType<any>' is not a valid JSX element type.
[22:46:57.499]     Type 'FunctionComponent<any>' is not assignable to type 'ElementType'.
[22:46:57.499]       Type 'FunctionComponent<any>' is not assignable to type '(props: any, deprecatedLegacyContext?: any) => ReactNode'.
[22:46:57.499]         Type 'ReactElement<any, string | JSXElementConstructor<any>> | null' is not assignable to type 'ReactNode'.
[22:46:57.499]           Type 'ReactElement<any, string | JSXElementConstructor<any>>' is not assignable to type 'ReactNode'.
[22:46:57.499] src/components/crisis/EnhancedCrisisButton.tsx(273,18): error TS2786: 'Heart' cannot be used as a JSX component.
[22:46:57.499]   Its type 'ComponentType<any>' is not a valid JSX element type.
[22:46:57.499]     Type 'FunctionComponent<any>' is not assignable to type 'ElementType'.
[22:46:57.499]       Type 'FunctionComponent<any>' is not assignable to type '(props: any, deprecatedLegacyContext?: any) => ReactNode'.
[22:46:57.499]         Type 'ReactElement<any, string | JSXElementConstructor<any>> | null' is not assignable to type 'ReactNode'.
[22:46:57.499]           Type 'ReactElement<any, string | JSXElementConstructor<any>>' is not assignable to type 'ReactNode'.
[22:46:57.500] src/components/crisis/EnhancedCrisisButton.tsx(280,10): error TS2786: 'AnimatePresence' cannot be used as a JSX component.
[22:46:57.500]   Its type 'ComponentType<any>' is not a valid JSX element type.
[22:46:57.500]     Type 'FunctionComponent<any>' is not assignable to type 'ElementType'.
[22:46:57.500]       Type 'FunctionComponent<any>' is not assignable to type '(props: any, deprecatedLegacyContext?: any) => ReactNode'.
[22:46:57.500]         Type 'ReactElement<any, string | JSXElementConstructor<any>> | null' is not assignable to type 'ReactNode'.
[22:46:57.500]           Type 'ReactElement<any, string | JSXElementConstructor<any>>' is not assignable to type 'ReactNode'.
[22:46:57.500] src/components/crisis/EnhancedCrisisButton.tsx(293,24): error TS2786: 'AlertTriangle' cannot be used as a JSX component.
[22:46:57.500]   Its type 'ComponentType<any>' is not a valid JSX element type.
[22:46:57.500]     Type 'FunctionComponent<any>' is not assignable to type 'ElementType'.
[22:46:57.500]       Type 'FunctionComponent<any>' is not assignable to type '(props: any, deprecatedLegacyContext?: any) => ReactNode'.
[22:46:57.500]         Type 'ReactElement<any, string | JSXElementConstructor<any>> | null' is not assignable to type 'ReactNode'.
[22:46:57.500]           Type 'ReactElement<any, string | JSXElementConstructor<any>>' is not assignable to type 'ReactNode'.
[22:46:57.500] src/components/crisis/EnhancedCrisisButton.tsx(301,24): error TS2786: 'X' cannot be used as a JSX component.
[22:46:57.500]   Its type 'ComponentType<any>' is not a valid JSX element type.
[22:46:57.500]     Type 'FunctionComponent<any>' is not assignable to type 'ElementType'.
[22:46:57.500]       Type 'FunctionComponent<any>' is not assignable to type '(props: any, deprecatedLegacyContext?: any) => ReactNode'.
[22:46:57.500]         Type 'ReactElement<any, string | JSXElementConstructor<any>> | null' is not assignable to type 'ReactNode'.
[22:46:57.500]           Type 'ReactElement<any, string | JSXElementConstructor<any>>' is not assignable to type 'ReactNode'.
[22:46:57.516] src/components/crisis/EnhancedCrisisButton.tsx(321,24): error TS2786: 'Phone' cannot be used as a JSX component.
[22:46:57.516]   Its type 'ComponentType<any>' is not a valid JSX element type.
[22:46:57.516]     Type 'FunctionComponent<any>' is not assignable to type 'ElementType'.
[22:46:57.516]       Type 'FunctionComponent<any>' is not assignable to type '(props: any, deprecatedLegacyContext?: any) => ReactNode'.
[22:46:57.516]         Type 'ReactElement<any, string | JSXElementConstructor<any>> | null' is not assignable to type 'ReactNode'.
[22:46:57.516]           Type 'ReactElement<any, string | JSXElementConstructor<any>>' is not assignable to type 'ReactNode'.
[22:46:57.516] src/components/crisis/EnhancedCrisisButton.tsx(336,22): error TS2786: 'MessageCircle' cannot be used as a JSX component.
[22:46:57.516]   Its type 'ComponentType<any>' is not a valid JSX element type.
[22:46:57.516]     Type 'FunctionComponent<any>' is not assignable to type 'ElementType'.
[22:46:57.516]       Type 'FunctionComponent<any>' is not assignable to type '(props: any, deprecatedLegacyContext?: any) => ReactNode'.
[22:46:57.516]         Type 'ReactElement<any, string | JSXElementConstructor<any>> | null' is not assignable to type 'ReactNode'.
[22:46:57.516]           Type 'ReactElement<any, string | JSXElementConstructor<any>>' is not assignable to type 'ReactNode'.
[22:46:57.516] src/components/crisis/EnhancedCrisisButton.tsx(349,22): error TS2786: 'Heart' cannot be used as a JSX component.
[22:46:57.516]   Its type 'ComponentType<any>' is not a valid JSX element type.
[22:46:57.516]     Type 'FunctionComponent<any>' is not assignable to type 'ElementType'.
[22:46:57.516]       Type 'FunctionComponent<any>' is not assignable to type '(props: any, deprecatedLegacyContext?: any) => ReactNode'.
[22:46:57.516]         Type 'ReactElement<any, string | JSXElementConstructor<any>> | null' is not assignable to type 'ReactNode'.
[22:46:57.516]           Type 'ReactElement<any, string | JSXElementConstructor<any>>' is not assignable to type 'ReactNode'.
[22:46:57.516] src/components/crisis/EnhancedCrisisButton.tsx(362,22): error TS2786: 'Activity' cannot be used as a JSX component.
[22:46:57.516]   Its type 'ComponentType<any>' is not a valid JSX element type.
[22:46:57.516]     Type 'FunctionComponent<any>' is not assignable to type 'ElementType'.
[22:46:57.516]       Type 'FunctionComponent<any>' is not assignable to type '(props: any, deprecatedLegacyContext?: any) => ReactNode'.
[22:46:57.516]         Type 'ReactElement<any, string | JSXElementConstructor<any>> | null' is not assignable to type 'ReactNode'.
[22:46:57.516]           Type 'ReactElement<any, string | JSXElementConstructor<any>>' is not assignable to type 'ReactNode'.
[22:46:57.516] src/components/crisis/EnhancedCrisisButton.tsx(375,22): error TS2786: 'Sparkles' cannot be used as a JSX component.
[22:46:57.516]   Its type 'ComponentType<any>' is not a valid JSX element type.
[22:46:57.516]     Type 'FunctionComponent<any>' is not assignable to type 'ElementType'.
[22:46:57.516]       Type 'FunctionComponent<any>' is not assignable to type '(props: any, deprecatedLegacyContext?: any) => ReactNode'.
[22:46:57.516]         Type 'ReactElement<any, string | JSXElementConstructor<any>> | null' is not assignable to type 'ReactNode'.
[22:46:57.516]           Type 'ReactElement<any, string | JSXElementConstructor<any>>' is not assignable to type 'ReactNode'.
[22:46:57.516] src/components/crisis/EnhancedCrisisButton.tsx(388,22): error TS2786: 'Users' cannot be used as a JSX component.
[22:46:57.516]   Its type 'ComponentType<any>' is not a valid JSX element type.
[22:46:57.516]     Type 'FunctionComponent<any>' is not assignable to type 'ElementType'.
[22:46:57.516]       Type 'FunctionComponent<any>' is not assignable to type '(props: any, deprecatedLegacyContext?: any) => ReactNode'.
[22:46:57.517]         Type 'ReactElement<any, string | JSXElementConstructor<any>> | null' is not assignable to type 'ReactNode'.
[22:46:57.517]           Type 'ReactElement<any, string | JSXElementConstructor<any>>' is not assignable to type 'ReactNode'.
[22:46:57.517] src/components/crisis/EnhancedCrisisButton.tsx(412,28): error TS2786: 'Phone' cannot be used as a JSX component.
[22:46:57.517]   Its type 'ComponentType<any>' is not a valid JSX element type.
[22:46:57.517]     Type 'FunctionComponent<any>' is not assignable to type 'ElementType'.
[22:46:57.517]       Type 'FunctionComponent<any>' is not assignable to type '(props: any, deprecatedLegacyContext?: any) => ReactNode'.
[22:46:57.517]         Type 'ReactElement<any, string | JSXElementConstructor<any>> | null' is not assignable to type 'ReactNode'.
[22:46:57.517]           Type 'ReactElement<any, string | JSXElementConstructor<any>>' is not assignable to type 'ReactNode'.
[22:46:57.517] src/components/crisis/EnhancedCrisisButton.tsx(438,12): error TS2786: 'Shield' cannot be used as a JSX component.
[22:46:57.517]   Its type 'ComponentType<any>' is not a valid JSX element type.
[22:46:57.517]     Type 'FunctionComponent<any>' is not assignable to type 'ElementType'.
[22:46:57.517]       Type 'FunctionComponent<any>' is not assignable to type '(props: any, deprecatedLegacyContext?: any) => ReactNode'.
[22:46:57.517]         Type 'ReactElement<any, string | JSXElementConstructor<any>> | null' is not assignable to type 'ReactNode'.
[22:46:57.517]           Type 'ReactElement<any, string | JSXElementConstructor<any>>' is not assignable to type 'ReactNode'.
[22:46:57.517] src/components/crisis/EnhancedCrisisButton.tsx(451,14): error TS2786: 'Phone' cannot be used as a JSX component.
[22:46:57.517]   Its type 'ComponentType<any>' is not a valid JSX element type.
[22:46:57.517]     Type 'FunctionComponent<any>' is not assignable to type 'ElementType'.
[22:46:57.517]       Type 'FunctionComponent<any>' is not assignable to type '(props: any, deprecatedLegacyContext?: any) => ReactNode'.
[22:46:57.517]         Type 'ReactElement<any, string | JSXElementConstructor<any>> | null' is not assignable to type 'ReactNode'.
[22:46:57.517]           Type 'ReactElement<any, string | JSXElementConstructor<any>>' is not assignable to type 'ReactNode'.
[22:46:57.517] src/components/crisis/EnhancedCrisisButton.tsx(458,14): error TS2786: 'MessageCircle' cannot be used as a JSX component.
[22:46:57.517]   Its type 'ComponentType<any>' is not a valid JSX element type.
[22:46:57.517]     Type 'FunctionComponent<any>' is not assignable to type 'ElementType'.
[22:46:57.517]       Type 'FunctionComponent<any>' is not assignable to type '(props: any, deprecatedLegacyContext?: any) => ReactNode'.
[22:46:57.517]         Type 'ReactElement<any, string | JSXElementConstructor<any>> | null' is not assignable to type 'ReactNode'.
[22:46:57.517]           Type 'ReactElement<any, string | JSXElementConstructor<any>>' is not assignable to type 'ReactNode'.
[22:46:57.517] src/components/crisis/EnhancedCrisisButton.tsx(465,14): error TS2786: 'Heart' cannot be used as a JSX component.
[22:46:57.517]   Its type 'ComponentType<any>' is not a valid JSX element type.
[22:46:57.517]     Type 'FunctionComponent<any>' is not assignable to type 'ElementType'.
[22:46:57.517]       Type 'FunctionComponent<any>' is not assignable to type '(props: any, deprecatedLegacyContext?: any) => ReactNode'.
[22:46:57.517]         Type 'ReactElement<any, string | JSXElementConstructor<any>> | null' is not assignable to type 'ReactNode'.
[22:46:57.517]           Type 'ReactElement<any, string | JSXElementConstructor<any>>' is not assignable to type 'ReactNode'.
[22:46:57.517] src/components/crisis/EnhancedCrisisButton.tsx(472,14): error TS2786: 'Activity' cannot be used as a JSX component.
[22:46:57.517]   Its type 'ComponentType<any>' is not a valid JSX element type.
[22:46:57.517]     Type 'FunctionComponent<any>' is not assignable to type 'ElementType'.
[22:46:57.517]       Type 'FunctionComponent<any>' is not assignable to type '(props: any, deprecatedLegacyContext?: any) => ReactNode'.
[22:46:57.517]         Type 'ReactElement<any, string | JSXElementConstructor<any>> | null' is not assignable to type 'ReactNode'.
[22:46:57.517]           Type 'ReactElement<any, string | JSXElementConstructor<any>>' is not assignable to type 'ReactNode'.
[22:46:57.517] src/components/crisis/EnhancedCrisisButton.tsx(488,10): error TS2786: 'Shield' cannot be used as a JSX component.
[22:46:57.517]   Its type 'ComponentType<any>' is not a valid JSX element type.
[22:46:57.517]     Type 'FunctionComponent<any>' is not assignable to type 'ElementType'.
[22:46:57.517]       Type 'FunctionComponent<any>' is not assignable to type '(props: any, deprecatedLegacyContext?: any) => ReactNode'.
[22:46:57.517]         Type 'ReactElement<any, string | JSXElementConstructor<any>> | null' is not assignable to type 'ReactNode'.
[22:46:57.518]           Type 'ReactElement<any, string | JSXElementConstructor<any>>' is not assignable to type 'ReactNode'.
[22:46:57.518] src/components/crisis/EnhancedCrisisButton.tsx(502,8): error TS2786: 'Shield' cannot be used as a JSX component.
[22:46:57.518]   Its type 'ComponentType<any>' is not a valid JSX element type.
[22:46:57.518]     Type 'FunctionComponent<any>' is not assignable to type 'ElementType'.
[22:46:57.518]       Type 'FunctionComponent<any>' is not assignable to type '(props: any, deprecatedLegacyContext?: any) => ReactNode'.
[22:46:57.518]         Type 'ReactElement<any, string | JSXElementConstructor<any>> | null' is not assignable to type 'ReactNode'.
[22:46:57.518]           Type 'ReactElement<any, string | JSXElementConstructor<any>>' is not assignable to type 'ReactNode'.
[22:46:57.518] src/components/crisis/RiskAssessment.tsx(550,16): error TS2786: 'ClipboardCheck' cannot be used as a JSX component.
[22:46:57.518]   Its type 'ComponentType<any>' is not a valid JSX element type.
[22:46:57.518]     Type 'FunctionComponent<any>' is not assignable to type 'ElementType'.
[22:46:57.518]       Type 'FunctionComponent<any>' is not assignable to type '(props: any, deprecatedLegacyContext?: any) => ReactNode'.
[22:46:57.518]         Type 'ReactElement<any, string | JSXElementConstructor<any>> | null' is not assignable to type 'ReactNode'.
[22:46:57.518]           Type 'ReactElement<any, string | JSXElementConstructor<any>>' is not assignable to type 'ReactNode'.
[22:46:57.518] src/components/crisis/RiskAssessment.tsx(596,14): error TS2786: 'AnimatePresence' cannot be used as a JSX component.
[22:46:57.518]   Its type 'ComponentType<any>' is not a valid JSX element type.
[22:46:57.518]     Type 'FunctionComponent<any>' is not assignable to type 'ElementType'.
[22:46:57.518]       Type 'FunctionComponent<any>' is not assignable to type '(props: any, deprecatedLegacyContext?: any) => ReactNode'.
[22:46:57.518]         Type 'ReactElement<any, string | JSXElementConstructor<any>> | null' is not assignable to type 'ReactNode'.
[22:46:57.518]           Type 'ReactElement<any, string | JSXElementConstructor<any>>' is not assignable to type 'ReactNode'.
[22:46:57.518] src/components/crisis/RiskAssessment.tsx(628,28): error TS2786: 'ChevronRight' cannot be used as a JSX component.
[22:46:57.518]   Its type 'ComponentType<any>' is not a valid JSX element type.
[22:46:57.518]     Type 'FunctionComponent<any>' is not assignable to type 'ElementType'.
[22:46:57.518]       Type 'FunctionComponent<any>' is not assignable to type '(props: any, deprecatedLegacyContext?: any) => ReactNode'.
[22:46:57.518]         Type 'ReactElement<any, string | JSXElementConstructor<any>> | null' is not assignable to type 'ReactNode'.
[22:46:57.518]           Type 'ReactElement<any, string | JSXElementConstructor<any>>' is not assignable to type 'ReactNode'.
[22:46:57.518] src/components/crisis/RiskAssessment.tsx(642,22): error TS2786: 'ChevronLeft' cannot be used as a JSX component.
[22:46:57.518]   Its type 'ComponentType<any>' is not a valid JSX element type.
[22:46:57.518]     Type 'FunctionComponent<any>' is not assignable to type 'ElementType'.
[22:46:57.518]       Type 'FunctionComponent<any>' is not assignable to type '(props: any, deprecatedLegacyContext?: any) => ReactNode'.
[22:46:57.518]         Type 'ReactElement<any, string | JSXElementConstructor<any>> | null' is not assignable to type 'ReactNode'.
[22:46:57.518]           Type 'ReactElement<any, string | JSXElementConstructor<any>>' is not assignable to type 'ReactNode'.
[22:46:57.518] src/components/crisis/RiskAssessment.tsx(662,18): error TS2786: 'Activity' cannot be used as a JSX component.
[22:46:57.518]   Its type 'ComponentType<any>' is not a valid JSX element type.
[22:46:57.518]     Type 'FunctionComponent<any>' is not assignable to type 'ElementType'.
[22:46:57.518]       Type 'FunctionComponent<any>' is not assignable to type '(props: any, deprecatedLegacyContext?: any) => ReactNode'.
[22:46:57.518]         Type 'ReactElement<any, string | JSXElementConstructor<any>> | null' is not assignable to type 'ReactNode'.
[22:46:57.518]           Type 'ReactElement<any, string | JSXElementConstructor<any>>' is not assignable to type 'ReactNode'.
[22:46:57.518] src/components/crisis/RiskAssessment.tsx(681,16): error TS2786: 'BarChart3' cannot be used as a JSX component.
[22:46:57.518]   Its type 'ComponentType<any>' is not a valid JSX element type.
[22:46:57.518]     Type 'FunctionComponent<any>' is not assignable to type 'ElementType'.
[22:46:57.518]       Type 'FunctionComponent<any>' is not assignable to type '(props: any, deprecatedLegacyContext?: any) => ReactNode'.
[22:46:57.518]         Type 'ReactElement<any, string | JSXElementConstructor<any>> | null' is not assignable to type 'ReactNode'.
[22:46:57.518]           Type 'ReactElement<any, string | JSXElementConstructor<any>>' is not assignable to type 'ReactNode'.
[22:46:57.518] src/components/crisis/RiskAssessment.tsx(694,16): error TS2786: 'FileText' cannot be used as a JSX component.
[22:46:57.518]   Its type 'ComponentType<any>' is not a valid JSX element type.
[22:46:57.519]     Type 'FunctionComponent<any>' is not assignable to type 'ElementType'.
[22:46:57.519]       Type 'FunctionComponent<any>' is not assignable to type '(props: any, deprecatedLegacyContext?: any) => ReactNode'.
[22:46:57.519]         Type 'ReactElement<any, string | JSXElementConstructor<any>> | null' is not assignable to type 'ReactNode'.
[22:46:57.519]           Type 'ReactElement<any, string | JSXElementConstructor<any>>' is not assignable to type 'ReactNode'.
[22:46:57.519] src/components/crisis/RiskAssessment.tsx(709,22): error TS2786: 'AlertTriangle' cannot be used as a JSX component.
[22:46:57.519]   Its type 'ComponentType<any>' is not a valid JSX element type.
[22:46:57.519]     Type 'FunctionComponent<any>' is not assignable to type 'ElementType'.
[22:46:57.519]       Type 'FunctionComponent<any>' is not assignable to type '(props: any, deprecatedLegacyContext?: any) => ReactNode'.
[22:46:57.519]         Type 'ReactElement<any, string | JSXElementConstructor<any>> | null' is not assignable to type 'ReactNode'.
[22:46:57.519]           Type 'ReactElement<any, string | JSXElementConstructor<any>>' is not assignable to type 'ReactNode'.
[22:46:57.519] src/components/crisis/RiskAssessment.tsx(712,22): error TS2786: 'AlertCircle' cannot be used as a JSX component.
[22:46:57.519]   Its type 'ComponentType<any>' is not a valid JSX element type.
[22:46:57.519]     Type 'FunctionComponent<any>' is not assignable to type 'ElementType'.
[22:46:57.519]       Type 'FunctionComponent<any>' is not assignable to type '(props: any, deprecatedLegacyContext?: any) => ReactNode'.
[22:46:57.519]         Type 'ReactElement<any, string | JSXElementConstructor<any>> | null' is not assignable to type 'ReactNode'.
[22:46:57.519]           Type 'ReactElement<any, string | JSXElementConstructor<any>>' is not assignable to type 'ReactNode'.
[22:46:57.519] src/components/crisis/RiskAssessment.tsx(715,22): error TS2786: 'TrendingUp' cannot be used as a JSX component.
[22:46:57.519]   Its type 'ComponentType<any>' is not a valid JSX element type.
[22:46:57.519]     Type 'FunctionComponent<any>' is not assignable to type 'ElementType'.
[22:46:57.519]       Type 'FunctionComponent<any>' is not assignable to type '(props: any, deprecatedLegacyContext?: any) => ReactNode'.
[22:46:57.519]         Type 'ReactElement<any, string | JSXElementConstructor<any>> | null' is not assignable to type 'ReactNode'.
[22:46:57.519]           Type 'ReactElement<any, string | JSXElementConstructor<any>>' is not assignable to type 'ReactNode'.
[22:46:57.519] src/components/crisis/RiskAssessment.tsx(718,22): error TS2786: 'CheckCircle' cannot be used as a JSX component.
[22:46:57.519]   Its type 'ComponentType<any>' is not a valid JSX element type.
[22:46:57.519]     Type 'FunctionComponent<any>' is not assignable to type 'ElementType'.
[22:46:57.519]       Type 'FunctionComponent<any>' is not assignable to type '(props: any, deprecatedLegacyContext?: any) => ReactNode'.
[22:46:57.519]         Type 'ReactElement<any, string | JSXElementConstructor<any>> | null' is not assignable to type 'ReactNode'.
[22:46:57.519]           Type 'ReactElement<any, string | JSXElementConstructor<any>>' is not assignable to type 'ReactNode'.
[22:46:57.519] src/components/crisis/RiskAssessment.tsx(750,20): error TS2786: 'Shield' cannot be used as a JSX component.
[22:46:57.519]   Its type 'ComponentType<any>' is not a valid JSX element type.
[22:46:57.519]     Type 'FunctionComponent<any>' is not assignable to type 'ElementType'.
[22:46:57.519]       Type 'FunctionComponent<any>' is not assignable to type '(props: any, deprecatedLegacyContext?: any) => ReactNode'.
[22:46:57.519]         Type 'ReactElement<any, string | JSXElementConstructor<any>> | null' is not assignable to type 'ReactNode'.
[22:46:57.519]           Type 'ReactElement<any, string | JSXElementConstructor<any>>' is not assignable to type 'ReactNode'.
[22:46:57.520] src/components/crisis/RiskAssessment.tsx(762,24): error TS2786: 'CheckCircle' cannot be used as a JSX component.
[22:46:57.520]   Its type 'ComponentType<any>' is not a valid JSX element type.
[22:46:57.520]     Type 'FunctionComponent<any>' is not assignable to type 'ElementType'.
[22:46:57.520]       Type 'FunctionComponent<any>' is not assignable to type '(props: any, deprecatedLegacyContext?: any) => ReactNode'.
[22:46:57.520]         Type 'ReactElement<any, string | JSXElementConstructor<any>> | null' is not assignable to type 'ReactNode'.
[22:46:57.520]           Type 'ReactElement<any, string | JSXElementConstructor<any>>' is not assignable to type 'ReactNode'.
[22:46:57.520] src/components/crisis/SafetyPlanBuilder.tsx(317,14): error TS2786: 'Shield' cannot be used as a JSX component.
[22:46:57.520]   Its type 'ComponentType<any>' is not a valid JSX element type.
[22:46:57.520]     Type 'FunctionComponent<any>' is not assignable to type 'ElementType'.
[22:46:57.520]       Type 'FunctionComponent<any>' is not assignable to type '(props: any, deprecatedLegacyContext?: any) => ReactNode'.
[22:46:57.520]         Type 'ReactElement<any, string | JSXElementConstructor<any>> | null' is not assignable to type 'ReactNode'.
[22:46:57.520]           Type 'ReactElement<any, string | JSXElementConstructor<any>>' is not assignable to type 'ReactNode'.
[22:46:57.520] src/components/crisis/SafetyPlanBuilder.tsx(335,20): error TS2786: 'Edit' cannot be used as a JSX component.
[22:46:57.520]   Its type 'ComponentType<any>' is not a valid JSX element type.
[22:46:57.520]     Type 'FunctionComponent<any>' is not assignable to type 'ElementType'.
[22:46:57.520]       Type 'FunctionComponent<any>' is not assignable to type '(props: any, deprecatedLegacyContext?: any) => ReactNode'.
[22:46:57.520]         Type 'ReactElement<any, string | JSXElementConstructor<any>> | null' is not assignable to type 'ReactNode'.
[22:46:57.520]           Type 'ReactElement<any, string | JSXElementConstructor<any>>' is not assignable to type 'ReactNode'.
[22:46:57.520] src/components/crisis/SafetyPlanBuilder.tsx(342,20): error TS2786: 'Download' cannot be used as a JSX component.
[22:46:57.520]   Its type 'ComponentType<any>' is not a valid JSX element type.
[22:46:57.520]     Type 'FunctionComponent<any>' is not assignable to type 'ElementType'.
[22:46:57.520]       Type 'FunctionComponent<any>' is not assignable to type '(props: any, deprecatedLegacyContext?: any) => ReactNode'.
[22:46:57.520]         Type 'ReactElement<any, string | JSXElementConstructor<any>> | null' is not assignable to type 'ReactNode'.
[22:46:57.520]           Type 'ReactElement<any, string | JSXElementConstructor<any>>' is not assignable to type 'ReactNode'.
[22:46:57.520] src/components/crisis/SafetyPlanBuilder.tsx(352,18): error TS2786: 'Save' cannot be used as a JSX component.
[22:46:57.520]   Its type 'ComponentType<any>' is not a valid JSX element type.
[22:46:57.520]     Type 'FunctionComponent<any>' is not assignable to type 'ElementType'.
[22:46:57.520]       Type 'FunctionComponent<any>' is not assignable to type '(props: any, deprecatedLegacyContext?: any) => ReactNode'.
[22:46:57.520]         Type 'ReactElement<any, string | JSXElementConstructor<any>> | null' is not assignable to type 'ReactNode'.
[22:46:57.520]           Type 'ReactElement<any, string | JSXElementConstructor<any>>' is not assignable to type 'ReactNode'.
[22:46:57.520] src/components/crisis/SafetyPlanBuilder.tsx(390,18): error TS2786: 'step.icon' cannot be used as a JSX component.
[22:46:57.520]   Its type 'ComponentType<any>' is not a valid JSX element type.
[22:46:57.520]     Type 'FunctionComponent<any>' is not assignable to type 'ElementType'.
[22:46:57.520]       Type 'FunctionComponent<any>' is not assignable to type '(props: any, deprecatedLegacyContext?: any) => ReactNode'.
[22:46:57.520]         Type 'ReactElement<any, string | JSXElementConstructor<any>> | null' is not assignable to type 'ReactNode'.
[22:46:57.520]           Type 'ReactElement<any, string | JSXElementConstructor<any>>' is not assignable to type 'ReactNode'.
[22:46:57.520] src/components/crisis/SafetyPlanBuilder.tsx(400,10): error TS2786: 'AnimatePresence' cannot be used as a JSX component.
[22:46:57.520]   Its type 'ComponentType<any>' is not a valid JSX element type.
[22:46:57.520]     Type 'FunctionComponent<any>' is not assignable to type 'ElementType'.
[22:46:57.520]       Type 'FunctionComponent<any>' is not assignable to type '(props: any, deprecatedLegacyContext?: any) => ReactNode'.
[22:46:57.520]         Type 'ReactElement<any, string | JSXElementConstructor<any>> | null' is not assignable to type 'ReactNode'.
[22:46:57.520]           Type 'ReactElement<any, string | JSXElementConstructor<any>>' is not assignable to type 'ReactNode'.
[22:46:57.520] src/components/crisis/SafetyPlanBuilder.tsx(429,26): error TS2786: 'X' cannot be used as a JSX component.
[22:46:57.520]   Its type 'ComponentType<any>' is not a valid JSX element type.
[22:46:57.520]     Type 'FunctionComponent<any>' is not assignable to type 'ElementType'.
[22:46:57.521]       Type 'FunctionComponent<any>' is not assignable to type '(props: any, deprecatedLegacyContext?: any) => ReactNode'.
[22:46:57.521]         Type 'ReactElement<any, string | JSXElementConstructor<any>> | null' is not assignable to type 'ReactNode'.
[22:46:57.521]           Type 'ReactElement<any, string | JSXElementConstructor<any>>' is not assignable to type 'ReactNode'.
[22:46:57.521] src/components/crisis/SafetyPlanBuilder.tsx(448,22): error TS2786: 'Plus' cannot be used as a JSX component.
[22:46:57.521]   Its type 'ComponentType<any>' is not a valid JSX element type.
[22:46:57.521]     Type 'FunctionComponent<any>' is not assignable to type 'ElementType'.
[22:46:57.521]       Type 'FunctionComponent<any>' is not assignable to type '(props: any, deprecatedLegacyContext?: any) => ReactNode'.
[22:46:57.521]         Type 'ReactElement<any, string | JSXElementConstructor<any>> | null' is not assignable to type 'ReactNode'.
[22:46:57.521]           Type 'ReactElement<any, string | JSXElementConstructor<any>>' is not assignable to type 'ReactNode'.
[22:46:57.521] src/components/crisis/SafetyPlanBuilder.tsx(469,26): error TS2786: 'category.icon' cannot be used as a JSX component.
[22:46:57.521]   Its type 'ComponentType<any>' is not a valid JSX element type.
[22:46:57.521]     Type 'FunctionComponent<any>' is not assignable to type 'ElementType'.
[22:46:57.521]       Type 'FunctionComponent<any>' is not assignable to type '(props: any, deprecatedLegacyContext?: any) => ReactNode'.
[22:46:57.521]         Type 'ReactElement<any, string | JSXElementConstructor<any>> | null' is not assignable to type 'ReactNode'.
[22:46:57.521]           Type 'ReactElement<any, string | JSXElementConstructor<any>>' is not assignable to type 'ReactNode'.
[22:46:57.521] src/components/crisis/SafetyPlanBuilder.tsx(495,34): error TS2786: 'X' cannot be used as a JSX component.
[22:46:57.521]   Its type 'ComponentType<any>' is not a valid JSX element type.
[22:46:57.521]     Type 'FunctionComponent<any>' is not assignable to type 'ElementType'.
[22:46:57.521]       Type 'FunctionComponent<any>' is not assignable to type '(props: any, deprecatedLegacyContext?: any) => ReactNode'.
[22:46:57.521]         Type 'ReactElement<any, string | JSXElementConstructor<any>> | null' is not assignable to type 'ReactNode'.
[22:46:57.521]           Type 'ReactElement<any, string | JSXElementConstructor<any>>' is not assignable to type 'ReactNode'.
[22:46:57.521] src/components/crisis/SafetyPlanBuilder.tsx(562,26): error TS2786: 'Heart' cannot be used as a JSX component.
[22:46:57.521]   Its type 'ComponentType<any>' is not a valid JSX element type.
[22:46:57.521]     Type 'FunctionComponent<any>' is not assignable to type 'ElementType'.
[22:46:57.521]       Type 'FunctionComponent<any>' is not assignable to type '(props: any, deprecatedLegacyContext?: any) => ReactNode'.
[22:46:57.521]         Type 'ReactElement<any, string | JSXElementConstructor<any>> | null' is not assignable to type 'ReactNode'.
[22:46:57.521]           Type 'ReactElement<any, string | JSXElementConstructor<any>>' is not assignable to type 'ReactNode'.
[22:46:57.521] src/components/crisis/SafetyPlanBuilder.tsx(574,26): error TS2786: 'X' cannot be used as a JSX component.
[22:46:57.521]   Its type 'ComponentType<any>' is not a valid JSX element type.
[22:46:57.521]     Type 'FunctionComponent<any>' is not assignable to type 'ElementType'.
[22:46:57.521]       Type 'FunctionComponent<any>' is not assignable to type '(props: any, deprecatedLegacyContext?: any) => ReactNode'.
[22:46:57.521]         Type 'ReactElement<any, string | JSXElementConstructor<any>> | null' is not assignable to type 'ReactNode'.
[22:46:57.521]           Type 'ReactElement<any, string | JSXElementConstructor<any>>' is not assignable to type 'ReactNode'.
[22:46:57.521] src/components/crisis/SafetyPlanBuilder.tsx(593,22): error TS2786: 'Plus' cannot be used as a JSX component.
[22:46:57.521]   Its type 'ComponentType<any>' is not a valid JSX element type.
[22:46:57.521]     Type 'FunctionComponent<any>' is not assignable to type 'ElementType'.
[22:46:57.521]       Type 'FunctionComponent<any>' is not assignable to type '(props: any, deprecatedLegacyContext?: any) => ReactNode'.
[22:46:57.521]         Type 'ReactElement<any, string | JSXElementConstructor<any>> | null' is not assignable to type 'ReactNode'.
[22:46:57.521]           Type 'ReactElement<any, string | JSXElementConstructor<any>>' is not assignable to type 'ReactNode'.
[22:46:57.521] src/components/crisis/SafetyPlanBuilder.tsx(621,28): error TS2786: 'Phone' cannot be used as a JSX component.
[22:46:57.521]   Its type 'ComponentType<any>' is not a valid JSX element type.
[22:46:57.521]     Type 'FunctionComponent<any>' is not assignable to type 'ElementType'.
[22:46:57.521]       Type 'FunctionComponent<any>' is not assignable to type '(props: any, deprecatedLegacyContext?: any) => ReactNode'.
[22:46:57.521]         Type 'ReactElement<any, string | JSXElementConstructor<any>> | null' is not assignable to type 'ReactNode'.
[22:46:57.521]           Type 'ReactElement<any, string | JSXElementConstructor<any>>' is not assignable to type 'ReactNode'.
[22:46:57.521] src/components/crisis/SafetyPlanBuilder.tsx(640,26): error TS2786: 'X' cannot be used as a JSX component.
[22:46:57.521]   Its type 'ComponentType<any>' is not a valid JSX element type.
[22:46:57.521]     Type 'FunctionComponent<any>' is not assignable to type 'ElementType'.
[22:46:57.521]       Type 'FunctionComponent<any>' is not assignable to type '(props: any, deprecatedLegacyContext?: any) => ReactNode'.
[22:46:57.521]         Type 'ReactElement<any, string | JSXElementConstructor<any>> | null' is not assignable to type 'ReactNode'.
[22:46:57.521]           Type 'ReactElement<any, string | JSXElementConstructor<any>>' is not assignable to type 'ReactNode'.
[22:46:57.521] src/components/crisis/SafetyPlanBuilder.tsx(718,26): error TS2786: 'MapPin' cannot be used as a JSX component.
[22:46:57.521]   Its type 'ComponentType<any>' is not a valid JSX element type.
[22:46:57.521]     Type 'FunctionComponent<any>' is not assignable to type 'ElementType'.
[22:46:57.521]       Type 'FunctionComponent<any>' is not assignable to type '(props: any, deprecatedLegacyContext?: any) => ReactNode'.
[22:46:57.521]         Type 'ReactElement<any, string | JSXElementConstructor<any>> | null' is not assignable to type 'ReactNode'.
[22:46:57.522]           Type 'ReactElement<any, string | JSXElementConstructor<any>>' is not assignable to type 'ReactNode'.
[22:46:57.522] src/components/crisis/SafetyPlanBuilder.tsx(730,26): error TS2786: 'X' cannot be used as a JSX component.
[22:46:57.523]   Its type 'ComponentType<any>' is not a valid JSX element type.
[22:46:57.523]     Type 'FunctionComponent<any>' is not assignable to type 'ElementType'.
[22:46:57.523]       Type 'FunctionComponent<any>' is not assignable to type '(props: any, deprecatedLegacyContext?: any) => ReactNode'.
[22:46:57.523]         Type 'ReactElement<any, string | JSXElementConstructor<any>> | null' is not assignable to type 'ReactNode'.
[22:46:57.523]           Type 'ReactElement<any, string | JSXElementConstructor<any>>' is not assignable to type 'ReactNode'.
[22:46:57.523] src/components/crisis/SafetyPlanBuilder.tsx(749,22): error TS2786: 'Plus' cannot be used as a JSX component.
[22:46:57.523]   Its type 'ComponentType<any>' is not a valid JSX element type.
[22:46:57.523]     Type 'FunctionComponent<any>' is not assignable to type 'ElementType'.
[22:46:57.524]       Type 'FunctionComponent<any>' is not assignable to type '(props: any, deprecatedLegacyContext?: any) => ReactNode'.
[22:46:57.524]         Type 'ReactElement<any, string | JSXElementConstructor<any>> | null' is not assignable to type 'ReactNode'.
[22:46:57.524]           Type 'ReactElement<any, string | JSXElementConstructor<any>>' is not assignable to type 'ReactNode'.
[22:46:57.524] src/components/crisis/SafetyPlanBuilder.tsx(790,20): error TS2786: 'Clock' cannot be used as a JSX component.
[22:46:57.524]   Its type 'ComponentType<any>' is not a valid JSX element type.
[22:46:57.524]     Type 'FunctionComponent<any>' is not assignable to type 'ElementType'.
[22:46:57.524]       Type 'FunctionComponent<any>' is not assignable to type '(props: any, deprecatedLegacyContext?: any) => ReactNode'.
[22:46:57.524]         Type 'ReactElement<any, string | JSXElementConstructor<any>> | null' is not assignable to type 'ReactNode'.
[22:46:57.524]           Type 'ReactElement<any, string | JSXElementConstructor<any>>' is not assignable to type 'ReactNode'.
[22:46:57.524] src/components/crisis/SafetyPlanBuilder.tsx(801,22): error TS2786: 'AlertTriangle' cannot be used as a JSX component.
[22:46:57.524]   Its type 'ComponentType<any>' is not a valid JSX element type.
[22:46:57.524]     Type 'FunctionComponent<any>' is not assignable to type 'ElementType'.
[22:46:57.524]       Type 'FunctionComponent<any>' is not assignable to type '(props: any, deprecatedLegacyContext?: any) => ReactNode'.
[22:46:57.524]         Type 'ReactElement<any, string | JSXElementConstructor<any>> | null' is not assignable to type 'ReactNode'.
[22:46:57.524]           Type 'ReactElement<any, string | JSXElementConstructor<any>>' is not assignable to type 'ReactNode'.
[22:46:57.524] src/components/crisis/SafetyPlanBuilder.tsx(818,22): error TS2786: 'Sparkles' cannot be used as a JSX component.
[22:46:57.524]   Its type 'ComponentType<any>' is not a valid JSX element type.
[22:46:57.524]     Type 'FunctionComponent<any>' is not assignable to type 'ElementType'.
[22:46:57.524]       Type 'FunctionComponent<any>' is not assignable to type '(props: any, deprecatedLegacyContext?: any) => ReactNode'.
[22:46:57.524]         Type 'ReactElement<any, string | JSXElementConstructor<any>> | null' is not assignable to type 'ReactNode'.
[22:46:57.524]           Type 'ReactElement<any, string | JSXElementConstructor<any>>' is not assignable to type 'ReactNode'.
[22:46:57.524] src/components/crisis/SafetyPlanBuilder.tsx(827,30): error TS2786: 'category.icon' cannot be used as a JSX component.
[22:46:57.524]   Its type 'ComponentType<any>' is not a valid JSX element type.
[22:46:57.524]     Type 'FunctionComponent<any>' is not assignable to type 'ElementType'.
[22:46:57.524]       Type 'FunctionComponent<any>' is not assignable to type '(props: any, deprecatedLegacyContext?: any) => ReactNode'.
[22:46:57.524]         Type 'ReactElement<any, string | JSXElementConstructor<any>> | null' is not assignable to type 'ReactNode'.
[22:46:57.524]           Type 'ReactElement<any, string | JSXElementConstructor<any>>' is not assignable to type 'ReactNode'.
[22:46:57.524] src/components/crisis/SafetyPlanBuilder.tsx(848,22): error TS2786: 'Heart' cannot be used as a JSX component.
[22:46:57.524]   Its type 'ComponentType<any>' is not a valid JSX element type.
[22:46:57.524]     Type 'FunctionComponent<any>' is not assignable to type 'ElementType'.
[22:46:57.524]       Type 'FunctionComponent<any>' is not assignable to type '(props: any, deprecatedLegacyContext?: any) => ReactNode'.
[22:46:57.524]         Type 'ReactElement<any, string | JSXElementConstructor<any>> | null' is not assignable to type 'ReactNode'.
[22:46:57.524]           Type 'ReactElement<any, string | JSXElementConstructor<any>>' is not assignable to type 'ReactNode'.
[22:46:57.524] src/components/crisis/SafetyPlanBuilder.tsx(855,28): error TS2786: 'Star' cannot be used as a JSX component.
[22:46:57.524]   Its type 'ComponentType<any>' is not a valid JSX element type.
[22:46:57.524]     Type 'FunctionComponent<any>' is not assignable to type 'ElementType'.
[22:46:57.524]       Type 'FunctionComponent<any>' is not assignable to type '(props: any, deprecatedLegacyContext?: any) => ReactNode'.
[22:46:57.524]         Type 'ReactElement<any, string | JSXElementConstructor<any>> | null' is not assignable to type 'ReactNode'.
[22:46:57.524]           Type 'ReactElement<any, string | JSXElementConstructor<any>>' is not assignable to type 'ReactNode'.
[22:46:57.524] src/components/crisis/SafetyPlanBuilder.tsx(868,22): error TS2786: 'Phone' cannot be used as a JSX component.
[22:46:57.524]   Its type 'ComponentType<any>' is not a valid JSX element type.
[22:46:57.524]     Type 'FunctionComponent<any>' is not assignable to type 'ElementType'.
[22:46:57.524]       Type 'FunctionComponent<any>' is not assignable to type '(props: any, deprecatedLegacyContext?: any) => ReactNode'.
[22:46:57.524]         Type 'ReactElement<any, string | JSXElementConstructor<any>> | null' is not assignable to type 'ReactNode'.
[22:46:57.524]           Type 'ReactElement<any, string | JSXElementConstructor<any>>' is not assignable to type 'ReactNode'.
[22:46:57.524] src/components/crisis/SafetyPlanBuilder.tsx(904,22): error TS2786: 'MapPin' cannot be used as a JSX component.
[22:46:57.524]   Its type 'ComponentType<any>' is not a valid JSX element type.
[22:46:57.525]     Type 'FunctionComponent<any>' is not assignable to type 'ElementType'.
[22:46:57.525]       Type 'FunctionComponent<any>' is not assignable to type '(props: any, deprecatedLegacyContext?: any) => ReactNode'.
[22:46:57.525]         Type 'ReactElement<any, string | JSXElementConstructor<any>> | null' is not assignable to type 'ReactNode'.
[22:46:57.525]           Type 'ReactElement<any, string | JSXElementConstructor<any>>' is not assignable to type 'ReactNode'.
[22:46:57.525] src/components/crisis/SafetyPlanBuilder.tsx(910,26): error TS2786: 'CheckCircle' cannot be used as a JSX component.
[22:46:57.525]   Its type 'ComponentType<any>' is not a valid JSX element type.
[22:46:57.525]     Type 'FunctionComponent<any>' is not assignable to type 'ElementType'.
[22:46:57.525]       Type 'FunctionComponent<any>' is not assignable to type '(props: any, deprecatedLegacyContext?: any) => ReactNode'.
[22:46:57.525]         Type 'ReactElement<any, string | JSXElementConstructor<any>> | null' is not assignable to type 'ReactNode'.
[22:46:57.525]           Type 'ReactElement<any, string | JSXElementConstructor<any>>' is not assignable to type 'ReactNode'.
[22:46:57.525] src/components/ui/DemoModeToggle.tsx(127,26): error TS2786: 'Square' cannot be used as a JSX component.
[22:46:57.525]   Its type 'ComponentType<any>' is not a valid JSX element type.
[22:46:57.525]     Type 'FunctionComponent<any>' is not assignable to type 'ElementType'.
[22:46:57.525]       Type 'FunctionComponent<any>' is not assignable to type '(props: any, deprecatedLegacyContext?: any) => ReactNode'.
[22:46:57.525]         Type 'ReactElement<any, string | JSXElementConstructor<any>> | null' is not assignable to type 'ReactNode'.
[22:46:57.525]           Type 'ReactElement<any, string | JSXElementConstructor<any>>' is not assignable to type 'ReactNode'.
[22:46:57.525] src/components/ui/DemoModeToggle.tsx(127,59): error TS2786: 'Play' cannot be used as a JSX component.
[22:46:57.525]   Its type 'ComponentType<any>' is not a valid JSX element type.
[22:46:57.525]     Type 'FunctionComponent<any>' is not assignable to type 'ElementType'.
[22:46:57.525]       Type 'FunctionComponent<any>' is not assignable to type '(props: any, deprecatedLegacyContext?: any) => ReactNode'.
[22:46:57.525]         Type 'ReactElement<any, string | JSXElementConstructor<any>> | null' is not assignable to type 'ReactNode'.
[22:46:57.525]           Type 'ReactElement<any, string | JSXElementConstructor<any>>' is not assignable to type 'ReactNode'.
[22:46:57.525] src/components/ui/DemoModeToggle.tsx(144,18): error TS2786: 'Square' cannot be used as a JSX component.
[22:46:57.525]   Its type 'ComponentType<any>' is not a valid JSX element type.
[22:46:57.525]     Type 'FunctionComponent<any>' is not assignable to type 'ElementType'.
[22:46:57.525]       Type 'FunctionComponent<any>' is not assignable to type '(props: any, deprecatedLegacyContext?: any) => ReactNode'.
[22:46:57.525]         Type 'ReactElement<any, string | JSXElementConstructor<any>> | null' is not assignable to type 'ReactNode'.
[22:46:57.525]           Type 'ReactElement<any, string | JSXElementConstructor<any>>' is not assignable to type 'ReactNode'.
[22:46:57.525] src/components/ui/DemoModeToggle.tsx(154,18): error TS2786: 'Play' cannot be used as a JSX component.
[22:46:57.525]   Its type 'ComponentType<any>' is not a valid JSX element type.
[22:46:57.525]     Type 'FunctionComponent<any>' is not assignable to type 'ElementType'.
[22:46:57.525]       Type 'FunctionComponent<any>' is not assignable to type '(props: any, deprecatedLegacyContext?: any) => ReactNode'.
[22:46:57.525]         Type 'ReactElement<any, string | JSXElementConstructor<any>> | null' is not assignable to type 'ReactNode'.
[22:46:57.525]           Type 'ReactElement<any, string | JSXElementConstructor<any>>' is not assignable to type 'ReactNode'.
[22:46:57.525] src/components/ui/DemoModeToggle.tsx(163,14): error TS2786: 'ChevronDown' cannot be used as a JSX component.
[22:46:57.525]   Its type 'ComponentType<any>' is not a valid JSX element type.
[22:46:57.525]     Type 'FunctionComponent<any>' is not assignable to type 'ElementType'.
[22:46:57.525]       Type 'FunctionComponent<any>' is not assignable to type '(props: any, deprecatedLegacyContext?: any) => ReactNode'.
[22:46:57.525]         Type 'ReactElement<any, string | JSXElementConstructor<any>> | null' is not assignable to type 'ReactNode'.
[22:46:57.525]           Type 'ReactElement<any, string | JSXElementConstructor<any>>' is not assignable to type 'ReactNode'.
[22:46:57.525] src/components/ui/DemoModeToggle.tsx(176,31): error TS2786: 'Icon' cannot be used as a JSX component.
[22:46:57.525]   Its type 'ComponentType<any>' is not a valid JSX element type.
[22:46:57.525]     Type 'FunctionComponent<any>' is not assignable to type 'ElementType'.
[22:46:57.525]       Type 'FunctionComponent<any>' is not assignable to type '(props: any, deprecatedLegacyContext?: any) => ReactNode'.
[22:46:57.526]         Type 'ReactElement<any, string | JSXElementConstructor<any>> | null' is not assignable to type 'ReactNode'.
[22:46:57.526]           Type 'ReactElement<any, string | JSXElementConstructor<any>>' is not assignable to type 'ReactNode'.
[22:46:57.526] src/components/ui/DemoModeToggle.tsx(200,30): error TS2786: 'CheckCircle' cannot be used as a JSX component.
[22:46:57.526]   Its type 'ComponentType<any>' is not a valid JSX element type.
[22:46:57.526]     Type 'FunctionComponent<any>' is not assignable to type 'ElementType'.
[22:46:57.526]       Type 'FunctionComponent<any>' is not assignable to type '(props: any, deprecatedLegacyContext?: any) => ReactNode'.
[22:46:57.526]         Type 'ReactElement<any, string | JSXElementConstructor<any>> | null' is not assignable to type 'ReactNode'.
[22:46:57.526]           Type 'ReactElement<any, string | JSXElementConstructor<any>>' is not assignable to type 'ReactNode'.
[22:46:57.526] src/components/ui/DemoModeToggle.tsx(202,30): error TS2786: 'Copy' cannot be used as a JSX component.
[22:46:57.526]   Its type 'ComponentType<any>' is not a valid JSX element type.
[22:46:57.526]     Type 'FunctionComponent<any>' is not assignable to type 'ElementType'.
[22:46:57.526]       Type 'FunctionComponent<any>' is not assignable to type '(props: any, deprecatedLegacyContext?: any) => ReactNode'.
[22:46:57.526]         Type 'ReactElement<any, string | JSXElementConstructor<any>> | null' is not assignable to type 'ReactNode'.
[22:46:57.526]           Type 'ReactElement<any, string | JSXElementConstructor<any>>' is not assignable to type 'ReactNode'.
[22:46:57.526] src/components/ui/DemoModeToggle.tsx(225,39): error TS2786: 'Icon' cannot be used as a JSX component.
[22:46:57.526]   Its type 'ComponentType<any>' is not a valid JSX element type.
[22:46:57.526]     Type 'FunctionComponent<any>' is not assignable to type 'ElementType'.
[22:46:57.526]       Type 'FunctionComponent<any>' is not assignable to type '(props: any, deprecatedLegacyContext?: any) => ReactNode'.
[22:46:57.526]         Type 'ReactElement<any, string | JSXElementConstructor<any>> | null' is not assignable to type 'ReactNode'.
[22:46:57.526]           Type 'ReactElement<any, string | JSXElementConstructor<any>>' is not assignable to type 'ReactNode'.
[22:46:57.526] src/components/ui/DemoModeToggle.tsx(243,39): error TS2786: 'EyeOff' cannot be used as a JSX component.
[22:46:57.526]   Its type 'ComponentType<any>' is not a valid JSX element type.
[22:46:57.526]     Type 'FunctionComponent<any>' is not assignable to type 'ElementType'.
[22:46:57.526]       Type 'FunctionComponent<any>' is not assignable to type '(props: any, deprecatedLegacyContext?: any) => ReactNode'.
[22:46:57.526]         Type 'ReactElement<any, string | JSXElementConstructor<any>> | null' is not assignable to type 'ReactNode'.
[22:46:57.526]           Type 'ReactElement<any, string | JSXElementConstructor<any>>' is not assignable to type 'ReactNode'.
[22:46:57.526] src/components/ui/DemoModeToggle.tsx(243,77): error TS2786: 'Eye' cannot be used as a JSX component.
[22:46:57.526]   Its type 'ComponentType<any>' is not a valid JSX element type.
[22:46:57.526]     Type 'FunctionComponent<any>' is not assignable to type 'ElementType'.
[22:46:57.526]       Type 'FunctionComponent<any>' is not assignable to type '(props: any, deprecatedLegacyContext?: any) => ReactNode'.
[22:46:57.526]         Type 'ReactElement<any, string | JSXElementConstructor<any>> | null' is not assignable to type 'ReactNode'.
[22:46:57.526]           Type 'ReactElement<any, string | JSXElementConstructor<any>>' is not assignable to type 'ReactNode'.
[22:46:57.526] src/components/ui/DemoModeToggle.tsx(250,22): error TS2786: 'Square' cannot be used as a JSX component.
[22:46:57.526]   Its type 'ComponentType<any>' is not a valid JSX element type.
[22:46:57.526]     Type 'FunctionComponent<any>' is not assignable to type 'ElementType'.
[22:46:57.526]       Type 'FunctionComponent<any>' is not assignable to type '(props: any, deprecatedLegacyContext?: any) => ReactNode'.
[22:46:57.526]         Type 'ReactElement<any, string | JSXElementConstructor<any>> | null' is not assignable to type 'ReactNode'.
[22:46:57.526]           Type 'ReactElement<any, string | JSXElementConstructor<any>>' is not assignable to type 'ReactNode'.
[22:46:57.526] src/components/ui/DemoModeToggle.tsx(260,22): error TS2786: 'Info' cannot be used as a JSX component.
[22:46:57.526]   Its type 'ComponentType<any>' is not a valid JSX element type.
[22:46:57.526]     Type 'FunctionComponent<any>' is not assignable to type 'ElementType'.
[22:46:57.526]       Type 'FunctionComponent<any>' is not assignable to type '(props: any, deprecatedLegacyContext?: any) => ReactNode'.
[22:46:57.526]         Type 'ReactElement<any, string | JSXElementConstructor<any>> | null' is not assignable to type 'ReactNode'.
[22:46:57.526]           Type 'ReactElement<any, string | JSXElementConstructor<any>>' is not assignable to type 'ReactNode'.
[22:46:57.526] src/components/ui/DemoModeToggle.tsx(286,37): error TS2786: 'Icon' cannot be used as a JSX component.
[22:46:57.526]   Its type 'ComponentType<any>' is not a valid JSX element type.
[22:46:57.526]     Type 'FunctionComponent<any>' is not assignable to type 'ElementType'.
[22:46:57.526]       Type 'FunctionComponent<any>' is not assignable to type '(props: any, deprecatedLegacyContext?: any) => ReactNode'.
[22:46:57.527]         Type 'ReactElement<any, string | JSXElementConstructor<any>> | null' is not assignable to type 'ReactNode'.
[22:46:57.527]           Type 'ReactElement<any, string | JSXElementConstructor<any>>' is not assignable to type 'ReactNode'.
[22:46:57.527] src/components/ui/DemoModeToggle.tsx(297,28): error TS2786: 'Play' cannot be used as a JSX component.
[22:46:57.527]   Its type 'ComponentType<any>' is not a valid JSX element type.
[22:46:57.527]     Type 'FunctionComponent<any>' is not assignable to type 'ElementType'.
[22:46:57.527]       Type 'FunctionComponent<any>' is not assignable to type '(props: any, deprecatedLegacyContext?: any) => ReactNode'.
[22:46:57.527]         Type 'ReactElement<any, string | JSXElementConstructor<any>> | null' is not assignable to type 'ReactNode'.
[22:46:57.527]           Type 'ReactElement<any, string | JSXElementConstructor<any>>' is not assignable to type 'ReactNode'.
[22:46:57.527] src/components/ui/DemoModeToggle.tsx(309,37): error TS2786: 'EyeOff' cannot be used as a JSX component.
[22:46:57.527]   Its type 'ComponentType<any>' is not a valid JSX element type.
[22:46:57.527]     Type 'FunctionComponent<any>' is not assignable to type 'ElementType'.
[22:46:57.527]       Type 'FunctionComponent<any>' is not assignable to type '(props: any, deprecatedLegacyContext?: any) => ReactNode'.
[22:46:57.527]         Type 'ReactElement<any, string | JSXElementConstructor<any>> | null' is not assignable to type 'ReactNode'.
[22:46:57.527]           Type 'ReactElement<any, string | JSXElementConstructor<any>>' is not assignable to type 'ReactNode'.
[22:46:57.527] src/components/ui/DemoModeToggle.tsx(309,75): error TS2786: 'Eye' cannot be used as a JSX component.
[22:46:57.527]   Its type 'ComponentType<any>' is not a valid JSX element type.
[22:46:57.527]     Type 'FunctionComponent<any>' is not assignable to type 'ElementType'.
[22:46:57.527]       Type 'FunctionComponent<any>' is not assignable to type '(props: any, deprecatedLegacyContext?: any) => ReactNode'.
[22:46:57.527]         Type 'ReactElement<any, string | JSXElementConstructor<any>> | null' is not assignable to type 'ReactNode'.
[22:46:57.527]           Type 'ReactElement<any, string | JSXElementConstructor<any>>' is not assignable to type 'ReactNode'.
[22:46:57.527] src/components/ui/DemoModeToggle.tsx(330,34): error TS2786: 'CheckCircle' cannot be used as a JSX component.
[22:46:57.527]   Its type 'ComponentType<any>' is not a valid JSX element type.
[22:46:57.527]     Type 'FunctionComponent<any>' is not assignable to type 'ElementType'.
[22:46:57.527]       Type 'FunctionComponent<any>' is not assignable to type '(props: any, deprecatedLegacyContext?: any) => ReactNode'.
[22:46:57.527]         Type 'ReactElement<any, string | JSXElementConstructor<any>> | null' is not assignable to type 'ReactNode'.
[22:46:57.527]           Type 'ReactElement<any, string | JSXElementConstructor<any>>' is not assignable to type 'ReactNode'.
[22:46:57.527] src/components/ui/DemoModeToggle.tsx(332,34): error TS2786: 'Copy' cannot be used as a JSX component.
[22:46:57.527]   Its type 'ComponentType<any>' is not a valid JSX element type.
[22:46:57.527]     Type 'FunctionComponent<any>' is not assignable to type 'ElementType'.
[22:46:57.527]       Type 'FunctionComponent<any>' is not assignable to type '(props: any, deprecatedLegacyContext?: any) => ReactNode'.
[22:46:57.527]         Type 'ReactElement<any, string | JSXElementConstructor<any>> | null' is not assignable to type 'ReactNode'.
[22:46:57.527]           Type 'ReactElement<any, string | JSXElementConstructor<any>>' is not assignable to type 'ReactNode'.
[22:46:57.527] src/components/ui/ErrorBoundary.tsx(96,16): error TS2786: 'AlertTriangle' cannot be used as a JSX component.
[22:46:57.527]   Its type 'ComponentType<any>' is not a valid JSX element type.
[22:46:57.527]     Type 'FunctionComponent<any>' is not assignable to type 'ElementType'.
[22:46:57.527]       Type 'FunctionComponent<any>' is not assignable to type '(props: any, deprecatedLegacyContext?: any) => ReactNode'.
[22:46:57.527]         Type 'ReactElement<any, string | JSXElementConstructor<any>> | null' is not assignable to type 'ReactNode'.
[22:46:57.527]           Type 'ReactElement<any, string | JSXElementConstructor<any>>' is not assignable to type 'ReactNode'.
[22:46:57.527] src/components/ui/ErrorBoundary.tsx(126,18): error TS2786: 'RefreshCw' cannot be used as a JSX component.
[22:46:57.527]   Its type 'ComponentType<any>' is not a valid JSX element type.
[22:46:57.527]     Type 'FunctionComponent<any>' is not assignable to type 'ElementType'.
[22:46:57.527]       Type 'FunctionComponent<any>' is not assignable to type '(props: any, deprecatedLegacyContext?: any) => ReactNode'.
[22:46:57.527]         Type 'ReactElement<any, string | JSXElementConstructor<any>> | null' is not assignable to type 'ReactNode'.
[22:46:57.527]           Type 'ReactElement<any, string | JSXElementConstructor<any>>' is not assignable to type 'ReactNode'.
[22:46:57.528] src/components/ui/ErrorBoundary.tsx(134,18): error TS2786: 'RefreshCw' cannot be used as a JSX component.
[22:46:57.528]   Its type 'ComponentType<any>' is not a valid JSX element type.
[22:46:57.528]     Type 'FunctionComponent<any>' is not assignable to type 'ElementType'.
[22:46:57.528]       Type 'FunctionComponent<any>' is not assignable to type '(props: any, deprecatedLegacyContext?: any) => ReactNode'.
[22:46:57.528]         Type 'ReactElement<any, string | JSXElementConstructor<any>> | null' is not assignable to type 'ReactNode'.
[22:46:57.528]           Type 'ReactElement<any, string | JSXElementConstructor<any>>' is not assignable to type 'ReactNode'.
[22:46:57.528] src/components/ui/ErrorBoundary.tsx(142,18): error TS2786: 'Home' cannot be used as a JSX component.
[22:46:57.528]   Its type 'ComponentType<any>' is not a valid JSX element type.
[22:46:57.528]     Type 'FunctionComponent<any>' is not assignable to type 'ElementType'.
[22:46:57.528]       Type 'FunctionComponent<any>' is not assignable to type '(props: any, deprecatedLegacyContext?: any) => ReactNode'.
[22:46:57.528]         Type 'ReactElement<any, string | JSXElementConstructor<any>> | null' is not assignable to type 'ReactNode'.
[22:46:57.528]           Type 'ReactElement<any, string | JSXElementConstructor<any>>' is not assignable to type 'ReactNode'.
[22:46:57.528] src/components/ui/ErrorBoundary.tsx(174,6): error TS2786: 'ErrorBoundaryComponent' cannot be used as a JSX component.
[22:46:57.528]   Its type 'typeof ErrorBoundaryComponent' is not a valid JSX element type.
[22:46:57.528]     Types of construct signatures are incompatible.
[22:46:57.528]       Type 'new (props: Props) => ErrorBoundaryComponent' is not assignable to type 'new (props: any, deprecatedLegacyContext?: any) => Component<any, any, any>'.
[22:46:57.528]         Construct signature return types 'ErrorBoundaryComponent' and 'Component<any, any, any>' are incompatible.
[22:46:57.528]           The types returned by 'render()' are incompatible between these types.
[22:46:57.528]             Type 'import("/vercel/path0/src/types/global.d.ts").ReactNode' is not assignable to type 'import("/vercel/path0/node_modules/@types/react/index").ReactNode'.
[22:46:57.528] src/components/ui/ErrorBoundary.tsx(175,8): error TS2786: 'Component' cannot be used as a JSX component.
[22:46:57.528]   Its type 'ComponentType<P>' is not a valid JSX element type.
[22:46:57.528]     Type 'FunctionComponent<P>' is not assignable to type 'ElementType'.
[22:46:57.528]       Type 'FunctionComponent<P>' is not assignable to type '(props: any, deprecatedLegacyContext?: any) => ReactNode'.
[22:46:57.528]         Type 'ReactElement<any, string | JSXElementConstructor<any>> | null' is not assignable to type 'ReactNode'.
[22:46:57.528]           Type 'ReactElement<any, string | JSXElementConstructor<any>>' is not assignable to type 'ReactNode'.
[22:46:57.528] src/components/ui/PerformanceMonitor.tsx(109,12): error TS2786: 'Gauge' cannot be used as a JSX component.
[22:46:57.528]   Its type 'ComponentType<any>' is not a valid JSX element type.
[22:46:57.528]     Type 'FunctionComponent<any>' is not assignable to type 'ElementType'.
[22:46:57.528]       Type 'FunctionComponent<any>' is not assignable to type '(props: any, deprecatedLegacyContext?: any) => ReactNode'.
[22:46:57.528]         Type 'ReactElement<any, string | JSXElementConstructor<any>> | null' is not assignable to type 'ReactNode'.
[22:46:57.528]           Type 'ReactElement<any, string | JSXElementConstructor<any>>' is not assignable to type 'ReactNode'.
[22:46:57.528] src/components/ui/PerformanceMonitor.tsx(122,14): error TS2786: 'Activity' cannot be used as a JSX component.
[22:46:57.528]   Its type 'ComponentType<any>' is not a valid JSX element type.
[22:46:57.528]     Type 'FunctionComponent<any>' is not assignable to type 'ElementType'.
[22:46:57.528]       Type 'FunctionComponent<any>' is not assignable to type '(props: any, deprecatedLegacyContext?: any) => ReactNode'.
[22:46:57.528]         Type 'ReactElement<any, string | JSXElementConstructor<any>> | null' is not assignable to type 'ReactNode'.
[22:46:57.528]           Type 'ReactElement<any, string | JSXElementConstructor<any>>' is not assignable to type 'ReactNode'.
[22:46:57.528] src/components/ui/PerformanceMonitor.tsx(129,16): error TS2786: 'Gauge' cannot be used as a JSX component.
[22:46:57.528]   Its type 'ComponentType<any>' is not a valid JSX element type.
[22:46:57.528]     Type 'FunctionComponent<any>' is not assignable to type 'ElementType'.
[22:46:57.528]       Type 'FunctionComponent<any>' is not assignable to type '(props: any, deprecatedLegacyContext?: any) => ReactNode'.
[22:46:57.528]         Type 'ReactElement<any, string | JSXElementConstructor<any>> | null' is not assignable to type 'ReactNode'.
[22:46:57.528]           Type 'ReactElement<any, string | JSXElementConstructor<any>>' is not assignable to type 'ReactNode'.
[22:46:57.528] src/components/ui/PerformanceMonitor.tsx(137,28): error TS2786: 'Minimize2' cannot be used as a JSX component.
[22:46:57.528]   Its type 'ComponentType<any>' is not a valid JSX element type.
[22:46:57.528]     Type 'FunctionComponent<any>' is not assignable to type 'ElementType'.
[22:46:57.529]       Type 'FunctionComponent<any>' is not assignable to type '(props: any, deprecatedLegacyContext?: any) => ReactNode'.
[22:46:57.529]         Type 'ReactElement<any, string | JSXElementConstructor<any>> | null' is not assignable to type 'ReactNode'.
[22:46:57.529]           Type 'ReactElement<any, string | JSXElementConstructor<any>>' is not assignable to type 'ReactNode'.
[22:46:57.529] src/components/ui/PerformanceMonitor.tsx(137,64): error TS2786: 'Maximize2' cannot be used as a JSX component.
[22:46:57.529]   Its type 'ComponentType<any>' is not a valid JSX element type.
[22:46:57.529]     Type 'FunctionComponent<any>' is not assignable to type 'ElementType'.
[22:46:57.529]       Type 'FunctionComponent<any>' is not assignable to type '(props: any, deprecatedLegacyContext?: any) => ReactNode'.
[22:46:57.529]         Type 'ReactElement<any, string | JSXElementConstructor<any>> | null' is not assignable to type 'ReactNode'.
[22:46:57.529]           Type 'ReactElement<any, string | JSXElementConstructor<any>>' is not assignable to type 'ReactNode'.
[22:46:57.529] src/components/ui/PerformanceMonitor.tsx(190,37): error TS2786: 'Icon' cannot be used as a JSX component.
[22:46:57.529]   Its type 'ComponentType<any>' is not a valid JSX element type.
[22:46:57.529]     Type 'FunctionComponent<any>' is not assignable to type 'ElementType'.
[22:46:57.529]       Type 'FunctionComponent<any>' is not assignable to type '(props: any, deprecatedLegacyContext?: any) => ReactNode'.
[22:46:57.529]         Type 'ReactElement<any, string | JSXElementConstructor<any>> | null' is not assignable to type 'ReactNode'.
[22:46:57.529]           Type 'ReactElement<any, string | JSXElementConstructor<any>>' is not assignable to type 'ReactNode'.
[22:46:57.529] src/components/ui/PerformanceMonitor.tsx(207,37): error TS2786: 'Icon' cannot be used as a JSX component.
[22:46:57.529]   Its type 'ComponentType<any>' is not a valid JSX element type.
[22:46:57.529]     Type 'FunctionComponent<any>' is not assignable to type 'ElementType'.
[22:46:57.529]       Type 'FunctionComponent<any>' is not assignable to type '(props: any, deprecatedLegacyContext?: any) => ReactNode'.
[22:46:57.529]         Type 'ReactElement<any, string | JSXElementConstructor<any>> | null' is not assignable to type 'ReactNode'.
[22:46:57.529]           Type 'ReactElement<any, string | JSXElementConstructor<any>>' is not assignable to type 'ReactNode'.
[22:46:57.529] src/components/ui/PerformanceMonitor.tsx(224,37): error TS2786: 'Icon' cannot be used as a JSX component.
[22:46:57.529]   Its type 'ComponentType<any>' is not a valid JSX element type.
[22:46:57.529]     Type 'FunctionComponent<any>' is not assignable to type 'ElementType'.
[22:46:57.529]       Type 'FunctionComponent<any>' is not assignable to type '(props: any, deprecatedLegacyContext?: any) => ReactNode'.
[22:46:57.529]         Type 'ReactElement<any, string | JSXElementConstructor<any>> | null' is not assignable to type 'ReactNode'.
[22:46:57.529]           Type 'ReactElement<any, string | JSXElementConstructor<any>>' is not assignable to type 'ReactNode'.
[22:46:57.529] src/components/ui/PerformanceMonitor.tsx(241,37): error TS2786: 'Icon' cannot be used as a JSX component.
[22:46:57.529]   Its type 'ComponentType<any>' is not a valid JSX element type.
[22:46:57.529]     Type 'FunctionComponent<any>' is not assignable to type 'ElementType'.
[22:46:57.529]       Type 'FunctionComponent<any>' is not assignable to type '(props: any, deprecatedLegacyContext?: any) => ReactNode'.
[22:46:57.529]         Type 'ReactElement<any, string | JSXElementConstructor<any>> | null' is not assignable to type 'ReactNode'.
[22:46:57.529]           Type 'ReactElement<any, string | JSXElementConstructor<any>>' is not assignable to type 'ReactNode'.
[22:46:57.529] src/components/ui/PerformanceMonitor.tsx(344,24): error TS2786: 'Lightbulb' cannot be used as a JSX component.
[22:46:57.529]   Its type 'ComponentType<any>' is not a valid JSX element type.
[22:46:57.529]     Type 'FunctionComponent<any>' is not assignable to type 'ElementType'.
[22:46:57.529]       Type 'FunctionComponent<any>' is not assignable to type '(props: any, deprecatedLegacyContext?: any) => ReactNode'.
[22:46:57.529]         Type 'ReactElement<any, string | JSXElementConstructor<any>> | null' is not assignable to type 'ReactNode'.
[22:46:57.529]           Type 'ReactElement<any, string | JSXElementConstructor<any>>' is not assignable to type 'ReactNode'.
[22:46:57.529] src/components/wellness/AdaptiveLayout.tsx(244,10): error TS2786: 'Layout' cannot be used as a JSX component.
[22:46:57.529]   Its type 'ComponentType<any>' is not a valid JSX element type.
[22:46:57.529]     Type 'FunctionComponent<any>' is not assignable to type 'ElementType'.
[22:46:57.529]       Type 'FunctionComponent<any>' is not assignable to type '(props: any, deprecatedLegacyContext?: any) => ReactNode'.
[22:46:57.529]         Type 'ReactElement<any, string | JSXElementConstructor<any>> | null' is not assignable to type 'ReactNode'.
[22:46:57.529]           Type 'ReactElement<any, string | JSXElementConstructor<any>>' is not assignable to type 'ReactNode'.
[22:46:57.529] src/components/wellness/AdaptiveLayout.tsx(260,12): error TS2786: 'Sparkles' cannot be used as a JSX component.
[22:46:57.529]   Its type 'ComponentType<any>' is not a valid JSX element type.
[22:46:57.529]     Type 'FunctionComponent<any>' is not assignable to type 'ElementType'.
[22:46:57.530]       Type 'FunctionComponent<any>' is not assignable to type '(props: any, deprecatedLegacyContext?: any) => ReactNode'.
[22:46:57.530]         Type 'ReactElement<any, string | JSXElementConstructor<any>> | null' is not assignable to type 'ReactNode'.
[22:46:57.530]           Type 'ReactElement<any, string | JSXElementConstructor<any>>' is not assignable to type 'ReactNode'.
[22:46:57.530] src/components/wellness/AdaptiveLayout.tsx(275,12): error TS2786: 'Grid3x3' cannot be used as a JSX component.
[22:46:57.530]   Its type 'ComponentType<any>' is not a valid JSX element type.
[22:46:57.530]     Type 'FunctionComponent<any>' is not assignable to type 'ElementType'.
[22:46:57.530]       Type 'FunctionComponent<any>' is not assignable to type '(props: any, deprecatedLegacyContext?: any) => ReactNode'.
[22:46:57.530]         Type 'ReactElement<any, string | JSXElementConstructor<any>> | null' is not assignable to type 'ReactNode'.
[22:46:57.530]           Type 'ReactElement<any, string | JSXElementConstructor<any>>' is not assignable to type 'ReactNode'.
[22:46:57.530] src/components/wellness/AdaptiveLayout.tsx(290,12): error TS2786: 'Focus' cannot be used as a JSX component.
[22:46:57.530]   Its type 'ComponentType<any>' is not a valid JSX element type.
[22:46:57.530]     Type 'FunctionComponent<any>' is not assignable to type 'ElementType'.
[22:46:57.530]       Type 'FunctionComponent<any>' is not assignable to type '(props: any, deprecatedLegacyContext?: any) => ReactNode'.
[22:46:57.530]         Type 'ReactElement<any, string | JSXElementConstructor<any>> | null' is not assignable to type 'ReactNode'.
[22:46:57.530]           Type 'ReactElement<any, string | JSXElementConstructor<any>>' is not assignable to type 'ReactNode'.
[22:46:57.530] src/components/wellness/AdaptiveLayout.tsx(296,23): error TS2786: 'Smartphone' cannot be used as a JSX component.
[22:46:57.530]   Its type 'ComponentType<any>' is not a valid JSX element type.
[22:46:57.530]     Type 'FunctionComponent<any>' is not assignable to type 'ElementType'.
[22:46:57.530]       Type 'FunctionComponent<any>' is not assignable to type '(props: any, deprecatedLegacyContext?: any) => ReactNode'.
[22:46:57.530]         Type 'ReactElement<any, string | JSXElementConstructor<any>> | null' is not assignable to type 'ReactNode'.
[22:46:57.530]           Type 'ReactElement<any, string | JSXElementConstructor<any>>' is not assignable to type 'ReactNode'.
[22:46:57.530] src/components/wellness/AdaptiveLayout.tsx(297,36): error TS2786: 'Tablet' cannot be used as a JSX component.
[22:46:57.530]   Its type 'ComponentType<any>' is not a valid JSX element type.
[22:46:57.530]     Type 'FunctionComponent<any>' is not assignable to type 'ElementType'.
[22:46:57.530]       Type 'FunctionComponent<any>' is not assignable to type '(props: any, deprecatedLegacyContext?: any) => ReactNode'.
[22:46:57.530]         Type 'ReactElement<any, string | JSXElementConstructor<any>> | null' is not assignable to type 'ReactNode'.
[22:46:57.530]           Type 'ReactElement<any, string | JSXElementConstructor<any>>' is not assignable to type 'ReactNode'.
[22:46:57.530] src/components/wellness/AdaptiveLayout.tsx(298,24): error TS2786: 'Monitor' cannot be used as a JSX component.
[22:46:57.530]   Its type 'ComponentType<any>' is not a valid JSX element type.
[22:46:57.530]     Type 'FunctionComponent<any>' is not assignable to type 'ElementType'.
[22:46:57.530]       Type 'FunctionComponent<any>' is not assignable to type '(props: any, deprecatedLegacyContext?: any) => ReactNode'.
[22:46:57.530]         Type 'ReactElement<any, string | JSXElementConstructor<any>> | null' is not assignable to type 'ReactNode'.
[22:46:57.530]           Type 'ReactElement<any, string | JSXElementConstructor<any>>' is not assignable to type 'ReactNode'.
[22:46:57.530] src/components/wellness/AdaptiveLayout.tsx(311,12): error TS2786: 'Settings' cannot be used as a JSX component.
[22:46:57.530]   Its type 'ComponentType<any>' is not a valid JSX element type.
[22:46:57.530]     Type 'FunctionComponent<any>' is not assignable to type 'ElementType'.
[22:46:57.530]       Type 'FunctionComponent<any>' is not assignable to type '(props: any, deprecatedLegacyContext?: any) => ReactNode'.
[22:46:57.530]         Type 'ReactElement<any, string | JSXElementConstructor<any>> | null' is not assignable to type 'ReactNode'.
[22:46:57.530]           Type 'ReactElement<any, string | JSXElementConstructor<any>>' is not assignable to type 'ReactNode'.
[22:46:57.530] src/components/wellness/AdaptiveLayout.tsx(485,8): error TS2786: 'AnimatePresence' cannot be used as a JSX component.
[22:46:57.530]   Its type 'ComponentType<any>' is not a valid JSX element type.
[22:46:57.530]     Type 'FunctionComponent<any>' is not assignable to type 'ElementType'.
[22:46:57.530]       Type 'FunctionComponent<any>' is not assignable to type '(props: any, deprecatedLegacyContext?: any) => ReactNode'.
[22:46:57.530]         Type 'ReactElement<any, string | JSXElementConstructor<any>> | null' is not assignable to type 'ReactNode'.
[22:46:57.530]           Type 'ReactElement<any, string | JSXElementConstructor<any>>' is not assignable to type 'ReactNode'.
[22:46:57.530] src/components/wellness/CommunityWellness.tsx(272,12): error TS2786: 'Users' cannot be used as a JSX component.
[22:46:57.530]   Its type 'ComponentType<any>' is not a valid JSX element type.
[22:46:57.530]     Type 'FunctionComponent<any>' is not assignable to type 'ElementType'.
[22:46:57.530]       Type 'FunctionComponent<any>' is not assignable to type '(props: any, deprecatedLegacyContext?: any) => ReactNode'.
[22:46:57.530]         Type 'ReactElement<any, string | JSXElementConstructor<any>> | null' is not assignable to type 'ReactNode'.
[22:46:57.531]           Type 'ReactElement<any, string | JSXElementConstructor<any>>' is not assignable to type 'ReactNode'.
[22:46:57.531] src/components/wellness/CommunityWellness.tsx(277,12): error TS2786: 'MessageCircle' cannot be used as a JSX component.
[22:46:57.531]   Its type 'ComponentType<any>' is not a valid JSX element type.
[22:46:57.531]     Type 'FunctionComponent<any>' is not assignable to type 'ElementType'.
[22:46:57.531]       Type 'FunctionComponent<any>' is not assignable to type '(props: any, deprecatedLegacyContext?: any) => ReactNode'.
[22:46:57.531]         Type 'ReactElement<any, string | JSXElementConstructor<any>> | null' is not assignable to type 'ReactNode'.
[22:46:57.531]           Type 'ReactElement<any, string | JSXElementConstructor<any>>' is not assignable to type 'ReactNode'.
[22:46:57.531] src/components/wellness/CommunityWellness.tsx(282,12): error TS2786: 'Heart' cannot be used as a JSX component.
[22:46:57.531]   Its type 'ComponentType<any>' is not a valid JSX element type.
[22:46:57.531]     Type 'FunctionComponent<any>' is not assignable to type 'ElementType'.
[22:46:57.531]       Type 'FunctionComponent<any>' is not assignable to type '(props: any, deprecatedLegacyContext?: any) => ReactNode'.
[22:46:57.531]         Type 'ReactElement<any, string | JSXElementConstructor<any>> | null' is not assignable to type 'ReactNode'.
[22:46:57.531]           Type 'ReactElement<any, string | JSXElementConstructor<any>>' is not assignable to type 'ReactNode'.
[22:46:57.531] src/components/wellness/CommunityWellness.tsx(308,42): error TS2786: 'Lock' cannot be used as a JSX component.
[22:46:57.531]   Its type 'ComponentType<any>' is not a valid JSX element type.
[22:46:57.531]     Type 'FunctionComponent<any>' is not assignable to type 'ElementType'.
[22:46:57.531]       Type 'FunctionComponent<any>' is not assignable to type '(props: any, deprecatedLegacyContext?: any) => ReactNode'.
[22:46:57.531]         Type 'ReactElement<any, string | JSXElementConstructor<any>> | null' is not assignable to type 'ReactNode'.
[22:46:57.531]           Type 'ReactElement<any, string | JSXElementConstructor<any>>' is not assignable to type 'ReactNode'.
[22:46:57.531] src/components/wellness/CommunityWellness.tsx(323,20): error TS2786: 'CheckCircle' cannot be used as a JSX component.
[22:46:57.531]   Its type 'ComponentType<any>' is not a valid JSX element type.
[22:46:57.531]     Type 'FunctionComponent<any>' is not assignable to type 'ElementType'.
[22:46:57.531]       Type 'FunctionComponent<any>' is not assignable to type '(props: any, deprecatedLegacyContext?: any) => ReactNode'.
[22:46:57.531]         Type 'ReactElement<any, string | JSXElementConstructor<any>> | null' is not assignable to type 'ReactNode'.
[22:46:57.531]           Type 'ReactElement<any, string | JSXElementConstructor<any>>' is not assignable to type 'ReactNode'.
[22:46:57.531] src/components/wellness/CommunityWellness.tsx(330,22): error TS2786: 'Users' cannot be used as a JSX component.
[22:46:57.531]   Its type 'ComponentType<any>' is not a valid JSX element type.
[22:46:57.531]     Type 'FunctionComponent<any>' is not assignable to type 'ElementType'.
[22:46:57.531]       Type 'FunctionComponent<any>' is not assignable to type '(props: any, deprecatedLegacyContext?: any) => ReactNode'.
[22:46:57.531]         Type 'ReactElement<any, string | JSXElementConstructor<any>> | null' is not assignable to type 'ReactNode'.
[22:46:57.531]           Type 'ReactElement<any, string | JSXElementConstructor<any>>' is not assignable to type 'ReactNode'.
[22:46:57.531] src/components/wellness/CommunityWellness.tsx(335,24): error TS2786: 'Clock' cannot be used as a JSX component.
[22:46:57.531]   Its type 'ComponentType<any>' is not a valid JSX element type.
[22:46:57.531]     Type 'FunctionComponent<any>' is not assignable to type 'ElementType'.
[22:46:57.531]       Type 'FunctionComponent<any>' is not assignable to type '(props: any, deprecatedLegacyContext?: any) => ReactNode'.
[22:46:57.531]         Type 'ReactElement<any, string | JSXElementConstructor<any>> | null' is not assignable to type 'ReactNode'.
[22:46:57.531]           Type 'ReactElement<any, string | JSXElementConstructor<any>>' is not assignable to type 'ReactNode'.
[22:46:57.531] src/components/wellness/CommunityWellness.tsx(386,22): error TS2786: 'Trophy' cannot be used as a JSX component.
[22:46:57.531]   Its type 'ComponentType<any>' is not a valid JSX element type.
[22:46:57.531]     Type 'FunctionComponent<any>' is not assignable to type 'ElementType'.
[22:46:57.531]       Type 'FunctionComponent<any>' is not assignable to type '(props: any, deprecatedLegacyContext?: any) => ReactNode'.
[22:46:57.531]         Type 'ReactElement<any, string | JSXElementConstructor<any>> | null' is not assignable to type 'ReactNode'.
[22:46:57.531]           Type 'ReactElement<any, string | JSXElementConstructor<any>>' is not assignable to type 'ReactNode'.
[22:46:57.531] src/components/wellness/CommunityWellness.tsx(419,22): error TS2786: 'Users' cannot be used as a JSX component.
[22:46:57.531]   Its type 'ComponentType<any>' is not a valid JSX element type.
[22:46:57.531]     Type 'FunctionComponent<any>' is not assignable to type 'ElementType'.
[22:46:57.531]       Type 'FunctionComponent<any>' is not assignable to type '(props: any, deprecatedLegacyContext?: any) => ReactNode'.
[22:46:57.531]         Type 'ReactElement<any, string | JSXElementConstructor<any>> | null' is not assignable to type 'ReactNode'.
[22:46:57.531]           Type 'ReactElement<any, string | JSXElementConstructor<any>>' is not assignable to type 'ReactNode'.
[22:46:57.531] src/components/wellness/CommunityWellness.tsx(423,22): error TS2786: 'Calendar' cannot be used as a JSX component.
[22:46:57.532]   Its type 'ComponentType<any>' is not a valid JSX element type.
[22:46:57.532]     Type 'FunctionComponent<any>' is not assignable to type 'ElementType'.
[22:46:57.532]       Type 'FunctionComponent<any>' is not assignable to type '(props: any, deprecatedLegacyContext?: any) => ReactNode'.
[22:46:57.532]         Type 'ReactElement<any, string | JSXElementConstructor<any>> | null' is not assignable to type 'ReactNode'.
[22:46:57.532]           Type 'ReactElement<any, string | JSXElementConstructor<any>>' is not assignable to type 'ReactNode'.
[22:46:57.532] src/components/wellness/CommunityWellness.tsx(427,22): error TS2786: 'Award' cannot be used as a JSX component.
[22:46:57.532]   Its type 'ComponentType<any>' is not a valid JSX element type.
[22:46:57.532]     Type 'FunctionComponent<any>' is not assignable to type 'ElementType'.
[22:46:57.532]       Type 'FunctionComponent<any>' is not assignable to type '(props: any, deprecatedLegacyContext?: any) => ReactNode'.
[22:46:57.532]         Type 'ReactElement<any, string | JSXElementConstructor<any>> | null' is not assignable to type 'ReactNode'.
[22:46:57.532]           Type 'ReactElement<any, string | JSXElementConstructor<any>>' is not assignable to type 'ReactNode'.
[22:46:57.532] src/components/wellness/CommunityWellness.tsx(471,26): error TS2786: 'Star' cannot be used as a JSX component.
[22:46:57.532]   Its type 'ComponentType<any>' is not a valid JSX element type.
[22:46:57.532]     Type 'FunctionComponent<any>' is not assignable to type 'ElementType'.
[22:46:57.532]       Type 'FunctionComponent<any>' is not assignable to type '(props: any, deprecatedLegacyContext?: any) => ReactNode'.
[22:46:57.532]         Type 'ReactElement<any, string | JSXElementConstructor<any>> | null' is not assignable to type 'ReactNode'.
[22:46:57.532]           Type 'ReactElement<any, string | JSXElementConstructor<any>>' is not assignable to type 'ReactNode'.
[22:46:57.532] src/components/wellness/CommunityWellness.tsx(491,24): error TS2786: 'MessageCircle' cannot be used as a JSX component.
[22:46:57.532]   Its type 'ComponentType<any>' is not a valid JSX element type.
[22:46:57.532]     Type 'FunctionComponent<any>' is not assignable to type 'ElementType'.
[22:46:57.532]       Type 'FunctionComponent<any>' is not assignable to type '(props: any, deprecatedLegacyContext?: any) => ReactNode'.
[22:46:57.532]         Type 'ReactElement<any, string | JSXElementConstructor<any>> | null' is not assignable to type 'ReactNode'.
[22:46:57.532]           Type 'ReactElement<any, string | JSXElementConstructor<any>>' is not assignable to type 'ReactNode'.
[22:46:57.532] src/components/wellness/CommunityWellness.tsx(524,10): error TS2786: 'UserPlus' cannot be used as a JSX component.
[22:46:57.532]   Its type 'ComponentType<any>' is not a valid JSX element type.
[22:46:57.532]     Type 'FunctionComponent<any>' is not assignable to type 'ElementType'.
[22:46:57.532]       Type 'FunctionComponent<any>' is not assignable to type '(props: any, deprecatedLegacyContext?: any) => ReactNode'.
[22:46:57.532]         Type 'ReactElement<any, string | JSXElementConstructor<any>> | null' is not assignable to type 'ReactNode'.
[22:46:57.532]           Type 'ReactElement<any, string | JSXElementConstructor<any>>' is not assignable to type 'ReactNode'.
[22:46:57.532] src/components/wellness/CommunityWellness.tsx(539,10): error TS2786: 'Sparkles' cannot be used as a JSX component.
[22:46:57.532]   Its type 'ComponentType<any>' is not a valid JSX element type.
[22:46:57.532]     Type 'FunctionComponent<any>' is not assignable to type 'ElementType'.
[22:46:57.532]       Type 'FunctionComponent<any>' is not assignable to type '(props: any, deprecatedLegacyContext?: any) => ReactNode'.
[22:46:57.533]         Type 'ReactElement<any, string | JSXElementConstructor<any>> | null' is not assignable to type 'ReactNode'.
[22:46:57.533]           Type 'ReactElement<any, string | JSXElementConstructor<any>>' is not assignable to type 'ReactNode'.
[22:46:57.533] src/components/wellness/CommunityWellness.tsx(553,20): error TS2786: 'Shield' cannot be used as a JSX component.
[22:46:57.533]   Its type 'ComponentType<any>' is not a valid JSX element type.
[22:46:57.533]     Type 'FunctionComponent<any>' is not assignable to type 'ElementType'.
[22:46:57.533]       Type 'FunctionComponent<any>' is not assignable to type '(props: any, deprecatedLegacyContext?: any) => ReactNode'.
[22:46:57.533]         Type 'ReactElement<any, string | JSXElementConstructor<any>> | null' is not assignable to type 'ReactNode'.
[22:46:57.533]           Type 'ReactElement<any, string | JSXElementConstructor<any>>' is not assignable to type 'ReactNode'.
[22:46:57.533] src/components/wellness/CommunityWellness.tsx(577,20): error TS2786: 'Heart' cannot be used as a JSX component.
[22:46:57.533]   Its type 'ComponentType<any>' is not a valid JSX element type.
[22:46:57.533]     Type 'FunctionComponent<any>' is not assignable to type 'ElementType'.
[22:46:57.533]       Type 'FunctionComponent<any>' is not assignable to type '(props: any, deprecatedLegacyContext?: any) => ReactNode'.
[22:46:57.533]         Type 'ReactElement<any, string | JSXElementConstructor<any>> | null' is not assignable to type 'ReactNode'.
[22:46:57.533]           Type 'ReactElement<any, string | JSXElementConstructor<any>>' is not assignable to type 'ReactNode'.
[22:46:57.533] src/components/wellness/CommunityWellness.tsx(581,20): error TS2786: 'MessageCircle' cannot be used as a JSX component.
[22:46:57.533]   Its type 'ComponentType<any>' is not a valid JSX element type.
[22:46:57.533]     Type 'FunctionComponent<any>' is not assignable to type 'ElementType'.
[22:46:57.533]       Type 'FunctionComponent<any>' is not assignable to type '(props: any, deprecatedLegacyContext?: any) => ReactNode'.
[22:46:57.533]         Type 'ReactElement<any, string | JSXElementConstructor<any>> | null' is not assignable to type 'ReactNode'.
[22:46:57.533]           Type 'ReactElement<any, string | JSXElementConstructor<any>>' is not assignable to type 'ReactNode'.
[22:46:57.533] src/components/wellness/CommunityWellness.tsx(586,18): error TS2786: 'Share' cannot be used as a JSX component.
[22:46:57.533]   Its type 'ComponentType<any>' is not a valid JSX element type.
[22:46:57.533]     Type 'FunctionComponent<any>' is not assignable to type 'ElementType'.
[22:46:57.533]       Type 'FunctionComponent<any>' is not assignable to type '(props: any, deprecatedLegacyContext?: any) => ReactNode'.
[22:46:57.533]         Type 'ReactElement<any, string | JSXElementConstructor<any>> | null' is not assignable to type 'ReactNode'.
[22:46:57.533]           Type 'ReactElement<any, string | JSXElementConstructor<any>>' is not assignable to type 'ReactNode'.
[22:46:57.533] src/components/wellness/CommunityWellness.tsx(600,12): error TS2786: 'Users' cannot be used as a JSX component.
[22:46:57.533]   Its type 'ComponentType<any>' is not a valid JSX element type.
[22:46:57.533]     Type 'FunctionComponent<any>' is not assignable to type 'ElementType'.
[22:46:57.533]       Type 'FunctionComponent<any>' is not assignable to type '(props: any, deprecatedLegacyContext?: any) => ReactNode'.
[22:46:57.533]         Type 'ReactElement<any, string | JSXElementConstructor<any>> | null' is not assignable to type 'ReactNode'.
[22:46:57.533]           Type 'ReactElement<any, string | JSXElementConstructor<any>>' is not assignable to type 'ReactNode'.
[22:46:57.533] src/components/wellness/CommunityWellness.tsx(626,14): error TS2786: 'tab.icon' cannot be used as a JSX component.
[22:46:57.533]   Its type 'ComponentType<any>' is not a valid JSX element type.
[22:46:57.533]     Type 'FunctionComponent<any>' is not assignable to type 'ElementType'.
[22:46:57.533]       Type 'FunctionComponent<any>' is not assignable to type '(props: any, deprecatedLegacyContext?: any) => ReactNode'.
[22:46:57.533]         Type 'ReactElement<any, string | JSXElementConstructor<any>> | null' is not assignable to type 'ReactNode'.
[22:46:57.533]           Type 'ReactElement<any, string | JSXElementConstructor<any>>' is not assignable to type 'ReactNode'.
[22:46:57.533] src/components/wellness/CommunityWellness.tsx(634,10): error TS2786: 'AnimatePresence' cannot be used as a JSX component.
[22:46:57.533]   Its type 'ComponentType<any>' is not a valid JSX element type.
[22:46:57.533]     Type 'FunctionComponent<any>' is not assignable to type 'ElementType'.
[22:46:57.533]       Type 'FunctionComponent<any>' is not assignable to type '(props: any, deprecatedLegacyContext?: any) => ReactNode'.
[22:46:57.533]         Type 'ReactElement<any, string | JSXElementConstructor<any>> | null' is not assignable to type 'ReactNode'.
[22:46:57.533]           Type 'ReactElement<any, string | JSXElementConstructor<any>>' is not assignable to type 'ReactNode'.
[22:46:57.533] src/components/wellness/CommunityWellness.tsx(651,8): error TS2786: 'AnimatePresence' cannot be used as a JSX component.
[22:46:57.533]   Its type 'ComponentType<any>' is not a valid JSX element type.
[22:46:57.533]     Type 'FunctionComponent<any>' is not assignable to type 'ElementType'.
[22:46:57.533]       Type 'FunctionComponent<any>' is not assignable to type '(props: any, deprecatedLegacyContext?: any) => ReactNode'.
[22:46:57.533]         Type 'ReactElement<any, string | JSXElementConstructor<any>> | null' is not assignable to type 'ReactNode'.
[22:46:57.534]           Type 'ReactElement<any, string | JSXElementConstructor<any>>' is not assignable to type 'ReactNode'.
[22:46:57.534] src/components/wellness/CommunityWellness.tsx(685,20): error TS2786: 'Shield' cannot be used as a JSX component.
[22:46:57.534]   Its type 'ComponentType<any>' is not a valid JSX element type.
[22:46:57.534]     Type 'FunctionComponent<any>' is not assignable to type 'ElementType'.
[22:46:57.534]       Type 'FunctionComponent<any>' is not assignable to type '(props: any, deprecatedLegacyContext?: any) => ReactNode'.
[22:46:57.534]         Type 'ReactElement<any, string | JSXElementConstructor<any>> | null' is not assignable to type 'ReactNode'.
[22:46:57.534]           Type 'ReactElement<any, string | JSXElementConstructor<any>>' is not assignable to type 'ReactNode'.
[22:46:57.534] src/components/wellness/CommunityWellness.tsx(701,20): error TS2786: 'Send' cannot be used as a JSX component.
[22:46:57.534]   Its type 'ComponentType<any>' is not a valid JSX element type.
[22:46:57.534]     Type 'FunctionComponent<any>' is not assignable to type 'ElementType'.
[22:46:57.534]       Type 'FunctionComponent<any>' is not assignable to type '(props: any, deprecatedLegacyContext?: any) => ReactNode'.
[22:46:57.534]         Type 'ReactElement<any, string | JSXElementConstructor<any>> | null' is not assignable to type 'ReactNode'.
[22:46:57.534]           Type 'ReactElement<any, string | JSXElementConstructor<any>>' is not assignable to type 'ReactNode'.
[22:46:57.534] src/components/wellness/PredictiveAnalytics.tsx(316,14): error TS2786: 'Shield' cannot be used as a JSX component.
[22:46:57.534]   Its type 'ComponentType<any>' is not a valid JSX element type.
[22:46:57.534]     Type 'FunctionComponent<any>' is not assignable to type 'ElementType'.
[22:46:57.534]       Type 'FunctionComponent<any>' is not assignable to type '(props: any, deprecatedLegacyContext?: any) => ReactNode'.
[22:46:57.534]         Type 'ReactElement<any, string | JSXElementConstructor<any>> | null' is not assignable to type 'ReactNode'.
[22:46:57.534]           Type 'ReactElement<any, string | JSXElementConstructor<any>>' is not assignable to type 'ReactNode'.
[22:46:57.534] src/components/wellness/PredictiveAnalytics.tsx(325,53): error TS2786: 'ArrowUp' cannot be used as a JSX component.
[22:46:57.534]   Its type 'ComponentType<any>' is not a valid JSX element type.
[22:46:57.534]     Type 'FunctionComponent<any>' is not assignable to type 'ElementType'.
[22:46:57.534]       Type 'FunctionComponent<any>' is not assignable to type '(props: any, deprecatedLegacyContext?: any) => ReactNode'.
[22:46:57.534]         Type 'ReactElement<any, string | JSXElementConstructor<any>> | null' is not assignable to type 'ReactNode'.
[22:46:57.534]           Type 'ReactElement<any, string | JSXElementConstructor<any>>' is not assignable to type 'ReactNode'.
[22:46:57.534] src/components/wellness/PredictiveAnalytics.tsx(326,53): error TS2786: 'ArrowDown' cannot be used as a JSX component.
[22:46:57.534]   Its type 'ComponentType<any>' is not a valid JSX element type.
[22:46:57.534]     Type 'FunctionComponent<any>' is not assignable to type 'ElementType'.
[22:46:57.534]       Type 'FunctionComponent<any>' is not assignable to type '(props: any, deprecatedLegacyContext?: any) => ReactNode'.
[22:46:57.534]         Type 'ReactElement<any, string | JSXElementConstructor<any>> | null' is not assignable to type 'ReactNode'.
[22:46:57.534]           Type 'ReactElement<any, string | JSXElementConstructor<any>>' is not assignable to type 'ReactNode'.
[22:46:57.534] src/components/wellness/PredictiveAnalytics.tsx(327,50): error TS2786: 'Minus' cannot be used as a JSX component.
[22:46:57.534]   Its type 'ComponentType<any>' is not a valid JSX element type.
[22:46:57.534]     Type 'FunctionComponent<any>' is not assignable to type 'ElementType'.
[22:46:57.534]       Type 'FunctionComponent<any>' is not assignable to type '(props: any, deprecatedLegacyContext?: any) => ReactNode'.
[22:46:57.534]         Type 'ReactElement<any, string | JSXElementConstructor<any>> | null' is not assignable to type 'ReactNode'.
[22:46:57.534]           Type 'ReactElement<any, string | JSXElementConstructor<any>>' is not assignable to type 'ReactNode'.
[22:46:57.534] src/components/wellness/PredictiveAnalytics.tsx(372,20): error TS2786: 'Icon' cannot be used as a JSX component.
[22:46:57.534]   Its type 'ComponentType<any>' is not a valid JSX element type.
[22:46:57.534]     Type 'FunctionComponent<any>' is not assignable to type 'ElementType'.
[22:46:57.534]       Type 'FunctionComponent<any>' is not assignable to type '(props: any, deprecatedLegacyContext?: any) => ReactNode'.
[22:46:57.534]         Type 'ReactElement<any, string | JSXElementConstructor<any>> | null' is not assignable to type 'ReactNode'.
[22:46:57.534]           Type 'ReactElement<any, string | JSXElementConstructor<any>>' is not assignable to type 'ReactNode'.
[22:46:57.534] src/components/wellness/PredictiveAnalytics.tsx(401,18): error TS2786: 'ChevronRight' cannot be used as a JSX component.
[22:46:57.534]   Its type 'ComponentType<any>' is not a valid JSX element type.
[22:46:57.534]     Type 'FunctionComponent<any>' is not assignable to type 'ElementType'.
[22:46:57.534]       Type 'FunctionComponent<any>' is not assignable to type '(props: any, deprecatedLegacyContext?: any) => ReactNode'.
[22:46:57.534]         Type 'ReactElement<any, string | JSXElementConstructor<any>> | null' is not assignable to type 'ReactNode'.
[22:46:57.534]           Type 'ReactElement<any, string | JSXElementConstructor<any>>' is not assignable to type 'ReactNode'.
[22:46:57.534] src/components/wellness/PredictiveAnalytics.tsx(409,8): error TS2786: 'AnimatePresence' cannot be used as a JSX component.
[22:46:57.534]   Its type 'ComponentType<any>' is not a valid JSX element type.
[22:46:57.535]     Type 'FunctionComponent<any>' is not assignable to type 'ElementType'.
[22:46:57.535]       Type 'FunctionComponent<any>' is not assignable to type '(props: any, deprecatedLegacyContext?: any) => ReactNode'.
[22:46:57.535]         Type 'ReactElement<any, string | JSXElementConstructor<any>> | null' is not assignable to type 'ReactNode'.
[22:46:57.535]           Type 'ReactElement<any, string | JSXElementConstructor<any>>' is not assignable to type 'ReactNode'.
[22:46:57.535] src/components/wellness/PredictiveAnalytics.tsx(443,24): error TS2786: 'CheckCircle' cannot be used as a JSX component.
[22:46:57.535]   Its type 'ComponentType<any>' is not a valid JSX element type.
[22:46:57.535]     Type 'FunctionComponent<any>' is not assignable to type 'ElementType'.
[22:46:57.535]       Type 'FunctionComponent<any>' is not assignable to type '(props: any, deprecatedLegacyContext?: any) => ReactNode'.
[22:46:57.535]         Type 'ReactElement<any, string | JSXElementConstructor<any>> | null' is not assignable to type 'ReactNode'.
[22:46:57.535]           Type 'ReactElement<any, string | JSXElementConstructor<any>>' is not assignable to type 'ReactNode'.
[22:46:57.535] src/components/wellness/PredictiveAnalytics.tsx(473,18): error TS2786: 'BarChart3' cannot be used as a JSX component.
[22:46:57.535]   Its type 'ComponentType<any>' is not a valid JSX element type.
[22:46:57.535]     Type 'FunctionComponent<any>' is not assignable to type 'ElementType'.
[22:46:57.535]       Type 'FunctionComponent<any>' is not assignable to type '(props: any, deprecatedLegacyContext?: any) => ReactNode'.
[22:46:57.535]         Type 'ReactElement<any, string | JSXElementConstructor<any>> | null' is not assignable to type 'ReactNode'.
[22:46:57.535]           Type 'ReactElement<any, string | JSXElementConstructor<any>>' is not assignable to type 'ReactNode'.
[22:46:57.535] src/components/wellness/PredictiveAnalytics.tsx(505,26): error TS2786: 'ArrowUp' cannot be used as a JSX component.
[22:46:57.535]   Its type 'ComponentType<any>' is not a valid JSX element type.
[22:46:57.535]     Type 'FunctionComponent<any>' is not assignable to type 'ElementType'.
[22:46:57.535]       Type 'FunctionComponent<any>' is not assignable to type '(props: any, deprecatedLegacyContext?: any) => ReactNode'.
[22:46:57.535]         Type 'ReactElement<any, string | JSXElementConstructor<any>> | null' is not assignable to type 'ReactNode'.
[22:46:57.535]           Type 'ReactElement<any, string | JSXElementConstructor<any>>' is not assignable to type 'ReactNode'.
[22:46:57.535] src/components/wellness/PredictiveAnalytics.tsx(506,26): error TS2786: 'ArrowDown' cannot be used as a JSX component.
[22:46:57.535]   Its type 'ComponentType<any>' is not a valid JSX element type.
[22:46:57.535]     Type 'FunctionComponent<any>' is not assignable to type 'ElementType'.
[22:46:57.535]       Type 'FunctionComponent<any>' is not assignable to type '(props: any, deprecatedLegacyContext?: any) => ReactNode'.
[22:46:57.535]         Type 'ReactElement<any, string | JSXElementConstructor<any>> | null' is not assignable to type 'ReactNode'.
[22:46:57.535]           Type 'ReactElement<any, string | JSXElementConstructor<any>>' is not assignable to type 'ReactNode'.
[22:46:57.535] src/components/wellness/PredictiveAnalytics.tsx(545,18): error TS2786: 'Sparkles' cannot be used as a JSX component.
[22:46:57.535]   Its type 'ComponentType<any>' is not a valid JSX element type.
[22:46:57.535]     Type 'FunctionComponent<any>' is not assignable to type 'ElementType'.
[22:46:57.535]       Type 'FunctionComponent<any>' is not assignable to type '(props: any, deprecatedLegacyContext?: any) => ReactNode'.
[22:46:57.535]         Type 'ReactElement<any, string | JSXElementConstructor<any>> | null' is not assignable to type 'ReactNode'.
[22:46:57.535]           Type 'ReactElement<any, string | JSXElementConstructor<any>>' is not assignable to type 'ReactNode'.
[22:46:57.535] src/components/wellness/PredictiveAnalytics.tsx(593,26): error TS2786: 'ChevronRight' cannot be used as a JSX component.
[22:46:57.535]   Its type 'ComponentType<any>' is not a valid JSX element type.
[22:46:57.535]     Type 'FunctionComponent<any>' is not assignable to type 'ElementType'.
[22:46:57.535]       Type 'FunctionComponent<any>' is not assignable to type '(props: any, deprecatedLegacyContext?: any) => ReactNode'.
[22:46:57.535]         Type 'ReactElement<any, string | JSXElementConstructor<any>> | null' is not assignable to type 'ReactNode'.
[22:46:57.535]           Type 'ReactElement<any, string | JSXElementConstructor<any>>' is not assignable to type 'ReactNode'.
[22:46:57.535] src/components/wellness/PredictiveAnalytics.tsx(611,12): error TS2786: 'Brain' cannot be used as a JSX component.
[22:46:57.535]   Its type 'ComponentType<any>' is not a valid JSX element type.
[22:46:57.535]     Type 'FunctionComponent<any>' is not assignable to type 'ElementType'.
[22:46:57.535]       Type 'FunctionComponent<any>' is not assignable to type '(props: any, deprecatedLegacyContext?: any) => ReactNode'.
[22:46:57.535]         Type 'ReactElement<any, string | JSXElementConstructor<any>> | null' is not assignable to type 'ReactNode'.
[22:46:57.535]           Type 'ReactElement<any, string | JSXElementConstructor<any>>' is not assignable to type 'ReactNode'.
[22:46:57.536] src/components/wellness/PredictiveAnalytics.tsx(636,14): error TS2786: 'tab.icon' cannot be used as a JSX component.
[22:46:57.536]   Its type 'ComponentType<any>' is not a valid JSX element type.
[22:46:57.536]     Type 'FunctionComponent<any>' is not assignable to type 'ElementType'.
[22:46:57.536]       Type 'FunctionComponent<any>' is not assignable to type '(props: any, deprecatedLegacyContext?: any) => ReactNode'.
[22:46:57.536]         Type 'ReactElement<any, string | JSXElementConstructor<any>> | null' is not assignable to type 'ReactNode'.
[22:46:57.536]           Type 'ReactElement<any, string | JSXElementConstructor<any>>' is not assignable to type 'ReactNode'.
[22:46:57.536] src/components/wellness/PredictiveAnalytics.tsx(644,10): error TS2786: 'AnimatePresence' cannot be used as a JSX component.
[22:46:57.536]   Its type 'ComponentType<any>' is not a valid JSX element type.
[22:46:57.536]     Type 'FunctionComponent<any>' is not assignable to type 'ElementType'.
[22:46:57.536]       Type 'FunctionComponent<any>' is not assignable to type '(props: any, deprecatedLegacyContext?: any) => ReactNode'.
[22:46:57.536]         Type 'ReactElement<any, string | JSXElementConstructor<any>> | null' is not assignable to type 'ReactNode'.
[22:46:57.536]           Type 'ReactElement<any, string | JSXElementConstructor<any>>' is not assignable to type 'ReactNode'.
[22:46:57.536] src/components/wellness/ProfessionalConnectionHub.tsx(214,12): error TS2786: 'Calendar' cannot be used as a JSX component.
[22:46:57.536]   Its type 'ComponentType<any>' is not a valid JSX element type.
[22:46:57.536]     Type 'FunctionComponent<any>' is not assignable to type 'ElementType'.
[22:46:57.536]       Type 'FunctionComponent<any>' is not assignable to type '(props: any, deprecatedLegacyContext?: any) => ReactNode'.
[22:46:57.536]         Type 'ReactElement<any, string | JSXElementConstructor<any>> | null' is not assignable to type 'ReactNode'.
[22:46:57.536]           Type 'ReactElement<any, string | JSXElementConstructor<any>>' is not assignable to type 'ReactNode'.
[22:46:57.536] src/components/wellness/ProfessionalConnectionHub.tsx(223,12): error TS2786: 'FileText' cannot be used as a JSX component.
[22:46:57.536]   Its type 'ComponentType<any>' is not a valid JSX element type.
[22:46:57.536]     Type 'FunctionComponent<any>' is not assignable to type 'ElementType'.
[22:46:57.536]       Type 'FunctionComponent<any>' is not assignable to type '(props: any, deprecatedLegacyContext?: any) => ReactNode'.
[22:46:57.536]         Type 'ReactElement<any, string | JSXElementConstructor<any>> | null' is not assignable to type 'ReactNode'.
[22:46:57.536]           Type 'ReactElement<any, string | JSXElementConstructor<any>>' is not assignable to type 'ReactNode'.
[22:46:57.536] src/components/wellness/ProfessionalConnectionHub.tsx(232,12): error TS2786: 'Shield' cannot be used as a JSX component.
[22:46:57.536]   Its type 'ComponentType<any>' is not a valid JSX element type.
[22:46:57.536]     Type 'FunctionComponent<any>' is not assignable to type 'ElementType'.
[22:46:57.536]       Type 'FunctionComponent<any>' is not assignable to type '(props: any, deprecatedLegacyContext?: any) => ReactNode'.
[22:46:57.536]         Type 'ReactElement<any, string | JSXElementConstructor<any>> | null' is not assignable to type 'ReactNode'.
[22:46:57.536]           Type 'ReactElement<any, string | JSXElementConstructor<any>>' is not assignable to type 'ReactNode'.
[22:46:57.536] src/components/wellness/ProfessionalConnectionHub.tsx(259,26): error TS2786: 'Star' cannot be used as a JSX component.
[22:46:57.536]   Its type 'ComponentType<any>' is not a valid JSX element type.
[22:46:57.536]     Type 'FunctionComponent<any>' is not assignable to type 'ElementType'.
[22:46:57.536]       Type 'FunctionComponent<any>' is not assignable to type '(props: any, deprecatedLegacyContext?: any) => ReactNode'.
[22:46:57.536]         Type 'ReactElement<any, string | JSXElementConstructor<any>> | null' is not assignable to type 'ReactNode'.
[22:46:57.536]           Type 'ReactElement<any, string | JSXElementConstructor<any>>' is not assignable to type 'ReactNode'.
[22:46:57.536] src/components/wellness/ProfessionalConnectionHub.tsx(295,47): error TS2786: 'Video' cannot be used as a JSX component.
[22:46:57.536]   Its type 'ComponentType<any>' is not a valid JSX element type.
[22:46:57.536]     Type 'FunctionComponent<any>' is not assignable to type 'ElementType'.
[22:46:57.536]       Type 'FunctionComponent<any>' is not assignable to type '(props: any, deprecatedLegacyContext?: any) => ReactNode'.
[22:46:57.536]         Type 'ReactElement<any, string | JSXElementConstructor<any>> | null' is not assignable to type 'ReactNode'.
[22:46:57.536]           Type 'ReactElement<any, string | JSXElementConstructor<any>>' is not assignable to type 'ReactNode'.
[22:46:57.536] src/components/wellness/ProfessionalConnectionHub.tsx(296,47): error TS2786: 'Phone' cannot be used as a JSX component.
[22:46:57.536]   Its type 'ComponentType<any>' is not a valid JSX element type.
[22:46:57.536]     Type 'FunctionComponent<any>' is not assignable to type 'ElementType'.
[22:46:57.537]       Type 'FunctionComponent<any>' is not assignable to type '(props: any, deprecatedLegacyContext?: any) => ReactNode'.
[22:46:57.537]         Type 'ReactElement<any, string | JSXElementConstructor<any>> | null' is not assignable to type 'ReactNode'.
[22:46:57.537]           Type 'ReactElement<any, string | JSXElementConstructor<any>>' is not assignable to type 'ReactNode'.
[22:46:57.537] src/components/wellness/ProfessionalConnectionHub.tsx(297,49): error TS2786: 'MessageSquare' cannot be used as a JSX component.
[22:46:57.537]   Its type 'ComponentType<any>' is not a valid JSX element type.
[22:46:57.537]     Type 'FunctionComponent<any>' is not assignable to type 'ElementType'.
[22:46:57.537]       Type 'FunctionComponent<any>' is not assignable to type '(props: any, deprecatedLegacyContext?: any) => ReactNode'.
[22:46:57.537]         Type 'ReactElement<any, string | JSXElementConstructor<any>> | null' is not assignable to type 'ReactNode'.
[22:46:57.537]           Type 'ReactElement<any, string | JSXElementConstructor<any>>' is not assignable to type 'ReactNode'.
[22:46:57.537] src/components/wellness/ProfessionalConnectionHub.tsx(313,10): error TS2786: 'Plus' cannot be used as a JSX component.
[22:46:57.537]   Its type 'ComponentType<any>' is not a valid JSX element type.
[22:46:57.537]     Type 'FunctionComponent<any>' is not assignable to type 'ElementType'.
[22:46:57.537]       Type 'FunctionComponent<any>' is not assignable to type '(props: any, deprecatedLegacyContext?: any) => ReactNode'.
[22:46:57.537]         Type 'ReactElement<any, string | JSXElementConstructor<any>> | null' is not assignable to type 'ReactNode'.
[22:46:57.537]           Type 'ReactElement<any, string | JSXElementConstructor<any>>' is not assignable to type 'ReactNode'.
[22:46:57.537] src/components/wellness/ProfessionalConnectionHub.tsx(338,26): error TS2786: 'Icon' cannot be used as a JSX component.
[22:46:57.537]   Its type 'ComponentType<any>' is not a valid JSX element type.
[22:46:57.537]     Type 'FunctionComponent<any>' is not assignable to type 'ElementType'.
[22:46:57.537]       Type 'FunctionComponent<any>' is not assignable to type '(props: any, deprecatedLegacyContext?: any) => ReactNode'.
[22:46:57.537]         Type 'ReactElement<any, string | JSXElementConstructor<any>> | null' is not assignable to type 'ReactNode'.
[22:46:57.537]           Type 'ReactElement<any, string | JSXElementConstructor<any>>' is not assignable to type 'ReactNode'.
[22:46:57.537] src/components/wellness/ProfessionalConnectionHub.tsx(347,28): error TS2786: 'Calendar' cannot be used as a JSX component.
[22:46:57.537]   Its type 'ComponentType<any>' is not a valid JSX element type.
[22:46:57.537]     Type 'FunctionComponent<any>' is not assignable to type 'ElementType'.
[22:46:57.537]       Type 'FunctionComponent<any>' is not assignable to type '(props: any, deprecatedLegacyContext?: any) => ReactNode'.
[22:46:57.537]         Type 'ReactElement<any, string | JSXElementConstructor<any>> | null' is not assignable to type 'ReactNode'.
[22:46:57.537]           Type 'ReactElement<any, string | JSXElementConstructor<any>>' is not assignable to type 'ReactNode'.
[22:46:57.537] src/components/wellness/ProfessionalConnectionHub.tsx(351,28): error TS2786: 'Clock' cannot be used as a JSX component.
[22:46:57.537]   Its type 'ComponentType<any>' is not a valid JSX element type.
[22:46:57.537]     Type 'FunctionComponent<any>' is not assignable to type 'ElementType'.
[22:46:57.537]       Type 'FunctionComponent<any>' is not assignable to type '(props: any, deprecatedLegacyContext?: any) => ReactNode'.
[22:46:57.537]         Type 'ReactElement<any, string | JSXElementConstructor<any>> | null' is not assignable to type 'ReactNode'.
[22:46:57.537]           Type 'ReactElement<any, string | JSXElementConstructor<any>>' is not assignable to type 'ReactNode'.
[22:46:57.537] src/components/wellness/ProfessionalConnectionHub.tsx(399,18): error TS2786: 'ChevronRight' cannot be used as a JSX component.
[22:46:57.537]   Its type 'ComponentType<any>' is not a valid JSX element type.
[22:46:57.537]     Type 'FunctionComponent<any>' is not assignable to type 'ElementType'.
[22:46:57.537]       Type 'FunctionComponent<any>' is not assignable to type '(props: any, deprecatedLegacyContext?: any) => ReactNode'.
[22:46:57.537]         Type 'ReactElement<any, string | JSXElementConstructor<any>> | null' is not assignable to type 'ReactNode'.
[22:46:57.537]           Type 'ReactElement<any, string | JSXElementConstructor<any>>' is not assignable to type 'ReactNode'.
[22:46:57.537] src/components/wellness/ProfessionalConnectionHub.tsx(443,16): error TS2786: 'Target' cannot be used as a JSX component.
[22:46:57.537]   Its type 'ComponentType<any>' is not a valid JSX element type.
[22:46:57.537]     Type 'FunctionComponent<any>' is not assignable to type 'ElementType'.
[22:46:57.537]       Type 'FunctionComponent<any>' is not assignable to type '(props: any, deprecatedLegacyContext?: any) => ReactNode'.
[22:46:57.537]         Type 'ReactElement<any, string | JSXElementConstructor<any>> | null' is not assignable to type 'ReactNode'.
[22:46:57.537]           Type 'ReactElement<any, string | JSXElementConstructor<any>>' is not assignable to type 'ReactNode'.
[22:46:57.537] src/components/wellness/ProfessionalConnectionHub.tsx(449,20): error TS2786: 'CheckCircle' cannot be used as a JSX component.
[22:46:57.537]   Its type 'ComponentType<any>' is not a valid JSX element type.
[22:46:57.538]     Type 'FunctionComponent<any>' is not assignable to type 'ElementType'.
[22:46:57.538]       Type 'FunctionComponent<any>' is not assignable to type '(props: any, deprecatedLegacyContext?: any) => ReactNode'.
[22:46:57.538]         Type 'ReactElement<any, string | JSXElementConstructor<any>> | null' is not assignable to type 'ReactNode'.
[22:46:57.538]           Type 'ReactElement<any, string | JSXElementConstructor<any>>' is not assignable to type 'ReactNode'.
[22:46:57.538] src/components/wellness/ProfessionalConnectionHub.tsx(459,16): error TS2786: 'Activity' cannot be used as a JSX component.
[22:46:57.538]   Its type 'ComponentType<any>' is not a valid JSX element type.
[22:46:57.538]     Type 'FunctionComponent<any>' is not assignable to type 'ElementType'.
[22:46:57.538]       Type 'FunctionComponent<any>' is not assignable to type '(props: any, deprecatedLegacyContext?: any) => ReactNode'.
[22:46:57.538]         Type 'ReactElement<any, string | JSXElementConstructor<any>> | null' is not assignable to type 'ReactNode'.
[22:46:57.538]           Type 'ReactElement<any, string | JSXElementConstructor<any>>' is not assignable to type 'ReactNode'.
[22:46:57.538] src/components/wellness/ProfessionalConnectionHub.tsx(478,18): error TS2786: 'Pill' cannot be used as a JSX component.
[22:46:57.538]   Its type 'ComponentType<any>' is not a valid JSX element type.
[22:46:57.538]     Type 'FunctionComponent<any>' is not assignable to type 'ElementType'.
[22:46:57.538]       Type 'FunctionComponent<any>' is not assignable to type '(props: any, deprecatedLegacyContext?: any) => ReactNode'.
[22:46:57.538]         Type 'ReactElement<any, string | JSXElementConstructor<any>> | null' is not assignable to type 'ReactNode'.
[22:46:57.538]           Type 'ReactElement<any, string | JSXElementConstructor<any>>' is not assignable to type 'ReactNode'.
[22:46:57.538] src/components/wellness/ProfessionalConnectionHub.tsx(504,16): error TS2786: 'Download' cannot be used as a JSX component.
[22:46:57.538]   Its type 'ComponentType<any>' is not a valid JSX element type.
[22:46:57.538]     Type 'FunctionComponent<any>' is not assignable to type 'ElementType'.
[22:46:57.538]       Type 'FunctionComponent<any>' is not assignable to type '(props: any, deprecatedLegacyContext?: any) => ReactNode'.
[22:46:57.538]         Type 'ReactElement<any, string | JSXElementConstructor<any>> | null' is not assignable to type 'ReactNode'.
[22:46:57.538]           Type 'ReactElement<any, string | JSXElementConstructor<any>>' is not assignable to type 'ReactNode'.
[22:46:57.538] src/components/wellness/ProfessionalConnectionHub.tsx(512,16): error TS2786: 'Upload' cannot be used as a JSX component.
[22:46:57.538]   Its type 'ComponentType<any>' is not a valid JSX element type.
[22:46:57.538]     Type 'FunctionComponent<any>' is not assignable to type 'ElementType'.
[22:46:57.538]       Type 'FunctionComponent<any>' is not assignable to type '(props: any, deprecatedLegacyContext?: any) => ReactNode'.
[22:46:57.538]         Type 'ReactElement<any, string | JSXElementConstructor<any>> | null' is not assignable to type 'ReactNode'.
[22:46:57.538]           Type 'ReactElement<any, string | JSXElementConstructor<any>>' is not assignable to type 'ReactNode'.
[22:46:57.538] src/components/wellness/ProfessionalConnectionHub.tsx(526,12): error TS2786: 'Users' cannot be used as a JSX component.
[22:46:57.538]   Its type 'ComponentType<any>' is not a valid JSX element type.
[22:46:57.538]     Type 'FunctionComponent<any>' is not assignable to type 'ElementType'.
[22:46:57.538]       Type 'FunctionComponent<any>' is not assignable to type '(props: any, deprecatedLegacyContext?: any) => ReactNode'.
[22:46:57.538]         Type 'ReactElement<any, string | JSXElementConstructor<any>> | null' is not assignable to type 'ReactNode'.
[22:46:57.538]           Type 'ReactElement<any, string | JSXElementConstructor<any>>' is not assignable to type 'ReactNode'.
[22:46:57.538] src/components/wellness/ProfessionalConnectionHub.tsx(552,14): error TS2786: 'tab.icon' cannot be used as a JSX component.
[22:46:57.538]   Its type 'ComponentType<any>' is not a valid JSX element type.
[22:46:57.538]     Type 'FunctionComponent<any>' is not assignable to type 'ElementType'.
[22:46:57.538]       Type 'FunctionComponent<any>' is not assignable to type '(props: any, deprecatedLegacyContext?: any) => ReactNode'.
[22:46:57.538]         Type 'ReactElement<any, string | JSXElementConstructor<any>> | null' is not assignable to type 'ReactNode'.
[22:46:57.538]           Type 'ReactElement<any, string | JSXElementConstructor<any>>' is not assignable to type 'ReactNode'.
[22:46:57.538] src/components/wellness/ProfessionalConnectionHub.tsx(560,10): error TS2786: 'AnimatePresence' cannot be used as a JSX component.
[22:46:57.538]   Its type 'ComponentType<any>' is not a valid JSX element type.
[22:46:57.538]     Type 'FunctionComponent<any>' is not assignable to type 'ElementType'.
[22:46:57.539]       Type 'FunctionComponent<any>' is not assignable to type '(props: any, deprecatedLegacyContext?: any) => ReactNode'.
[22:46:57.539]         Type 'ReactElement<any, string | JSXElementConstructor<any>> | null' is not assignable to type 'ReactNode'.
[22:46:57.539]           Type 'ReactElement<any, string | JSXElementConstructor<any>>' is not assignable to type 'ReactNode'.
[22:46:57.539] src/components/wellness/ProfessionalConnectionHub.tsx(576,8): error TS2786: 'AnimatePresence' cannot be used as a JSX component.
[22:46:57.539]   Its type 'ComponentType<any>' is not a valid JSX element type.
[22:46:57.539]     Type 'FunctionComponent<any>' is not assignable to type 'ElementType'.
[22:46:57.539]       Type 'FunctionComponent<any>' is not assignable to type '(props: any, deprecatedLegacyContext?: any) => ReactNode'.
[22:46:57.539]         Type 'ReactElement<any, string | JSXElementConstructor<any>> | null' is not assignable to type 'ReactNode'.
[22:46:57.539]           Type 'ReactElement<any, string | JSXElementConstructor<any>>' is not assignable to type 'ReactNode'.
[22:46:57.539] src/components/wellness/ProfessionalConnectionHub.tsx(611,20): error TS2786: 'Send' cannot be used as a JSX component.
[22:46:57.539]   Its type 'ComponentType<any>' is not a valid JSX element type.
[22:46:57.539]     Type 'FunctionComponent<any>' is not assignable to type 'ElementType'.
[22:46:57.539]       Type 'FunctionComponent<any>' is not assignable to type '(props: any, deprecatedLegacyContext?: any) => ReactNode'.
[22:46:57.539]         Type 'ReactElement<any, string | JSXElementConstructor<any>> | null' is not assignable to type 'ReactNode'.
[22:46:57.539]           Type 'ReactElement<any, string | JSXElementConstructor<any>>' is not assignable to type 'ReactNode'.
[22:46:57.539] src/components/wellness/ProgressVisualization.tsx(188,14): error TS2786: 'BarChart3' cannot be used as a JSX component.
[22:46:57.539]   Its type 'ComponentType<any>' is not a valid JSX element type.
[22:46:57.539]     Type 'FunctionComponent<any>' is not assignable to type 'ElementType'.
[22:46:57.539]       Type 'FunctionComponent<any>' is not assignable to type '(props: any, deprecatedLegacyContext?: any) => ReactNode'.
[22:46:57.539]         Type 'ReactElement<any, string | JSXElementConstructor<any>> | null' is not assignable to type 'ReactNode'.
[22:46:57.539]           Type 'ReactElement<any, string | JSXElementConstructor<any>>' is not assignable to type 'ReactNode'.
[22:46:57.539] src/components/wellness/ProgressVisualization.tsx(229,16): error TS2786: 'chart.icon' cannot be used as a JSX component.
[22:46:57.539]   Its type 'ComponentType<any>' is not a valid JSX element type.
[22:46:57.539]     Type 'FunctionComponent<any>' is not assignable to type 'ElementType'.
[22:46:57.539]       Type 'FunctionComponent<any>' is not assignable to type '(props: any, deprecatedLegacyContext?: any) => ReactNode'.
[22:46:57.539]         Type 'ReactElement<any, string | JSXElementConstructor<any>> | null' is not assignable to type 'ReactNode'.
[22:46:57.539]           Type 'ReactElement<any, string | JSXElementConstructor<any>>' is not assignable to type 'ReactNode'.
[22:46:57.539] src/components/wellness/ProgressVisualization.tsx(237,12): error TS2786: 'AnimatePresence' cannot be used as a JSX component.
[22:46:57.539]   Its type 'ComponentType<any>' is not a valid JSX element type.
[22:46:57.539]     Type 'FunctionComponent<any>' is not assignable to type 'ElementType'.
[22:46:57.539]       Type 'FunctionComponent<any>' is not assignable to type '(props: any, deprecatedLegacyContext?: any) => ReactNode'.
[22:46:57.539]         Type 'ReactElement<any, string | JSXElementConstructor<any>> | null' is not assignable to type 'ReactNode'.
[22:46:57.539]           Type 'ReactElement<any, string | JSXElementConstructor<any>>' is not assignable to type 'ReactNode'.
[22:46:57.539] src/components/wellness/ProgressVisualization.tsx(245,43): error TS2786: 'Line' cannot be used as a JSX component.
[22:46:57.539]   Its type 'ComponentType<any>' is not a valid JSX element type.
[22:46:57.539]     Type 'FunctionComponent<any>' is not assignable to type 'ElementType'.
[22:46:57.539]       Type 'FunctionComponent<any>' is not assignable to type '(props: any, deprecatedLegacyContext?: any) => ReactNode'.
[22:46:57.539]         Type 'ReactElement<any, string | JSXElementConstructor<any>> | null' is not assignable to type 'ReactNode'.
[22:46:57.539]           Type 'ReactElement<any, string | JSXElementConstructor<any>>' is not assignable to type 'ReactNode'.
[22:46:57.539] src/components/wellness/ProgressVisualization.tsx(246,42): error TS2786: 'Bar' cannot be used as a JSX component.
[22:46:57.539]   Its type 'ComponentType<any>' is not a valid JSX element type.
[22:46:57.539]     Type 'FunctionComponent<any>' is not assignable to type 'ElementType'.
[22:46:57.539]       Type 'FunctionComponent<any>' is not assignable to type '(props: any, deprecatedLegacyContext?: any) => ReactNode'.
[22:46:57.540]         Type 'ReactElement<any, string | JSXElementConstructor<any>> | null' is not assignable to type 'ReactNode'.
[22:46:57.540]           Type 'ReactElement<any, string | JSXElementConstructor<any>>' is not assignable to type 'ReactNode'.
[22:46:57.552] src/components/wellness/ProgressVisualization.tsx(247,44): error TS2786: 'Radar' cannot be used as a JSX component.
[22:46:57.552]   Its type 'ComponentType<any>' is not a valid JSX element type.
[22:46:57.552]     Type 'FunctionComponent<any>' is not assignable to type 'ElementType'.
[22:46:57.552]       Type 'FunctionComponent<any>' is not assignable to type '(props: any, deprecatedLegacyContext?: any) => ReactNode'.
[22:46:57.552]         Type 'ReactElement<any, string | JSXElementConstructor<any>> | null' is not assignable to type 'ReactNode'.
[22:46:57.552]           Type 'ReactElement<any, string | JSXElementConstructor<any>>' is not assignable to type 'ReactNode'.
[22:46:57.552] src/components/wellness/ProgressVisualization.tsx(261,16): error TS2786: 'stat.icon' cannot be used as a JSX component.
[22:46:57.552]   Its type 'ComponentType<any>' is not a valid JSX element type.
[22:46:57.552]     Type 'FunctionComponent<any>' is not assignable to type 'ElementType'.
[22:46:57.552]       Type 'FunctionComponent<any>' is not assignable to type '(props: any, deprecatedLegacyContext?: any) => ReactNode'.
[22:46:57.552]         Type 'ReactElement<any, string | JSXElementConstructor<any>> | null' is not assignable to type 'ReactNode'.
[22:46:57.552]           Type 'ReactElement<any, string | JSXElementConstructor<any>>' is not assignable to type 'ReactNode'.
[22:46:57.552] src/components/wellness/ProgressVisualization.tsx(271,14): error TS2786: 'Trophy' cannot be used as a JSX component.
[22:46:57.552]   Its type 'ComponentType<any>' is not a valid JSX element type.
[22:46:57.552]     Type 'FunctionComponent<any>' is not assignable to type 'ElementType'.
[22:46:57.552]       Type 'FunctionComponent<any>' is not assignable to type '(props: any, deprecatedLegacyContext?: any) => ReactNode'.
[22:46:57.552]         Type 'ReactElement<any, string | JSXElementConstructor<any>> | null' is not assignable to type 'ReactNode'.
[22:46:57.552]           Type 'ReactElement<any, string | JSXElementConstructor<any>>' is not assignable to type 'ReactNode'.
[22:46:57.552] src/components/wellness/ProgressVisualization.tsx(296,26): error TS2786: 'Icon' cannot be used as a JSX component.
[22:46:57.552]   Its type 'import("react").ElementType' is not a valid JSX element type.
[22:46:57.552]     Type 'FunctionComponent<any>' is not assignable to type 'ElementType'.
[22:46:57.552]       Type 'FunctionComponent<any>' is not assignable to type '(props: any, deprecatedLegacyContext?: any) => ReactNode'.
[22:46:57.552]         Type 'ReactElement<any, string | JSXElementConstructor<any>> | null' is not assignable to type 'ReactNode'.
[22:46:57.552]           Type 'ReactElement<any, string | JSXElementConstructor<any>>' is not assignable to type 'ReactNode'.
[22:46:57.552] src/components/wellness/ProgressVisualization.tsx(312,26): error TS2786: 'CheckCircle' cannot be used as a JSX component.
[22:46:57.552]   Its type 'ComponentType<any>' is not a valid JSX element type.
[22:46:57.552]     Type 'FunctionComponent<any>' is not assignable to type 'ElementType'.
[22:46:57.552]       Type 'FunctionComponent<any>' is not assignable to type '(props: any, deprecatedLegacyContext?: any) => ReactNode'.
[22:46:57.552]         Type 'ReactElement<any, string | JSXElementConstructor<any>> | null' is not assignable to type 'ReactNode'.
[22:46:57.552]           Type 'ReactElement<any, string | JSXElementConstructor<any>>' is not assignable to type 'ReactNode'.
[22:46:57.552] src/components/wellness/ProgressVisualization.tsx(334,8): error TS2786: 'AnimatePresence' cannot be used as a JSX component.
[22:46:57.552]   Its type 'ComponentType<any>' is not a valid JSX element type.
[22:46:57.552]     Type 'FunctionComponent<any>' is not assignable to type 'ElementType'.
[22:46:57.552]       Type 'FunctionComponent<any>' is not assignable to type '(props: any, deprecatedLegacyContext?: any) => ReactNode'.
[22:46:57.552]         Type 'ReactElement<any, string | JSXElementConstructor<any>> | null' is not assignable to type 'ReactNode'.
[22:46:57.552]           Type 'ReactElement<any, string | JSXElementConstructor<any>>' is not assignable to type 'ReactNode'.
[22:46:57.552] src/components/wellness/ProgressVisualization.tsx(343,16): error TS2786: 'Trophy' cannot be used as a JSX component.
[22:46:57.552]   Its type 'ComponentType<any>' is not a valid JSX element type.
[22:46:57.552]     Type 'FunctionComponent<any>' is not assignable to type 'ElementType'.
[22:46:57.552]       Type 'FunctionComponent<any>' is not assignable to type '(props: any, deprecatedLegacyContext?: any) => ReactNode'.
[22:46:57.552]         Type 'ReactElement<any, string | JSXElementConstructor<any>> | null' is not assignable to type 'ReactNode'.
[22:46:57.552]           Type 'ReactElement<any, string | JSXElementConstructor<any>>' is not assignable to type 'ReactNode'.
[22:46:57.552] src/components/wellness/TherapeuticTools/CBTTools.tsx(12,10): error TS2786: 'Brain' cannot be used as a JSX component.
[22:46:57.552]   Its type 'ComponentType<any>' is not a valid JSX element type.
[22:46:57.552]     Type 'FunctionComponent<any>' is not assignable to type 'ElementType'.
[22:46:57.552]       Type 'FunctionComponent<any>' is not assignable to type '(props: any, deprecatedLegacyContext?: any) => ReactNode'.
[22:46:57.552]         Type 'ReactElement<any, string | JSXElementConstructor<any>> | null' is not assignable to type 'ReactNode'.
[22:46:57.552]           Type 'ReactElement<any, string | JSXElementConstructor<any>>' is not assignable to type 'ReactNode'.
[22:46:57.552] src/components/wellness/TherapeuticTools/GoalSetting.tsx(12,10): error TS2786: 'Target' cannot be used as a JSX component.
[22:46:57.552]   Its type 'ComponentType<any>' is not a valid JSX element type.
[22:46:57.552]     Type 'FunctionComponent<any>' is not assignable to type 'ElementType'.
[22:46:57.552]       Type 'FunctionComponent<any>' is not assignable to type '(props: any, deprecatedLegacyContext?: any) => ReactNode'.
[22:46:57.552]         Type 'ReactElement<any, string | JSXElementConstructor<any>> | null' is not assignable to type 'ReactNode'.
[22:46:57.552]           Type 'ReactElement<any, string | JSXElementConstructor<any>>' is not assignable to type 'ReactNode'.
[22:46:57.552] src/components/wellness/TherapeuticTools/GratitudePractice.tsx(12,10): error TS2786: 'Heart' cannot be used as a JSX component.
[22:46:57.553]   Its type 'ComponentType<any>' is not a valid JSX element type.
[22:46:57.553]     Type 'FunctionComponent<any>' is not assignable to type 'ElementType'.
[22:46:57.553]       Type 'FunctionComponent<any>' is not assignable to type '(props: any, deprecatedLegacyContext?: any) => ReactNode'.
[22:46:57.553]         Type 'ReactElement<any, string | JSXElementConstructor<any>> | null' is not assignable to type 'ReactNode'.
[22:46:57.553]           Type 'ReactElement<any, string | JSXElementConstructor<any>>' is not assignable to type 'ReactNode'.
[22:46:57.553] src/components/wellness/TherapeuticTools/JournalingSuite.tsx(12,10): error TS2786: 'BookOpen' cannot be used as a JSX component.
[22:46:57.553]   Its type 'ComponentType<any>' is not a valid JSX element type.
[22:46:57.553]     Type 'FunctionComponent<any>' is not assignable to type 'ElementType'.
[22:46:57.553]       Type 'FunctionComponent<any>' is not assignable to type '(props: any, deprecatedLegacyContext?: any) => ReactNode'.
[22:46:57.553]         Type 'ReactElement<any, string | JSXElementConstructor<any>> | null' is not assignable to type 'ReactNode'.
[22:46:57.553]           Type 'ReactElement<any, string | JSXElementConstructor<any>>' is not assignable to type 'ReactNode'.
[22:46:57.553] src/components/wellness/TherapeuticTools/MindfulnessCenter.tsx(12,10): error TS2786: 'Wind' cannot be used as a JSX component.
[22:46:57.553]   Its type 'ComponentType<any>' is not a valid JSX element type.
[22:46:57.553]     Type 'FunctionComponent<any>' is not assignable to type 'ElementType'.
[22:46:57.553]       Type 'FunctionComponent<any>' is not assignable to type '(props: any, deprecatedLegacyContext?: any) => ReactNode'.
[22:46:57.553]         Type 'ReactElement<any, string | JSXElementConstructor<any>> | null' is not assignable to type 'ReactNode'.
[22:46:57.553]           Type 'ReactElement<any, string | JSXElementConstructor<any>>' is not assignable to type 'ReactNode'.
[22:46:57.553] src/components/wellness/TherapeuticTools/TherapeuticToolsHub.tsx(294,14): error TS2786: 'Icon' cannot be used as a JSX component.
[22:46:57.553]   Its type 'import("react").ElementType' is not a valid JSX element type.
[22:46:57.553]     Type 'FunctionComponent<any>' is not assignable to type 'ElementType'.
[22:46:57.553]       Type 'FunctionComponent<any>' is not assignable to type '(props: any, deprecatedLegacyContext?: any) => ReactNode'.
[22:46:57.553]         Type 'ReactElement<any, string | JSXElementConstructor<any>> | null' is not assignable to type 'ReactNode'.
[22:46:57.553]           Type 'ReactElement<any, string | JSXElementConstructor<any>>' is not assignable to type 'ReactNode'.
[22:46:57.553] src/components/wellness/TherapeuticTools/TherapeuticToolsHub.tsx(311,16): error TS2786: 'Clock' cannot be used as a JSX component.
[22:46:57.553]   Its type 'ComponentType<any>' is not a valid JSX element type.
[22:46:57.553]     Type 'FunctionComponent<any>' is not assignable to type 'ElementType'.
[22:46:57.553]       Type 'FunctionComponent<any>' is not assignable to type '(props: any, deprecatedLegacyContext?: any) => ReactNode'.
[22:46:57.553]         Type 'ReactElement<any, string | JSXElementConstructor<any>> | null' is not assignable to type 'ReactNode'.
[22:46:57.553]           Type 'ReactElement<any, string | JSXElementConstructor<any>>' is not assignable to type 'ReactNode'.
[22:46:57.553] src/components/wellness/TherapeuticTools/TherapeuticToolsHub.tsx(342,17): error TS2786: 'CBTTools' cannot be used as a JSX component.
[22:46:57.553]   Its type 'FC<CBTToolsProps>' is not a valid JSX element type.
[22:46:57.553]     Type 'FunctionComponent<CBTToolsProps>' is not assignable to type '(props: any, deprecatedLegacyContext?: any) => ReactNode'.
[22:46:57.553]       Type 'ReactElement<any, string | JSXElementConstructor<any>> | null' is not assignable to type 'ReactNode'.
[22:46:57.553]         Type 'ReactElement<any, string | JSXElementConstructor<any>>' is not assignable to type 'ReactNode'.
[22:46:57.553] src/components/wellness/TherapeuticTools/TherapeuticToolsHub.tsx(344,17): error TS2786: 'MindfulnessCenter' cannot be used as a JSX component.
[22:46:57.553]   Its type 'FC<MindfulnessCenterProps>' is not a valid JSX element type.
[22:46:57.553]     Type 'FunctionComponent<MindfulnessCenterProps>' is not assignable to type '(props: any, deprecatedLegacyContext?: any) => ReactNode'.
[22:46:57.553]       Type 'ReactElement<any, string | JSXElementConstructor<any>> | null' is not assignable to type 'ReactNode'.
[22:46:57.553]         Type 'ReactElement<any, string | JSXElementConstructor<any>>' is not assignable to type 'ReactNode'.
[22:46:57.553] src/components/wellness/TherapeuticTools/TherapeuticToolsHub.tsx(346,17): error TS2786: 'JournalingSuite' cannot be used as a JSX component.
[22:46:57.553]   Its type 'FC<JournalingSuiteProps>' is not a valid JSX element type.
[22:46:57.553]     Type 'FunctionComponent<JournalingSuiteProps>' is not assignable to type '(props: any, deprecatedLegacyContext?: any) => ReactNode'.
[22:46:57.553]       Type 'ReactElement<any, string | JSXElementConstructor<any>> | null' is not assignable to type 'ReactNode'.
[22:46:57.553]         Type 'ReactElement<any, string | JSXElementConstructor<any>>' is not assignable to type 'ReactNode'.
[22:46:57.553] src/components/wellness/TherapeuticTools/TherapeuticToolsHub.tsx(348,17): error TS2786: 'GoalSetting' cannot be used as a JSX component.
[22:46:57.553]   Its type 'FC<GoalSettingProps>' is not a valid JSX element type.
[22:46:57.553]     Type 'FunctionComponent<GoalSettingProps>' is not assignable to type '(props: any, deprecatedLegacyContext?: any) => ReactNode'.
[22:46:57.553]       Type 'ReactElement<any, string | JSXElementConstructor<any>> | null' is not assignable to type 'ReactNode'.
[22:46:57.553]         Type 'ReactElement<any, string | JSXElementConstructor<any>>' is not assignable to type 'ReactNode'.
[22:46:57.553] src/components/wellness/TherapeuticTools/TherapeuticToolsHub.tsx(350,17): error TS2786: 'GratitudePractice' cannot be used as a JSX component.
[22:46:57.553]   Its type 'FC<GratitudePracticeProps>' is not a valid JSX element type.
[22:46:57.553]     Type 'FunctionComponent<GratitudePracticeProps>' is not assignable to type '(props: any, deprecatedLegacyContext?: any) => ReactNode'.
[22:46:57.553]       Type 'ReactElement<any, string | JSXElementConstructor<any>> | null' is not assignable to type 'ReactNode'.
[22:46:57.553]         Type 'ReactElement<any, string | JSXElementConstructor<any>>' is not assignable to type 'ReactNode'.
[22:46:57.553] src/components/wellness/TherapeuticTools/TherapeuticToolsHub.tsx(360,12): error TS2786: 'Sparkles' cannot be used as a JSX component.
[22:46:57.553]   Its type 'ComponentType<any>' is not a valid JSX element type.
[22:46:57.553]     Type 'FunctionComponent<any>' is not assignable to type 'ElementType'.
[22:46:57.553]       Type 'FunctionComponent<any>' is not assignable to type '(props: any, deprecatedLegacyContext?: any) => ReactNode'.
[22:46:57.553]         Type 'ReactElement<any, string | JSXElementConstructor<any>> | null' is not assignable to type 'ReactNode'.
[22:46:57.553]           Type 'ReactElement<any, string | JSXElementConstructor<any>>' is not assignable to type 'ReactNode'.
[22:46:57.553] src/components/wellness/TherapeuticTools/TherapeuticToolsHub.tsx(374,18): error TS2786: 'Icon' cannot be used as a JSX component.
[22:46:57.553]   Its type 'import("react").ElementType' is not a valid JSX element type.
[22:46:57.553]     Type 'FunctionComponent<any>' is not assignable to type 'ElementType'.
[22:46:57.553]       Type 'FunctionComponent<any>' is not assignable to type '(props: any, deprecatedLegacyContext?: any) => ReactNode'.
[22:46:57.553]         Type 'ReactElement<any, string | JSXElementConstructor<any>> | null' is not assignable to type 'ReactNode'.
[22:46:57.554]           Type 'ReactElement<any, string | JSXElementConstructor<any>>' is not assignable to type 'ReactNode'.
[22:46:57.554] src/components/wellness/TherapeuticTools/TherapeuticToolsHub.tsx(390,14): error TS2786: 'Sparkles' cannot be used as a JSX component.
[22:46:57.554]   Its type 'ComponentType<any>' is not a valid JSX element type.
[22:46:57.554]     Type 'FunctionComponent<any>' is not assignable to type 'ElementType'.
[22:46:57.554]       Type 'FunctionComponent<any>' is not assignable to type '(props: any, deprecatedLegacyContext?: any) => ReactNode'.
[22:46:57.554]         Type 'ReactElement<any, string | JSXElementConstructor<any>> | null' is not assignable to type 'ReactNode'.
[22:46:57.554]           Type 'ReactElement<any, string | JSXElementConstructor<any>>' is not assignable to type 'ReactNode'.
[22:46:57.554] src/components/wellness/TherapeuticTools/TherapeuticToolsHub.tsx(425,10): error TS2786: 'AnimatePresence' cannot be used as a JSX component.
[22:46:57.554]   Its type 'ComponentType<any>' is not a valid JSX element type.
[22:46:57.554]     Type 'FunctionComponent<any>' is not assignable to type 'ElementType'.
[22:46:57.554]       Type 'FunctionComponent<any>' is not assignable to type '(props: any, deprecatedLegacyContext?: any) => ReactNode'.
[22:46:57.554]         Type 'ReactElement<any, string | JSXElementConstructor<any>> | null' is not assignable to type 'ReactNode'.
[22:46:57.554]           Type 'ReactElement<any, string | JSXElementConstructor<any>>' is not assignable to type 'ReactNode'.
[22:46:57.554] src/components/wellness/TherapeuticTools/TherapeuticToolsHub.tsx(437,22): error TS2786: 'Lightbulb' cannot be used as a JSX component.
[22:46:57.554]   Its type 'ComponentType<any>' is not a valid JSX element type.
[22:46:57.554]     Type 'FunctionComponent<any>' is not assignable to type 'ElementType'.
[22:46:57.554]       Type 'FunctionComponent<any>' is not assignable to type '(props: any, deprecatedLegacyContext?: any) => ReactNode'.
[22:46:57.554]         Type 'ReactElement<any, string | JSXElementConstructor<any>> | null' is not assignable to type 'ReactNode'.
[22:46:57.554]           Type 'ReactElement<any, string | JSXElementConstructor<any>>' is not assignable to type 'ReactNode'.
[22:46:57.554] src/components/wellness/WellnessDashboard.tsx(382,14): error TS2786: 'Heart' cannot be used as a JSX component.
[22:46:57.554]   Its type 'ComponentType<any>' is not a valid JSX element type.
[22:46:57.554]     Type 'FunctionComponent<any>' is not assignable to type 'ElementType'.
[22:46:57.554]       Type 'FunctionComponent<any>' is not assignable to type '(props: any, deprecatedLegacyContext?: any) => ReactNode'.
[22:46:57.554]         Type 'ReactElement<any, string | JSXElementConstructor<any>> | null' is not assignable to type 'ReactNode'.
[22:46:57.554]           Type 'ReactElement<any, string | JSXElementConstructor<any>>' is not assignable to type 'ReactNode'.
[22:46:57.554] src/components/wellness/WellnessDashboard.tsx(404,16): error TS2786: 'TrendingUp' cannot be used as a JSX component.
[22:46:57.554]   Its type 'ComponentType<any>' is not a valid JSX element type.
[22:46:57.554]     Type 'FunctionComponent<any>' is not assignable to type 'ElementType'.
[22:46:57.554]       Type 'FunctionComponent<any>' is not assignable to type '(props: any, deprecatedLegacyContext?: any) => ReactNode'.
[22:46:57.554]         Type 'ReactElement<any, string | JSXElementConstructor<any>> | null' is not assignable to type 'ReactNode'.
[22:46:57.554]           Type 'ReactElement<any, string | JSXElementConstructor<any>>' is not assignable to type 'ReactNode'.
[22:46:57.554] src/components/wellness/WellnessDashboard.tsx(419,16): error TS2786: 'Sparkles' cannot be used as a JSX component.
[22:46:57.554]   Its type 'ComponentType<any>' is not a valid JSX element type.
[22:46:57.554]     Type 'FunctionComponent<any>' is not assignable to type 'ElementType'.
[22:46:57.554]       Type 'FunctionComponent<any>' is not assignable to type '(props: any, deprecatedLegacyContext?: any) => ReactNode'.
[22:46:57.554]         Type 'ReactElement<any, string | JSXElementConstructor<any>> | null' is not assignable to type 'ReactNode'.
[22:46:57.554]           Type 'ReactElement<any, string | JSXElementConstructor<any>>' is not assignable to type 'ReactNode'.
[22:46:57.554] src/components/wellness/WellnessDashboard.tsx(438,16): error TS2786: 'AlertCircle' cannot be used as a JSX component.
[22:46:57.554]   Its type 'ComponentType<any>' is not a valid JSX element type.
[22:46:57.554]     Type 'FunctionComponent<any>' is not assignable to type 'ElementType'.
[22:46:57.554]       Type 'FunctionComponent<any>' is not assignable to type '(props: any, deprecatedLegacyContext?: any) => ReactNode'.
[22:46:57.554]         Type 'ReactElement<any, string | JSXElementConstructor<any>> | null' is not assignable to type 'ReactNode'.
[22:46:57.554]           Type 'ReactElement<any, string | JSXElementConstructor<any>>' is not assignable to type 'ReactNode'.
[22:46:57.554] src/components/wellness/WellnessDashboard.tsx(472,14): error TS2786: 'Sparkles' cannot be used as a JSX component.
[22:46:57.554]   Its type 'ComponentType<any>' is not a valid JSX element type.
[22:46:57.554]     Type 'FunctionComponent<any>' is not assignable to type 'ElementType'.
[22:46:57.554]       Type 'FunctionComponent<any>' is not assignable to type '(props: any, deprecatedLegacyContext?: any) => ReactNode'.
[22:46:57.554]         Type 'ReactElement<any, string | JSXElementConstructor<any>> | null' is not assignable to type 'ReactNode'.
[22:46:57.554]           Type 'ReactElement<any, string | JSXElementConstructor<any>>' is not assignable to type 'ReactNode'.
[22:46:57.554] src/components/wellness/WellnessDashboard.tsx(479,14): error TS2786: 'EyeOff' cannot be used as a JSX component.
[22:46:57.554]   Its type 'ComponentType<any>' is not a valid JSX element type.
[22:46:57.554]     Type 'FunctionComponent<any>' is not assignable to type 'ElementType'.
[22:46:57.554]       Type 'FunctionComponent<any>' is not assignable to type '(props: any, deprecatedLegacyContext?: any) => ReactNode'.
[22:46:57.554]         Type 'ReactElement<any, string | JSXElementConstructor<any>> | null' is not assignable to type 'ReactNode'.
[22:46:57.554]           Type 'ReactElement<any, string | JSXElementConstructor<any>>' is not assignable to type 'ReactNode'.
[22:46:57.554] src/components/wellness/WellnessDashboard.tsx(492,16): error TS2786: 'CheckCircle' cannot be used as a JSX component.
[22:46:57.554]   Its type 'ComponentType<any>' is not a valid JSX element type.
[22:46:57.554]     Type 'FunctionComponent<any>' is not assignable to type 'ElementType'.
[22:46:57.554]       Type 'FunctionComponent<any>' is not assignable to type '(props: any, deprecatedLegacyContext?: any) => ReactNode'.
[22:46:57.554]         Type 'ReactElement<any, string | JSXElementConstructor<any>> | null' is not assignable to type 'ReactNode'.
[22:46:57.554]           Type 'ReactElement<any, string | JSXElementConstructor<any>>' is not assignable to type 'ReactNode'.
[22:46:57.554] src/components/wellness/WellnessDashboard.tsx(508,12): error TS2786: 'Brain' cannot be used as a JSX component.
[22:46:57.554]   Its type 'ComponentType<any>' is not a valid JSX element type.
[22:46:57.554]     Type 'FunctionComponent<any>' is not assignable to type 'ElementType'.
[22:46:57.555]       Type 'FunctionComponent<any>' is not assignable to type '(props: any, deprecatedLegacyContext?: any) => ReactNode'.
[22:46:57.555]         Type 'ReactElement<any, string | JSXElementConstructor<any>> | null' is not assignable to type 'ReactNode'.
[22:46:57.555]           Type 'ReactElement<any, string | JSXElementConstructor<any>>' is not assignable to type 'ReactNode'.
[22:46:57.555] src/components/wellness/WellnessDashboard.tsx(562,16): error TS2786: 'Mic' cannot be used as a JSX component.
[22:46:57.555]   Its type 'ComponentType<any>' is not a valid JSX element type.
[22:46:57.555]     Type 'FunctionComponent<any>' is not assignable to type 'ElementType'.
[22:46:57.555]       Type 'FunctionComponent<any>' is not assignable to type '(props: any, deprecatedLegacyContext?: any) => ReactNode'.
[22:46:57.555]         Type 'ReactElement<any, string | JSXElementConstructor<any>> | null' is not assignable to type 'ReactNode'.
[22:46:57.555]           Type 'ReactElement<any, string | JSXElementConstructor<any>>' is not assignable to type 'ReactNode'.
[22:46:57.555] src/components/wellness/WellnessDashboard.tsx(575,16): error TS2786: 'Settings' cannot be used as a JSX component.
[22:46:57.555]   Its type 'ComponentType<any>' is not a valid JSX element type.
[22:46:57.555]     Type 'FunctionComponent<any>' is not assignable to type 'ElementType'.
[22:46:57.555]       Type 'FunctionComponent<any>' is not assignable to type '(props: any, deprecatedLegacyContext?: any) => ReactNode'.
[22:46:57.555]         Type 'ReactElement<any, string | JSXElementConstructor<any>> | null' is not assignable to type 'ReactNode'.
[22:46:57.555]           Type 'ReactElement<any, string | JSXElementConstructor<any>>' is not assignable to type 'ReactNode'.
[22:46:57.555] src/components/wellness/WellnessDashboard.tsx(587,16): error TS2786: 'Plus' cannot be used as a JSX component.
[22:46:57.555]   Its type 'ComponentType<any>' is not a valid JSX element type.
[22:46:57.555]     Type 'FunctionComponent<any>' is not assignable to type 'ElementType'.
[22:46:57.555]       Type 'FunctionComponent<any>' is not assignable to type '(props: any, deprecatedLegacyContext?: any) => ReactNode'.
[22:46:57.555]         Type 'ReactElement<any, string | JSXElementConstructor<any>> | null' is not assignable to type 'ReactNode'.
[22:46:57.555]           Type 'ReactElement<any, string | JSXElementConstructor<any>>' is not assignable to type 'ReactNode'.
[22:46:57.555] src/components/wellness/WellnessDashboard.tsx(598,8): error TS2786: 'AdaptiveLayout' cannot be used as a JSX component.
[22:46:57.555]   Its type 'FC<AdaptiveLayoutProps>' is not a valid JSX element type.
[22:46:57.555]     Type 'FunctionComponent<AdaptiveLayoutProps>' is not assignable to type '(props: any, deprecatedLegacyContext?: any) => ReactNode'.
[22:46:57.555]       Type 'ReactElement<any, string | JSXElementConstructor<any>> | null' is not assignable to type 'ReactNode'.
[22:46:57.555]         Type 'ReactElement<any, string | JSXElementConstructor<any>>' is not assignable to type 'ReactNode'.
[22:46:57.555] src/components/wellness/WellnessDashboard.tsx(609,12): error TS2786: 'AnimatePresence' cannot be used as a JSX component.
[22:46:57.555]   Its type 'ComponentType<any>' is not a valid JSX element type.
[22:46:57.555]     Type 'FunctionComponent<any>' is not assignable to type 'ElementType'.
[22:46:57.555]       Type 'FunctionComponent<any>' is not assignable to type '(props: any, deprecatedLegacyContext?: any) => ReactNode'.
[22:46:57.555]         Type 'ReactElement<any, string | JSXElementConstructor<any>> | null' is not assignable to type 'ReactNode'.
[22:46:57.555]           Type 'ReactElement<any, string | JSXElementConstructor<any>>' is not assignable to type 'ReactNode'.
[22:46:57.555] src/components/wellness/WellnessDashboard.tsx(620,47): error TS2786: 'WellnessMetrics' cannot be used as a JSX component.
[22:46:57.555]   Its type 'FC<WellnessMetricsProps>' is not a valid JSX element type.
[22:46:57.555]     Type 'FunctionComponent<WellnessMetricsProps>' is not assignable to type '(props: any, deprecatedLegacyContext?: any) => ReactNode'.
[22:46:57.555]       Type 'ReactElement<any, string | JSXElementConstructor<any>> | null' is not assignable to type 'ReactNode'.
[22:46:57.555]         Type 'ReactElement<any, string | JSXElementConstructor<any>>' is not assignable to type 'ReactNode'.
[22:46:57.555] src/components/wellness/WellnessDashboard.tsx(621,52): error TS2786: 'PredictiveAnalytics' cannot be used as a JSX component.
[22:46:57.555]   Its type 'FC<PredictiveAnalyticsProps>' is not a valid JSX element type.
[22:46:57.555]     Type 'FunctionComponent<PredictiveAnalyticsProps>' is not assignable to type '(props: any, deprecatedLegacyContext?: any) => ReactNode'.
[22:46:57.555]       Type 'ReactElement<any, string | JSXElementConstructor<any>> | null' is not assignable to type 'ReactNode'.
[22:46:57.555]         Type 'ReactElement<any, string | JSXElementConstructor<any>>' is not assignable to type 'ReactNode'.
[22:46:57.555] src/components/wellness/WellnessDashboard.tsx(622,48): error TS2786: 'TherapeuticToolsHub' cannot be used as a JSX component.
[22:46:57.555]   Its type 'FC<TherapeuticToolsHubProps>' is not a valid JSX element type.
[22:46:57.555]     Type 'FunctionComponent<TherapeuticToolsHubProps>' is not assignable to type '(props: any, deprecatedLegacyContext?: any) => ReactNode'.
[22:46:57.555]       Type 'ReactElement<any, string | JSXElementConstructor<any>> | null' is not assignable to type 'ReactNode'.
[22:46:57.555]         Type 'ReactElement<any, string | JSXElementConstructor<any>>' is not assignable to type 'ReactNode'.
[22:46:57.555] src/components/wellness/WellnessDashboard.tsx(623,51): error TS2786: 'ProgressVisualization' cannot be used as a JSX component.
[22:46:57.555]   Its type 'FC<ProgressVisualizationProps>' is not a valid JSX element type.
[22:46:57.555]     Type 'FunctionComponent<ProgressVisualizationProps>' is not assignable to type '(props: any, deprecatedLegacyContext?: any) => ReactNode'.
[22:46:57.555]       Type 'ReactElement<any, string | JSXElementConstructor<any>> | null' is not assignable to type 'ReactNode'.
[22:46:57.555]         Type 'ReactElement<any, string | JSXElementConstructor<any>>' is not assignable to type 'ReactNode'.
[22:46:57.555] src/components/wellness/WellnessDashboard.tsx(624,55): error TS2786: 'ProfessionalConnectionHub' cannot be used as a JSX component.
[22:46:57.555]   Its type 'FC<ProfessionalConnectionHubProps>' is not a valid JSX element type.
[22:46:57.555]     Type 'FunctionComponent<ProfessionalConnectionHubProps>' is not assignable to type '(props: any, deprecatedLegacyContext?: any) => ReactNode'.
[22:46:57.555]       Type 'ReactElement<any, string | JSXElementConstructor<any>> | null' is not assignable to type 'ReactNode'.
[22:46:57.555]         Type 'ReactElement<any, string | JSXElementConstructor<any>>' is not assignable to type 'ReactNode'.
[22:46:57.555] src/components/wellness/WellnessDashboard.tsx(625,52): error TS2786: 'CommunityWellness' cannot be used as a JSX component.
[22:46:57.555]   Its type 'FC<CommunityWellnessProps>' is not a valid JSX element type.
[22:46:57.555]     Type 'FunctionComponent<CommunityWellnessProps>' is not assignable to type '(props: any, deprecatedLegacyContext?: any) => ReactNode'.
[22:46:57.555]       Type 'ReactElement<any, string | JSXElementConstructor<any>> | null' is not assignable to type 'ReactNode'.
[22:46:57.555]         Type 'ReactElement<any, string | JSXElementConstructor<any>>' is not assignable to type 'ReactNode'.
[22:46:57.556] src/components/wellness/WellnessDashboard.tsx(643,12): error TS2786: 'Shield' cannot be used as a JSX component.
[22:46:57.556]   Its type 'ComponentType<any>' is not a valid JSX element type.
[22:46:57.556]     Type 'FunctionComponent<any>' is not assignable to type 'ElementType'.
[22:46:57.556]       Type 'FunctionComponent<any>' is not assignable to type '(props: any, deprecatedLegacyContext?: any) => ReactNode'.
[22:46:57.556]         Type 'ReactElement<any, string | JSXElementConstructor<any>> | null' is not assignable to type 'ReactNode'.
[22:46:57.556]           Type 'ReactElement<any, string | JSXElementConstructor<any>>' is not assignable to type 'ReactNode'.
[22:46:57.556] src/components/wellness/WellnessMetrics.tsx(212,29): error TS2786: 'Smile' cannot be used as a JSX component.
[22:46:57.556]   Its type 'ComponentType<any>' is not a valid JSX element type.
[22:46:57.556]     Type 'FunctionComponent<any>' is not assignable to type 'ElementType'.
[22:46:57.556]       Type 'FunctionComponent<any>' is not assignable to type '(props: any, deprecatedLegacyContext?: any) => ReactNode'.
[22:46:57.556]         Type 'ReactElement<any, string | JSXElementConstructor<any>> | null' is not assignable to type 'ReactNode'.
[22:46:57.556]           Type 'ReactElement<any, string | JSXElementConstructor<any>>' is not assignable to type 'ReactNode'.
[22:46:57.556] src/components/wellness/WellnessMetrics.tsx(213,29): error TS2786: 'Meh' cannot be used as a JSX component.
[22:46:57.556]   Its type 'ComponentType<any>' is not a valid JSX element type.
[22:46:57.556]     Type 'FunctionComponent<any>' is not assignable to type 'ElementType'.
[22:46:57.556]       Type 'FunctionComponent<any>' is not assignable to type '(props: any, deprecatedLegacyContext?: any) => ReactNode'.
[22:46:57.556]         Type 'ReactElement<any, string | JSXElementConstructor<any>> | null' is not assignable to type 'ReactNode'.
[22:46:57.556]           Type 'ReactElement<any, string | JSXElementConstructor<any>>' is not assignable to type 'ReactNode'.
[22:46:57.556] src/components/wellness/WellnessMetrics.tsx(214,13): error TS2786: 'Frown' cannot be used as a JSX component.
[22:46:57.556]   Its type 'ComponentType<any>' is not a valid JSX element type.
[22:46:57.556]     Type 'FunctionComponent<any>' is not assignable to type 'ElementType'.
[22:46:57.556]       Type 'FunctionComponent<any>' is not assignable to type '(props: any, deprecatedLegacyContext?: any) => ReactNode'.
[22:46:57.556]         Type 'ReactElement<any, string | JSXElementConstructor<any>> | null' is not assignable to type 'ReactNode'.
[22:46:57.556]           Type 'ReactElement<any, string | JSXElementConstructor<any>>' is not assignable to type 'ReactNode'.
[22:46:57.556] src/components/wellness/WellnessMetrics.tsx(220,17): error TS2786: 'Sun' cannot be used as a JSX component.
[22:46:57.556]   Its type 'ComponentType<any>' is not a valid JSX element type.
[22:46:57.556]     Type 'FunctionComponent<any>' is not assignable to type 'ElementType'.
[22:46:57.556]       Type 'FunctionComponent<any>' is not assignable to type '(props: any, deprecatedLegacyContext?: any) => ReactNode'.
[22:46:57.556]         Type 'ReactElement<any, string | JSXElementConstructor<any>> | null' is not assignable to type 'ReactNode'.
[22:46:57.556]           Type 'ReactElement<any, string | JSXElementConstructor<any>>' is not assignable to type 'ReactNode'.
[22:46:57.556] src/components/wellness/WellnessMetrics.tsx(222,17): error TS2786: 'Cloud' cannot be used as a JSX component.
[22:46:57.556]   Its type 'ComponentType<any>' is not a valid JSX element type.
[22:46:57.556]     Type 'FunctionComponent<any>' is not assignable to type 'ElementType'.
[22:46:57.556]       Type 'FunctionComponent<any>' is not assignable to type '(props: any, deprecatedLegacyContext?: any) => ReactNode'.
[22:46:57.556]         Type 'ReactElement<any, string | JSXElementConstructor<any>> | null' is not assignable to type 'ReactNode'.
[22:46:57.556]           Type 'ReactElement<any, string | JSXElementConstructor<any>>' is not assignable to type 'ReactNode'.
[22:46:57.556] src/components/wellness/WellnessMetrics.tsx(224,17): error TS2786: 'CloudRain' cannot be used as a JSX component.
[22:46:57.556]   Its type 'ComponentType<any>' is not a valid JSX element type.
[22:46:57.556]     Type 'FunctionComponent<any>' is not assignable to type 'ElementType'.
[22:46:57.556]       Type 'FunctionComponent<any>' is not assignable to type '(props: any, deprecatedLegacyContext?: any) => ReactNode'.
[22:46:57.556]         Type 'ReactElement<any, string | JSXElementConstructor<any>> | null' is not assignable to type 'ReactNode'.
[22:46:57.556]           Type 'ReactElement<any, string | JSXElementConstructor<any>>' is not assignable to type 'ReactNode'.
[22:46:57.556] src/components/wellness/WellnessMetrics.tsx(274,16): error TS2786: 'Brain' cannot be used as a JSX component.
[22:46:57.556]   Its type 'ComponentType<any>' is not a valid JSX element type.
[22:46:57.556]     Type 'FunctionComponent<any>' is not assignable to type 'ElementType'.
[22:46:57.556]       Type 'FunctionComponent<any>' is not assignable to type '(props: any, deprecatedLegacyContext?: any) => ReactNode'.
[22:46:57.556]         Type 'ReactElement<any, string | JSXElementConstructor<any>> | null' is not assignable to type 'ReactNode'.
[22:46:57.556]           Type 'ReactElement<any, string | JSXElementConstructor<any>>' is not assignable to type 'ReactNode'.
[22:46:57.556] src/components/wellness/WellnessMetrics.tsx(307,14): error TS2786: 'Radar' cannot be used as a JSX component.
[22:46:57.556]   Its type 'ComponentType<any>' is not a valid JSX element type.
[22:46:57.556]     Type 'FunctionComponent<any>' is not assignable to type 'ElementType'.
[22:46:57.556]       Type 'FunctionComponent<any>' is not assignable to type '(props: any, deprecatedLegacyContext?: any) => ReactNode'.
[22:46:57.556]         Type 'ReactElement<any, string | JSXElementConstructor<any>> | null' is not assignable to type 'ReactNode'.
[22:46:57.556]           Type 'ReactElement<any, string | JSXElementConstructor<any>>' is not assignable to type 'ReactNode'.
[22:46:57.556] src/components/wellness/WellnessMetrics.tsx(398,16): error TS2786: 'Activity' cannot be used as a JSX component.
[22:46:57.556]   Its type 'ComponentType<any>' is not a valid JSX element type.
[22:46:57.556]     Type 'FunctionComponent<any>' is not assignable to type 'ElementType'.
[22:46:57.556]       Type 'FunctionComponent<any>' is not assignable to type '(props: any, deprecatedLegacyContext?: any) => ReactNode'.
[22:46:57.556]         Type 'ReactElement<any, string | JSXElementConstructor<any>> | null' is not assignable to type 'ReactNode'.
[22:46:57.556]           Type 'ReactElement<any, string | JSXElementConstructor<any>>' is not assignable to type 'ReactNode'.
[22:46:57.556] src/components/wellness/WellnessMetrics.tsx(421,16): error TS2786: 'AlertCircle' cannot be used as a JSX component.
[22:46:57.556]   Its type 'ComponentType<any>' is not a valid JSX element type.
[22:46:57.556]     Type 'FunctionComponent<any>' is not assignable to type 'ElementType'.
[22:46:57.556]       Type 'FunctionComponent<any>' is not assignable to type '(props: any, deprecatedLegacyContext?: any) => ReactNode'.
[22:46:57.557]         Type 'ReactElement<any, string | JSXElementConstructor<any>> | null' is not assignable to type 'ReactNode'.
[22:46:57.557]           Type 'ReactElement<any, string | JSXElementConstructor<any>>' is not assignable to type 'ReactNode'.
[22:46:57.557] src/components/wellness/WellnessMetrics.tsx(449,12): error TS2786: 'Moon' cannot be used as a JSX component.
[22:46:57.557]   Its type 'ComponentType<any>' is not a valid JSX element type.
[22:46:57.557]     Type 'FunctionComponent<any>' is not assignable to type 'ElementType'.
[22:46:57.557]       Type 'FunctionComponent<any>' is not assignable to type '(props: any, deprecatedLegacyContext?: any) => ReactNode'.
[22:46:57.557]         Type 'ReactElement<any, string | JSXElementConstructor<any>> | null' is not assignable to type 'ReactNode'.
[22:46:57.557]           Type 'ReactElement<any, string | JSXElementConstructor<any>>' is not assignable to type 'ReactNode'.
[22:46:57.557] src/components/wellness/WellnessMetrics.tsx(515,12): error TS2786: 'Pill' cannot be used as a JSX component.
[22:46:57.557]   Its type 'ComponentType<any>' is not a valid JSX element type.
[22:46:57.557]     Type 'FunctionComponent<any>' is not assignable to type 'ElementType'.
[22:46:57.557]       Type 'FunctionComponent<any>' is not assignable to type '(props: any, deprecatedLegacyContext?: any) => ReactNode'.
[22:46:57.557]         Type 'ReactElement<any, string | JSXElementConstructor<any>> | null' is not assignable to type 'ReactNode'.
[22:46:57.557]           Type 'ReactElement<any, string | JSXElementConstructor<any>>' is not assignable to type 'ReactNode'.
[22:46:57.557] src/components/wellness/WellnessMetrics.tsx(540,20): error TS2786: 'CheckCircle' cannot be used as a JSX component.
[22:46:57.557]   Its type 'ComponentType<any>' is not a valid JSX element type.
[22:46:57.557]     Type 'FunctionComponent<any>' is not assignable to type 'ElementType'.
[22:46:57.557]       Type 'FunctionComponent<any>' is not assignable to type '(props: any, deprecatedLegacyContext?: any) => ReactNode'.
[22:46:57.557]         Type 'ReactElement<any, string | JSXElementConstructor<any>> | null' is not assignable to type 'ReactNode'.
[22:46:57.557]           Type 'ReactElement<any, string | JSXElementConstructor<any>>' is not assignable to type 'ReactNode'.
[22:46:57.557] src/components/wellness/WellnessMetrics.tsx(560,12): error TS2786: 'Plus' cannot be used as a JSX component.
[22:46:57.557]   Its type 'ComponentType<any>' is not a valid JSX element type.
[22:46:57.557]     Type 'FunctionComponent<any>' is not assignable to type 'ElementType'.
[22:46:57.557]       Type 'FunctionComponent<any>' is not assignable to type '(props: any, deprecatedLegacyContext?: any) => ReactNode'.
[22:46:57.557]         Type 'ReactElement<any, string | JSXElementConstructor<any>> | null' is not assignable to type 'ReactNode'.
[22:46:57.557]           Type 'ReactElement<any, string | JSXElementConstructor<any>>' is not assignable to type 'ReactNode'.
[22:46:57.557] src/components/wellness/WellnessMetrics.tsx(571,12): error TS2786: 'Zap' cannot be used as a JSX component.
[22:46:57.557]   Its type 'ComponentType<any>' is not a valid JSX element type.
[22:46:57.557]     Type 'FunctionComponent<any>' is not assignable to type 'ElementType'.
[22:46:57.557]       Type 'FunctionComponent<any>' is not assignable to type '(props: any, deprecatedLegacyContext?: any) => ReactNode'.
[22:46:57.557]         Type 'ReactElement<any, string | JSXElementConstructor<any>> | null' is not assignable to type 'ReactNode'.
[22:46:57.557]           Type 'ReactElement<any, string | JSXElementConstructor<any>>' is not assignable to type 'ReactNode'.
[22:46:57.557] src/components/wellness/WellnessMetrics.tsx(626,12): error TS2786: 'Plus' cannot be used as a JSX component.
[22:46:57.557]   Its type 'ComponentType<any>' is not a valid JSX element type.
[22:46:57.557]     Type 'FunctionComponent<any>' is not assignable to type 'ElementType'.
[22:46:57.557]       Type 'FunctionComponent<any>' is not assignable to type '(props: any, deprecatedLegacyContext?: any) => ReactNode'.
[22:46:57.557]         Type 'ReactElement<any, string | JSXElementConstructor<any>> | null' is not assignable to type 'ReactNode'.
[22:46:57.557]           Type 'ReactElement<any, string | JSXElementConstructor<any>>' is not assignable to type 'ReactNode'.
[22:46:57.557] src/components/wellness/WellnessMetrics.tsx(654,14): error TS2786: 'tab.icon' cannot be used as a JSX component.
[22:46:57.557]   Its type 'ComponentType<any>' is not a valid JSX element type.
[22:46:57.557]     Type 'FunctionComponent<any>' is not assignable to type 'ElementType'.
[22:46:57.557]       Type 'FunctionComponent<any>' is not assignable to type '(props: any, deprecatedLegacyContext?: any) => ReactNode'.
[22:46:57.557]         Type 'ReactElement<any, string | JSXElementConstructor<any>> | null' is not assignable to type 'ReactNode'.
[22:46:57.557]           Type 'ReactElement<any, string | JSXElementConstructor<any>>' is not assignable to type 'ReactNode'.
[22:46:57.557] src/components/wellness/WellnessMetrics.tsx(662,10): error TS2786: 'AnimatePresence' cannot be used as a JSX component.
[22:46:57.557]   Its type 'ComponentType<any>' is not a valid JSX element type.
[22:46:57.557]     Type 'FunctionComponent<any>' is not assignable to type 'ElementType'.
[22:46:57.557]       Type 'FunctionComponent<any>' is not assignable to type '(props: any, deprecatedLegacyContext?: any) => ReactNode'.
[22:46:57.557]         Type 'ReactElement<any, string | JSXElementConstructor<any>> | null' is not assignable to type 'ReactNode'.
[22:46:57.557]           Type 'ReactElement<any, string | JSXElementConstructor<any>>' is not assignable to type 'ReactNode'.
[22:46:57.638] Error: Command "npm run vercel:build" exited with 2